HARNESS_LAUNCH_ARGS=xcrun devicectl --log-output logs/20260703-large-archive-sidecar-bounded-smoke.log.devicectl.log device process launch --device 3803F5B6-1666-56D3-A71A-62F131F6CE3B --terminate-existing --console com.adidshaft.atria --atria-log-ble-frames
Launched application with com.adidshaft.atria bundle identifier.
Waiting for the application to terminate…
2026-07-03 20:19:31.958 Atria[1364:105839] ATRIADBG sleep_confirmed_migration status=updated records=1 reason=legacy_missing_stage_segments
2026-07-03 20:19:31.958 Atria[1364:105848] ATRIADBG ble_restore peripherals=1
2026-07-03 20:19:31.959 Atria[1364:105839] ATRIADBG max_hr_suggestion_rollup status=none reason=session_cache observed_peak=0 current_max_hr=189
2026-07-03 20:19:31.959 Atria[1364:105839] ATRIADBG max_hr_suggestion_rollup status=none reason=init observed_peak=0 current_max_hr=189
2026-07-03 20:19:31.972 Atria[1364:105839] ATRIADBG ble_restore status=reuse_restored reason=standard_hr_only peripherals=1
2026-07-03 20:19:31.972 Atria[1364:105839] ATRIADBG status_derived to=connected reason=event central=5 peripheral=2 saved=1 scanning=0
2026-07-03 20:19:31.972 Atria[1364:105839] ATRIADBG ble_restore status=connected name=ADIDSHAFT'S WHO
2026-07-03 20:19:31.996 Atria[1364:105839] -canOpenURL: failed for URL: "whoop://" - error: "The operation couldn’t be completed. (OSStatus error -10814.)"
2026-07-03 20:19:32.024 Atria[1364:105839] ATRIADBG notification_battery_drain_cycle status=cleared reason=above_threshold had_cycle=0
2026-07-03 20:19:32.024 Atria[1364:105839] ATRIADBG notification_battery_decision level=99 source=live_2A19 age_s=0 usable=1 threshold=25 charge=levelOnly drop_recent=1
2026-07-03 20:19:32.024 Atria[1364:105839] ATRIADBG notification_battery_maintenance status=evaluated reason=coexistence_risk
2026-07-03 20:19:32.024 Atria[1364:105839] ATRIADBG connection_diagnosis status=pending reason=coexistence_risk title=Fit check needed delay_s=15
2026-07-03 20:19:32.024 Atria[1364:105839] ATRIADBG notification_battery_drain_cycle status=cleared reason=above_threshold had_cycle=0
2026-07-03 20:19:32.024 Atria[1364:105839] ATRIADBG notification_battery_decision level=99 source=live_2A19 age_s=0 usable=1 threshold=25 charge=levelOnly drop_recent=1
2026-07-03 20:19:32.024 Atria[1364:105839] ATRIADBG notification_battery_maintenance status=evaluated reason=connection_trigger
2026-07-03 20:19:32.025 Atria[1364:105839] ATRIADBG scene_phase phase=appear reason=content_on_appear
2026-07-03 20:19:32.025 Atria[1364:105839] ATRIADBG launch_timing event=on_appear elapsed_ms=84 scene=inactive
2026-07-03 20:19:32.066 Atria[1364:105839] ATRIADBG workout_review_candidate status=none source=dashboard_revision reason=no_candidate rest_hr=59 max_hr=189
2026-07-03 20:19:32.069 Atria[1364:105839] ATRIADBG widget_snapshot status=ok reason=dashboard_revision schema=3 recovery=64 confidence=unverified hrv=learning strain=0.0 rhr=59 max_hr=189 battery=99 charge=levelOnly bytes=587 storage=app_group_userdefaults app_group=1 widget_target=1 complication_target=1
2026-07-03 20:19:32.070 Atria[1364:105839] ATRIADBG widget_readiness status=ready storage=app_group_userdefaults app_group=1 widget_target=1 complication_target=1 action=verify_widget_on_device
2026-07-03 20:19:32.071 Atria[1364:105839] ATRIADBG model_gate status=assume_4_class reason=proprietary_service service=61080001-8D6D-82B8-614A-1C8CB0F8DCC6
2026-07-03 20:19:32.071 Atria[1364:105839] ATRIADBG radio_low_traffic status=learning mode=standard_hr_only custom_notify_skipped=0 custom_notify_enabled=25 tx_skipped=0 realtime_start_skipped=4 reason=full_protocol
2026-07-03 20:19:32.071 Atria[1364:105839] ATRIADBG radio_low_traffic status=learning mode=standard_hr_only custom_notify_skipped=0 custom_notify_enabled=26 tx_skipped=0 realtime_start_skipped=4 reason=full_protocol
2026-07-03 20:19:32.072 Atria[1364:105839] ATRIADBG radio_low_traffic status=learning mode=standard_hr_only custom_notify_skipped=0 custom_notify_enabled=27 tx_skipped=0 realtime_start_skipped=4 reason=full_protocol
2026-07-03 20:19:32.072 Atria[1364:105839] ATRIADBG radio_low_traffic status=learning mode=standard_hr_only custom_notify_skipped=0 custom_notify_enabled=28 tx_skipped=0 realtime_start_skipped=4 reason=full_protocol
2026-07-03 20:19:32.073 Atria[1364:105839] ATRIADBG radio_low_traffic status=learning mode=standard_hr_only custom_notify_skipped=0 custom_notify_enabled=29 tx_skipped=0 realtime_start_skipped=4 reason=full_protocol
2026-07-03 20:19:32.073 Atria[1364:105839] ATRIADBG radio_low_traffic status=learning mode=standard_hr_only custom_notify_skipped=0 custom_notify_enabled=30 tx_skipped=0 realtime_start_skipped=4 reason=full_protocol
2026-07-03 20:19:32.073 Atria[1364:105839] ATRIADBG radio_low_traffic status=learning mode=standard_hr_only custom_notify_skipped=0 custom_notify_enabled=31 tx_skipped=0 realtime_start_skipped=4 reason=full_protocol
2026-07-03 20:19:32.074 Atria[1364:105839] ATRIADBG radio_low_traffic status=learning mode=standard_hr_only custom_notify_skipped=0 custom_notify_enabled=32 tx_skipped=0 realtime_start_skipped=4 reason=full_protocol
2026-07-03 20:19:32.074 Atria[1364:105839] ATRIADBG historical_archive_status reason=session_store_init exists=1 parse_ok=1 rows=168429 metric_usable=163586 current_usable=164764 metric_ready=1 fail_closed=0 status=Ready gate=Metric-ready detail=163586/168429 metric rows
2026-07-03 20:19:32.074 Atria[1364:105839] ATRIADBG workout_review_candidate status=none source=home_appear reason=no_candidate rest_hr=59 max_hr=189
2026-07-03 20:19:32.076 Atria[1364:105839] ATRIADBG hr_broadcast status=waiting state=0
2026-07-03 20:19:32.076 Atria[1364:105839] ATRIADBG hr_broadcast_ui enabled=1 persistent=1 workout=0 active=0 reason=home_appear
2026-07-03 20:19:32.077 Atria[1364:105839] ATRIADBG notification_battery_drain_cycle status=cleared reason=above_threshold had_cycle=0
2026-07-03 20:19:32.077 Atria[1364:105839] ATRIADBG notification_battery_decision level=99 source=live_2A19 age_s=0 usable=1 threshold=25 charge=levelOnly drop_recent=1
2026-07-03 20:19:32.077 Atria[1364:105839] ATRIADBG notification_battery_maintenance status=evaluated reason=home_appear
2026-07-03 20:19:32.077 Atria[1364:105839] ATRIADBG home_launch_timing event=primary_ready elapsed_ms=2 status=connected tab=overview
2026-07-03 20:19:32.104 Atria[1364:105839] ATRIADBG notification_battery_drain_cycle status=cleared reason=above_threshold had_cycle=0
2026-07-03 20:19:32.104 Atria[1364:105839] ATRIADBG notification_battery_decision level=99 source=live_2A19 age_s=0 usable=1 threshold=25 charge=levelOnly drop_recent=1
2026-07-03 20:19:32.104 Atria[1364:105839] ATRIADBG notification_battery_maintenance status=evaluated reason=coexistence_risk
2026-07-03 20:19:32.106 Atria[1364:105839] ATRIADBG notification_battery_drain_cycle status=cleared reason=above_threshold had_cycle=0
2026-07-03 20:19:32.106 Atria[1364:105839] ATRIADBG notification_battery_decision level=99 source=live_2A19 age_s=0 usable=1 threshold=25 charge=levelOnly drop_recent=1
2026-07-03 20:19:32.106 Atria[1364:105839] ATRIADBG notification_battery_maintenance status=evaluated reason=connection_trigger
2026-07-03 20:19:32.121 Atria[1364:105839] ATRIADBG scene_phase phase=inactive reason=fast_launch_background
2026-07-03 20:19:32.121 Atria[1364:105839] ATRIADBG launch_timing event=fast_launch_begin elapsed_ms=179 scene=inactive
2026-07-03 20:19:32.783 Atria[1364:105853] ATRIADBG notifyState ch=61080003-8D6D-82B8-614A-1C8CB0F8DCC6 notifying=1 err=nil
2026-07-03 20:19:33.232 Atria[1364:105854] ATRIADBG notifyState ch=61080004-8D6D-82B8-614A-1C8CB0F8DCC6 notifying=1 err=nil
2026-07-03 20:19:33.531 Atria[1364:105854] ATRIADBG notifyState ch=61080005-8D6D-82B8-614A-1C8CB0F8DCC6 notifying=1 err=nil
2026-07-03 20:19:33.683 Atria[1364:105854] ATRIADBG notifyState ch=61080007-8D6D-82B8-614A-1C8CB0F8DCC6 notifying=1 err=nil
2026-07-03 20:19:33.807 Atria[1364:105848] ATRIADBG session_store_save status=ok op=prune_short_long_wear_fragments sessions=107 bytes=9196481
2026-07-03 20:19:33.982 Atria[1364:105848] ATRIADBG notifyState ch=2A37 notifying=1 err=nil
2026-07-03 20:19:34.583 Atria[1364:105854] ATRIADBG notifyState ch=2A19 notifying=1 err=nil
2026-07-03 20:19:35.185 Atria[1364:105854] ATRIADBG notifyState ch=61080003-8D6D-82B8-614A-1C8CB0F8DCC6 notifying=1 err=nil
2026-07-03 20:19:35.483 Atria[1364:105854] ATRIADBG notifyState ch=61080004-8D6D-82B8-614A-1C8CB0F8DCC6 notifying=1 err=nil
2026-07-03 20:19:35.933 Atria[1364:105848] ATRIADBG notifyState ch=61080005-8D6D-82B8-614A-1C8CB0F8DCC6 notifying=1 err=nil
2026-07-03 20:19:36.232 Atria[1364:105848] ATRIADBG notifyState ch=61080007-8D6D-82B8-614A-1C8CB0F8DCC6 notifying=1 err=nil
2026-07-03 20:19:36.683 Atria[1364:105848] ATRIADBG notifyState ch=2A37 notifying=1 err=nil
2026-07-03 20:19:37.733 Atria[1364:105851] ATRIADBG notifyState ch=2A19 notifying=1 err=nil
2026-07-03 20:19:39.997 Atria[1364:105839] ATRIADBG max_hr_suggestion_rollup status=none reason=session_cache observed_peak=0 current_max_hr=189
2026-07-03 20:19:39.997 Atria[1364:105839] ATRIADBG session_store_reconcile status=merged reason=fast_launch sessions=109
2026-07-03 20:19:39.998 Atria[1364:105839] ATRIADBG launch_timing event=fast_launch_complete elapsed_ms=8056 scene=inactive
2026-07-03 20:19:40.164 Atria[1364:105839] ATRIADBG daily_rollup_persist_summary entries=10 respiratory_rows=9 rr_session_candidates=38 sessions=109
2026-07-03 20:19:40.165 Atria[1364:105839] ATRIADBG max_hr_suggestion_rollup status=none reason=daily_rollup observed_peak=0 current_max_hr=189
2026-07-03 20:19:40.165 Atria[1364:105839] ATRIADBG morning_summary_skip reason=outside_window local_minutes=1219
2026-07-03 20:19:40.165 Atria[1364:105839] ATRIADBG launch_timing event=deferred_launch_begin elapsed_ms=8224 scene=inactive
2026-07-03 20:19:40.167 Atria[1364:105855] ATRIADBG daily_rollup_store_save status=ok rows=10 bytes=4442 path=daily-rollups.json
2026-07-03 20:19:40.169 Atria[1364:105839] ATRIADBG ble_frame_logging enabled=1 reason=launch_arg
2026-07-03 20:19:40.169 Atria[1364:105839] ATRIADBG launch_timing event=deferred_launch_complete elapsed_ms=8228 scene=inactive
2026-07-03 20:19:40.169 Atria[1364:105839] ATRIADBG standardHR payload=10510303 hr=81 rrnum=1 truncated=0 rr_ms=753 suppressed_since_last=0
2026-07-03 20:19:40.169 Atria[1364:105855] ATRIADBG daily_rollup_store_save status=ok rows=10 bytes=4442 path=daily-rollups.json
2026-07-03 20:19:40.171 Atria[1364:105839] ATRIADBG rr source=0x2A37 hr=81 rrnum=1 decoded=1 total_decoded=1 truncated=0 hr_mismatch=0 implied_bpm=80 values=753
2026-07-03 20:19:40.171 Atria[1364:105855] ATRIADBG daily_rollup_store_save status=ok rows=10 bytes=4442 path=daily-rollups.json
2026-07-03 20:19:40.173 Atria[1364:105855] ATRIADBG daily_rollup_store_save status=ok rows=10 bytes=4442 path=daily-rollups.json
2026-07-03 20:19:40.175 Atria[1364:105839] ATRIADBG rr_quality source=2a37 state=learning fraction=1.000 rr_frames=1 total_frames=1 max_rr_gap_s=0.0 frame_max_rr_gap_s=0.0 beat_timeline=1 window_s=0 hrv_state=learning rr_source_2a37_values=1 rr_source_0x28_decoded_values=0 rr_source_0x28_used_values=0
2026-07-03 20:19:40.175 Atria[1364:105855] ATRIADBG daily_rollup_store_save status=ok rows=10 bytes=4442 path=daily-rollups.json
2026-07-03 20:19:40.175 Atria[1364:105839] ATRIADBG radio_low_traffic status=ready mode=standard_hr_only custom_notify_skipped=0 custom_notify_enabled=0 tx_skipped=0 realtime_start_skipped=1 reason=standard_hr_only
2026-07-03 20:19:40.175 Atria[1364:105839] ATRIADBG realtimeConfig standard_hr_only=1 realtime_start=skipped
2026-07-03 20:19:40.177 Atria[1364:105855] ATRIADBG daily_rollup_store_save status=ok rows=10 bytes=4442 path=daily-rollups.json
2026-07-03 20:19:40.179 Atria[1364:105855] ATRIADBG daily_rollup_store_save status=ok rows=10 bytes=4442 path=daily-rollups.json
2026-07-03 20:19:40.181 Atria[1364:105855] ATRIADBG daily_rollup_store_save status=ok rows=10 bytes=4442 path=daily-rollups.json
2026-07-03 20:19:40.183 Atria[1364:105855] ATRIADBG daily_rollup_store_save status=ok rows=10 bytes=4442 path=daily-rollups.json
2026-07-03 20:19:40.184 Atria[1364:105855] ATRIADBG daily_rollup_store_save status=ok rows=10 bytes=4431 path=daily-rollups.json
2026-07-03 20:19:40.186 Atria[1364:105839] ATRIADBG session_store_finish_checkpoint stage=before_rollup_refresh sessions=109 elapsed_ms=1851
2026-07-03 20:19:40.186 Atria[1364:105839] ATRIADBG session_store_finish_checkpoint stage=pre_snapshot_rollup_persist sessions=109 metrics=10 elapsed_ms=1851
2026-07-03 20:19:40.342 Atria[1364:105839] ATRIADBG daily_rollup_persist_summary entries=10 respiratory_rows=9 rr_session_candidates=38 sessions=109
2026-07-03 20:19:40.343 Atria[1364:105839] ATRIADBG max_hr_suggestion_rollup status=none reason=daily_rollup observed_peak=0 current_max_hr=189
2026-07-03 20:19:40.343 Atria[1364:105839] ATRIADBG morning_summary_skip reason=outside_window local_minutes=1219
2026-07-03 20:19:40.345 Atria[1364:105855] ATRIADBG daily_rollup_store_save status=ok rows=10 bytes=4431 path=daily-rollups.json
2026-07-03 20:19:40.347 Atria[1364:105855] ATRIADBG daily_rollup_store_save status=ok rows=10 bytes=4431 path=daily-rollups.json
2026-07-03 20:19:40.349 Atria[1364:105855] ATRIADBG daily_rollup_store_save status=ok rows=10 bytes=4431 path=daily-rollups.json
2026-07-03 20:19:40.355 Atria[1364:105855] ATRIADBG daily_rollup_store_save status=ok rows=10 bytes=4431 path=daily-rollups.json
2026-07-03 20:19:40.357 Atria[1364:105855] ATRIADBG daily_rollup_store_save status=ok rows=10 bytes=4431 path=daily-rollups.json
2026-07-03 20:19:40.359 Atria[1364:105855] ATRIADBG daily_rollup_store_save status=ok rows=10 bytes=4431 path=daily-rollups.json
2026-07-03 20:19:40.361 Atria[1364:105855] ATRIADBG daily_rollup_store_save status=ok rows=10 bytes=4431 path=daily-rollups.json
2026-07-03 20:19:40.363 Atria[1364:105855] ATRIADBG daily_rollup_store_save status=ok rows=10 bytes=4431 path=daily-rollups.json
2026-07-03 20:19:40.366 Atria[1364:105855] ATRIADBG daily_rollup_store_save status=ok rows=10 bytes=4431 path=daily-rollups.json
2026-07-03 20:19:40.368 Atria[1364:105855] ATRIADBG daily_rollup_store_save status=ok rows=10 bytes=4431 path=daily-rollups.json
2026-07-03 20:19:40.685 Atria[1364:105848] ATRIADBG session_store_save status=ok op=session_reconcile_fast_launch sessions=109 bytes=9222829
2026-07-03 20:19:41.479 Atria[1364:105848] ATRIADBG session_store_save status=ok op=deferred_load_merge sessions=109 bytes=9222829
2026-07-03 20:19:42.931 Atria[1364:105839] ATRIADBG daily_rollup_persist_summary entries=10 respiratory_rows=9 rr_session_candidates=38 sessions=109
2026-07-03 20:19:42.931 Atria[1364:105839] ATRIADBG max_hr_suggestion_rollup status=none reason=daily_rollup observed_peak=0 current_max_hr=189
2026-07-03 20:19:42.931 Atria[1364:105839] ATRIADBG morning_summary_skip reason=outside_window local_minutes=1219
2026-07-03 20:19:42.931 Atria[1364:105839] ATRIADBG session_store_finish_checkpoint stage=after_rollup_refresh sessions=109 elapsed_ms=1851
2026-07-03 20:19:42.934 Atria[1364:105851] ATRIADBG daily_rollup_store_save status=ok rows=10 bytes=4431 path=daily-rollups.json
2026-07-03 20:19:42.937 Atria[1364:105851] ATRIADBG daily_rollup_store_save status=ok rows=10 bytes=4431 path=daily-rollups.json
2026-07-03 20:19:42.940 Atria[1364:105851] ATRIADBG daily_rollup_store_save status=ok rows=10 bytes=4431 path=daily-rollups.json
2026-07-03 20:19:42.942 Atria[1364:105851] ATRIADBG daily_rollup_store_save status=ok rows=10 bytes=4431 path=daily-rollups.json
2026-07-03 20:19:42.944 Atria[1364:105851] ATRIADBG daily_rollup_store_save status=ok rows=10 bytes=4431 path=daily-rollups.json
2026-07-03 20:19:42.947 Atria[1364:105851] ATRIADBG daily_rollup_store_save status=ok rows=10 bytes=4431 path=daily-rollups.json
2026-07-03 20:19:42.949 Atria[1364:105851] ATRIADBG daily_rollup_store_save status=ok rows=10 bytes=4431 path=daily-rollups.json
2026-07-03 20:19:42.952 Atria[1364:105851] ATRIADBG daily_rollup_store_save status=ok rows=10 bytes=4431 path=daily-rollups.json
2026-07-03 20:19:42.954 Atria[1364:105851] ATRIADBG daily_rollup_store_save status=ok rows=10 bytes=4431 path=daily-rollups.json
2026-07-03 20:19:42.957 Atria[1364:105851] ATRIADBG daily_rollup_store_save status=ok rows=10 bytes=4431 path=daily-rollups.json
2026-07-03 20:19:43.022 Atria[1364:105839] ATRIADBG sleep_stage_backfill_record status=updated source=deferred_session_load sleep_source=manual_sleep samples=10874 segments=1 covered_s=28800 non_awake_s=0 sleep_s=28800
2026-07-03 20:19:43.023 Atria[1364:105839] ATRIADBG sleep_stage_backfill status=updated source=deferred_session_load records=1 total_segments=85 policy=hr_samples_labeled_estimate
2026-07-03 20:19:43.736 Atria[1364:105839] ATRIADBG sleep_auto_confirm status=skipped reason=already_saved_or_overlapping source=deferred_session_load candidates=1
2026-07-03 20:19:43.979 Atria[1364:105839] ATRIADBG session_store_load status=ok sessions=109 pruned_short_long_wear_fragments=2 baseline_rebuilt=0 elapsed_ms=1851
2026-07-03 20:19:43.981 Atria[1364:105839] ATRIADBG battery level=99 source=2A19 bytes=63 persisted=1
2026-07-03 20:19:43.981 Atria[1364:105839] ATRIADBG radio_low_traffic status=ready mode=standard_hr_only custom_notify_skipped=0 custom_notify_enabled=0 tx_skipped=0 realtime_start_skipped=2 reason=standard_hr_only
2026-07-03 20:19:43.981 Atria[1364:105839] ATRIADBG realtimeConfig standard_hr_only=1 realtime_start=skipped
2026-07-03 20:19:43.982 Atria[1364:105839] ATRIADBG battery level=99 source=2A19 bytes=63 persisted=1
2026-07-03 20:19:43.982 Atria[1364:105839] ATRIADBG home_diagnostics status=requested reason=home_overview_idle
2026-07-03 20:19:43.985 Atria[1364:105839] ATRIADBG notification_battery_drain_cycle status=cleared reason=above_threshold had_cycle=0
2026-07-03 20:19:43.985 Atria[1364:105839] ATRIADBG notification_battery_decision level=99 source=live_2A19 age_s=0 usable=1 threshold=25 charge=levelOnly drop_recent=1
2026-07-03 20:19:43.985 Atria[1364:105839] ATRIADBG notification_battery_maintenance status=evaluated reason=connection_trigger
2026-07-03 20:19:43.985 Atria[1364:105839] ATRIADBG notification_battery_drain_cycle status=cleared reason=above_threshold had_cycle=0
2026-07-03 20:19:43.985 Atria[1364:105839] ATRIADBG notification_battery_decision level=99 source=live_2A19 age_s=0 usable=1 threshold=25 charge=levelOnly drop_recent=1
2026-07-03 20:19:43.985 Atria[1364:105839] ATRIADBG notification_battery_maintenance status=evaluated reason=connection_trigger
2026-07-03 20:19:43.985 Atria[1364:105839] ATRIADBG connection_diagnosis status=hidden reason=connection_trigger action=clear
2026-07-03 20:19:43.987 Atria[1364:105839] ATRIADBG notification_cancel kind=actionable_connection reason=diagnosis_cleared_connection_trigger identifiers=atria.battery.low,atria.bluetooth.off,atria.fitcheck.needed
2026-07-03 20:19:43.988 Atria[1364:105839] ATRIADBG widget_snapshot status=ok reason=dashboard_revision schema=3 recovery=50 confidence=unverified hrv=personal_baseline strain=9.5 rhr=59 max_hr=189 battery=99 charge=levelOnly bytes=642 storage=app_group_userdefaults app_group=1 widget_target=1 complication_target=1
2026-07-03 20:19:43.988 Atria[1364:105839] ATRIADBG widget_readiness status=ready storage=app_group_userdefaults app_group=1 widget_target=1 complication_target=1 action=verify_widget_on_device
2026-07-03 20:19:43.993 Atria[1364:105839] ATRIADBG haptic_alert kind=recovery_ready phone_side=1 strap_write=0
2026-07-03 20:19:43.993 Atria[1364:105839] ATRIADBG notification_skip kind=health_deviation reason=no_two_day_deviation
2026-07-03 20:19:43.993 Atria[1364:105839] ATRIADBG standardHR payload=1051f002 hr=81 rrnum=1 truncated=0 rr_ms=734 suppressed_since_last=0
2026-07-03 20:19:43.993 Atria[1364:105839] ATRIADBG rr source=0x2A37 hr=81 rrnum=1 decoded=1 total_decoded=2 truncated=0 hr_mismatch=0 implied_bpm=82 values=734
2026-07-03 20:19:43.993 Atria[1364:105839] ATRIADBG standardHR payload=1050e002d802 hr=80 rrnum=2 truncated=0 rr_ms=719,711 suppressed_since_last=0
2026-07-03 20:19:43.993 Atria[1364:105839] ATRIADBG rr source=0x2A37 hr=80 rrnum=2 decoded=2 total_decoded=4 truncated=0 hr_mismatch=0 implied_bpm=83,84 values=719,711
2026-07-03 20:19:43.993 Atria[1364:105839] ATRIADBG standardHR payload=1050e302 hr=80 rrnum=1 truncated=0 rr_ms=722 suppressed_since_last=0
2026-07-03 20:19:43.993 Atria[1364:105839] ATRIADBG rr source=0x2A37 hr=80 rrnum=1 decoded=1 total_decoded=5 truncated=0 hr_mismatch=0 implied_bpm=83 values=722
2026-07-03 20:19:43.993 Atria[1364:105839] ATRIADBG standardHR payload=1051c902 hr=81 rrnum=1 truncated=0 rr_ms=696 suppressed_since_last=0
2026-07-03 20:19:43.993 Atria[1364:105839] ATRIADBG rr source=0x2A37 hr=81 rrnum=1 decoded=1 total_decoded=6 truncated=0 hr_mismatch=0 implied_bpm=86 values=696
2026-07-03 20:19:43.993 Atria[1364:105839] ATRIADBG standardHR payload=1052b802a402 hr=82 rrnum=2 truncated=0 rr_ms=680,660 suppressed_since_last=0
2026-07-03 20:19:43.995 Atria[1364:105839] ATRIADBG rr source=0x2A37 hr=82 rrnum=2 decoded=2 total_decoded=8 truncated=0 hr_mismatch=0 implied_bpm=88,91 values=680,660
2026-07-03 20:19:43.995 Atria[1364:105839] ATRIADBG standardHR payload=10538f02 hr=83 rrnum=1 truncated=0 rr_ms=640 suppressed_since_last=0
2026-07-03 20:19:43.995 Atria[1364:105839] ATRIADBG rr source=0x2A37 hr=83 rrnum=1 decoded=1 total_decoded=9 truncated=0 hr_mismatch=0 implied_bpm=94 values=640
2026-07-03 20:19:43.995 Atria[1364:105839] ATRIADBG active_session_journal status=saved reason=first_accepted_hr_batch samples=1 rr_values=1 duration_s=0 dirty=0 label=All-day wear
2026-07-03 20:19:43.995 Atria[1364:105839] ATRIADBG notification_skip kind=health_deviation reason=no_two_day_deviation
2026-07-03 20:19:43.995 Atria[1364:105839] ATRIADBG notification_skip kind=health_deviation reason=no_two_day_deviation
2026-07-03 20:19:43.996 Atria[1364:105839] ATRIADBG notification_battery_drain_cycle status=cleared reason=above_threshold had_cycle=0
2026-07-03 20:19:43.996 Atria[1364:105839] ATRIADBG notification_battery_decision level=99 source=live_2A19 age_s=0 usable=1 threshold=25 charge=levelOnly drop_recent=1
2026-07-03 20:19:43.996 Atria[1364:105839] ATRIADBG notification_battery_maintenance status=evaluated reason=timer
2026-07-03 20:19:44.003 Atria[1364:105839] ATRIADBG scene_phase phase=active reason=ui_did_become_active
2026-07-03 20:19:44.003 Atria[1364:105839] ATRIADBG active_session_journal status=restore_skipped reason=live_session_active samples=7
2026-07-03 20:19:44.009 Atria[1364:105839] ATRIADBG foreground_keepalive armed=1 reason=scene_active_restart silence_timeout_s=75 check_interval_s=20
2026-07-03 20:19:44.014 Atria[1364:105839] ATRIADBG active_session_journal status=restore_skipped reason=live_session_active samples=7
2026-07-03 20:19:44.015 Atria[1364:105839] ATRIADBG long_wear_supervisor schedule base_tick_s=3.0 checkpoint_s=60.0 diagnostic_s=15.0 auto_save_s=15.0 no_data_timeout_s=75.0 hr_continuity_timeout_s=6.0 rr_presence_timeout_s=90.0 accepted_hr_timeout_s=45.0 label=Long wear
2026-07-03 20:19:44.018 Atria[1364:105839] ATRIADBG foreground_keepalive armed=1 reason=scene_active_foreground_restart silence_timeout_s=75 check_interval_s=20
2026-07-03 20:19:44.021 Atria[1364:105839] ATRIADBG long_wear_mode enabled=1 reason=scene_active_foreground radio_mode=standard_hr_only supervisor=1 collection_profile=balanced cadence_multiplier=1.00 stale_timeout_multiplier=1.00 checkpoint_interval_s=60 live_workout_interval_s=15 workout_autosave_interval_s=15 no_data_timeout_s=75 no_data_check_interval_s=15 hr_continuity_timeout_s=6 supervisor_base_tick_s=3 accepted_hr_timeout_s=45 disconnect_reconnect_policy=staged_read_reassert_then_fresh_scan label=Long wear rest_hr=59 max_hr=189
2026-07-03 20:19:44.021 Atria[1364:105839] ATRIADBG ble_notify_reassert status=reset_requested reason=scene_active notifying_before=1
2026-07-03 20:19:44.021 Atria[1364:105839] ATRIADBG ble_notify_reassert status=requested reason=scene_active source=foreground_return action=keep_connection
2026-07-03 20:19:44.021 Atria[1364:105839] ATRIADBG radio_mode mode=full_protocol persist=0 reconnect=0 reason=scene_active_interactive
2026-07-03 20:19:44.022 Atria[1364:105839] ATRIADBG radio_mode full_protocol_discovery status=requested reason=scene_active_interactive action=keep_connection
2026-07-03 20:19:44.022 Atria[1364:105839] ATRIADBG standardHR payload=1054a502 hr=84 rrnum=1 truncated=0 rr_ms=661 suppressed_since_last=0
2026-07-03 20:19:44.022 Atria[1364:105839] ATRIADBG rr source=0x2A37 hr=84 rrnum=1 decoded=1 total_decoded=10 truncated=0 hr_mismatch=0 implied_bpm=91 values=661
2026-07-03 20:19:44.025 Atria[1364:105839] ATRIADBG rr_quality source=mixed state=learning fraction=1.000 rr_frames=10 total_frames=10 max_rr_gap_s=3.0 frame_max_rr_gap_s=3.0 beat_timeline=1 window_s=11 hrv_state=learning rr_source_2a37_values=10 rr_source_0x28_decoded_values=16 rr_source_0x28_used_values=3
2026-07-03 20:19:44.025 Atria[1364:105839] ATRIADBG standardHR payload=1054c402b302 hr=84 rrnum=2 truncated=0 rr_ms=691,675 suppressed_since_last=0
2026-07-03 20:19:44.025 Atria[1364:105839] ATRIADBG rr source=0x2A37 hr=84 rrnum=2 decoded=2 total_decoded=12 truncated=0 hr_mismatch=0 implied_bpm=87,89 values=691,675
2026-07-03 20:19:44.025 Atria[1364:105839] ATRIADBG standardHR payload=1053e302 hr=83 rrnum=1 truncated=0 rr_ms=722 suppressed_since_last=0
2026-07-03 20:19:44.025 Atria[1364:105839] ATRIADBG rr source=0x2A37 hr=83 rrnum=1 decoded=1 total_decoded=13 truncated=0 hr_mismatch=0 implied_bpm=83 values=722
2026-07-03 20:19:44.025 Atria[1364:105839] ATRIADBG standardHR payload=10549f02 hr=84 rrnum=1 truncated=0 rr_ms=655 suppressed_since_last=0
2026-07-03 20:19:44.025 Atria[1364:105839] ATRIADBG rr source=0x2A37 hr=84 rrnum=1 decoded=1 total_decoded=14 truncated=0 hr_mismatch=0 implied_bpm=92 values=655
2026-07-03 20:19:44.025 Atria[1364:105839] ATRIADBG standardHR payload=1054e5027e02 hr=84 rrnum=2 truncated=0 rr_ms=724,623 suppressed_since_last=0
2026-07-03 20:19:44.025 Atria[1364:105839] ATRIADBG rr source=0x2A37 hr=84 rrnum=2 decoded=2 total_decoded=16 truncated=0 hr_mismatch=0 implied_bpm=83,96 values=724,623
2026-07-03 20:19:44.032 Atria[1364:105839] ATRIADBG notification_battery_drain_cycle status=cleared reason=above_threshold had_cycle=0
2026-07-03 20:19:44.032 Atria[1364:105839] ATRIADBG notification_battery_decision level=99 source=live_2A19 age_s=0 usable=1 threshold=25 charge=levelOnly drop_recent=1
2026-07-03 20:19:44.032 Atria[1364:105839] ATRIADBG notification_battery_maintenance status=evaluated reason=connection_trigger
2026-07-03 20:19:44.032 Atria[1364:105839] ATRIADBG home_launch_timing event=secondary_ready elapsed_ms=11957 status=connected tab=overview
2026-07-03 20:19:44.033 Atria[1364:105839] ATRIADBG widget_snapshot status=ok reason=scene_active schema=3 recovery=50 confidence=unverified hrv=personal_baseline strain=9.5 rhr=59 max_hr=189 battery=99 charge=levelOnly bytes=643 storage=app_group_userdefaults app_group=1 widget_target=1 complication_target=1
2026-07-03 20:19:44.033 Atria[1364:105839] ATRIADBG widget_readiness status=ready storage=app_group_userdefaults app_group=1 widget_target=1 complication_target=1 action=verify_widget_on_device
2026-07-03 20:19:44.034 Atria[1364:105839] -canOpenURL: failed for URL: "whoop://" - error: "The operation couldn’t be completed. (OSStatus error -10814.)"
2026-07-03 20:19:44.035 Atria[1364:105839] ATRIADBG scene_phase phase=active reason=scene_active
2026-07-03 20:19:44.035 Atria[1364:105839] ATRIADBG active_session_journal status=restore_skipped reason=live_session_active samples=12
2026-07-03 20:19:44.038 Atria[1364:105839] ATRIADBG foreground_keepalive armed=1 reason=scene_active_restart silence_timeout_s=75 check_interval_s=20
2026-07-03 20:19:44.042 Atria[1364:105839] ATRIADBG active_session_journal status=restore_skipped reason=live_session_active samples=12
2026-07-03 20:19:44.042 Atria[1364:105839] ATRIADBG long_wear_supervisor schedule base_tick_s=3.0 checkpoint_s=60.0 diagnostic_s=15.0 auto_save_s=15.0 no_data_timeout_s=75.0 hr_continuity_timeout_s=6.0 rr_presence_timeout_s=90.0 accepted_hr_timeout_s=45.0 label=Long wear
2026-07-03 20:19:44.045 Atria[1364:105839] ATRIADBG foreground_keepalive armed=1 reason=scene_active_foreground_restart silence_timeout_s=75 check_interval_s=20
2026-07-03 20:19:44.048 Atria[1364:105839] ATRIADBG long_wear_mode enabled=1 reason=scene_active_foreground radio_mode=full_protocol supervisor=1 collection_profile=balanced cadence_multiplier=1.00 stale_timeout_multiplier=1.00 checkpoint_interval_s=60 live_workout_interval_s=15 workout_autosave_interval_s=15 no_data_timeout_s=75 no_data_check_interval_s=15 hr_continuity_timeout_s=6 supervisor_base_tick_s=3 accepted_hr_timeout_s=45 disconnect_reconnect_policy=staged_read_reassert_then_fresh_scan label=Long wear rest_hr=59 max_hr=189
2026-07-03 20:19:44.048 Atria[1364:105839] ATRIADBG ble_notify_reassert status=reset_requested reason=scene_active notifying_before=1
2026-07-03 20:19:44.048 Atria[1364:105839] ATRIADBG ble_notify_reassert status=requested reason=scene_active source=foreground_return action=keep_connection
2026-07-03 20:19:44.049 Atria[1364:105839] ATRIADBG hr_broadcast status=advertising name=Atria_HR
2026-07-03 20:19:44.051 Atria[1364:105839] ATRIADBG widget_snapshot status=ok reason=live_throttled schema=3 recovery=50 confidence=unverified hrv=personal_baseline strain=9.5 rhr=59 max_hr=189 battery=99 charge=levelOnly bytes=643 storage=app_group_userdefaults app_group=1 widget_target=1 complication_target=1
2026-07-03 20:19:44.051 Atria[1364:105839] ATRIADBG widget_readiness status=ready storage=app_group_userdefaults app_group=1 widget_target=1 complication_target=1 action=verify_widget_on_device
2026-07-03 20:19:44.055 Atria[1364:105839] ATRIADBG notification_battery_drain_cycle status=cleared reason=above_threshold had_cycle=0
2026-07-03 20:19:44.055 Atria[1364:105839] ATRIADBG notification_battery_decision level=99 source=live_2A19 age_s=0 usable=1 threshold=25 charge=levelOnly drop_recent=1
2026-07-03 20:19:44.055 Atria[1364:105839] ATRIADBG notification_battery_maintenance status=evaluated reason=connection_trigger
2026-07-03 20:19:44.059 Atria[1364:105839] ATRIADBG active_session_journal status=saved reason=foreground_keepalive_crash_safety samples=7 rr_values=9 duration_s=6 dirty=0 label=All-day wear
2026-07-03 20:19:44.183 Atria[1364:106004] ATRIADBG notifyState ch=2A37 notifying=0 err=nil
2026-07-03 20:19:44.437 Atria[1364:105839] ATRIADBG session_backup_status_deferred status=digest_mismatch reason=deferred_session_load elapsed_ms=4252 sessions=109
2026-07-03 20:19:44.483 Atria[1364:105858] ATRIADBG notifyState ch=2A37 notifying=1 err=nil
2026-07-03 20:19:44.633 Atria[1364:105858] ATRIADBG notifyState ch=2A37 notifying=0 err=nil
2026-07-03 20:19:44.639 Atria[1364:105839] ATRIADBG hr_broadcast status=sent bpm=84 rr=0
2026-07-03 20:19:44.933 Atria[1364:106004] ATRIADBG notifyState ch=2A37 notifying=1 err=nil
2026-07-03 20:19:44.934 Atria[1364:105839] ATRIADBG radio_low_traffic status=learning mode=full_protocol custom_notify_skipped=0 custom_notify_enabled=1 tx_skipped=0 realtime_start_skipped=2 reason=full_protocol
2026-07-03 20:19:44.935 Atria[1364:105839] ATRIADBG radio_low_traffic status=learning mode=full_protocol custom_notify_skipped=0 custom_notify_enabled=2 tx_skipped=0 realtime_start_skipped=2 reason=full_protocol
2026-07-03 20:19:44.935 Atria[1364:105839] ATRIADBG radio_low_traffic status=learning mode=full_protocol custom_notify_skipped=0 custom_notify_enabled=3 tx_skipped=0 realtime_start_skipped=2 reason=full_protocol
2026-07-03 20:19:44.936 Atria[1364:105839] ATRIADBG radio_low_traffic status=learning mode=full_protocol custom_notify_skipped=0 custom_notify_enabled=4 tx_skipped=0 realtime_start_skipped=2 reason=full_protocol
2026-07-03 20:19:45.084 Atria[1364:106004] ATRIADBG notifyState ch=61080003-8D6D-82B8-614A-1C8CB0F8DCC6 notifying=1 err=nil
2026-07-03 20:19:45.233 Atria[1364:105839] ATRIADBG standardHR payload=1054c2027f02 hr=84 rrnum=2 truncated=0 rr_ms=689,624 suppressed_since_last=0
2026-07-03 20:19:45.233 Atria[1364:105839] ATRIADBG rr source=0x2A37 hr=84 rrnum=2 decoded=2 total_decoded=18 truncated=0 hr_mismatch=0 implied_bpm=87,96 values=689,624
2026-07-03 20:19:45.235 Atria[1364:105858] ATRIADBG notifyState ch=61080004-8D6D-82B8-614A-1C8CB0F8DCC6 notifying=1 err=nil
2026-07-03 20:19:45.235 Atria[1364:105839] ATRIADBG proprietary_arm_fallback status=arming reason=notify_pair_ready notify_count=2 stream5_confirmed=0 history_only=0
2026-07-03 20:19:45.533 Atria[1364:106006] ATRIADBG notifyState ch=61080005-8D6D-82B8-614A-1C8CB0F8DCC6 notifying=1 err=nil
2026-07-03 20:19:45.564 Atria[1364:105839] ATRIADBG haptic_alert kind=strain_target strain=9.5 target=8.0 phone_side=1 strap_write=0
2026-07-03 20:19:45.833 Atria[1364:106004] ATRIADBG notifyState ch=61080007-8D6D-82B8-614A-1C8CB0F8DCC6 notifying=1 err=nil
2026-07-03 20:19:46.283 Atria[1364:106004] ATRIADBG notifyState ch=2A37 notifying=1 err=nil
2026-07-03 20:19:46.285 Atria[1364:105839] ATRIADBG standardHR payload=1054a102 hr=84 rrnum=1 truncated=0 rr_ms=657 suppressed_since_last=0
2026-07-03 20:19:46.285 Atria[1364:105839] ATRIADBG rr source=0x2A37 hr=84 rrnum=1 decoded=1 total_decoded=1 truncated=0 hr_mismatch=0 implied_bpm=91 values=657
2026-07-03 20:19:46.733 Atria[1364:105858] ATRIADBG notifyState ch=2A19 notifying=1 err=nil
2026-07-03 20:19:46.989 Atria[1364:105839] ATRIADBG widget_snapshot status=ok reason=dashboard_revision schema=3 recovery=50 confidence=unverified hrv=personal_baseline strain=9.5 rhr=59 max_hr=189 battery=99 charge=levelOnly bytes=643 storage=app_group_userdefaults app_group=1 widget_target=1 complication_target=1
2026-07-03 20:19:46.989 Atria[1364:105839] ATRIADBG widget_readiness status=ready storage=app_group_userdefaults app_group=1 widget_target=1 complication_target=1 action=verify_widget_on_device
2026-07-03 20:19:46.990 Atria[1364:105839] ATRIADBG hr_broadcast status=sent bpm=84 rr=0
2026-07-03 20:19:47.016 Atria[1364:105839] ATRIADBG notification_battery_drain_cycle status=cleared reason=above_threshold had_cycle=0
2026-07-03 20:19:47.016 Atria[1364:105839] ATRIADBG notification_battery_decision level=99 source=live_2A19 age_s=0 usable=1 threshold=25 charge=levelOnly drop_recent=1
2026-07-03 20:19:47.016 Atria[1364:105839] ATRIADBG notification_battery_maintenance status=evaluated reason=timer
2026-07-03 20:19:47.034 Atria[1364:105839] ATRIADBG battery level=99 source=2A19 bytes=63 persisted=1
2026-07-03 20:19:47.184 Atria[1364:105839] ATRIADBG standardHR payload=1055a402 hr=85 rrnum=1 truncated=0 rr_ms=660 suppressed_since_last=0
2026-07-03 20:19:47.184 Atria[1364:105839] ATRIADBG rr source=0x2A37 hr=85 rrnum=1 decoded=1 total_decoded=2 truncated=0 hr_mismatch=0 implied_bpm=91 values=660
2026-07-03 20:19:48.233 Atria[1364:105839] ATRIADBG standardHR payload=1054c402bd02 hr=84 rrnum=2 truncated=0 rr_ms=691,685 suppressed_since_last=0
2026-07-03 20:19:48.234 Atria[1364:105839] ATRIADBG rr source=0x2A37 hr=84 rrnum=2 decoded=2 total_decoded=4 truncated=0 hr_mismatch=0 implied_bpm=87,88 values=691,685
2026-07-03 20:19:48.416 Atria[1364:105839] ATRIADBG send mode=wwr cmd=03 seq=0 to=61080002-8D6D-82B8-614A-1C8CB0F8DCC6 props=12 frame=aa0800a82300030199bce9cf
2026-07-03 20:19:48.683 Atria[1364:105839] ATRIADBG frame ch=61080003 len=16 hex=aa0c00fc247e03000200000096a2d488
2026-07-03 20:19:48.683 Atria[1364:105839] ATRIADBG cmdResp ch=61080003-8D6D-82B8-614A-1C8CB0F8DCC6 payload=247e030002000000
2026-07-03 20:19:48.684 Atria[1364:105839] ATRIADBG frame ch=61080004 len=20 hex=aa10005730c5210008cc476a087e000070cec19d
2026-07-03 20:19:48.684 Atria[1364:105839] ATRIADBG protocol_packet type=30 kind=event len=12 body=c5210008cc476a087e0000 full=aa10005730c5210008cc476a087e000070cec19d
2026-07-03 20:19:49.133 Atria[1364:105839] ATRIADBG standardHR payload=1054bd02 hr=84 rrnum=1 truncated=0 rr_ms=685 suppressed_since_last=0
2026-07-03 20:19:49.136 Atria[1364:105839] ATRIADBG rr source=0x2A37 hr=84 rrnum=1 decoded=1 total_decoded=5 truncated=0 hr_mismatch=0 implied_bpm=88 values=685
2026-07-03 20:19:49.136 Atria[1364:105839] ATRIADBG hr_broadcast status=sent bpm=84 rr=0
2026-07-03 20:19:50.184 Atria[1364:105839] ATRIADBG standardHR payload=1054b802 hr=84 rrnum=1 truncated=0 rr_ms=680 suppressed_since_last=0
2026-07-03 20:19:50.184 Atria[1364:105839] ATRIADBG rr source=0x2A37 hr=84 rrnum=1 decoded=1 total_decoded=6 truncated=0 hr_mismatch=0 implied_bpm=88 values=680
2026-07-03 20:19:51.049 Atria[1364:105839] ATRIADBG daily_rollup_persist_summary entries=10 respiratory_rows=9 rr_session_candidates=38 sessions=109
2026-07-03 20:19:51.049 Atria[1364:105839] ATRIADBG max_hr_suggestion_rollup status=none reason=daily_rollup observed_peak=0 current_max_hr=189
2026-07-03 20:19:51.049 Atria[1364:105839] ATRIADBG morning_summary_skip reason=outside_window local_minutes=1219
2026-07-03 20:19:51.052 Atria[1364:105855] ATRIADBG daily_rollup_store_save status=ok rows=10 bytes=4431 path=daily-rollups.json
2026-07-03 20:19:51.054 Atria[1364:105839] ATRIADBG notification_skip kind=health_deviation reason=no_two_day_deviation
2026-07-03 20:19:51.055 Atria[1364:105855] ATRIADBG daily_rollup_store_save status=ok rows=10 bytes=4431 path=daily-rollups.json
2026-07-03 20:19:51.057 Atria[1364:105855] ATRIADBG daily_rollup_store_save status=ok rows=10 bytes=4431 path=daily-rollups.json
2026-07-03 20:19:51.060 Atria[1364:105855] ATRIADBG daily_rollup_store_save status=ok rows=10 bytes=4431 path=daily-rollups.json
2026-07-03 20:19:51.062 Atria[1364:105855] ATRIADBG daily_rollup_store_save status=ok rows=10 bytes=4431 path=daily-rollups.json
2026-07-03 20:19:51.065 Atria[1364:105855] ATRIADBG daily_rollup_store_save status=ok rows=10 bytes=4431 path=daily-rollups.json
2026-07-03 20:19:51.067 Atria[1364:105855] ATRIADBG daily_rollup_store_save status=ok rows=10 bytes=4431 path=daily-rollups.json
2026-07-03 20:19:51.070 Atria[1364:105855] ATRIADBG daily_rollup_store_save status=ok rows=10 bytes=4431 path=daily-rollups.json
2026-07-03 20:19:51.073 Atria[1364:105855] ATRIADBG daily_rollup_store_save status=ok rows=10 bytes=4431 path=daily-rollups.json
2026-07-03 20:19:51.075 Atria[1364:105855] ATRIADBG daily_rollup_store_save status=ok rows=10 bytes=4431 path=daily-rollups.json
2026-07-03 20:19:51.084 Atria[1364:105839] ATRIADBG standardHR payload=1053cb02f002 hr=83 rrnum=2 truncated=0 rr_ms=698,734 suppressed_since_last=0
2026-07-03 20:19:51.084 Atria[1364:105839] ATRIADBG rr source=0x2A37 hr=83 rrnum=2 decoded=2 total_decoded=8 truncated=0 hr_mismatch=0 implied_bpm=86,82 values=698,734
2026-07-03 20:19:51.984 Atria[1364:105839] ATRIADBG standardHR payload=1053ca02 hr=83 rrnum=1 truncated=0 rr_ms=697 suppressed_since_last=0
2026-07-03 20:19:51.984 Atria[1364:105839] ATRIADBG rr source=0x2A37 hr=83 rrnum=1 decoded=1 total_decoded=9 truncated=0 hr_mismatch=0 implied_bpm=86 values=697
2026-07-03 20:19:51.985 Atria[1364:105839] ATRIADBG hr_broadcast status=sent bpm=84 rr=0
2026-07-03 20:19:52.016 Atria[1364:105839] ATRIADBG notification_battery_drain_cycle status=cleared reason=above_threshold had_cycle=0
2026-07-03 20:19:52.016 Atria[1364:105839] ATRIADBG notification_battery_decision level=99 source=live_2A19 age_s=0 usable=1 threshold=25 charge=levelOnly drop_recent=1
2026-07-03 20:19:52.016 Atria[1364:105839] ATRIADBG notification_battery_maintenance status=evaluated reason=timer
2026-07-03 20:19:52.435 Atria[1364:105839] ATRIADBG home_launch_timing event=diagnostics_ready elapsed_ms=20360 status=connected tab=overview
2026-07-03 20:19:53.034 Atria[1364:105839] ATRIADBG standardHR payload=1053ec02 hr=83 rrnum=1 truncated=0 rr_ms=730 suppressed_since_last=0
2026-07-03 20:19:53.034 Atria[1364:105839] ATRIADBG rr source=0x2A37 hr=83 rrnum=1 decoded=1 total_decoded=10 truncated=0 hr_mismatch=0 implied_bpm=82 values=730
2026-07-03 20:19:53.936 Atria[1364:105839] ATRIADBG standardHR payload=1053e802 hr=83 rrnum=1 truncated=0 rr_ms=727 suppressed_since_last=0
2026-07-03 20:19:53.936 Atria[1364:105839] ATRIADBG rr source=0x2A37 hr=83 rrnum=1 decoded=1 total_decoded=11 truncated=0 hr_mismatch=0 implied_bpm=83 values=727
2026-07-03 20:19:55.061 Atria[1364:105839] ATRIADBG standardHR payload=1053f002b802 hr=83 rrnum=2 truncated=0 rr_ms=734,680 suppressed_since_last=0
2026-07-03 20:19:55.074 Atria[1364:105839] ATRIADBG rr source=0x2A37 hr=83 rrnum=2 decoded=2 total_decoded=13 truncated=0 hr_mismatch=0 implied_bpm=82,88 values=734,680
2026-07-03 20:19:55.079 Atria[1364:105839] ATRIADBG hr_broadcast status=sent bpm=83 rr=0
2026-07-03 20:19:55.809 Atria[1364:105839] ATRIADBG standardHR payload=1052e402 hr=82 rrnum=1 truncated=0 rr_ms=723 suppressed_since_last=0
2026-07-03 20:19:55.809 Atria[1364:105839] ATRIADBG rr source=0x2A37 hr=82 rrnum=1 decoded=1 total_decoded=14 truncated=0 hr_mismatch=0 implied_bpm=83 values=723
2026-07-03 20:19:56.859 Atria[1364:105839] ATRIADBG standardHR payload=1052b802 hr=82 rrnum=1 truncated=0 rr_ms=680 suppressed_since_last=0
2026-07-03 20:19:56.859 Atria[1364:105839] ATRIADBG rr source=0x2A37 hr=82 rrnum=1 decoded=1 total_decoded=15 truncated=0 hr_mismatch=0 implied_bpm=88 values=680
2026-07-03 20:19:57.020 Atria[1364:105839] ATRIADBG notification_battery_drain_cycle status=cleared reason=above_threshold had_cycle=0
2026-07-03 20:19:57.020 Atria[1364:105839] ATRIADBG notification_battery_decision level=99 source=live_2A19 age_s=0 usable=1 threshold=25 charge=levelOnly drop_recent=1
2026-07-03 20:19:57.020 Atria[1364:105839] ATRIADBG notification_battery_maintenance status=evaluated reason=timer
2026-07-03 20:19:57.759 Atria[1364:105839] ATRIADBG standardHR payload=1053b002a102 hr=83 rrnum=2 truncated=0 rr_ms=672,657 suppressed_since_last=0
2026-07-03 20:19:57.760 Atria[1364:105839] ATRIADBG rr source=0x2A37 hr=83 rrnum=2 decoded=2 total_decoded=17 truncated=0 hr_mismatch=0 implied_bpm=89,91 values=672,657
2026-07-03 20:19:57.765 Atria[1364:105839] ATRIADBG hr_broadcast status=sent bpm=83 rr=0
2026-07-03 20:19:58.809 Atria[1364:105839] ATRIADBG standardHR payload=1053ba02 hr=83 rrnum=1 truncated=0 rr_ms=682 suppressed_since_last=0
2026-07-03 20:19:58.809 Atria[1364:105839] ATRIADBG rr source=0x2A37 hr=83 rrnum=1 decoded=1 total_decoded=18 truncated=0 hr_mismatch=0 implied_bpm=88 values=682
2026-07-03 20:19:59.709 Atria[1364:105839] ATRIADBG standardHR payload=1054b802b202 hr=84 rrnum=2 truncated=0 rr_ms=680,674 suppressed_since_last=0
2026-07-03 20:19:59.709 Atria[1364:105839] ATRIADBG rr source=0x2A37 hr=84 rrnum=2 decoded=2 total_decoded=20 truncated=0 hr_mismatch=0 implied_bpm=88,89 values=680,674
2026-07-03 20:20:00.609 Atria[1364:105839] ATRIADBG standardHR payload=1054a902 hr=84 rrnum=1 truncated=0 rr_ms=665 suppressed_since_last=0
2026-07-03 20:20:00.622 Atria[1364:105839] ATRIADBG rr source=0x2A37 hr=84 rrnum=1 decoded=1 total_decoded=21 truncated=0 hr_mismatch=0 implied_bpm=90 values=665
2026-07-03 20:20:00.625 Atria[1364:105839] ATRIADBG hr_broadcast status=sent bpm=83 rr=0
2026-07-03 20:20:01.659 Atria[1364:105839] ATRIADBG standardHR payload=1054a802 hr=84 rrnum=1 truncated=0 rr_ms=664 suppressed_since_last=0
2026-07-03 20:20:01.659 Atria[1364:105839] ATRIADBG rr source=0x2A37 hr=84 rrnum=1 decoded=1 total_decoded=22 truncated=0 hr_mismatch=0 implied_bpm=90 values=664
2026-07-03 20:20:02.021 Atria[1364:105839] ATRIADBG notification_battery_drain_cycle status=cleared reason=above_threshold had_cycle=0
2026-07-03 20:20:02.021 Atria[1364:105839] ATRIADBG notification_battery_decision level=99 source=live_2A19 age_s=0 usable=1 threshold=25 charge=levelOnly drop_recent=1
2026-07-03 20:20:02.021 Atria[1364:105839] ATRIADBG notification_battery_maintenance status=evaluated reason=timer
2026-07-03 20:20:02.559 Atria[1364:105839] ATRIADBG standardHR payload=0054 hr=84 rrnum=0 truncated=0 rr_ms= suppressed_since_last=0
2026-07-03 20:20:03.609 Atria[1364:105839] ATRIADBG standardHR payload=0054 hr=84 rrnum=0 truncated=0 rr_ms= suppressed_since_last=0
2026-07-03 20:20:03.617 Atria[1364:105839] ATRIADBG hr_broadcast status=sent bpm=84 rr=0
2026-07-03 20:20:04.508 Atria[1364:105839] ATRIADBG standardHR payload=0054 hr=84 rrnum=0 truncated=0 rr_ms= suppressed_since_last=0
2026-07-03 20:20:05.409 Atria[1364:105839] ATRIADBG standardHR payload=0054 hr=84 rrnum=0 truncated=0 rr_ms= suppressed_since_last=0
2026-07-03 20:20:06.459 Atria[1364:105839] ATRIADBG standardHR payload=0054 hr=84 rrnum=0 truncated=0 rr_ms= suppressed_since_last=0
2026-07-03 20:20:07.018 Atria[1364:105839] ATRIADBG notification_battery_drain_cycle status=cleared reason=above_threshold had_cycle=0
2026-07-03 20:20:07.018 Atria[1364:105839] ATRIADBG notification_battery_decision level=99 source=live_2A19 age_s=0 usable=1 threshold=25 charge=levelOnly drop_recent=1
2026-07-03 20:20:07.018 Atria[1364:105839] ATRIADBG notification_battery_maintenance status=evaluated reason=timer
2026-07-03 20:20:07.360 Atria[1364:105839] ATRIADBG standardHR payload=0055 hr=85 rrnum=0 truncated=0 rr_ms= suppressed_since_last=0
2026-07-03 20:20:08.409 Atria[1364:105839] ATRIADBG standardHR payload=0055 hr=85 rrnum=0 truncated=0 rr_ms= suppressed_since_last=0
2026-07-03 20:20:09.309 Atria[1364:105839] ATRIADBG standardHR payload=0055 hr=85 rrnum=0 truncated=0 rr_ms= suppressed_since_last=0
2026-07-03 20:20:09.318 Atria[1364:105839] ATRIADBG hr_broadcast status=sent bpm=85 rr=0
2026-07-03 20:20:09.648 Atria[1364:105839] ATRIADBG widget_snapshot status=ok reason=live_bpm_delta schema=3 recovery=50 confidence=unverified hrv=personal_baseline strain=9.5 rhr=59 max_hr=189 battery=99 charge=levelOnly bytes=642 storage=app_group_userdefaults app_group=1 widget_target=1 complication_target=1
2026-07-03 20:20:09.648 Atria[1364:105839] ATRIADBG widget_readiness status=ready storage=app_group_userdefaults app_group=1 widget_target=1 complication_target=1 action=verify_widget_on_device
2026-07-03 20:20:10.359 Atria[1364:105839] ATRIADBG standardHR payload=0056 hr=86 rrnum=0 truncated=0 rr_ms= suppressed_since_last=0
2026-07-03 20:20:11.260 Atria[1364:105839] ATRIADBG standardHR payload=0056 hr=86 rrnum=0 truncated=0 rr_ms= suppressed_since_last=0
2026-07-03 20:20:12.020 Atria[1364:105839] ATRIADBG notification_battery_drain_cycle status=cleared reason=above_threshold had_cycle=0
2026-07-03 20:20:12.020 Atria[1364:105839] ATRIADBG notification_battery_decision level=99 source=live_2A19 age_s=0 usable=1 threshold=25 charge=levelOnly drop_recent=1
2026-07-03 20:20:12.020 Atria[1364:105839] ATRIADBG notification_battery_maintenance status=evaluated reason=timer
2026-07-03 20:20:12.159 Atria[1364:105839] ATRIADBG standardHR payload=0056 hr=86 rrnum=0 truncated=0 rr_ms= suppressed_since_last=0
2026-07-03 20:20:12.167 Atria[1364:105839] ATRIADBG hr_broadcast status=sent bpm=86 rr=0
2026-07-03 20:20:13.209 Atria[1364:105839] ATRIADBG standardHR payload=0056 hr=86 rrnum=0 truncated=0 rr_ms= suppressed_since_last=0
2026-07-03 20:20:14.109 Atria[1364:105839] ATRIADBG standardHR payload=0056 hr=86 rrnum=0 truncated=0 rr_ms= suppressed_since_last=0
2026-07-03 20:20:15.159 Atria[1364:105839] ATRIADBG standardHR payload=0056 hr=86 rrnum=0 truncated=0 rr_ms= suppressed_since_last=0
2026-07-03 20:20:16.209 Atria[1364:105839] ATRIADBG standardHR payload=0056 hr=86 rrnum=0 truncated=0 rr_ms= suppressed_since_last=0
2026-07-03 20:20:16.958 Atria[1364:105839] ATRIADBG standardHR payload=0056 hr=86 rrnum=0 truncated=0 rr_ms= suppressed_since_last=0
2026-07-03 20:20:17.020 Atria[1364:105839] ATRIADBG notification_battery_drain_cycle status=cleared reason=above_threshold had_cycle=0
HARNESS_CAPTURE_TIMEOUT seconds=45 launch_seen=1 action=stop_devicectl_console
2026-07-03 20:20:17.021 Atria[1364:105839] ATRIADBG notification_battery_maintenance status=evaluated reason=timer
App terminated due to signal 2.
ATRIADBG_SUMMARY_START
notify_61080005=True
realtime_start=True
cmd_response=True
frame_61080005=False
hrv_ready=False
capture_summary_ready=False
auto_capture_start=False
auto_capture_stop=False
gate_status_start=False
gate_status_complete=False
gate_readiness_complete=False
gate_status_deep_complete=False
healthkit_reference_audit_complete=False
healthkit_export_complete=False
healthkit_export_verify_complete=False
healthkit_export_authorization_pending_complete=False
healthkit_sleep_export_verify_complete=False
healthkit_sleep_export_deferred_complete=False
healthkit_reset_rebuild_complete=False
workout_confirm_complete=False
sleep_confirm_complete=False
post_healthkit_gate_status_complete=False
collection_health_complete=False
rr_reference_package_complete=False
hr_reference_package_complete=False
rr_reference_validation_complete=False
hr_reference_validation_complete=False
reference_inputs_clear_complete=False
workout_validation_complete=False
sleep_validation_complete=False
sleep_validation_fail_closed=False
backup_complete=False
backup_verify_complete=False
notification_schedule_complete=False
notification_delivery_complete=False
radio_low_traffic_complete=True
trend_summary_complete=False
trend_windows_complete=False
strain_validation_complete=False
widget_snapshot_complete=True
analytics_calibration_complete=False
analytics_calibration_status=
analytics_calibration_numeric_checks=
analytics_calibration_label_checks=
rr_frames=30
rr_values=40
rr_truncated_frames=0
rr_hr_mismatch_values=0
rr_source_2a37_frames=30
rr_source_2a37_values=40
rr_source_0x28_frames=0
rr_source_0x28_values=0
rr_source_0x28_used_frames=0
rr_source_0x28_used_values=0
standard_2a37_frames=46
standard_2a37_rr_frames=30
standard_2a37_rr_values=40
last_standard_2a37_payload=0056
last_standard_2a37_hr=86
last_standard_2a37_rrnum=0
last_standard_2a37_rr_ms=
last_rr_quality_source=mixed
realtime_frames=0
realtime_rr_frames=0
realtime_rr_zero_frames=0
realtime_malformed_frames=0
realtime_truncated_rr_frames=0
realtime_restarts=0
realtime_reasserts=0
auto_capture_starts=0
auto_capture_stops=0
capture_aborts=0
capture_quality_resets=0
auto_capture_exhausted=0
last_realtime_hr=
last_realtime_rrnum=
last_realtime_rr_bytes=
last_realtime_payload_tail=
realtime_rr_fraction=
realtime_rr_percent=
realtime_zero_rr_tail_nonzero_frames=0
realtime_zero_rr_tail_valid_candidate_frames=0
last_rr_values=664
last_rr_implied_bpm=90
hrv_max_rr_gap_s=0.0
last_hrv_max_rr_gap_s=
first_realtime_elapsed_s=
first_rr_elapsed_s=8.2
rr_start_delay_s=
last_rr_elapsed_s=29.7
max_rr_log_gap_s=3.8
cmd_response_count=1
cmd_response_last_seq=126
cmd_response_last_cmd=0x03
cmd_response_last_status=0002000000
cmd_response_statuses=seq=126:cmd=0x03:status=0002000000
history_clock_set_responses=0
history_clock_get_responses=0
history_clock_last_drift_s=
history_clock_last_stale=
frame_61080003_count=1
frame_61080004_count=1
frame_61080005_count=0
frame_61080007_count=0
frame_61080004_types=0x30:1
frame_61080005_types=
frame_61080007_types=
metadata_0x31_frames=0
metadata_0x31_lengths=
metadata_0x31_body_hashes=
historical_2f_frames=0
historical_data_rows=0
historical_archive_rows=0
historical_archive_metric_usable=
historical_archive_current_usable=
historical_2f_candidate_rr_values=0
historical_2f_first_prefix=
historical_2f_last_prefix=
sensor_research_probe_rows=0
sensor_research_probe_spo2_candidate_frames=
sensor_research_probe_skin_temp_candidate_frames=
sensor_research_probe_last_model_generation=
sensor_research_probe_last_model_evidence=
model_gate_rows=1
model_gate_assume_4_class_rows=1
model_gate_metadata_explicit_rows=0
model_gate_last_status=assume_4_class
model_gate_last_model=
model_gate_last_reason=proprietary_service
model_gate_last_evidence=
sleep_motion_hint_count=0
sleep_motion_hint_kinds=
segment_0_label=initial
segment_0_raw=03
segment_0_frames=0
segment_0_rr_frames=0
segment_0_zero_frames=0
segment_0_rr_values=0
segment_0_rr_fraction=0.000
segment_0_rr_percent=0.0
segment_0_cmd_status=seq=126:cmd=0x03:status=0002000000
segment_0_frame_61080003_count=1
segment_0_frame_61080004_count=1
segment_0_frame_61080005_count=0
segment_0_frame_61080007_count=0
segment_0_frame_61080004_types=0x30:1
segment_0_frame_61080005_types=
segment_0_frame_61080007_types=
segment_0_historical_2f_frames=0
segment_0_historical_data_rows=0
segment_0_historical_archive_rows=0
segment_0_historical_2f_candidate_rr_values=0
segment_0_historical_2f_first_prefix=
segment_0_historical_2f_last_prefix=
segment_0_sleep_motion_hint_count=0
segment_0_sleep_motion_hint_kinds=
ATRIADBG_LINES=319
ATRIADBG_LOG=logs/20260703-large-archive-sidecar-bounded-smoke.log
ATRIADBG_SUMMARY_END
HARNESS_LEAVE_RUNNING_ARGS=xcrun devicectl device process launch --device 3803F5B6-1666-56D3-A71A-62F131F6CE3B --terminate-existing com.adidshaft.atria
Launched application with com.adidshaft.atria bundle identifier.
HARNESS_LEAVE_RUNNING status=launched mode=normal_end_user
