App installed:
• bundleID: com.adidshaft.atria
• installationURL: file:///private/var/containers/Bundle/Application/D291C76D-8348-4BFD-B18D-42657147F5CB/Atria.app/
• launchServicesIdentifier: unknown
• databaseUUID: 80179514-55C1-48AA-8DCA-BE1C81EA7F24
• databaseSequenceNumber: 10240
• options: 
HARNESS_LAUNCH_ARGS=xcrun devicectl device process launch --device 3803F5B6-1666-56D3-A71A-62F131F6CE3B --terminate-existing --console com.adidshaft.atria --atria-log-ble-frames
Launched application with com.adidshaft.atria bundle identifier.
Waiting for the application to terminate…
2026-07-05 10:53:38.862 Atria[10607:1686885] ATRIADBG ble_restore peripherals=1
2026-07-05 10:53:38.890 Atria[10607:1686878] ATRIADBG sleep_confirmed_migration status=updated records=1 reason=legacy_missing_stage_segments
2026-07-05 10:53:38.890 Atria[10607:1686878] ATRIADBG max_hr_suggestion_rollup status=none reason=session_cache observed_peak=0 current_max_hr=189
2026-07-05 10:53:38.891 Atria[10607:1686878] ATRIADBG max_hr_suggestion_rollup status=none reason=init observed_peak=0 current_max_hr=189
2026-07-05 10:53:39.004 Atria[10607:1686878] -canOpenURL: failed for URL: "whoop://" - error: "The operation couldn’t be completed. (OSStatus error -10814.)"
2026-07-05 10:53:39.070 Atria[10607:1686878] ATRIADBG notification_battery_drain_cycle status=cleared reason=above_threshold had_cycle=0
2026-07-05 10:53:39.070 Atria[10607:1686878] ATRIADBG notification_battery_decision level=62 source=live_2A19 age_s=0 usable=1 threshold=25 charge=levelOnly drop_recent=1
2026-07-05 10:53:39.071 Atria[10607:1686878] ATRIADBG notification_battery_maintenance status=evaluated reason=coexistence_risk
2026-07-05 10:53:39.071 Atria[10607:1686878] ATRIADBG connection_diagnosis status=pending reason=coexistence_risk title=Strap disconnected delay_s=15
2026-07-05 10:53:39.071 Atria[10607:1686878] ATRIADBG notification_battery_drain_cycle status=cleared reason=above_threshold had_cycle=0
2026-07-05 10:53:39.071 Atria[10607:1686878] ATRIADBG notification_battery_decision level=62 source=live_2A19 age_s=0 usable=1 threshold=25 charge=levelOnly drop_recent=1
2026-07-05 10:53:39.071 Atria[10607:1686878] ATRIADBG notification_battery_maintenance status=evaluated reason=connection_trigger
2026-07-05 10:53:39.073 Atria[10607:1686878] ATRIADBG scene_phase phase=appear reason=content_on_appear
2026-07-05 10:53:39.073 Atria[10607:1686878] ATRIADBG launch_timing event=on_appear elapsed_ms=252 scene=inactive
2026-07-05 10:53:39.096 Atria[10607:1686878] ATRIADBG notification_battery_drain_cycle status=cleared reason=above_threshold had_cycle=0
2026-07-05 10:53:39.096 Atria[10607:1686878] ATRIADBG notification_battery_decision level=62 source=live_2A19 age_s=0 usable=1 threshold=25 charge=levelOnly drop_recent=1
2026-07-05 10:53:39.096 Atria[10607:1686878] ATRIADBG notification_battery_maintenance status=evaluated reason=coexistence_risk
2026-07-05 10:53:39.140 Atria[10607:1686878] ATRIADBG ble_restore status=reuse_restored reason=standard_hr_only peripherals=1
2026-07-05 10:53:39.140 Atria[10607:1686878] ATRIADBG status_derived to=connected reason=event central=5 peripheral=2 saved=1 scanning=0
2026-07-05 10:53:39.140 Atria[10607:1686878] ATRIADBG ble_restore status=connected name=ADIDSHAFT'S WHO
2026-07-05 10:53:39.140 Atria[10607:1686878] ATRIADBG historical_archive_status reason=session_store_init exists=1 parse_ok=1 rows=1 metric_usable=1 current_usable=0 metric_ready=0 fail_closed=1 status=Checking gate=Checking detail=Archive index is rebuilding safely
2026-07-05 10:53:39.141 Atria[10607:1686878] ATRIADBG workout_review_candidate status=deferred source=home_appear reason=store_not_loaded rest_hr=56 max_hr=189
2026-07-05 10:53:39.145 Atria[10607:1686878] ATRIADBG hr_broadcast status=waiting state=0
2026-07-05 10:53:39.145 Atria[10607:1686878] ATRIADBG hr_broadcast_ui enabled=1 persistent=1 workout=0 active=0 reason=home_appear
2026-07-05 10:53:39.148 Atria[10607:1686878] ATRIADBG notification_battery_drain_cycle status=cleared reason=above_threshold had_cycle=0
2026-07-05 10:53:39.148 Atria[10607:1686878] ATRIADBG notification_battery_decision level=62 source=live_2A19 age_s=0 usable=1 threshold=25 charge=levelOnly drop_recent=1
2026-07-05 10:53:39.148 Atria[10607:1686878] ATRIADBG notification_battery_maintenance status=evaluated reason=home_appear
2026-07-05 10:53:39.148 Atria[10607:1686878] ATRIADBG home_launch_timing event=primary_ready elapsed_ms=6 status=disconnected tab=overview
2026-07-05 10:53:39.149 Atria[10607:1686878] ATRIADBG notification_battery_drain_cycle status=cleared reason=above_threshold had_cycle=0
2026-07-05 10:53:39.149 Atria[10607:1686878] ATRIADBG notification_battery_decision level=62 source=live_2A19 age_s=0 usable=1 threshold=25 charge=levelOnly drop_recent=1
2026-07-05 10:53:39.149 Atria[10607:1686878] ATRIADBG notification_battery_maintenance status=evaluated reason=connection_trigger
2026-07-05 10:53:39.149 Atria[10607:1686878] ATRIADBG workout_review_candidate status=deferred source=dashboard_revision reason=store_not_loaded rest_hr=56 max_hr=189
2026-07-05 10:53:39.150 Atria[10607:1686878] ATRIADBG widget_snapshot status=ok reason=dashboard_revision schema=4 recovery=45 confidence=unverified hrv=learning strain=0.0 rhr=56 max_hr=189 battery=62 charge=levelOnly bytes=619 storage=app_group_userdefaults app_group=1 widget_target=1 complication_target=1
2026-07-05 10:53:39.150 Atria[10607:1686878] ATRIADBG widget_readiness status=ready storage=app_group_userdefaults app_group=1 widget_target=1 complication_target=1 action=verify_widget_on_device
2026-07-05 10:53:39.154 Atria[10607:1686878] ATRIADBG body_eval view=AtriaTodayScreen count=1
2026-07-05 10:53:39.158 Atria[10607:1686878] ATRIADBG body_eval view=AtriaTodayHeroShrink count=1
2026-07-05 10:53:39.170 Atria[10607:1686878] ATRIADBG body_eval view=AtriaTodayGlanceTile count=1
2026-07-05 10:53:39.191 Atria[10607:1686878] ATRIADBG scene_phase phase=active reason=ui_did_become_active
2026-07-05 10:53:39.209 Atria[10607:1686878] ATRIADBG active_session_journal status=restored reason=scene_active_foreground samples=1710 rr_values=1217 duration_s=2082 age_s=12 label=Long wear
2026-07-05 10:53:39.214 Atria[10607:1686878] ATRIADBG foreground_keepalive armed=1 reason=scene_active_restart silence_timeout_s=75 check_interval_s=20
2026-07-05 10:53:39.219 Atria[10607:1686878] ATRIADBG active_session_journal status=restore_skipped reason=live_session_active samples=1710
2026-07-05 10:53:39.220 Atria[10607:1686878] ATRIADBG long_wear_supervisor schedule base_tick_s=3.0 checkpoint_s=60.0 diagnostic_s=15.0 auto_save_s=15.0 no_data_timeout_s=75.0 hr_continuity_timeout_s=6.0 rr_presence_timeout_s=90.0 accepted_hr_timeout_s=45.0 label=Long wear
2026-07-05 10:53:39.223 Atria[10607:1686878] ATRIADBG foreground_keepalive armed=1 reason=scene_active_foreground_restart silence_timeout_s=75 check_interval_s=20
2026-07-05 10:53:39.228 Atria[10607:1686878] ATRIADBG long_wear_mode enabled=1 reason=scene_active_foreground radio_mode=standard_hr_only supervisor=1 collection_profile=balanced cadence_multiplier=1.00 stale_timeout_multiplier=1.00 checkpoint_interval_s=60 live_workout_interval_s=15 workout_autosave_interval_s=15 no_data_timeout_s=75 no_data_check_interval_s=15 hr_continuity_timeout_s=6 supervisor_base_tick_s=3 accepted_hr_timeout_s=45 disconnect_reconnect_policy=staged_read_reassert_then_fresh_scan label=Long wear rest_hr=56 max_hr=189
2026-07-05 10:53:39.228 Atria[10607:1686878] ATRIADBG ble_notify_reassert status=discover_services reason=scene_active source=foreground_return action=keep_connection
2026-07-05 10:53:39.228 Atria[10607:1686878] ATRIADBG radio_mode mode=standard_hr_only persist=0 reconnect=0 reason=scene_active_interactive action=preserve_rr_sleep_window window=21_11
2026-07-05 10:53:39.228 Atria[10607:1686878] ATRIADBG ble_notify_reassert status=discover_services reason=scene_active_interactive_rr_sleep_window source=foreground_return action=keep_connection
2026-07-05 10:53:39.228 Atria[10607:1686878] ATRIADBG model_gate status=assume_4_class reason=proprietary_service service=61080001-8D6D-82B8-614A-1C8CB0F8DCC6
2026-07-05 10:53:39.229 Atria[10607:1686878] ATRIADBG radio_low_traffic status=learning mode=standard_hr_only custom_notify_skipped=52 custom_notify_enabled=20 tx_skipped=14 realtime_start_skipped=0 reason=standard_hr_only
2026-07-05 10:53:39.230 Atria[10607:1686878] ATRIADBG radio_low_traffic status=learning mode=standard_hr_only custom_notify_skipped=53 custom_notify_enabled=20 tx_skipped=14 realtime_start_skipped=0 reason=standard_hr_only
2026-07-05 10:53:39.230 Atria[10607:1686878] ATRIADBG radio_low_traffic status=learning mode=standard_hr_only custom_notify_skipped=54 custom_notify_enabled=20 tx_skipped=14 realtime_start_skipped=0 reason=standard_hr_only
2026-07-05 10:53:39.231 Atria[10607:1686878] ATRIADBG radio_low_traffic status=learning mode=standard_hr_only custom_notify_skipped=55 custom_notify_enabled=20 tx_skipped=14 realtime_start_skipped=0 reason=standard_hr_only
2026-07-05 10:53:39.231 Atria[10607:1686878] ATRIADBG radio_low_traffic status=learning mode=standard_hr_only custom_notify_skipped=56 custom_notify_enabled=20 tx_skipped=14 realtime_start_skipped=0 reason=standard_hr_only
2026-07-05 10:53:39.231 Atria[10607:1686878] ATRIADBG radio_low_traffic status=learning mode=standard_hr_only custom_notify_skipped=56 custom_notify_enabled=20 tx_skipped=15 realtime_start_skipped=0 reason=standard_hr_only
2026-07-05 10:53:39.232 Atria[10607:1686878] ATRIADBG radio_low_traffic status=learning mode=standard_hr_only custom_notify_skipped=57 custom_notify_enabled=20 tx_skipped=15 realtime_start_skipped=0 reason=standard_hr_only
2026-07-05 10:53:39.232 Atria[10607:1686878] ATRIADBG radio_low_traffic status=learning mode=standard_hr_only custom_notify_skipped=58 custom_notify_enabled=20 tx_skipped=15 realtime_start_skipped=0 reason=standard_hr_only
2026-07-05 10:53:39.233 Atria[10607:1686878] ATRIADBG radio_low_traffic status=learning mode=standard_hr_only custom_notify_skipped=59 custom_notify_enabled=20 tx_skipped=15 realtime_start_skipped=0 reason=standard_hr_only
2026-07-05 10:53:39.233 Atria[10607:1686878] ATRIADBG radio_low_traffic status=learning mode=standard_hr_only custom_notify_skipped=60 custom_notify_enabled=20 tx_skipped=15 realtime_start_skipped=0 reason=standard_hr_only
2026-07-05 10:53:39.236 Atria[10607:1686878] ATRIADBG scene_phase phase=active reason=fast_launch_active
2026-07-05 10:53:39.236 Atria[10607:1686878] ATRIADBG launch_timing event=fast_launch_begin elapsed_ms=415 scene=inactive
2026-07-05 10:53:39.236 Atria[10607:1686878] ATRIADBG active_session_journal status=restore_skipped reason=live_session_active samples=1710
2026-07-05 10:53:39.239 Atria[10607:1686878] ATRIADBG foreground_keepalive armed=1 reason=scene_active_restart silence_timeout_s=75 check_interval_s=20
2026-07-05 10:53:39.243 Atria[10607:1686878] ATRIADBG active_session_journal status=restore_skipped reason=live_session_active samples=1710
2026-07-05 10:53:39.243 Atria[10607:1686878] ATRIADBG long_wear_supervisor schedule base_tick_s=3.0 checkpoint_s=60.0 diagnostic_s=15.0 auto_save_s=15.0 no_data_timeout_s=75.0 hr_continuity_timeout_s=6.0 rr_presence_timeout_s=90.0 accepted_hr_timeout_s=45.0 label=Long wear
2026-07-05 10:53:39.246 Atria[10607:1686878] ATRIADBG foreground_keepalive armed=1 reason=scene_active_foreground_restart silence_timeout_s=75 check_interval_s=20
2026-07-05 10:53:39.249 Atria[10607:1686878] ATRIADBG long_wear_mode enabled=1 reason=scene_active_foreground radio_mode=standard_hr_only supervisor=1 collection_profile=balanced cadence_multiplier=1.00 stale_timeout_multiplier=1.00 checkpoint_interval_s=60 live_workout_interval_s=15 workout_autosave_interval_s=15 no_data_timeout_s=75 no_data_check_interval_s=15 hr_continuity_timeout_s=6 supervisor_base_tick_s=3 accepted_hr_timeout_s=45 disconnect_reconnect_policy=staged_read_reassert_then_fresh_scan label=Long wear rest_hr=56 max_hr=189
2026-07-05 10:53:39.249 Atria[10607:1686878] ATRIADBG ble_notify_reassert status=reset_requested reason=scene_active notifying_before=1 streak=1
2026-07-05 10:53:39.249 Atria[10607:1686878] ATRIADBG ble_notify_reassert status=requested reason=scene_active source=foreground_return action=keep_connection
2026-07-05 10:53:39.249 Atria[10607:1686878] ATRIADBG radio_mode mode=standard_hr_only persist=0 reconnect=0 reason=scene_active_interactive action=preserve_rr_sleep_window window=21_11
2026-07-05 10:53:39.249 Atria[10607:1686878] ATRIADBG ble_notify_reassert status=reset_paced reason=scene_active_interactive_rr_sleep_window since_last_s=0
2026-07-05 10:53:39.249 Atria[10607:1686878] ATRIADBG ble_notify_reassert status=requested reason=scene_active_interactive_rr_sleep_window source=foreground_return action=keep_connection
2026-07-05 10:53:40.257 Atria[10607:1686885] ATRIADBG session_store_load cold_sessions=0 cold_bytes=2
2026-07-05 10:53:41.784 Atria[10607:1686885] ATRIADBG session_store_save status=ok op=prune_short_long_wear_fragments sessions=156 bytes=14511295
2026-07-05 10:53:44.179 Atria[10607:1686912] ATRIADBG notifyState ch=2A19 notifying=1 err=nil
2026-07-05 10:53:49.955 Atria[10607:1686878] ATRIADBG max_hr_suggestion_rollup status=none reason=session_cache observed_peak=0 current_max_hr=189
2026-07-05 10:53:49.955 Atria[10607:1686878] ATRIADBG session_store_reconcile status=merged reason=fast_launch sessions=169
2026-07-05 10:53:49.956 Atria[10607:1686878] ATRIADBG launch_timing event=fast_launch_complete elapsed_ms=11135 scene=inactive
2026-07-05 10:53:51.164 Atria[10607:1686916] ATRIADBG notifyState ch=2A19 notifying=1 err=nil
2026-07-05 10:53:51.229 Atria[10607:1686899] ATRIADBG session_store_save status=ok op=session_reconcile_fast_launch sessions=169 bytes=14616671
2026-07-05 10:53:55.151 Atria[10607:1686899] ATRIADBG notifyState ch=2A37 notifying=1 err=nil
2026-07-05 10:53:56.150 Atria[10607:1686921] ATRIADBG notifyState ch=2A37 notifying=1 err=nil
2026-07-05 10:53:57.147 Atria[10607:1686921] ATRIADBG notifyState ch=2A37 notifying=0 err=nil
2026-07-05 10:53:59.142 Atria[10607:1686899] ATRIADBG notifyState ch=2A37 notifying=1 err=nil
2026-07-05 10:54:00.595 Atria[10607:1686878] ATRIADBG max_hr_suggestion_rollup status=none reason=session_upsert observed_peak=0 current_max_hr=189
2026-07-05 10:54:00.628 Atria[10607:1686878] ATRIADBG session_checkpoint status=saved samples=1711 rr_samples=1217 hr_raw_2a37=1711 hr_accepted=1711 hr_zero=0 hr_artifact_held=0 hr_artifact_dropped=0 hr_raw_gaps=1 hr_accepted_gaps=1 hr_max_raw_gap_s=419.0 hr_max_accepted_gap_s=419.0 duration_s=2094 avg_hr=60 peak_hr=116 hrv=learning label=Long wear mode=upsert source=ble_event app_state=active foreground_interactive=1 interval_s=150
2026-07-05 10:54:03.132 Atria[10607:1686921] ATRIADBG notifyState ch=2A19 notifying=1 err=nil
2026-07-05 10:54:04.075 Atria[10607:1687298] ATRIADBG session_store_save status=ok op=checkpoint sessions=169 bytes=14619624
2026-07-05 10:54:09.116 Atria[10607:1686921] ATRIADBG notifyState ch=2A19 notifying=1 err=nil
2026-07-05 10:54:19.414 Atria[10607:1686878] ATRIADBG widget_snapshot status=ok reason=scene_active schema=4 recovery=46 confidence=unverified hrv=personal_baseline strain=10.1 rhr=56 max_hr=189 battery=62 charge=levelOnly bytes=675 storage=app_group_userdefaults app_group=1 widget_target=1 complication_target=1
2026-07-05 10:54:19.414 Atria[10607:1686878] ATRIADBG widget_readiness status=ready storage=app_group_userdefaults app_group=1 widget_target=1 complication_target=1 action=verify_widget_on_device
2026-07-05 10:54:19.414 Atria[10607:1686878] -canOpenURL: failed for URL: "whoop://" - error: "The operation couldn’t be completed. (OSStatus error -10814.)"
2026-07-05 10:54:19.417 Atria[10607:1686878] ATRIADBG scene_phase phase=active reason=scene_active
2026-07-05 10:54:19.417 Atria[10607:1686878] ATRIADBG active_session_journal status=restore_skipped reason=live_session_active samples=1711
2026-07-05 10:54:19.420 Atria[10607:1686878] ATRIADBG foreground_keepalive armed=1 reason=scene_active_restart silence_timeout_s=75 check_interval_s=20
2026-07-05 10:54:19.425 Atria[10607:1686878] ATRIADBG active_session_journal status=restore_skipped reason=live_session_active samples=1711
2026-07-05 10:54:19.426 Atria[10607:1686878] ATRIADBG long_wear_supervisor schedule base_tick_s=3.0 checkpoint_s=60.0 diagnostic_s=15.0 auto_save_s=15.0 no_data_timeout_s=75.0 hr_continuity_timeout_s=6.0 rr_presence_timeout_s=90.0 accepted_hr_timeout_s=45.0 label=Long wear
2026-07-05 10:54:19.429 Atria[10607:1686878] ATRIADBG foreground_keepalive armed=1 reason=scene_active_foreground_restart silence_timeout_s=75 check_interval_s=20
2026-07-05 10:54:19.434 Atria[10607:1686878] ATRIADBG long_wear_mode enabled=1 reason=scene_active_foreground radio_mode=standard_hr_only supervisor=1 collection_profile=balanced cadence_multiplier=1.00 stale_timeout_multiplier=1.00 checkpoint_interval_s=60 live_workout_interval_s=15 workout_autosave_interval_s=15 no_data_timeout_s=75 no_data_check_interval_s=15 hr_continuity_timeout_s=6 supervisor_base_tick_s=3 accepted_hr_timeout_s=45 disconnect_reconnect_policy=staged_read_reassert_then_fresh_scan label=Long wear rest_hr=56 max_hr=189
2026-07-05 10:54:19.434 Atria[10607:1686878] ATRIADBG ble_notify_reassert status=reset_requested reason=scene_active notifying_before=1 streak=2
2026-07-05 10:54:19.434 Atria[10607:1686878] ATRIADBG ble_notify_reassert status=requested reason=scene_active source=foreground_return action=keep_connection
2026-07-05 10:54:19.434 Atria[10607:1686878] ATRIADBG radio_mode mode=standard_hr_only persist=0 reconnect=0 reason=scene_active_interactive action=preserve_rr_sleep_window window=21_11
2026-07-05 10:54:19.434 Atria[10607:1686878] ATRIADBG ble_notify_reassert status=reset_paced reason=scene_active_interactive_rr_sleep_window since_last_s=0
2026-07-05 10:54:19.434 Atria[10607:1686878] ATRIADBG ble_notify_reassert status=requested reason=scene_active_interactive_rr_sleep_window source=foreground_return action=keep_connection
2026-07-05 10:54:19.636 Atria[10607:1686878] ATRIADBG daily_rollup_persist_summary entries=12 respiratory_rows=11 rr_session_candidates=56 sessions=169
2026-07-05 10:54:19.637 Atria[10607:1686878] ATRIADBG max_hr_suggestion_rollup status=none reason=daily_rollup observed_peak=0 current_max_hr=189
2026-07-05 10:54:19.637 Atria[10607:1686878] ATRIADBG morning_summary_skip reason=already_scheduled day=2026-07-05
2026-07-05 10:54:19.638 Atria[10607:1686878] ATRIADBG launch_timing event=deferred_launch_begin elapsed_ms=40817 scene=inactive
2026-07-05 10:54:19.640 Atria[10607:1687299] ATRIADBG daily_rollup_store_save status=ok rows=12 bytes=5711 path=daily-rollups.json
2026-07-05 10:54:19.642 Atria[10607:1687299] ATRIADBG daily_rollup_store_save status=ok rows=12 bytes=5711 path=daily-rollups.json
2026-07-05 10:54:19.642 Atria[10607:1686878] ATRIADBG ble_frame_logging enabled=1 reason=launch_arg
2026-07-05 10:54:19.642 Atria[10607:1686878] ATRIADBG launch_timing event=deferred_launch_complete elapsed_ms=40821 scene=inactive
2026-07-05 10:54:19.644 Atria[10607:1687299] ATRIADBG daily_rollup_store_save status=ok rows=12 bytes=5711 path=daily-rollups.json
2026-07-05 10:54:19.646 Atria[10607:1687299] ATRIADBG daily_rollup_store_save status=ok rows=12 bytes=5711 path=daily-rollups.json
2026-07-05 10:54:19.648 Atria[10607:1687299] ATRIADBG daily_rollup_store_save status=ok rows=12 bytes=5711 path=daily-rollups.json
2026-07-05 10:54:19.650 Atria[10607:1687299] ATRIADBG daily_rollup_store_save status=ok rows=12 bytes=5711 path=daily-rollups.json
2026-07-05 10:54:19.652 Atria[10607:1687299] ATRIADBG daily_rollup_store_save status=ok rows=12 bytes=5711 path=daily-rollups.json
2026-07-05 10:54:19.654 Atria[10607:1687299] ATRIADBG daily_rollup_store_save status=ok rows=12 bytes=5711 path=daily-rollups.json
2026-07-05 10:54:19.656 Atria[10607:1687299] ATRIADBG daily_rollup_store_save status=ok rows=12 bytes=5711 path=daily-rollups.json
2026-07-05 10:54:19.657 Atria[10607:1687299] ATRIADBG daily_rollup_store_save status=ok rows=12 bytes=5711 path=daily-rollups.json
2026-07-05 10:54:19.659 Atria[10607:1687299] ATRIADBG daily_rollup_store_save status=ok rows=12 bytes=5711 path=daily-rollups.json
2026-07-05 10:54:19.659 Atria[10607:1686878] ATRIADBG session_store_finish_checkpoint stage=before_rollup_refresh sessions=169 elapsed_ms=2902
2026-07-05 10:54:19.659 Atria[10607:1686878] ATRIADBG session_store_finish_checkpoint stage=pre_snapshot_rollup_persist sessions=169 metrics=12 elapsed_ms=2902
2026-07-05 10:54:19.661 Atria[10607:1687299] ATRIADBG daily_rollup_store_save status=ok rows=12 bytes=5712 path=daily-rollups.json
2026-07-05 10:54:19.859 Atria[10607:1686878] ATRIADBG daily_rollup_persist_summary entries=12 respiratory_rows=11 rr_session_candidates=56 sessions=169
2026-07-05 10:54:19.860 Atria[10607:1686878] ATRIADBG max_hr_suggestion_rollup status=none reason=daily_rollup observed_peak=0 current_max_hr=189
2026-07-05 10:54:19.860 Atria[10607:1686878] ATRIADBG morning_summary_skip reason=already_scheduled day=2026-07-05
2026-07-05 10:54:19.862 Atria[10607:1687299] ATRIADBG daily_rollup_store_save status=ok rows=12 bytes=5712 path=daily-rollups.json
2026-07-05 10:54:19.864 Atria[10607:1687299] ATRIADBG daily_rollup_store_save status=ok rows=12 bytes=5712 path=daily-rollups.json
2026-07-05 10:54:19.866 Atria[10607:1687299] ATRIADBG daily_rollup_store_save status=ok rows=12 bytes=5712 path=daily-rollups.json
2026-07-05 10:54:19.868 Atria[10607:1687299] ATRIADBG daily_rollup_store_save status=ok rows=12 bytes=5712 path=daily-rollups.json
2026-07-05 10:54:19.870 Atria[10607:1687299] ATRIADBG daily_rollup_store_save status=ok rows=12 bytes=5712 path=daily-rollups.json
2026-07-05 10:54:19.872 Atria[10607:1687299] ATRIADBG daily_rollup_store_save status=ok rows=12 bytes=5712 path=daily-rollups.json
2026-07-05 10:54:19.874 Atria[10607:1687299] ATRIADBG daily_rollup_store_save status=ok rows=12 bytes=5712 path=daily-rollups.json
2026-07-05 10:54:19.876 Atria[10607:1687299] ATRIADBG daily_rollup_store_save status=ok rows=12 bytes=5712 path=daily-rollups.json
2026-07-05 10:54:19.877 Atria[10607:1686878] ATRIADBG session_store_finish_checkpoint stage=after_rollup_refresh sessions=169 elapsed_ms=2902
2026-07-05 10:54:19.878 Atria[10607:1687299] ATRIADBG daily_rollup_store_save status=ok rows=12 bytes=5712 path=daily-rollups.json
2026-07-05 10:54:19.880 Atria[10607:1687299] ATRIADBG daily_rollup_store_save status=ok rows=12 bytes=5712 path=daily-rollups.json
2026-07-05 10:54:19.882 Atria[10607:1687299] ATRIADBG daily_rollup_store_save status=ok rows=12 bytes=5712 path=daily-rollups.json
2026-07-05 10:54:19.884 Atria[10607:1687299] ATRIADBG daily_rollup_store_save status=ok rows=12 bytes=5712 path=daily-rollups.json
2026-07-05 10:54:19.969 Atria[10607:1686878] ATRIADBG sleep_stage_backfill_record status=updated source=deferred_session_load sleep_source=manual_sleep samples=10874 segments=1 covered_s=28800 non_awake_s=0 sleep_s=28800
2026-07-05 10:54:19.984 Atria[10607:1686878] ATRIADBG duty_cycle sleep_window_start_min=1395 sleep_window_end_min=631 source=confirmed_sleeps n=5
2026-07-05 10:54:19.984 Atria[10607:1686878] ATRIADBG sleep_stage_backfill status=updated source=deferred_session_load records=1 total_segments=289 policy=hr_samples_labeled_estimate
2026-07-05 10:54:20.986 Atria[10607:1686921] ATRIADBG session_store_save status=ok op=deferred_load_merge sessions=169 bytes=14619624
2026-07-05 10:54:20.991 Atria[10607:1686921] ATRIADBG session_store_save status=ok op=deferred_load_merge_cold sessions=0 bytes=2
2026-07-05 10:54:20.994 Atria[10607:1686921] ATRIADBG daily_metric_history_save status=ok op=history_snapshot_refresh days=12 bytes=13242
2026-07-05 10:54:21.086 Atria[10607:1686921] ATRIADBG notifyState ch=2A37 notifying=0 err=nil
2026-07-05 10:54:23.082 Atria[10607:1687427] ATRIADBG notifyState ch=2A37 notifying=1 err=nil
2026-07-05 10:54:23.747 Atria[10607:1686878] ATRIADBG sleep_auto_confirm status=skipped reason=already_saved_or_overlapping source=deferred_session_load candidates=3
2026-07-05 10:54:26.031 Atria[10607:1686878] ATRIADBG session_store_load status=ok sessions=169 pruned_short_long_wear_fragments=13 baseline_rebuilt=0 elapsed_ms=2902
2026-07-05 10:54:26.036 Atria[10607:1686878] ATRIADBG notification_skip kind=strap_charge reason=not_low_or_charging level=62 charging=0
2026-07-05 10:54:26.036 Atria[10607:1686878] ATRIADBG battery level=62 source=2A19 bytes=3e persisted=1
2026-07-05 10:54:26.037 Atria[10607:1686878] ATRIADBG notification_skip kind=strap_charge reason=not_low_or_charging level=62 charging=0
2026-07-05 10:54:26.037 Atria[10607:1686878] ATRIADBG battery level=62 source=2A19 bytes=3e persisted=1
2026-07-05 10:54:26.038 Atria[10607:1686878] ATRIADBG radio_low_traffic status=ready mode=standard_hr_only custom_notify_skipped=0 custom_notify_enabled=0 tx_skipped=1 realtime_start_skipped=0 reason=standard_hr_only
2026-07-05 10:54:26.039 Atria[10607:1686878] ATRIADBG radio_low_traffic status=ready mode=standard_hr_only custom_notify_skipped=1 custom_notify_enabled=0 tx_skipped=1 realtime_start_skipped=0 reason=standard_hr_only
2026-07-05 10:54:26.039 Atria[10607:1686878] ATRIADBG radio_low_traffic status=ready mode=standard_hr_only custom_notify_skipped=2 custom_notify_enabled=0 tx_skipped=1 realtime_start_skipped=0 reason=standard_hr_only
2026-07-05 10:54:26.039 Atria[10607:1686878] ATRIADBG radio_low_traffic status=ready mode=standard_hr_only custom_notify_skipped=3 custom_notify_enabled=0 tx_skipped=1 realtime_start_skipped=0 reason=standard_hr_only
2026-07-05 10:54:26.040 Atria[10607:1686878] ATRIADBG radio_low_traffic status=ready mode=standard_hr_only custom_notify_skipped=4 custom_notify_enabled=0 tx_skipped=1 realtime_start_skipped=0 reason=standard_hr_only
2026-07-05 10:54:26.040 Atria[10607:1686878] ATRIADBG radio_low_traffic status=ready mode=standard_hr_only custom_notify_skipped=4 custom_notify_enabled=0 tx_skipped=2 realtime_start_skipped=0 reason=standard_hr_only
2026-07-05 10:54:26.041 Atria[10607:1686878] ATRIADBG radio_low_traffic status=ready mode=standard_hr_only custom_notify_skipped=5 custom_notify_enabled=0 tx_skipped=2 realtime_start_skipped=0 reason=standard_hr_only
2026-07-05 10:54:26.041 Atria[10607:1686878] ATRIADBG radio_low_traffic status=ready mode=standard_hr_only custom_notify_skipped=6 custom_notify_enabled=0 tx_skipped=2 realtime_start_skipped=0 reason=standard_hr_only
2026-07-05 10:54:26.041 Atria[10607:1686878] ATRIADBG radio_low_traffic status=ready mode=standard_hr_only custom_notify_skipped=7 custom_notify_enabled=0 tx_skipped=2 realtime_start_skipped=0 reason=standard_hr_only
2026-07-05 10:54:26.042 Atria[10607:1686878] ATRIADBG radio_low_traffic status=ready mode=standard_hr_only custom_notify_skipped=8 custom_notify_enabled=0 tx_skipped=2 realtime_start_skipped=0 reason=standard_hr_only
2026-07-05 10:54:26.042 Atria[10607:1686878] ATRIADBG standardHR payload=0074 hr=116 rrnum=0 truncated=0 rr_ms= suppressed_since_last=0
2026-07-05 10:54:26.042 Atria[10607:1686878] ATRIADBG standardHR payload=0075 hr=117 rrnum=0 truncated=0 rr_ms= suppressed_since_last=0
2026-07-05 10:54:26.042 Atria[10607:1686878] ATRIADBG standardHR payload=0076 hr=118 rrnum=0 truncated=0 rr_ms= suppressed_since_last=0
2026-07-05 10:54:26.042 Atria[10607:1686878] ATRIADBG standardHR payload=0075 hr=117 rrnum=0 truncated=0 rr_ms= suppressed_since_last=0
2026-07-05 10:54:26.042 Atria[10607:1686878] ATRIADBG standardHR payload=0076 hr=118 rrnum=0 truncated=0 rr_ms= suppressed_since_last=0
2026-07-05 10:54:26.042 Atria[10607:1686878] ATRIADBG standardHR payload=0075 hr=117 rrnum=0 truncated=0 rr_ms= suppressed_since_last=0
2026-07-05 10:54:26.042 Atria[10607:1686878] ATRIADBG active_session_journal status=saved reason=ble_event_checkpoint samples=1711 rr_values=1217 duration_s=2094 dirty=0 label=Long wear
2026-07-05 10:54:26.043 Atria[10607:1686878] ATRIADBG notification_skip kind=strap_charge reason=not_low_or_charging level=62 charging=0
2026-07-05 10:54:26.043 Atria[10607:1686878] ATRIADBG battery level=62 source=2A19 bytes=3e persisted=1
2026-07-05 10:54:26.045 Atria[10607:1686878] ATRIADBG notification_skip kind=strap_charge reason=not_low_or_charging level=62 charging=0
2026-07-05 10:54:26.045 Atria[10607:1686878] ATRIADBG battery level=62 source=2A19 bytes=3e persisted=1
2026-07-05 10:54:26.887 Atria[10607:1686878] ATRIADBG workout_review_candidate status=review_worthy source=dashboard_revision candidate_source=stitched_observed_chunks id=1782559000-1782574624-stitched_observed_chunks observed_s=12870 coverage=99 peak_over_rest=84 ready=0 strength_candidate=1 moderate_strength=1
2026-07-05 10:54:26.893 Atria[10607:1686878] ATRIADBG widget_snapshot status=ok reason=dashboard_revision schema=4 recovery=46 confidence=unverified hrv=personal_baseline strain=10.1 rhr=56 max_hr=189 battery=62 charge=levelOnly bytes=674 storage=app_group_userdefaults app_group=1 widget_target=1 complication_target=1
2026-07-05 10:54:26.893 Atria[10607:1686878] ATRIADBG widget_readiness status=ready storage=app_group_userdefaults app_group=1 widget_target=1 complication_target=1 action=verify_widget_on_device
2026-07-05 10:54:26.911 Atria[10607:1686878] ATRIADBG home_launch_timing event=secondary_ready elapsed_ms=47769 status=connected tab=overview
2026-07-05 10:54:26.918 Atria[10607:1686878] ATRIADBG notification_skip kind=health_deviation reason=no_two_day_deviation
2026-07-05 10:54:26.918 Atria[10607:1686878] ATRIADBG notification_skip kind=health_deviation reason=no_two_day_deviation
2026-07-05 10:54:26.918 Atria[10607:1686878] ATRIADBG session_backup_status_deferred status=digest_mismatch reason=deferred_session_load elapsed_ms=6088 sessions=169
2026-07-05 10:54:26.918 Atria[10607:1686878] ATRIADBG standardHR payload=0074 hr=116 rrnum=0 truncated=0 rr_ms= suppressed_since_last=0
2026-07-05 10:54:26.918 Atria[10607:1686878] ATRIADBG standardHR payload=0073 hr=115 rrnum=0 truncated=0 rr_ms= suppressed_since_last=0
2026-07-05 10:54:26.918 Atria[10607:1686878] ATRIADBG standardHR payload=0072 hr=114 rrnum=0 truncated=0 rr_ms= suppressed_since_last=0
2026-07-05 10:54:26.918 Atria[10607:1686878] ATRIADBG standardHR payload=0072 hr=114 rrnum=0 truncated=0 rr_ms= suppressed_since_last=0
2026-07-05 10:54:26.918 Atria[10607:1686878] ATRIADBG standardHR payload=0073 hr=115 rrnum=0 truncated=0 rr_ms= suppressed_since_last=0
2026-07-05 10:54:26.918 Atria[10607:1686878] ATRIADBG standardHR payload=0072 hr=114 rrnum=0 truncated=0 rr_ms= suppressed_since_last=0
2026-07-05 10:54:26.921 Atria[10607:1686878] ATRIADBG standardHR payload=0072 hr=114 rrnum=0 truncated=0 rr_ms= suppressed_since_last=0
2026-07-05 10:54:26.921 Atria[10607:1686878] ATRIADBG standardHR payload=0072 hr=114 rrnum=0 truncated=0 rr_ms= suppressed_since_last=0
2026-07-05 10:54:26.921 Atria[10607:1686878] ATRIADBG standardHR payload=0071 hr=113 rrnum=0 truncated=0 rr_ms= suppressed_since_last=0
2026-07-05 10:54:26.921 Atria[10607:1686878] ATRIADBG standardHR payload=0070 hr=112 rrnum=0 truncated=0 rr_ms= suppressed_since_last=0
2026-07-05 10:54:26.921 Atria[10607:1686878] ATRIADBG standardHR payload=006f hr=111 rrnum=0 truncated=0 rr_ms= suppressed_since_last=0
2026-07-05 10:54:26.921 Atria[10607:1686878] ATRIADBG standardHR payload=006f hr=111 rrnum=0 truncated=0 rr_ms= suppressed_since_last=0
2026-07-05 10:54:26.922 Atria[10607:1686878] ATRIADBG notification_battery_drain_cycle status=cleared reason=above_threshold had_cycle=0
2026-07-05 10:54:26.922 Atria[10607:1686878] ATRIADBG notification_battery_decision level=62 source=live_2A19 age_s=0 usable=1 threshold=25 charge=levelOnly drop_recent=1
2026-07-05 10:54:26.922 Atria[10607:1686878] ATRIADBG notification_battery_maintenance status=evaluated reason=connection_trigger
2026-07-05 10:54:26.922 Atria[10607:1686878] ATRIADBG connection_diagnosis status=pending reason=connection_trigger title=Fit check needed delay_s=15
2026-07-05 10:54:26.923 Atria[10607:1686878] ATRIADBG notification_battery_drain_cycle status=cleared reason=above_threshold had_cycle=0
2026-07-05 10:54:26.923 Atria[10607:1686878] ATRIADBG notification_battery_decision level=62 source=live_2A19 age_s=0 usable=1 threshold=25 charge=levelOnly drop_recent=1
2026-07-05 10:54:26.923 Atria[10607:1686878] ATRIADBG notification_battery_maintenance status=evaluated reason=connection_trigger
2026-07-05 10:54:26.923 Atria[10607:1686878] ATRIADBG connection_diagnosis status=hidden reason=connection_trigger action=clear
2026-07-05 10:54:26.924 Atria[10607:1686878] ATRIADBG notification_cancel kind=actionable_connection reason=diagnosis_cleared_connection_trigger identifiers=atria.battery.low,atria.bluetooth.off,atria.fitcheck.needed
2026-07-05 10:54:26.925 Atria[10607:1686878] ATRIADBG notification_battery_drain_cycle status=cleared reason=above_threshold had_cycle=0
2026-07-05 10:54:26.925 Atria[10607:1686878] ATRIADBG notification_battery_decision level=62 source=live_2A19 age_s=0 usable=1 threshold=25 charge=levelOnly drop_recent=1
2026-07-05 10:54:26.925 Atria[10607:1686878] ATRIADBG notification_battery_maintenance status=evaluated reason=timer
2026-07-05 10:54:26.930 Atria[10607:1686878] ATRIADBG widget_snapshot status=ok reason=live_throttled schema=4 recovery=46 confidence=unverified hrv=personal_baseline strain=10.1 rhr=56 max_hr=189 battery=62 charge=levelOnly bytes=675 storage=app_group_userdefaults app_group=1 widget_target=1 complication_target=1
2026-07-05 10:54:26.930 Atria[10607:1686878] ATRIADBG widget_readiness status=ready storage=app_group_userdefaults app_group=1 widget_target=1 complication_target=1 action=verify_widget_on_device
2026-07-05 10:54:26.931 Atria[10607:1686878] ATRIADBG hr_broadcast status=advertising name=Atria_HR
2026-07-05 10:54:26.931 Atria[10607:1686878] ATRIADBG standardHR payload=0071 hr=113 rrnum=0 truncated=0 rr_ms= suppressed_since_last=0
2026-07-05 10:54:26.931 Atria[10607:1686878] ATRIADBG standardHR payload=0073 hr=115 rrnum=0 truncated=0 rr_ms= suppressed_since_last=0
2026-07-05 10:54:26.931 Atria[10607:1686878] ATRIADBG standardHR payload=0073 hr=115 rrnum=0 truncated=0 rr_ms= suppressed_since_last=0
2026-07-05 10:54:26.931 Atria[10607:1686878] ATRIADBG standardHR payload=0073 hr=115 rrnum=0 truncated=0 rr_ms= suppressed_since_last=0
2026-07-05 10:54:26.931 Atria[10607:1686878] ATRIADBG standardHR payload=0074 hr=116 rrnum=0 truncated=0 rr_ms= suppressed_since_last=0
2026-07-05 10:54:26.931 Atria[10607:1686878] ATRIADBG standardHR payload=0074 hr=116 rrnum=0 truncated=0 rr_ms= suppressed_since_last=0
2026-07-05 10:54:26.932 Atria[10607:1686878] ATRIADBG standardHR payload=0072 hr=114 rrnum=0 truncated=0 rr_ms= suppressed_since_last=0
2026-07-05 10:54:26.932 Atria[10607:1686878] ATRIADBG standardHR payload=0070 hr=112 rrnum=0 truncated=0 rr_ms= suppressed_since_last=0
2026-07-05 10:54:26.932 Atria[10607:1686878] ATRIADBG standardHR payload=006e hr=110 rrnum=0 truncated=0 rr_ms= suppressed_since_last=0
2026-07-05 10:54:26.932 Atria[10607:1686878] ATRIADBG standardHR payload=006f hr=111 rrnum=0 truncated=0 rr_ms= suppressed_since_last=0
2026-07-05 10:54:26.932 Atria[10607:1686878] ATRIADBG standardHR payload=006f hr=111 rrnum=0 truncated=0 rr_ms= suppressed_since_last=0
2026-07-05 10:54:26.932 Atria[10607:1686878] ATRIADBG standardHR payload=006e hr=110 rrnum=0 truncated=0 rr_ms= suppressed_since_last=0
2026-07-05 10:54:26.941 Atria[10607:1686878] ATRIADBG standardHR payload=006e hr=110 rrnum=0 truncated=0 rr_ms= suppressed_since_last=0
2026-07-05 10:54:26.941 Atria[10607:1686878] ATRIADBG standardHR payload=006e hr=110 rrnum=0 truncated=0 rr_ms= suppressed_since_last=0
2026-07-05 10:54:26.941 Atria[10607:1686878] ATRIADBG standardHR payload=006f hr=111 rrnum=0 truncated=0 rr_ms= suppressed_since_last=0
2026-07-05 10:54:26.941 Atria[10607:1686878] ATRIADBG standardHR payload=0070 hr=112 rrnum=0 truncated=0 rr_ms= suppressed_since_last=0
2026-07-05 10:54:26.941 Atria[10607:1686878] ATRIADBG standardHR payload=0071 hr=113 rrnum=0 truncated=0 rr_ms= suppressed_since_last=0
2026-07-05 10:54:26.941 Atria[10607:1686878] ATRIADBG standardHR payload=0071 hr=113 rrnum=0 truncated=0 rr_ms= suppressed_since_last=0
2026-07-05 10:54:26.946 Atria[10607:1686878] ATRIADBG standardHR payload=0073 hr=115 rrnum=0 truncated=0 rr_ms= suppressed_since_last=0
2026-07-05 10:54:26.946 Atria[10607:1686878] ATRIADBG standardHR payload=0075 hr=117 rrnum=0 truncated=0 rr_ms= suppressed_since_last=0
2026-07-05 10:54:26.946 Atria[10607:1686878] ATRIADBG standardHR payload=0076 hr=118 rrnum=0 truncated=0 rr_ms= suppressed_since_last=0
2026-07-05 10:54:26.946 Atria[10607:1686878] ATRIADBG standardHR payload=0076 hr=118 rrnum=0 truncated=0 rr_ms= suppressed_since_last=0
2026-07-05 10:54:26.946 Atria[10607:1686878] ATRIADBG standardHR payload=0075 hr=117 rrnum=0 truncated=0 rr_ms= suppressed_since_last=0
2026-07-05 10:54:26.946 Atria[10607:1686878] ATRIADBG standardHR payload=0077 hr=119 rrnum=0 truncated=0 rr_ms= suppressed_since_last=0
2026-07-05 10:54:26.946 Atria[10607:1686878] ATRIADBG standardHR payload=0078 hr=120 rrnum=0 truncated=0 rr_ms= suppressed_since_last=0
2026-07-05 10:54:26.946 Atria[10607:1686878] ATRIADBG standardHR payload=0079 hr=121 rrnum=0 truncated=0 rr_ms= suppressed_since_last=0
2026-07-05 10:54:26.946 Atria[10607:1686878] ATRIADBG standardHR payload=007a hr=122 rrnum=0 truncated=0 rr_ms= suppressed_since_last=0
2026-07-05 10:54:27.072 Atria[10607:1687507] ATRIADBG notifyState ch=2A37 notifying=1 err=nil
2026-07-05 10:54:27.577 Atria[10607:1686878] ATRIADBG hr_broadcast status=sent bpm=120 rr=0
2026-07-05 10:54:28.427 Atria[10607:1686878] ATRIADBG haptic_alert kind=recovery_ready phone_side=1 strap_write=0
2026-07-05 10:54:29.069 Atria[10607:1687507] ATRIADBG notifyState ch=2A37 notifying=1 err=nil
2026-07-05 10:54:29.848 Atria[10607:1686878] ATRIADBG workout_review_candidate status=review_worthy source=dashboard_revision candidate_source=stitched_observed_chunks id=1782559000-1782574624-stitched_observed_chunks observed_s=12870 coverage=99 peak_over_rest=84 ready=0 strength_candidate=1 moderate_strength=1
2026-07-05 10:54:29.854 Atria[10607:1686878] ATRIADBG widget_snapshot status=ok reason=dashboard_revision schema=4 recovery=46 confidence=unverified hrv=personal_baseline strain=10.2 rhr=56 max_hr=189 battery=62 charge=levelOnly bytes=674 storage=app_group_userdefaults app_group=1 widget_target=1 complication_target=1
2026-07-05 10:54:29.854 Atria[10607:1686878] ATRIADBG widget_readiness status=ready storage=app_group_userdefaults app_group=1 widget_target=1 complication_target=1 action=verify_widget_on_device
2026-07-05 10:54:29.854 Atria[10607:1686878] ATRIADBG standardHR payload=007b hr=123 rrnum=0 truncated=0 rr_ms= suppressed_since_last=0
2026-07-05 10:54:29.868 Atria[10607:1686878] ATRIADBG standardHR payload=007c hr=124 rrnum=0 truncated=0 rr_ms= suppressed_since_last=0
2026-07-05 10:54:29.868 Atria[10607:1686878] ATRIADBG standardHR payload=007d hr=125 rrnum=0 truncated=0 rr_ms= suppressed_since_last=0
2026-07-05 10:54:29.868 Atria[10607:1686878] ATRIADBG standardHR payload=007b hr=123 rrnum=0 truncated=0 rr_ms= suppressed_since_last=0
2026-07-05 10:54:29.869 Atria[10607:1686878] ATRIADBG notification_battery_drain_cycle status=cleared reason=above_threshold had_cycle=0
2026-07-05 10:54:29.869 Atria[10607:1686878] ATRIADBG notification_battery_decision level=62 source=live_2A19 age_s=0 usable=1 threshold=25 charge=levelOnly drop_recent=1
2026-07-05 10:54:29.869 Atria[10607:1686878] ATRIADBG notification_battery_maintenance status=evaluated reason=timer
2026-07-05 10:54:30.067 Atria[10607:1686878] ATRIADBG standardHR payload=007c hr=124 rrnum=0 truncated=0 rr_ms= suppressed_since_last=0
2026-07-05 10:54:30.068 Atria[10607:1686878] ATRIADBG hr_broadcast status=sent bpm=124 rr=0
2026-07-05 10:54:31.062 Atria[10607:1686878] ATRIADBG standardHR payload=007c hr=124 rrnum=0 truncated=0 rr_ms= suppressed_since_last=0
2026-07-05 10:54:32.059 Atria[10607:1686878] ATRIADBG standardHR payload=007d hr=125 rrnum=0 truncated=0 rr_ms= suppressed_since_last=0
2026-07-05 10:54:33.057 Atria[10607:1686878] ATRIADBG standardHR payload=007d hr=125 rrnum=0 truncated=0 rr_ms= suppressed_since_last=0
2026-07-05 10:54:34.034 Atria[10607:1686878] ATRIADBG long_wear_supervisor thermal_analysis_deferral status=deferred mode=serious multiplier=2.5 low_power=0 thermal=serious samples=1764 label=Long wear
2026-07-05 10:54:34.054 Atria[10607:1686878] ATRIADBG standardHR payload=007d hr=125 rrnum=0 truncated=0 rr_ms= suppressed_since_last=0
2026-07-05 10:54:34.055 Atria[10607:1686878] ATRIADBG hr_broadcast status=sent bpm=125 rr=0
2026-07-05 10:54:34.058 Atria[10607:1686878] ATRIADBG notification_battery_drain_cycle status=cleared reason=above_threshold had_cycle=0
2026-07-05 10:54:34.058 Atria[10607:1686878] ATRIADBG notification_battery_decision level=62 source=live_2A19 age_s=0 usable=1 threshold=25 charge=levelOnly drop_recent=1
2026-07-05 10:54:34.058 Atria[10607:1686878] ATRIADBG notification_battery_maintenance status=evaluated reason=timer
2026-07-05 10:54:35.053 Atria[10607:1686878] ATRIADBG standardHR payload=007b hr=123 rrnum=0 truncated=0 rr_ms= suppressed_since_last=0
2026-07-05 10:54:36.049 Atria[10607:1686878] ATRIADBG standardHR payload=0079 hr=121 rrnum=0 truncated=0 rr_ms= suppressed_since_last=0
2026-07-05 10:54:37.047 Atria[10607:1686878] ATRIADBG standardHR payload=0077 hr=119 rrnum=0 truncated=0 rr_ms= suppressed_since_last=0
2026-07-05 10:54:38.044 Atria[10607:1686878] ATRIADBG standardHR payload=0075 hr=117 rrnum=0 truncated=0 rr_ms= suppressed_since_last=0
2026-07-05 10:54:38.046 Atria[10607:1686878] ATRIADBG hr_broadcast status=sent bpm=121 rr=0
HARNESS_CAPTURE_TIMEOUT seconds=60 launch_seen=1 action=stop_devicectl_console
App terminated due to signal 2.
ATRIADBG_SUMMARY_START
notify_61080005=False
realtime_start=False
cmd_response=False
frame_61080005=False
hrv_ready=False
capture_summary_ready=False
auto_capture_start=False
auto_capture_stop=False
gate_status_start=False
gate_status_complete=False
gate_readiness_complete=False
gate_status_deep_complete=False
healthkit_reference_audit_complete=False
healthkit_export_complete=False
healthkit_export_verify_complete=False
healthkit_export_authorization_pending_complete=False
healthkit_sleep_export_verify_complete=False
healthkit_sleep_export_deferred_complete=False
healthkit_reset_rebuild_complete=False
workout_confirm_complete=False
sleep_confirm_complete=False
post_healthkit_gate_status_complete=False
collection_health_complete=False
rr_reference_package_complete=False
hr_reference_package_complete=False
rr_reference_validation_complete=False
hr_reference_validation_complete=False
reference_inputs_clear_complete=False
workout_validation_complete=False
sleep_validation_complete=False
sleep_validation_fail_closed=False
backup_complete=False
backup_verify_complete=False
notification_schedule_complete=False
notification_delivery_complete=False
radio_low_traffic_complete=True
trend_summary_complete=False
trend_windows_complete=False
strain_validation_complete=False
widget_snapshot_complete=True
analytics_calibration_complete=False
analytics_calibration_status=
analytics_calibration_numeric_checks=
analytics_calibration_label_checks=
rr_frames=0
rr_values=0
rr_truncated_frames=0
rr_hr_mismatch_values=0
rr_source_2a37_frames=0
rr_source_2a37_values=0
rr_source_0x28_frames=0
rr_source_0x28_values=0
rr_source_0x28_used_frames=0
rr_source_0x28_used_values=0
standard_2a37_frames=58
standard_2a37_rr_frames=0
standard_2a37_rr_values=0
last_standard_2a37_payload=0075
last_standard_2a37_hr=117
last_standard_2a37_rrnum=0
last_standard_2a37_rr_ms=
last_rr_quality_source=
realtime_frames=0
realtime_rr_frames=0
realtime_rr_zero_frames=0
realtime_malformed_frames=0
realtime_truncated_rr_frames=0
realtime_restarts=0
realtime_reasserts=0
auto_capture_starts=0
auto_capture_stops=0
capture_aborts=0
capture_quality_resets=0
auto_capture_exhausted=0
last_realtime_hr=
last_realtime_rrnum=
last_realtime_rr_bytes=
last_realtime_payload_tail=
realtime_rr_fraction=
realtime_rr_percent=
realtime_zero_rr_tail_nonzero_frames=0
realtime_zero_rr_tail_valid_candidate_frames=0
last_rr_values=
last_rr_implied_bpm=
hrv_max_rr_gap_s=0.0
last_hrv_max_rr_gap_s=
first_realtime_elapsed_s=
first_rr_elapsed_s=
rr_start_delay_s=
last_rr_elapsed_s=
max_rr_log_gap_s=
cmd_response_count=0
cmd_response_last_seq=
cmd_response_last_cmd=
cmd_response_last_status=
cmd_response_statuses=
history_clock_set_responses=0
history_clock_get_responses=0
history_clock_last_drift_s=
history_clock_last_stale=
frame_61080003_count=0
frame_61080004_count=0
frame_61080005_count=0
frame_61080007_count=0
frame_61080004_types=
frame_61080005_types=
frame_61080007_types=
metadata_0x31_frames=0
metadata_0x31_lengths=
metadata_0x31_body_hashes=
historical_2f_frames=0
historical_data_rows=0
historical_archive_rows=0
historical_archive_metric_usable=
historical_archive_current_usable=
historical_2f_candidate_rr_values=0
historical_2f_first_prefix=
historical_2f_last_prefix=
sensor_research_probe_rows=0
sensor_research_probe_spo2_candidate_frames=
sensor_research_probe_skin_temp_candidate_frames=
sensor_research_probe_last_model_generation=
sensor_research_probe_last_model_evidence=
model_gate_rows=1
model_gate_assume_4_class_rows=1
model_gate_metadata_explicit_rows=0
model_gate_last_status=assume_4_class
model_gate_last_model=
model_gate_last_reason=proprietary_service
model_gate_last_evidence=
sleep_motion_hint_count=0
sleep_motion_hint_kinds=
ATRIADBG_LINES=263
ATRIADBG_SUMMARY_END
HARNESS_LEAVE_RUNNING_ARGS=xcrun devicectl device process launch --device 3803F5B6-1666-56D3-A71A-62F131F6CE3B --terminate-existing com.adidshaft.atria
Launched application with com.adidshaft.atria bundle identifier.
HARNESS_LEAVE_RUNNING status=launched mode=normal_end_user
