HARNESS_LAUNCH_ARGS=xcrun devicectl --log-output logs/20260705-product-quality-followups-iphone-install.log.devicectl.log device process launch --device 3803F5B6-1666-56D3-A71A-62F131F6CE3B --terminate-existing --console com.adidshaft.atria --atria-log-ble-frames
Launched application with com.adidshaft.atria bundle identifier.
Waiting for the application to terminate…
2026-07-05 16:17:50.681 Atria[13394:1910244] ATRIADBG capture_defaults status=enabled mode=protected_long_wear_default long_wear_default=1 standard_hr_only_default=1 offline_sync_default=1 reason=first_normal_launch explicit_mode_arg=0 checkpoint_interval_s=60 live_workout_interval_s=15 workout_autosave_interval_s=15 no_data_timeout_s=75 accepted_hr_timeout_s=45 hr_continuity_timeout_s=6 recovery_policy=staged_read_reassert_then_fresh_scan
2026-07-05 16:17:50.705 Atria[13394:1910244] ATRIADBG max_hr_suggestion_rollup status=none reason=session_cache observed_peak=0 current_max_hr=190
2026-07-05 16:17:50.705 Atria[13394:1910244] ATRIADBG max_hr_suggestion_rollup status=none reason=init observed_peak=0 current_max_hr=190
2026-07-05 16:17:50.722 Atria[13394:1910244] ATRIADBG session_store_load status=empty
2026-07-05 16:17:50.767 Atria[13394:1910244] -canOpenURL: failed for URL: "whoop://" - error: "The operation couldn’t be completed. (OSStatus error -10814.)"
2026-07-05 16:17:50.839 Atria[13394:1910244] ATRIADBG notification_battery_decision level=-1 source=learning age_s=-1 usable=0 threshold=25 charge=levelOnly drop_recent=0
2026-07-05 16:17:50.839 Atria[13394:1910244] ATRIADBG notification_battery_maintenance status=evaluated reason=coexistence_risk
2026-07-05 16:17:50.839 Atria[13394:1910244] ATRIADBG connection_diagnosis status=pending reason=coexistence_risk title=Strap disconnected delay_s=15
2026-07-05 16:17:50.839 Atria[13394:1910244] ATRIADBG notification_battery_decision level=-1 source=learning age_s=-1 usable=0 threshold=25 charge=levelOnly drop_recent=0
2026-07-05 16:17:50.839 Atria[13394:1910244] ATRIADBG notification_battery_maintenance status=evaluated reason=connection_trigger
2026-07-05 16:17:50.841 Atria[13394:1910244] ATRIADBG scene_phase phase=appear reason=content_on_appear
2026-07-05 16:17:50.841 Atria[13394:1910244] ATRIADBG launch_timing event=on_appear elapsed_ms=169 scene=inactive
2026-07-05 16:17:50.887 Atria[13394:1910244] ATRIADBG body_eval view=AtriaTodayScreen count=1
2026-07-05 16:17:50.890 Atria[13394:1910244] ATRIADBG weekly_plan_store_save status=ok isoYear=2026 isoWeek=27 targets=3
2026-07-05 16:17:50.896 Atria[13394:1910244] ATRIADBG body_eval view=AtriaTodayHeroShrink count=1
2026-07-05 16:17:50.940 Atria[13394:1910244] ATRIADBG body_eval view=AtriaTodayGlanceTile count=1
2026-07-05 16:17:51.006 Atria[13394:1910244] ATRIADBG historical_archive_status reason=session_store_init exists=0 parse_ok=1 rows=0 metric_usable=0 current_usable=0 metric_ready=0 fail_closed=0 status=None gate=Waiting detail=Waiting for reconnect
2026-07-05 16:17:51.006 Atria[13394:1910244] ATRIADBG daily_rollup_persist_summary entries=0 respiratory_rows=0 rr_session_candidates=0 sessions=0
2026-07-05 16:17:51.006 Atria[13394:1910244] ATRIADBG max_hr_suggestion_rollup status=none reason=daily_rollup observed_peak=0 current_max_hr=190
2026-07-05 16:17:51.006 Atria[13394:1910244] ATRIADBG morning_summary_skip reason=outside_window local_minutes=977
2026-07-05 16:17:51.006 Atria[13394:1910244] ATRIADBG workout_review_candidate status=none source=home_appear reason=no_candidate rest_hr=60 max_hr=190
2026-07-05 16:17:51.008 Atria[13394:1910244] ATRIADBG hr_broadcast status=stopped
2026-07-05 16:17:51.008 Atria[13394:1910244] ATRIADBG hr_broadcast_ui enabled=0 persistent=0 workout=0 active=0 reason=home_appear
2026-07-05 16:17:51.010 Atria[13394:1910244] ATRIADBG notification_battery_decision level=-1 source=learning age_s=-1 usable=0 threshold=25 charge=levelOnly drop_recent=0
2026-07-05 16:17:51.010 Atria[13394:1910244] ATRIADBG notification_battery_maintenance status=evaluated reason=home_appear
2026-07-05 16:17:51.010 Atria[13394:1910244] ATRIADBG home_launch_timing event=primary_ready elapsed_ms=3 status=disconnected tab=overview
2026-07-05 16:17:51.028 Atria[13394:1910244] ATRIADBG workout_review_candidate status=none source=dashboard_revision reason=no_candidate rest_hr=60 max_hr=190
2026-07-05 16:17:51.030 Atria[13394:1910244] ATRIADBG widget_snapshot status=ok reason=dashboard_revision schema=4 recovery=learning confidence=learning hrv=learning strain=0.0 rhr=learning max_hr=190 battery=learning charge=levelOnly bytes=636 storage=app_group_userdefaults app_group=1 widget_target=1 complication_target=1
2026-07-05 16:17:51.030 Atria[13394:1910244] ATRIADBG widget_readiness status=ready storage=app_group_userdefaults app_group=1 widget_target=1 complication_target=1 action=verify_widget_on_device
2026-07-05 16:17:51.038 Atria[13394:1910244] ATRIADBG notification_battery_decision level=-1 source=learning age_s=-1 usable=0 threshold=25 charge=levelOnly drop_recent=0
2026-07-05 16:17:51.038 Atria[13394:1910244] ATRIADBG notification_battery_maintenance status=evaluated reason=coexistence_risk
2026-07-05 16:17:51.081 Atria[13394:1910244] ATRIADBG scene_phase phase=active reason=ui_did_become_active
2026-07-05 16:17:51.081 Atria[13394:1910244] ATRIADBG ble_scan status=skipped reason=scene_active_resume central_state=0
2026-07-05 16:17:51.082 Atria[13394:1910244] ATRIADBG active_session_journal status=absent reason=scene_active_foreground
2026-07-05 16:17:51.085 Atria[13394:1910244] ATRIADBG foreground_keepalive armed=1 reason=scene_active_restart silence_timeout_s=75 check_interval_s=20
2026-07-05 16:17:51.087 Atria[13394:1910244] ATRIADBG foreground_keepalive status=missing_peripheral action=reconnect_known_strap saved=0
2026-07-05 16:17:51.087 Atria[13394:1910244] ATRIADBG ble_scan status=skipped reason=foreground_keepalive_missing_peripheral central_state=0
2026-07-05 16:17:51.088 Atria[13394:1910244] ATRIADBG active_session_journal status=absent reason=scene_active_foreground
2026-07-05 16:17:51.090 Atria[13394:1910244] ATRIADBG long_wear_supervisor schedule base_tick_s=3.0 checkpoint_s=60.0 diagnostic_s=15.0 auto_save_s=15.0 no_data_timeout_s=75.0 hr_continuity_timeout_s=6.0 rr_presence_timeout_s=90.0 accepted_hr_timeout_s=45.0 label=All-day wear
2026-07-05 16:17:51.095 Atria[13394:1910244] ATRIADBG foreground_keepalive armed=1 reason=scene_active_foreground_restart silence_timeout_s=75 check_interval_s=20
2026-07-05 16:17:51.097 Atria[13394:1910244] ATRIADBG foreground_keepalive status=missing_peripheral action=reconnect_known_strap saved=0
2026-07-05 16:17:51.097 Atria[13394:1910244] ATRIADBG ble_scan status=skipped reason=foreground_keepalive_missing_peripheral central_state=0
2026-07-05 16:17:51.097 Atria[13394:1910244] ATRIADBG long_wear_mode enabled=1 reason=scene_active_foreground radio_mode=standard_hr_only supervisor=1 collection_profile=balanced cadence_multiplier=1.00 stale_timeout_multiplier=1.00 checkpoint_interval_s=60 live_workout_interval_s=15 workout_autosave_interval_s=15 no_data_timeout_s=75 no_data_check_interval_s=15 hr_continuity_timeout_s=6 supervisor_base_tick_s=3 accepted_hr_timeout_s=45 disconnect_reconnect_policy=staged_read_reassert_then_fresh_scan label=All-day wear rest_hr=60 max_hr=190
2026-07-05 16:17:51.097 Atria[13394:1910244] ATRIADBG radio_mode mode=full_protocol persist=0 reconnect=0 reason=scene_active_interactive
2026-07-05 16:17:51.100 Atria[13394:1910244] ATRIADBG notification_skip kind=health_deviation reason=no_two_day_deviation
2026-07-05 16:17:51.103 Atria[13394:1910244] ATRIADBG scene_phase phase=active reason=fast_launch_active
2026-07-05 16:17:51.103 Atria[13394:1910244] ATRIADBG launch_timing event=fast_launch_begin elapsed_ms=431 scene=inactive
2026-07-05 16:17:51.103 Atria[13394:1910244] ATRIADBG ble_scan status=skipped reason=scene_active_resume central_state=0
2026-07-05 16:17:51.103 Atria[13394:1910244] ATRIADBG active_session_journal status=absent reason=scene_active_foreground
2026-07-05 16:17:51.110 Atria[13394:1910244] ATRIADBG foreground_keepalive armed=1 reason=scene_active_restart silence_timeout_s=75 check_interval_s=20
2026-07-05 16:17:51.112 Atria[13394:1910244] ATRIADBG foreground_keepalive status=missing_peripheral action=reconnect_known_strap saved=0
2026-07-05 16:17:51.112 Atria[13394:1910244] ATRIADBG ble_scan status=skipped reason=foreground_keepalive_missing_peripheral central_state=0
2026-07-05 16:17:51.113 Atria[13394:1910244] ATRIADBG active_session_journal status=absent reason=scene_active_foreground
2026-07-05 16:17:51.113 Atria[13394:1910244] ATRIADBG long_wear_supervisor schedule base_tick_s=3.0 checkpoint_s=60.0 diagnostic_s=15.0 auto_save_s=15.0 no_data_timeout_s=75.0 hr_continuity_timeout_s=6.0 rr_presence_timeout_s=90.0 accepted_hr_timeout_s=45.0 label=All-day wear
2026-07-05 16:17:51.117 Atria[13394:1910244] ATRIADBG foreground_keepalive armed=1 reason=scene_active_foreground_restart silence_timeout_s=75 check_interval_s=20
2026-07-05 16:17:51.121 Atria[13394:1910244] ATRIADBG foreground_keepalive status=missing_peripheral action=reconnect_known_strap saved=0
2026-07-05 16:17:51.121 Atria[13394:1910244] ATRIADBG ble_scan status=skipped reason=foreground_keepalive_missing_peripheral central_state=0
2026-07-05 16:17:51.121 Atria[13394:1910244] ATRIADBG long_wear_mode enabled=1 reason=scene_active_foreground radio_mode=full_protocol supervisor=1 collection_profile=balanced cadence_multiplier=1.00 stale_timeout_multiplier=1.00 checkpoint_interval_s=60 live_workout_interval_s=15 workout_autosave_interval_s=15 no_data_timeout_s=75 no_data_check_interval_s=15 hr_continuity_timeout_s=6 supervisor_base_tick_s=3 accepted_hr_timeout_s=45 disconnect_reconnect_policy=staged_read_reassert_then_fresh_scan label=All-day wear rest_hr=60 max_hr=190
2026-07-05 16:17:51.121 Atria[13394:1910244] ATRIADBG launch_timing event=fast_launch_complete elapsed_ms=450 scene=inactive
2026-07-05 16:17:51.143 Atria[13394:1910244] ATRIADBG notification_battery_decision level=-1 source=learning age_s=-1 usable=0 threshold=25 charge=levelOnly drop_recent=0
2026-07-05 16:17:51.143 Atria[13394:1910244] ATRIADBG notification_battery_maintenance status=evaluated reason=coexistence_risk
2026-07-05 16:17:51.143 Atria[13394:1910244] ATRIADBG widget_snapshot status=ok reason=scene_active schema=4 recovery=learning confidence=learning hrv=learning strain=0.0 rhr=learning max_hr=190 battery=learning charge=levelOnly bytes=636 storage=app_group_userdefaults app_group=1 widget_target=1 complication_target=1
2026-07-05 16:17:51.143 Atria[13394:1910244] ATRIADBG widget_readiness status=ready storage=app_group_userdefaults app_group=1 widget_target=1 complication_target=1 action=verify_widget_on_device
2026-07-05 16:17:51.143 Atria[13394:1910244] -canOpenURL: failed for URL: "whoop://" - error: "The operation couldn’t be completed. (OSStatus error -10814.)"
2026-07-05 16:17:51.144 Atria[13394:1910244] ATRIADBG sleep_auto_confirm status=skipped reason=no_strong_candidate source=scene_foreground candidates=0
2026-07-05 16:17:51.147 Atria[13394:1910244] ATRIADBG sleep_wake_boundary status=before_window_end reason=scene_foreground window_end_min=630 now_min=977 learned=0
2026-07-05 16:17:51.149 Atria[13394:1910244] ATRIADBG notification_skip kind=evening_checkin reason=journal_inactive
2026-07-05 16:17:51.151 Atria[13394:1910244] ATRIADBG scene_phase phase=active reason=scene_active
2026-07-05 16:17:51.151 Atria[13394:1910244] ATRIADBG ble_scan status=skipped reason=scene_active_resume central_state=0
2026-07-05 16:17:51.151 Atria[13394:1910244] ATRIADBG active_session_journal status=absent reason=scene_active_foreground
2026-07-05 16:17:51.154 Atria[13394:1910244] ATRIADBG foreground_keepalive armed=1 reason=scene_active_restart silence_timeout_s=75 check_interval_s=20
2026-07-05 16:17:51.155 Atria[13394:1910244] ATRIADBG foreground_keepalive status=missing_peripheral action=reconnect_known_strap saved=0
2026-07-05 16:17:51.155 Atria[13394:1910244] ATRIADBG ble_scan status=skipped reason=foreground_keepalive_missing_peripheral central_state=0
2026-07-05 16:17:51.155 Atria[13394:1910244] ATRIADBG active_session_journal status=absent reason=scene_active_foreground
2026-07-05 16:17:51.155 Atria[13394:1910244] ATRIADBG long_wear_supervisor schedule base_tick_s=3.0 checkpoint_s=60.0 diagnostic_s=15.0 auto_save_s=15.0 no_data_timeout_s=75.0 hr_continuity_timeout_s=6.0 rr_presence_timeout_s=90.0 accepted_hr_timeout_s=45.0 label=All-day wear
2026-07-05 16:17:51.158 Atria[13394:1910244] ATRIADBG foreground_keepalive armed=1 reason=scene_active_foreground_restart silence_timeout_s=75 check_interval_s=20
2026-07-05 16:17:51.159 Atria[13394:1910244] ATRIADBG foreground_keepalive status=missing_peripheral action=reconnect_known_strap saved=0
2026-07-05 16:17:51.159 Atria[13394:1910244] ATRIADBG ble_scan status=skipped reason=foreground_keepalive_missing_peripheral central_state=0
2026-07-05 16:17:51.159 Atria[13394:1910244] ATRIADBG long_wear_mode enabled=1 reason=scene_active_foreground radio_mode=full_protocol supervisor=1 collection_profile=balanced cadence_multiplier=1.00 stale_timeout_multiplier=1.00 checkpoint_interval_s=60 live_workout_interval_s=15 workout_autosave_interval_s=15 no_data_timeout_s=75 no_data_check_interval_s=15 hr_continuity_timeout_s=6 supervisor_base_tick_s=3 accepted_hr_timeout_s=45 disconnect_reconnect_policy=staged_read_reassert_then_fresh_scan label=All-day wear rest_hr=60 max_hr=190
2026-07-05 16:17:51.177 Atria[13394:1910244] ATRIADBG ble_scan status=skipped reason=home_appear central_state=0
2026-07-05 16:17:51.304 Atria[13394:1910244] ATRIADBG notification_battery_decision level=-1 source=learning age_s=-1 usable=0 threshold=25 charge=levelOnly drop_recent=0
2026-07-05 16:17:51.304 Atria[13394:1910244] ATRIADBG notification_battery_maintenance status=evaluated reason=coexistence_risk
2026-07-05 16:17:51.304 Atria[13394:1910244] ATRIADBG home_launch_timing event=secondary_ready elapsed_ms=297 status=disconnected tab=overview
2026-07-05 16:17:51.468 Atria[13394:1910244] ATRIADBG launch_timing event=deferred_launch_begin elapsed_ms=797 scene=inactive
2026-07-05 16:17:51.471 Atria[13394:1910244] ATRIADBG ble_frame_logging enabled=1 reason=launch_arg
2026-07-05 16:17:51.471 Atria[13394:1910244] ATRIADBG launch_timing event=deferred_launch_complete elapsed_ms=800 scene=inactive
2026-07-05 16:17:51.618 Atria[13394:1910244] ATRIADBG daily_rollup_persist_summary entries=0 respiratory_rows=0 rr_session_candidates=0 sessions=0
2026-07-05 16:17:51.618 Atria[13394:1910244] ATRIADBG max_hr_suggestion_rollup status=none reason=daily_rollup observed_peak=0 current_max_hr=190
2026-07-05 16:17:51.618 Atria[13394:1910244] ATRIADBG morning_summary_skip reason=outside_window local_minutes=977
2026-07-05 16:17:51.637 Atria[13394:1910244] ATRIADBG notification_skip kind=health_deviation reason=no_two_day_deviation
2026-07-05 16:17:53.260 Atria[13394:1910244] ATRIADBG widget_snapshot status=ok reason=scene_background schema=4 recovery=learning confidence=learning hrv=learning strain=0.0 rhr=learning max_hr=190 battery=learning charge=levelOnly bytes=636 storage=app_group_userdefaults app_group=1 widget_target=1 complication_target=1
2026-07-05 16:17:53.260 Atria[13394:1910244] ATRIADBG widget_readiness status=ready storage=app_group_userdefaults app_group=1 widget_target=1 complication_target=1 action=verify_widget_on_device
2026-07-05 16:17:53.262 Atria[13394:1910244] ATRIADBG scene_phase phase=inactive reason=scene_inactive
2026-07-05 16:17:53.269 Atria[13394:1910244] ATRIADBG lifecycle_realtime_flush status=ok reason=scene_inactive_checkpoint raw=0 accepted=0
2026-07-05 16:17:54.208 Atria[13394:1910244] ATRIADBG foreground_keepalive status=missing_peripheral action=reconnect_known_strap saved=0
2026-07-05 16:17:54.208 Atria[13394:1910244] ATRIADBG ble_scan status=skipped reason=foreground_keepalive_missing_peripheral central_state=0
2026-07-05 16:17:55.712 Atria[13394:1910267] ATRIADBG ble_link status=reconnect_known reason=powered_on_precheck action=no_saved_uuid saved_uuid=0
2026-07-05 16:17:55.712 Atria[13394:1910244] ATRIADBG notification_battery_decision level=-1 source=learning age_s=-1 usable=0 threshold=25 charge=levelOnly drop_recent=0
2026-07-05 16:17:55.712 Atria[13394:1910244] ATRIADBG notification_battery_maintenance status=evaluated reason=connection_trigger
2026-07-05 16:17:55.713 Atria[13394:1910244] ATRIADBG status_derived to=scanning reason=start_scan central=5 peripheral=-1 saved=0 scanning=1
2026-07-05 16:17:55.713 Atria[13394:1910244] ATRIADBG ble_scan status=started reason=foreground_keepalive_missing_peripheral standard_hr_only=0 retry=0 mode=filtered broad_allowed=1
2026-07-05 16:17:55.713 Atria[13394:1910244] ATRIADBG notification_battery_decision level=-1 source=learning age_s=-1 usable=0 threshold=25 charge=levelOnly drop_recent=0
2026-07-05 16:17:55.713 Atria[13394:1910244] ATRIADBG notification_battery_maintenance status=evaluated reason=connection_trigger
2026-07-05 16:17:55.753 Atria[13394:1910244] ATRIADBG ble_scan status=matched name=ADIDSHAFT'S WHO rssi=-55 services=1
2026-07-05 16:17:55.754 Atria[13394:1910244] ATRIADBG notification_battery_decision level=-1 source=learning age_s=-1 usable=0 threshold=25 charge=levelOnly drop_recent=0
2026-07-05 16:17:55.754 Atria[13394:1910244] ATRIADBG notification_battery_maintenance status=evaluated reason=connection_trigger
2026-07-05 16:17:55.754 Atria[13394:1910244] ATRIADBG connection_diagnosis status=pending reason=connection_trigger title=Looking for your strap delay_s=15
2026-07-05 16:17:55.754 Atria[13394:1910244] ATRIADBG status_derived to=disconnected reason=attach central=5 peripheral=0 saved=0 scanning=0
2026-07-05 16:17:55.755 Atria[13394:1910244] ATRIADBG ble_link status=connecting reason=fresh_scan_attach attempts=1 disconnects=0 failures=0 name=ADIDSHAFT'S WHO
2026-07-05 16:17:56.113 Atria[13394:1910244] ATRIADBG notification_battery_decision level=-1 source=learning age_s=-1 usable=0 threshold=25 charge=levelOnly drop_recent=0
2026-07-05 16:17:56.114 Atria[13394:1910244] ATRIADBG notification_battery_maintenance status=evaluated reason=connection_trigger
2026-07-05 16:17:56.133 Atria[13394:1910244] ATRIADBG scene_phase phase=active reason=ui_did_become_active
2026-07-05 16:17:56.133 Atria[13394:1910244] ATRIADBG status_derived to=connecting reason=scene_active_foreground_resume central=5 peripheral=1 saved=0 scanning=0
2026-07-05 16:17:56.134 Atria[13394:1910244] ATRIADBG active_session_journal status=absent reason=scene_active_foreground
2026-07-05 16:17:56.140 Atria[13394:1910244] ATRIADBG foreground_keepalive armed=1 reason=scene_active_restart silence_timeout_s=75 check_interval_s=20
2026-07-05 16:17:56.143 Atria[13394:1910244] ATRIADBG active_session_journal status=absent reason=scene_active_foreground
2026-07-05 16:17:56.145 Atria[13394:1910244] ATRIADBG long_wear_supervisor schedule base_tick_s=3.0 checkpoint_s=60.0 diagnostic_s=15.0 auto_save_s=15.0 no_data_timeout_s=75.0 hr_continuity_timeout_s=6.0 rr_presence_timeout_s=90.0 accepted_hr_timeout_s=45.0 label=All-day wear
2026-07-05 16:17:56.148 Atria[13394:1910244] ATRIADBG foreground_keepalive armed=1 reason=scene_active_foreground_restart silence_timeout_s=75 check_interval_s=20
2026-07-05 16:17:56.149 Atria[13394:1910244] ATRIADBG long_wear_mode enabled=1 reason=scene_active_foreground radio_mode=full_protocol supervisor=1 collection_profile=balanced cadence_multiplier=1.00 stale_timeout_multiplier=1.00 checkpoint_interval_s=60 live_workout_interval_s=15 workout_autosave_interval_s=15 no_data_timeout_s=75 no_data_check_interval_s=15 hr_continuity_timeout_s=6 supervisor_base_tick_s=3 accepted_hr_timeout_s=45 disconnect_reconnect_policy=staged_read_reassert_then_fresh_scan label=All-day wear rest_hr=60 max_hr=190
2026-07-05 16:17:56.166 Atria[13394:1910244] ATRIADBG widget_snapshot status=ok reason=scene_active schema=4 recovery=learning confidence=learning hrv=learning strain=0.0 rhr=learning max_hr=190 battery=learning charge=levelOnly bytes=636 storage=app_group_userdefaults app_group=1 widget_target=1 complication_target=1
2026-07-05 16:17:56.166 Atria[13394:1910244] ATRIADBG widget_readiness status=ready storage=app_group_userdefaults app_group=1 widget_target=1 complication_target=1 action=verify_widget_on_device
2026-07-05 16:17:56.167 Atria[13394:1910244] -canOpenURL: failed for URL: "whoop://" - error: "The operation couldn’t be completed. (OSStatus error -10814.)"
2026-07-05 16:17:56.168 Atria[13394:1910244] ATRIADBG notification_skip kind=evening_checkin reason=journal_inactive
2026-07-05 16:17:56.169 Atria[13394:1910244] ATRIADBG scene_phase phase=active reason=scene_active
2026-07-05 16:17:56.169 Atria[13394:1910244] ATRIADBG active_session_journal status=absent reason=scene_active_foreground
2026-07-05 16:17:56.171 Atria[13394:1910244] ATRIADBG foreground_keepalive armed=1 reason=scene_active_restart silence_timeout_s=75 check_interval_s=20
2026-07-05 16:17:56.172 Atria[13394:1910244] ATRIADBG active_session_journal status=absent reason=scene_active_foreground
2026-07-05 16:17:56.173 Atria[13394:1910244] ATRIADBG long_wear_supervisor schedule base_tick_s=3.0 checkpoint_s=60.0 diagnostic_s=15.0 auto_save_s=15.0 no_data_timeout_s=75.0 hr_continuity_timeout_s=6.0 rr_presence_timeout_s=90.0 accepted_hr_timeout_s=45.0 label=All-day wear
2026-07-05 16:17:56.174 Atria[13394:1910244] ATRIADBG foreground_keepalive armed=1 reason=scene_active_foreground_restart silence_timeout_s=75 check_interval_s=20
2026-07-05 16:17:56.175 Atria[13394:1910244] ATRIADBG long_wear_mode enabled=1 reason=scene_active_foreground radio_mode=full_protocol supervisor=1 collection_profile=balanced cadence_multiplier=1.00 stale_timeout_multiplier=1.00 checkpoint_interval_s=60 live_workout_interval_s=15 workout_autosave_interval_s=15 no_data_timeout_s=75 no_data_check_interval_s=15 hr_continuity_timeout_s=6 supervisor_base_tick_s=3 accepted_hr_timeout_s=45 disconnect_reconnect_policy=staged_read_reassert_then_fresh_scan label=All-day wear rest_hr=60 max_hr=190
2026-07-05 16:17:56.321 Atria[13394:1910244] ATRIADBG ble_scan status=started reason=status_disconnected standard_hr_only=0 retry=0 mode=broad broad_allowed=1
2026-07-05 16:17:56.514 Atria[13394:1910244] ATRIADBG notification_battery_decision level=-1 source=learning age_s=-1 usable=0 threshold=25 charge=levelOnly drop_recent=0
2026-07-05 16:17:56.515 Atria[13394:1910244] ATRIADBG notification_battery_maintenance status=evaluated reason=connection_trigger
2026-07-05 16:17:56.515 Atria[13394:1910244] ATRIADBG connection_diagnosis status=pending reason=connection_trigger title=Strap disconnected delay_s=15
2026-07-05 16:17:57.477 Atria[13394:1910244] ATRIADBG status_derived to=connected reason=did_connect central=5 peripheral=2 saved=0 scanning=0
2026-07-05 16:17:57.483 Atria[13394:1910244] ATRIADBG notification_battery_decision level=-1 source=learning age_s=-1 usable=0 threshold=25 charge=levelOnly drop_recent=0
2026-07-05 16:17:57.483 Atria[13394:1910244] ATRIADBG notification_battery_maintenance status=evaluated reason=coexistence_risk
2026-07-05 16:17:57.483 Atria[13394:1910244] ATRIADBG connection_diagnosis status=pending reason=coexistence_risk title=Looking for your strap delay_s=15
2026-07-05 16:17:57.483 Atria[13394:1910244] ATRIADBG official_app_coexistence status=cleared reason=atria_connected action=continue
2026-07-05 16:17:57.483 Atria[13394:1910244] ATRIADBG ble_link status=connected successes=1 attempts=1 disconnects=0 failures=0 mtu=247 name=ADIDSHAFT'S WHO
2026-07-05 16:17:57.483 Atria[13394:1910244] ATRIADBG notification_battery_decision level=-1 source=learning age_s=-1 usable=0 threshold=25 charge=levelOnly drop_recent=0
2026-07-05 16:17:57.483 Atria[13394:1910244] ATRIADBG notification_battery_maintenance status=evaluated reason=connection_trigger
2026-07-05 16:17:57.518 Atria[13394:1910244] ATRIADBG home_launch_timing event=connected elapsed_ms=6511 status=connected tab=overview
2026-07-05 16:17:57.648 Atria[13394:1910244] ATRIADBG model_gate status=assume_4_class reason=proprietary_service service=61080001-8D6D-82B8-614A-1C8CB0F8DCC6
2026-07-05 16:17:57.890 Atria[13394:1910244] ATRIADBG radio_low_traffic status=learning mode=full_protocol custom_notify_skipped=0 custom_notify_enabled=1 tx_skipped=0 realtime_start_skipped=0 reason=full_protocol
2026-07-05 16:17:57.891 Atria[13394:1910244] ATRIADBG radio_low_traffic status=learning mode=full_protocol custom_notify_skipped=0 custom_notify_enabled=2 tx_skipped=0 realtime_start_skipped=0 reason=full_protocol
2026-07-05 16:17:57.892 Atria[13394:1910244] ATRIADBG radio_low_traffic status=learning mode=full_protocol custom_notify_skipped=0 custom_notify_enabled=3 tx_skipped=0 realtime_start_skipped=0 reason=full_protocol
2026-07-05 16:17:57.893 Atria[13394:1910244] ATRIADBG radio_low_traffic status=learning mode=full_protocol custom_notify_skipped=0 custom_notify_enabled=4 tx_skipped=0 realtime_start_skipped=0 reason=full_protocol
2026-07-05 16:17:58.007 Atria[13394:1910256] ATRIADBG notifyState ch=2A37 notifying=1 err=nil
2026-07-05 16:17:58.187 Atria[13394:1910267] ATRIADBG notifyState ch=2A19 notifying=1 err=nil
2026-07-05 16:17:58.317 Atria[13394:1910244] ATRIADBG notification_skip kind=strap_charge reason=not_low_or_charging level=59 charging=0
2026-07-05 16:17:58.317 Atria[13394:1910244] ATRIADBG battery level=59 source=2A19 bytes=3b persisted=1
2026-07-05 16:17:58.320 Atria[13394:1910244] ATRIADBG notification_battery_drain_cycle status=cleared reason=above_threshold had_cycle=0
2026-07-05 16:17:58.320 Atria[13394:1910244] ATRIADBG notification_battery_decision level=59 source=live_2A19 age_s=0 usable=1 threshold=25 charge=levelOnly drop_recent=0
2026-07-05 16:17:58.320 Atria[13394:1910244] ATRIADBG notification_battery_maintenance status=evaluated reason=connection_trigger
2026-07-05 16:17:58.320 Atria[13394:1910244] ATRIADBG connection_diagnosis status=pending reason=connection_trigger title=Fit check needed delay_s=15
2026-07-05 16:17:58.866 Atria[13394:1910244] ATRIADBG standardHR payload=104c0e035103 hr=76 rrnum=2 truncated=0 rr_ms=764,829 suppressed_since_last=0
2026-07-05 16:17:58.876 Atria[13394:1910244] ATRIADBG rr source=0x2A37 hr=76 rrnum=2 decoded=2 total_decoded=2 truncated=0 hr_mismatch=0 implied_bpm=79,72 values=764,829
2026-07-05 16:17:58.877 Atria[13394:1910244] ATRIADBG rr_quality source=2a37 state=learning fraction=1.000 rr_frames=1 total_frames=1 max_rr_gap_s=0.0 frame_max_rr_gap_s=0.0 beat_timeline=1 window_s=0 hrv_state=learning rr_source_2a37_values=2 rr_source_0x28_decoded_values=0 rr_source_0x28_used_values=0
2026-07-05 16:17:58.879 Atria[13394:1910244] ATRIADBG notification_battery_drain_cycle status=cleared reason=above_threshold had_cycle=0
2026-07-05 16:17:58.879 Atria[13394:1910244] ATRIADBG notification_battery_decision level=59 source=live_2A19 age_s=0 usable=1 threshold=25 charge=levelOnly drop_recent=0
2026-07-05 16:17:58.879 Atria[13394:1910244] ATRIADBG notification_battery_maintenance status=evaluated reason=connection_trigger
2026-07-05 16:17:58.880 Atria[13394:1910244] ATRIADBG notification_battery_drain_cycle status=cleared reason=above_threshold had_cycle=0
2026-07-05 16:17:58.880 Atria[13394:1910244] ATRIADBG notification_battery_decision level=59 source=live_2A19 age_s=0 usable=1 threshold=25 charge=levelOnly drop_recent=0
2026-07-05 16:17:58.880 Atria[13394:1910244] ATRIADBG notification_battery_maintenance status=evaluated reason=connection_trigger
2026-07-05 16:17:58.880 Atria[13394:1910244] ATRIADBG connection_diagnosis status=hidden reason=connection_trigger action=clear
2026-07-05 16:17:58.886 Atria[13394:1910244] ATRIADBG notification_cancel kind=actionable_connection reason=diagnosis_cleared_connection_trigger identifiers=atria.battery.low,atria.bluetooth.off,atria.fitcheck.needed
2026-07-05 16:17:58.894 Atria[13394:1910244] ATRIADBG active_session_journal status=saved reason=standard_rr_batch samples=1 rr_values=1 duration_s=0 dirty=0 label=All-day wear
2026-07-05 16:17:58.917 Atria[13394:1910244] ATRIADBG widget_snapshot status=ok reason=live_throttled schema=4 recovery=learning confidence=learning hrv=learning strain=0.0 rhr=76 max_hr=190 battery=59 charge=levelOnly bytes=685 storage=app_group_userdefaults app_group=1 widget_target=1 complication_target=1
2026-07-05 16:17:58.917 Atria[13394:1910244] ATRIADBG widget_readiness status=ready storage=app_group_userdefaults app_group=1 widget_target=1 complication_target=1 action=verify_widget_on_device
2026-07-05 16:17:59.334 Atria[13394:1910244] ATRIADBG active_session_journal status=saved reason=foreground_keepalive_crash_safety samples=1 rr_values=1 duration_s=0 dirty=0 label=All-day wear
2026-07-05 16:17:59.860 Atria[13394:1910267] ATRIADBG notifyState ch=61080003-8D6D-82B8-614A-1C8CB0F8DCC6 notifying=1 err=nil
2026-07-05 16:18:00.407 Atria[13394:1910244] The behavior of the UICollectionViewFlowLayout is not defined because:
2026-07-05 16:18:00.407 Atria[13394:1910244] the item height must be less than the height of the UICollectionView minus the section insets top and bottom values, minus the content insets top and bottom values.
2026-07-05 16:18:00.408 Atria[13394:1910244] The relevant UICollectionViewFlowLayout instance is <_TtC7SwiftUIP33_8825076C2763A50452A210CBE1FA4AF012PagingLayout: 0x117220f00>, and it is attached to <_TtC7SwiftUIP33_8825076C2763A50452A210CBE1FA4AF020PagingCollectionView: 0x1065b8260; baseClass = UICollectionView; frame = (0 0; 393 679); clipsToBounds = YES; autoresize = W+H; gestureRecognizers = <NSArray: 0x10de3e180>; backgroundColor = UIExtendedGrayColorSpace 0 0; layer = <CALayer: 0x117176bb0>; contentOffset: {0, 0}; contentSize: {1572, 679}; adjustedContentInset: {54, 0, 0, 0} topEdge=<style=automatic backgroundCapture=color<<UIDynamicSystemColor: 0x10b225980; name = systemBackgroundColor>>> bottomEdge=<style=automatic backgroundCapture=color<<UIDynamicSystemColor: 0x10b225980; name = systemBackgroundColor>>>; layout: <_TtC7SwiftUIP33_8825076C2763A50452A210CBE1FA4AF012PagingLayout: 0x117220f00>; dataSource: <_TtC7SwiftUIP33_8825076C2763A50452A210CBE1FA4AF011Coordinator: 0x10b1f39c0>>.
2026-07-05 16:18:00.408 Atria[13394:1910244] Make a symbolic breakpoint at UICollectionViewFlowLayoutBreakForInvalidSizes to catch this in the debugger.
2026-07-05 16:18:00.408 Atria[13394:1910244] The behavior of the UICollectionViewFlowLayout is not defined because:
2026-07-05 16:18:00.408 Atria[13394:1910244] the item height must be less than the height of the UICollectionView minus the section insets top and bottom values, minus the content insets top and bottom values.
2026-07-05 16:18:00.408 Atria[13394:1910244] The relevant UICollectionViewFlowLayout instance is <_TtC7SwiftUIP33_8825076C2763A50452A210CBE1FA4AF012PagingLayout: 0x117220f00>, and it is attached to <_TtC7SwiftUIP33_8825076C2763A50452A210CBE1FA4AF020PagingCollectionView: 0x1065b8260; baseClass = UICollectionView; frame = (0 0; 393 679); clipsToBounds = YES; autoresize = W+H; gestureRecognizers = <NSArray: 0x10de3e180>; backgroundColor = UIExtendedGrayColorSpace 0 0; layer = <CALayer: 0x117176bb0>; contentOffset: {0, -54}; contentSize: {1572, 625}; adjustedContentInset: {54, 0, 0, 0} topEdge=<style=automatic backgroundCapture=color<<UIDynamicSystemColor: 0x10b225980; name = systemBackgroundColor>>> bottomEdge=<style=automatic backgroundCapture=color<<UIDynamicSystemColor: 0x10b225980; name = systemBackgroundColor>>>; layout: <_TtC7SwiftUIP33_8825076C2763A50452A210CBE1FA4AF012PagingLayout: 0x117220f00>; dataSource: <_TtC7SwiftUIP33_8825076C2763A50452A210CBE1FA4AF011Coordinator: 0x10b1f39c0>>.
2026-07-05 16:18:00.408 Atria[13394:1910244] Make a symbolic breakpoint at UICollectionViewFlowLayoutBreakForInvalidSizes to catch this in the debugger.
2026-07-05 16:18:00.408 Atria[13394:1910244] The behavior of the UICollectionViewFlowLayout is not defined because:
2026-07-05 16:18:00.408 Atria[13394:1910244] the item height must be less than the height of the UICollectionView minus the section insets top and bottom values, minus the content insets top and bottom values.
2026-07-05 16:18:00.408 Atria[13394:1910244] The relevant UICollectionViewFlowLayout instance is <_TtC7SwiftUIP33_8825076C2763A50452A210CBE1FA4AF012PagingLayout: 0x117220f00>, and it is attached to <_TtC7SwiftUIP33_8825076C2763A50452A210CBE1FA4AF020PagingCollectionView: 0x1065b8260; baseClass = UICollectionView; frame = (0 0; 393 625); clipsToBounds = YES; autoresize = W+H; gestureRecognizers = <NSArray: 0x10de3e180>; backgroundColor = UIExtendedGrayColorSpace 0 0; layer = <CALayer: 0x117176bb0>; contentOffset: {0, -54}; contentSize: {1572, 625}; adjustedContentInset: {54, 0, 0, 0} topEdge=<style=automatic backgroundCapture=color<<UIDynamicSystemColor: 0x10b225980; name = systemBackgroundColor>>> bottomEdge=<style=automatic backgroundCapture=color<<UIDynamicSystemColor: 0x10b225980; name = systemBackgroundColor>>>; layout: <_TtC7SwiftUIP33_8825076C2763A50452A210CBE1FA4AF012PagingLayout: 0x117220f00>; dataSource: <_TtC7SwiftUIP33_8825076C2763A50452A210CBE1FA4AF011Coordinator: 0x10b1f39c0>>.
2026-07-05 16:18:00.408 Atria[13394:1910244] Make a symbolic breakpoint at UICollectionViewFlowLayoutBreakForInvalidSizes to catch this in the debugger.
2026-07-05 16:18:00.415 Atria[13394:1910244] ATRIADBG ble_scan status=started reason=onboarding_strap standard_hr_only=0 retry=0 mode=filtered broad_allowed=0
2026-07-05 16:18:00.421 Atria[13394:1910244] ATRIADBG notification_battery_drain_cycle status=cleared reason=above_threshold had_cycle=0
2026-07-05 16:18:00.421 Atria[13394:1910244] ATRIADBG notification_battery_decision level=59 source=live_2A19 age_s=0 usable=1 threshold=25 charge=levelOnly drop_recent=0
2026-07-05 16:18:00.421 Atria[13394:1910244] ATRIADBG notification_battery_maintenance status=evaluated reason=connection_trigger
2026-07-05 16:18:00.812 Atria[13394:1910244] ATRIADBG notification_battery_drain_cycle status=cleared reason=above_threshold had_cycle=0
2026-07-05 16:18:00.812 Atria[13394:1910244] ATRIADBG notification_battery_decision level=59 source=live_2A19 age_s=0 usable=1 threshold=25 charge=levelOnly drop_recent=0
2026-07-05 16:18:00.812 Atria[13394:1910244] ATRIADBG notification_battery_maintenance status=evaluated reason=timer
2026-07-05 16:18:00.857 Atria[13394:1910244] ATRIADBG standardHR payload=104b6103 hr=75 rrnum=1 truncated=0 rr_ms=845 suppressed_since_last=0
2026-07-05 16:18:00.858 Atria[13394:1910244] ATRIADBG rr source=0x2A37 hr=75 rrnum=1 decoded=1 total_decoded=3 truncated=0 hr_mismatch=0 implied_bpm=71 values=845
2026-07-05 16:18:00.880 Atria[13394:1910244] ATRIADBG proprietary_arm_fallback status=arming reason=notify_state_61080003 notify_count=1 stream5_confirmed=0 history_only=0
2026-07-05 16:18:01.856 Atria[13394:1910363] ATRIADBG notifyState ch=61080004-8D6D-82B8-614A-1C8CB0F8DCC6 notifying=1 err=nil
2026-07-05 16:18:01.856 Atria[13394:1910244] ATRIADBG standardHR payload=10494e03 hr=73 rrnum=1 truncated=0 rr_ms=826 suppressed_since_last=0
2026-07-05 16:18:01.856 Atria[13394:1910244] ATRIADBG rr source=0x2A37 hr=73 rrnum=1 decoded=1 total_decoded=1 truncated=0 hr_mismatch=0 implied_bpm=73 values=826
2026-07-05 16:18:01.857 Atria[13394:1910244] ATRIADBG standardHR payload=104a0c03 hr=74 rrnum=1 truncated=0 rr_ms=762 suppressed_since_last=0
2026-07-05 16:18:01.857 Atria[13394:1910244] ATRIADBG rr source=0x2A37 hr=74 rrnum=1 decoded=1 total_decoded=2 truncated=0 hr_mismatch=0 implied_bpm=79 values=762
2026-07-05 16:18:02.852 Atria[13394:1910244] ATRIADBG standardHR payload=104a0e03 hr=74 rrnum=1 truncated=0 rr_ms=764 suppressed_since_last=0
2026-07-05 16:18:02.853 Atria[13394:1910244] ATRIADBG rr source=0x2A37 hr=74 rrnum=1 decoded=1 total_decoded=3 truncated=0 hr_mismatch=0 implied_bpm=79 values=764
2026-07-05 16:18:03.850 Atria[13394:1910269] ATRIADBG notifyState ch=61080005-8D6D-82B8-614A-1C8CB0F8DCC6 notifying=1 err=nil
2026-07-05 16:18:03.850 Atria[13394:1910244] ATRIADBG standardHR payload=104a1703 hr=74 rrnum=1 truncated=0 rr_ms=772 suppressed_since_last=0
2026-07-05 16:18:03.850 Atria[13394:1910244] ATRIADBG rr source=0x2A37 hr=74 rrnum=1 decoded=1 total_decoded=4 truncated=0 hr_mismatch=0 implied_bpm=78 values=772
2026-07-05 16:18:04.012 Atria[13394:1910244] ATRIADBG send mode=wwr cmd=03 seq=0 to=61080002-8D6D-82B8-614A-1C8CB0F8DCC6 props=12 frame=aa0800a82300030199bce9cf
2026-07-05 16:18:04.360 Atria[13394:1910244] ATRIADBG home_diagnostics status=requested reason=connected_overview_idle
2026-07-05 16:18:04.847 Atria[13394:1910244] ATRIADBG standardHR payload=10494103 hr=73 rrnum=1 truncated=0 rr_ms=813 suppressed_since_last=0
2026-07-05 16:18:04.852 Atria[13394:1910244] ATRIADBG rr source=0x2A37 hr=73 rrnum=1 decoded=1 total_decoded=5 truncated=0 hr_mismatch=0 implied_bpm=74 values=813
2026-07-05 16:18:04.894 Atria[13394:1910244] ATRIADBG active_session_journal status=saved reason=standard_rr_batch samples=7 rr_values=7 duration_s=6 dirty=0 label=All-day wear
2026-07-05 16:18:05.813 Atria[13394:1910244] ATRIADBG notification_battery_drain_cycle status=cleared reason=above_threshold had_cycle=0
2026-07-05 16:18:05.813 Atria[13394:1910244] ATRIADBG notification_battery_decision level=59 source=live_2A19 age_s=0 usable=1 threshold=25 charge=levelOnly drop_recent=0
2026-07-05 16:18:05.813 Atria[13394:1910244] ATRIADBG notification_battery_maintenance status=evaluated reason=timer
2026-07-05 16:18:05.844 Atria[13394:1910269] ATRIADBG notifyState ch=61080007-8D6D-82B8-614A-1C8CB0F8DCC6 notifying=1 err=nil
2026-07-05 16:18:05.845 Atria[13394:1910244] ATRIADBG frame ch=61080007 len=98 hex=0802a6020103010a68626f796c73746f6e096831372e322e322e30066b686172766172645f72313004a10198251a0036ee8000000100000000020202020000000000040000000000020000000000000000001a0036ee80001a0036d2e019278ea294
2026-07-05 16:18:05.845 Atria[13394:1910244] ATRIADBG model_gate status=codename_hint model=strap4 evidence=HARVARD
2026-07-05 16:18:05.845 Atria[13394:1910244] ATRIADBG strap_generation status=unknown layout=0802a6020103010a68626f79 source=61080007 evidence=hboylston|h17.2.2.0|kharvard_r10 action=fail_closed_generation_specific_decodes
2026-07-05 16:18:05.847 Atria[13394:1910244] ATRIADBG frame ch=61080007 len=208 hex=0802a7020103010a6768617276617264096934312e31372e362e30066b686172766172645f723130011a6a4a16cc04a202000198611a0037326ef6f6f61a001efc9c1a0037326e0101011a0037326e183b193c511a0035388300f6f6f6f6f6f6f6f61915d2f61915d2f601021a001efc9c190eca190ec91a00010cb71a000207b1f6001901900b00001903840000001984ccf6190eb3f6f6f6f6f6f6f6f6f6f601f6f6f6f6f6f6f6f6f6f6f6f6f6f6f6f6f6f6f6f6f6f6f6f6f6f6f6f6f6f6f6f6f6f6f619170c187219119bf6f61b21
2026-07-05 16:18:05.847 Atria[13394:1910244] ATRIADBG model_gate status=codename_hint model=strap4 evidence=HARVARD
2026-07-05 16:18:05.847 Atria[13394:1910244] ATRIADBG model_gate status=codename_hint model=strap4 evidence=HARVARD
2026-07-05 16:18:05.848 Atria[13394:1910244] ATRIADBG standardHR payload=104943032d03 hr=73 rrnum=2 truncated=0 rr_ms=815,794 suppressed_since_last=0
2026-07-05 16:18:05.848 Atria[13394:1910244] ATRIADBG rr source=0x2A37 hr=73 rrnum=2 decoded=2 total_decoded=7 truncated=0 hr_mismatch=0 implied_bpm=74,76 values=815,794
2026-07-05 16:18:05.860 Atria[13394:1910244] ATRIADBG frame ch=61080007 len=98 hex=0802a6020103010a68626f796c73746f6e096831372e322e322e30066b686172766172645f72313004a10198251a0036ee8000000201000000010101010000000000000000000000010000000000000000001a0036ee80001a0036da44191f6a1479
2026-07-05 16:18:05.860 Atria[13394:1910244] ATRIADBG model_gate status=codename_hint model=strap4 evidence=HARVARD
2026-07-05 16:18:05.860 Atria[13394:1910244] ATRIADBG frame ch=61080007 len=98 hex=0802a6020103010a68626f796c73746f6e096831372e322e322e30066b686172766172645f72313004a10198251a0036ee8000000000000000000000000000000000000000000000000000000000000000001a0036ee80001a0036da78191d7e72e3
2026-07-05 16:18:05.860 Atria[13394:1910244] ATRIADBG model_gate status=codename_hint model=strap4 evidence=HARVARD
2026-07-05 16:18:06.843 Atria[13394:1910244] ATRIADBG frame ch=61080007 len=200 hex=0802a7020103010a6768617276617264096934312e31372e362e30066b686172766172645f723130011a6a4a24ef04a202000198611a0037363ef6f6f6001a0037363e0101021a0037363f1839193c4c1a00352d4c00f6f6f6f6f6f6f6f6190e13f6190e13f6f6f600190eb4190eb41a000122e41a00021675f60019018d00000019037e0000001984ddf6190eb4f6f6f6f6f6f6f6f6f6f607f6f6f6f6f6f6f6f6f6f6f6f6f6f6f6f6f6f6f6f6f6f6f6f6f6f6f6f6f6f6f6f6f6f6f6191689188319122ef6f6ec7b
2026-07-05 16:18:06.843 Atria[13394:1910244] ATRIADBG model_gate status=codename_hint model=strap4 evidence=HARVARD
2026-07-05 16:18:06.843 Atria[13394:1910244] ATRIADBG model_gate status=codename_hint model=strap4 evidence=HARVARD
2026-07-05 16:18:06.844 Atria[13394:1910244] ATRIADBG frame ch=61080007 len=200 hex=0802a7020103010a6768617276617264096934312e31372e362e30066b686172766172645f723130011a6a4a331104a202000198611a00373437f6f6f6001a003734370101011a003734361838193c601a003545b900f6f6f6f6f6f6f6f6190700f6190700f6f6f600190eb4190eb41a000107d51a0001fc40f60019018b0000001903840000001984caf6190eb3f6f6f6f6f6f6f6f6f6f6f6f6f6f6f6f6f6f6f6f6f6f6f6f6f6f6f6f6f6f6f6f6f6f6f6f6f6f6f6f6f6f6f6f6f6f619160918801913a4f6f6b1f9
2026-07-05 16:18:06.844 Atria[13394:1910244] ATRIADBG model_gate status=codename_hint model=strap4 evidence=HARVARD
2026-07-05 16:18:06.844 Atria[13394:1910244] ATRIADBG model_gate status=codename_hint model=strap4 evidence=HARVARD
2026-07-05 16:18:06.845 Atria[13394:1910244] ATRIADBG standardHR payload=0048 hr=72 rrnum=0 truncated=0 rr_ms= suppressed_since_last=0
2026-07-05 16:18:07.171 Atria[13394:1910244] ATRIADBG home_launch_timing event=diagnostics_ready elapsed_ms=16164 status=connected tab=overview
2026-07-05 16:18:07.840 Atria[13394:1910244] ATRIADBG standardHR payload=10485106 hr=72 rrnum=1 truncated=0 rr_ms=1579 suppressed_since_last=0
2026-07-05 16:18:07.841 Atria[13394:1910244] ATRIADBG rr source=0x2A37 hr=72 rrnum=1 decoded=1 total_decoded=8 truncated=0 hr_mismatch=1 implied_bpm=38 values=1579
2026-07-05 16:18:08.838 Atria[13394:1910244] ATRIADBG frame ch=61080003 len=16 hex=aa0c00fc24010300020000005402f492
2026-07-05 16:18:08.838 Atria[13394:1910244] ATRIADBG cmdResp ch=61080003-8D6D-82B8-614A-1C8CB0F8DCC6 payload=2401030002000000
2026-07-05 16:18:08.838 Atria[13394:1910244] ATRIADBG frame ch=61080004 len=20 hex=aa10005730b6210067364a6a70590000cae6d31c
2026-07-05 16:18:08.851 Atria[13394:1910244] ATRIADBG protocol_packet type=30 kind=event len=12 body=b6210067364a6a70590000 full=aa10005730b6210067364a6a70590000cae6d31c
2026-07-05 16:18:08.851 Atria[13394:1910244] ATRIADBG standardHR payload=0048 hr=72 rrnum=0 truncated=0 rr_ms= suppressed_since_last=0
2026-07-05 16:18:09.835 Atria[13394:1910244] ATRIADBG standardHR payload=10489006 hr=72 rrnum=1 truncated=0 rr_ms=1641 suppressed_since_last=0
2026-07-05 16:18:09.836 Atria[13394:1910244] ATRIADBG rr source=0x2A37 hr=72 rrnum=1 decoded=1 total_decoded=9 truncated=0 hr_mismatch=1 implied_bpm=37 values=1641
HARNESS_CAPTURE_TIMEOUT seconds=20 launch_seen=1 action=stop_devicectl_console
2026-07-05 16:18:10.813 Atria[13394:1910244] ATRIADBG notification_battery_drain_cycle status=cleared reason=above_threshold had_cycle=0
2026-07-05 16:18:10.813 Atria[13394:1910244] ATRIADBG notification_battery_decision level=59 source=live_2A19 age_s=0 usable=1 threshold=25 charge=levelOnly drop_recent=0
2026-07-05 16:18:10.813 Atria[13394:1910244] ATRIADBG notification_battery_maintenance status=evaluated reason=timer
2026-07-05 16:18:10.833 Atria[13394:1910244] ATRIADBG standardHR payload=10483903 hr=72 rrnum=1 truncated=0 rr_ms=806 suppressed_since_last=0
App terminated due to signal 2.
ATRIADBG_SUMMARY_START
notify_61080005=True
realtime_start=True
cmd_response=True
frame_61080005=False
hrv_ready=False
capture_summary_ready=False
auto_capture_start=False
auto_capture_stop=False
gate_status_start=False
gate_status_complete=False
gate_readiness_complete=False
gate_status_deep_complete=False
healthkit_reference_audit_complete=False
healthkit_export_complete=False
healthkit_export_verify_complete=False
healthkit_export_authorization_pending_complete=False
healthkit_sleep_export_verify_complete=False
healthkit_sleep_export_deferred_complete=False
healthkit_reset_rebuild_complete=False
workout_confirm_complete=False
sleep_confirm_complete=False
post_healthkit_gate_status_complete=False
collection_health_complete=False
rr_reference_package_complete=False
hr_reference_package_complete=False
rr_reference_validation_complete=False
hr_reference_validation_complete=False
reference_inputs_clear_complete=False
workout_validation_complete=False
sleep_validation_complete=False
sleep_validation_fail_closed=False
backup_complete=False
backup_verify_complete=False
notification_schedule_complete=False
notification_delivery_complete=False
radio_low_traffic_complete=False
trend_summary_complete=False
trend_windows_complete=False
strain_validation_complete=False
widget_snapshot_complete=True
analytics_calibration_complete=False
analytics_calibration_status=
analytics_calibration_numeric_checks=
analytics_calibration_label_checks=
rr_frames=10
rr_values=12
rr_truncated_frames=0
rr_hr_mismatch_values=2
rr_source_2a37_frames=10
rr_source_2a37_values=12
rr_source_0x28_frames=0
rr_source_0x28_values=0
rr_source_0x28_used_frames=0
rr_source_0x28_used_values=0
standard_2a37_frames=13
standard_2a37_rr_frames=11
standard_2a37_rr_values=13
last_standard_2a37_payload=10483903
last_standard_2a37_hr=72
last_standard_2a37_rrnum=1
last_standard_2a37_rr_ms=806
last_rr_quality_source=2a37
realtime_frames=0
realtime_rr_frames=0
realtime_rr_zero_frames=0
realtime_malformed_frames=0
realtime_truncated_rr_frames=0
realtime_restarts=0
realtime_reasserts=0
auto_capture_starts=0
auto_capture_stops=0
capture_aborts=0
capture_quality_resets=0
auto_capture_exhausted=0
last_realtime_hr=
last_realtime_rrnum=
last_realtime_rr_bytes=
last_realtime_payload_tail=
realtime_rr_fraction=
realtime_rr_percent=
realtime_zero_rr_tail_nonzero_frames=0
realtime_zero_rr_tail_valid_candidate_frames=0
last_rr_values=1641
last_rr_implied_bpm=37
hrv_max_rr_gap_s=0.0
last_hrv_max_rr_gap_s=
first_realtime_elapsed_s=
first_rr_elapsed_s=8.2
rr_start_delay_s=
last_rr_elapsed_s=19.2
max_rr_log_gap_s=2.0
cmd_response_count=1
cmd_response_last_seq=1
cmd_response_last_cmd=0x03
cmd_response_last_status=0002000000
cmd_response_statuses=seq=1:cmd=0x03:status=0002000000
history_clock_set_responses=0
history_clock_get_responses=0
history_clock_last_drift_s=
history_clock_last_stale=
frame_61080003_count=1
frame_61080004_count=1
frame_61080005_count=0
frame_61080007_count=6
frame_61080004_types=0x30:1
frame_61080005_types=
frame_61080007_types=0x08:6
metadata_0x31_frames=0
metadata_0x31_lengths=
metadata_0x31_body_hashes=
historical_2f_frames=0
historical_data_rows=0
historical_archive_rows=0
historical_archive_metric_usable=
historical_archive_current_usable=
historical_2f_candidate_rr_values=0
historical_2f_first_prefix=
historical_2f_last_prefix=
sensor_research_probe_rows=0
sensor_research_probe_spo2_candidate_frames=
sensor_research_probe_skin_temp_candidate_frames=
sensor_research_probe_last_model_generation=
sensor_research_probe_last_model_evidence=
model_gate_rows=10
model_gate_assume_4_class_rows=1
model_gate_metadata_explicit_rows=0
model_gate_last_status=codename_hint
model_gate_last_model=strap4
model_gate_last_reason=
model_gate_last_evidence=HARVARD
sleep_motion_hint_count=0
sleep_motion_hint_kinds=
segment_0_label=initial
segment_0_raw=03
segment_0_frames=0
segment_0_rr_frames=0
segment_0_zero_frames=0
segment_0_rr_values=0
segment_0_rr_fraction=0.000
segment_0_rr_percent=0.0
segment_0_cmd_status=seq=1:cmd=0x03:status=0002000000
segment_0_frame_61080003_count=1
segment_0_frame_61080004_count=1
segment_0_frame_61080005_count=0
segment_0_frame_61080007_count=6
segment_0_frame_61080004_types=0x30:1
segment_0_frame_61080005_types=
segment_0_frame_61080007_types=0x08:6
segment_0_historical_2f_frames=0
segment_0_historical_data_rows=0
segment_0_historical_archive_rows=0
segment_0_historical_2f_candidate_rr_values=0
segment_0_historical_2f_first_prefix=
segment_0_historical_2f_last_prefix=
segment_0_sleep_motion_hint_count=0
segment_0_sleep_motion_hint_kinds=
ATRIADBG_LINES=231
ATRIADBG_LOG=logs/20260705-product-quality-followups-iphone-install.log
ATRIADBG_SUMMARY_END
HARNESS_LEAVE_RUNNING_ARGS=xcrun devicectl device process launch --device 3803F5B6-1666-56D3-A71A-62F131F6CE3B --terminate-existing com.adidshaft.atria
Launched application with com.adidshaft.atria bundle identifier.
HARNESS_LEAVE_RUNNING status=launched mode=normal_end_user
