HARNESS_LAUNCH_ARGS=xcrun devicectl --log-output logs/20260703-moderate-strength-review-release-install.log.devicectl.log device process launch --device 3803F5B6-1666-56D3-A71A-62F131F6CE3B --terminate-existing --console com.adidshaft.atria --atria-log-ble-frames
Launched application with com.adidshaft.atria bundle identifier.
Waiting for the application to terminate…
2026-07-03 23:38:58.340 Atria[2190:258146] ATRIADBG ble_restore peripherals=1
2026-07-03 23:38:58.345 Atria[2190:258144] ATRIADBG max_hr_suggestion_rollup status=none reason=session_cache observed_peak=0 current_max_hr=189
2026-07-03 23:38:58.345 Atria[2190:258144] ATRIADBG max_hr_suggestion_rollup status=none reason=init observed_peak=0 current_max_hr=189
2026-07-03 23:38:58.366 Atria[2190:258144] ATRIADBG ble_restore status=reuse_restored reason=standard_hr_only peripherals=1
2026-07-03 23:38:58.367 Atria[2190:258144] ATRIADBG status_derived to=connected reason=event central=5 peripheral=2 saved=1 scanning=0
2026-07-03 23:38:58.367 Atria[2190:258144] ATRIADBG ble_restore status=connected name=ADIDSHAFT'S WHO
2026-07-03 23:38:58.391 Atria[2190:258144] -canOpenURL: failed for URL: "whoop://" - error: "The operation couldn’t be completed. (OSStatus error -10814.)"
2026-07-03 23:38:58.423 Atria[2190:258144] ATRIADBG notification_battery_drain_cycle status=cleared reason=above_threshold had_cycle=0
2026-07-03 23:38:58.423 Atria[2190:258144] ATRIADBG notification_battery_decision level=97 source=live_2A19 age_s=0 usable=1 threshold=25 charge=levelOnly drop_recent=1
2026-07-03 23:38:58.423 Atria[2190:258144] ATRIADBG notification_battery_maintenance status=evaluated reason=coexistence_risk
2026-07-03 23:38:58.423 Atria[2190:258144] ATRIADBG connection_diagnosis status=pending reason=coexistence_risk title=Fit check needed delay_s=15
2026-07-03 23:38:58.424 Atria[2190:258144] ATRIADBG notification_battery_drain_cycle status=cleared reason=above_threshold had_cycle=0
2026-07-03 23:38:58.424 Atria[2190:258144] ATRIADBG notification_battery_decision level=97 source=live_2A19 age_s=0 usable=1 threshold=25 charge=levelOnly drop_recent=1
2026-07-03 23:38:58.424 Atria[2190:258144] ATRIADBG notification_battery_maintenance status=evaluated reason=connection_trigger
2026-07-03 23:38:58.425 Atria[2190:258144] ATRIADBG scene_phase phase=appear reason=content_on_appear
2026-07-03 23:38:58.425 Atria[2190:258144] ATRIADBG launch_timing event=on_appear elapsed_ms=108 scene=inactive
2026-07-03 23:38:58.471 Atria[2190:258144] ATRIADBG workout_review_candidate status=none source=home_appear reason=no_candidate rest_hr=59 max_hr=189
2026-07-03 23:38:58.475 Atria[2190:258144] ATRIADBG hr_broadcast status=waiting state=0
2026-07-03 23:38:58.476 Atria[2190:258144] ATRIADBG hr_broadcast_ui enabled=1 persistent=1 workout=0 active=0 reason=home_appear
2026-07-03 23:38:58.477 Atria[2190:258144] ATRIADBG notification_battery_drain_cycle status=cleared reason=above_threshold had_cycle=0
2026-07-03 23:38:58.477 Atria[2190:258144] ATRIADBG notification_battery_decision level=97 source=live_2A19 age_s=0 usable=1 threshold=25 charge=levelOnly drop_recent=1
2026-07-03 23:38:58.477 Atria[2190:258144] ATRIADBG notification_battery_maintenance status=evaluated reason=home_appear
2026-07-03 23:38:58.477 Atria[2190:258144] ATRIADBG home_launch_timing event=primary_ready elapsed_ms=5 status=connected tab=overview
2026-07-03 23:38:58.478 Atria[2190:258144] ATRIADBG workout_review_candidate status=none source=dashboard_revision reason=no_candidate rest_hr=59 max_hr=189
2026-07-03 23:38:58.479 Atria[2190:258144] ATRIADBG widget_snapshot status=ok reason=dashboard_revision schema=3 recovery=64 confidence=unverified hrv=learning strain=0.0 rhr=59 max_hr=189 battery=97 charge=levelOnly bytes=587 storage=app_group_userdefaults app_group=1 widget_target=1 complication_target=1
2026-07-03 23:38:58.479 Atria[2190:258144] ATRIADBG widget_readiness status=ready storage=app_group_userdefaults app_group=1 widget_target=1 complication_target=1 action=verify_widget_on_device
2026-07-03 23:38:58.505 Atria[2190:258144] ATRIADBG notification_battery_drain_cycle status=cleared reason=above_threshold had_cycle=0
2026-07-03 23:38:58.505 Atria[2190:258144] ATRIADBG notification_battery_decision level=97 source=live_2A19 age_s=0 usable=1 threshold=25 charge=levelOnly drop_recent=1
2026-07-03 23:38:58.505 Atria[2190:258144] ATRIADBG notification_battery_maintenance status=evaluated reason=coexistence_risk
2026-07-03 23:38:58.506 Atria[2190:258144] ATRIADBG notification_battery_drain_cycle status=cleared reason=above_threshold had_cycle=0
2026-07-03 23:38:58.506 Atria[2190:258144] ATRIADBG notification_battery_decision level=97 source=live_2A19 age_s=0 usable=1 threshold=25 charge=levelOnly drop_recent=1
2026-07-03 23:38:58.506 Atria[2190:258144] ATRIADBG notification_battery_maintenance status=evaluated reason=connection_trigger
2026-07-03 23:38:58.517 Atria[2190:258144] ATRIADBG scene_phase phase=inactive reason=fast_launch_background
2026-07-03 23:38:58.517 Atria[2190:258144] ATRIADBG launch_timing event=fast_launch_begin elapsed_ms=200 scene=inactive
2026-07-03 23:39:02.818 Atria[2190:258146] ATRIADBG notifyState ch=2A37 notifying=1 err=nil
2026-07-03 23:39:05.810 Atria[2190:258153] ATRIADBG notifyState ch=2A19 notifying=1 err=nil
2026-07-03 23:39:07.235 Atria[2190:258144] ATRIADBG max_hr_suggestion_rollup status=none reason=session_cache observed_peak=0 current_max_hr=189
2026-07-03 23:39:07.235 Atria[2190:258144] ATRIADBG session_store_reconcile status=merged reason=fast_launch sessions=112
2026-07-03 23:39:07.235 Atria[2190:258144] ATRIADBG launch_timing event=fast_launch_complete elapsed_ms=8918 scene=inactive
2026-07-03 23:39:07.235 Atria[2190:258144] ATRIADBG historical_archive_status reason=session_store_init exists=1 parse_ok=1 rows=168979 metric_usable=164135 current_usable=165313 metric_ready=1 fail_closed=0 status=Ready gate=Metric-ready detail=164135/168979 metric rows
2026-07-03 23:39:07.413 Atria[2190:258144] ATRIADBG daily_rollup_persist_summary entries=10 respiratory_rows=9 rr_session_candidates=38 sessions=112
2026-07-03 23:39:07.414 Atria[2190:258144] ATRIADBG max_hr_suggestion_rollup status=none reason=daily_rollup observed_peak=0 current_max_hr=189
2026-07-03 23:39:07.414 Atria[2190:258144] ATRIADBG morning_summary_skip reason=outside_window local_minutes=1419
2026-07-03 23:39:07.416 Atria[2190:258157] ATRIADBG daily_rollup_store_save status=ok rows=10 bytes=4431 path=daily-rollups.json
2026-07-03 23:39:07.419 Atria[2190:258157] ATRIADBG daily_rollup_store_save status=ok rows=10 bytes=4431 path=daily-rollups.json
2026-07-03 23:39:07.421 Atria[2190:258157] ATRIADBG daily_rollup_store_save status=ok rows=10 bytes=4431 path=daily-rollups.json
2026-07-03 23:39:07.423 Atria[2190:258157] ATRIADBG daily_rollup_store_save status=ok rows=10 bytes=4431 path=daily-rollups.json
2026-07-03 23:39:07.424 Atria[2190:258157] ATRIADBG daily_rollup_store_save status=ok rows=10 bytes=4431 path=daily-rollups.json
2026-07-03 23:39:07.426 Atria[2190:258157] ATRIADBG daily_rollup_store_save status=ok rows=10 bytes=4431 path=daily-rollups.json
2026-07-03 23:39:07.428 Atria[2190:258157] ATRIADBG daily_rollup_store_save status=ok rows=10 bytes=4431 path=daily-rollups.json
2026-07-03 23:39:07.430 Atria[2190:258157] ATRIADBG daily_rollup_store_save status=ok rows=10 bytes=4431 path=daily-rollups.json
2026-07-03 23:39:07.430 Atria[2190:258144] ATRIADBG launch_timing event=deferred_launch_begin elapsed_ms=9113 scene=inactive
2026-07-03 23:39:07.432 Atria[2190:258157] ATRIADBG daily_rollup_store_save status=ok rows=10 bytes=4431 path=daily-rollups.json
2026-07-03 23:39:07.433 Atria[2190:258144] ATRIADBG ble_frame_logging enabled=1 reason=launch_arg
2026-07-03 23:39:07.433 Atria[2190:258144] ATRIADBG launch_timing event=deferred_launch_complete elapsed_ms=9116 scene=inactive
2026-07-03 23:39:07.433 Atria[2190:258157] ATRIADBG daily_rollup_store_save status=ok rows=10 bytes=4431 path=daily-rollups.json
2026-07-03 23:39:07.443 Atria[2190:258144] ATRIADBG session_store_finish_checkpoint stage=before_rollup_refresh sessions=112 elapsed_ms=1181
2026-07-03 23:39:07.443 Atria[2190:258144] ATRIADBG session_store_finish_checkpoint stage=pre_snapshot_rollup_persist sessions=112 metrics=10 elapsed_ms=1181
2026-07-03 23:39:07.614 Atria[2190:258144] ATRIADBG daily_rollup_persist_summary entries=10 respiratory_rows=9 rr_session_candidates=38 sessions=112
2026-07-03 23:39:07.614 Atria[2190:258144] ATRIADBG max_hr_suggestion_rollup status=none reason=daily_rollup observed_peak=0 current_max_hr=189
2026-07-03 23:39:07.614 Atria[2190:258144] ATRIADBG morning_summary_skip reason=outside_window local_minutes=1419
2026-07-03 23:39:07.617 Atria[2190:258146] ATRIADBG daily_rollup_store_save status=ok rows=10 bytes=4431 path=daily-rollups.json
2026-07-03 23:39:07.619 Atria[2190:258146] ATRIADBG daily_rollup_store_save status=ok rows=10 bytes=4431 path=daily-rollups.json
2026-07-03 23:39:07.621 Atria[2190:258146] ATRIADBG daily_rollup_store_save status=ok rows=10 bytes=4431 path=daily-rollups.json
2026-07-03 23:39:07.623 Atria[2190:258146] ATRIADBG daily_rollup_store_save status=ok rows=10 bytes=4431 path=daily-rollups.json
2026-07-03 23:39:07.625 Atria[2190:258146] ATRIADBG daily_rollup_store_save status=ok rows=10 bytes=4431 path=daily-rollups.json
2026-07-03 23:39:07.627 Atria[2190:258146] ATRIADBG daily_rollup_store_save status=ok rows=10 bytes=4431 path=daily-rollups.json
2026-07-03 23:39:07.630 Atria[2190:258146] ATRIADBG daily_rollup_store_save status=ok rows=10 bytes=4431 path=daily-rollups.json
2026-07-03 23:39:07.632 Atria[2190:258146] ATRIADBG daily_rollup_store_save status=ok rows=10 bytes=4431 path=daily-rollups.json
2026-07-03 23:39:07.634 Atria[2190:258146] ATRIADBG daily_rollup_store_save status=ok rows=10 bytes=4431 path=daily-rollups.json
2026-07-03 23:39:07.637 Atria[2190:258146] ATRIADBG daily_rollup_store_save status=ok rows=10 bytes=4431 path=daily-rollups.json
2026-07-03 23:39:07.930 Atria[2190:258153] ATRIADBG session_store_save status=ok op=session_reconcile_fast_launch sessions=112 bytes=9285069
