HARNESS_DEVICE_PREFLIGHT status=ok tool=xcodebuild_showdestinations xcode_destination=id=3803F5B6-1666-56D3-A71A-62F131F6CE3B install_device=3803F5B6-1666-56D3-A71A-62F131F6CE3B
Command line invocation:
    /Applications/Xcode-beta.app/Contents/Developer/usr/bin/xcodebuild -project Atria/Atria.xcodeproj -scheme Atria -configuration Release -destination id=3803F5B6-1666-56D3-A71A-62F131F6CE3B -destination-timeout 10 -derivedDataPath build/DerivedData build

ComputePackagePrebuildTargetDependencyGraph

Prepare packages

CreateBuildRequest

SendProjectDescription

CreateBuildOperation

ComputeTargetDependencyGraph
note: Building targets in dependency order
note: Target dependency graph (2 targets)
    Target 'Atria' in project 'Atria'
        ➜ Explicit dependency on target 'AtriaWidget' in project 'Atria'
    Target 'AtriaWidget' in project 'Atria' (no dependencies)

GatherProvisioningInputs

CreateBuildDescription

ClangStatCache /Applications/Xcode-beta.app/Contents/Developer/Toolchains/XcodeDefault.xctoolchain/usr/bin/clang-stat-cache /Applications/Xcode-beta.app/Contents/Developer/Platforms/iPhoneOS.platform/Developer/SDKs/iPhoneOS27.0.sdk /Users/amanpandey/projects/atria/build/DerivedData/SDKStatCaches.noindex/iphoneos27.0-24A5370g-3f96a34849dd49b4bd15ec6e824cd62aab8728d0c5b464cc751fe8b4b02b9db3.sdkstatcache
    cd /Users/amanpandey/projects/atria/Atria/Atria.xcodeproj
    /Applications/Xcode-beta.app/Contents/Developer/Toolchains/XcodeDefault.xctoolchain/usr/bin/clang-stat-cache /Applications/Xcode-beta.app/Contents/Developer/Platforms/iPhoneOS.platform/Developer/SDKs/iPhoneOS27.0.sdk -o /Users/amanpandey/projects/atria/build/DerivedData/SDKStatCaches.noindex/iphoneos27.0-24A5370g-3f96a34849dd49b4bd15ec6e824cd62aab8728d0c5b464cc751fe8b4b02b9db3.sdkstatcache

PruneExplicitPrecompiledModules /Users/amanpandey/projects/atria/build/DerivedData/Build/Intermediates.noindex/SwiftExplicitPrecompiledModules

PruneExplicitPrecompiledModules /Users/amanpandey/projects/atria/build/DerivedData/Build/Intermediates.noindex/ExplicitPrecompiledModules

** BUILD SUCCEEDED **

App installed:
• bundleID: com.adidshaft.atria
• installationURL: file:///private/var/containers/Bundle/Application/87B80BA0-E50D-44DD-A8A9-208809BDD5E7/Atria.app/
• launchServicesIdentifier: unknown
• databaseUUID: 80179514-55C1-48AA-8DCA-BE1C81EA7F24
• databaseSequenceNumber: 10184
• options: 
HARNESS_LAUNCH_ARGS=xcrun devicectl device process launch --device 3803F5B6-1666-56D3-A71A-62F131F6CE3B --terminate-existing --console com.adidshaft.atria --atria-log-ble-frames
Launched application with com.adidshaft.atria bundle identifier.
Waiting for the application to terminate…
2026-07-05 02:54:15.602 Atria[8544:1363982] ATRIADBG ble_restore peripherals=1
2026-07-05 02:54:15.604 Atria[8544:1363974] ATRIADBG max_hr_suggestion_rollup status=none reason=session_cache observed_peak=0 current_max_hr=189
2026-07-05 02:54:15.604 Atria[8544:1363974] ATRIADBG max_hr_suggestion_rollup status=none reason=init observed_peak=0 current_max_hr=189
2026-07-05 02:54:15.642 Atria[8544:1363974] -canOpenURL: failed for URL: "whoop://" - error: "The operation couldn’t be completed. (OSStatus error -10814.)"
2026-07-05 02:54:15.678 Atria[8544:1363974] ATRIADBG notification_battery_drain_cycle status=cleared reason=above_threshold had_cycle=0
2026-07-05 02:54:15.678 Atria[8544:1363974] ATRIADBG notification_battery_decision level=71 source=live_2A19 age_s=0 usable=1 threshold=25 charge=levelOnly drop_recent=1
2026-07-05 02:54:15.678 Atria[8544:1363974] ATRIADBG notification_battery_maintenance status=evaluated reason=coexistence_risk
2026-07-05 02:54:15.678 Atria[8544:1363974] ATRIADBG connection_diagnosis status=pending reason=coexistence_risk title=Strap disconnected delay_s=15
2026-07-05 02:54:15.679 Atria[8544:1363974] ATRIADBG notification_battery_drain_cycle status=cleared reason=above_threshold had_cycle=0
2026-07-05 02:54:15.679 Atria[8544:1363974] ATRIADBG notification_battery_decision level=71 source=live_2A19 age_s=0 usable=1 threshold=25 charge=levelOnly drop_recent=1
2026-07-05 02:54:15.679 Atria[8544:1363974] ATRIADBG notification_battery_maintenance status=evaluated reason=connection_trigger
2026-07-05 02:54:15.680 Atria[8544:1363974] ATRIADBG scene_phase phase=appear reason=content_on_appear
2026-07-05 02:54:15.680 Atria[8544:1363974] ATRIADBG launch_timing event=on_appear elapsed_ms=88 scene=inactive
2026-07-05 02:54:15.700 Atria[8544:1363974] ATRIADBG notification_battery_drain_cycle status=cleared reason=above_threshold had_cycle=0
2026-07-05 02:54:15.700 Atria[8544:1363974] ATRIADBG notification_battery_decision level=71 source=live_2A19 age_s=0 usable=1 threshold=25 charge=levelOnly drop_recent=1
2026-07-05 02:54:15.700 Atria[8544:1363974] ATRIADBG notification_battery_maintenance status=evaluated reason=coexistence_risk
2026-07-05 02:54:15.747 Atria[8544:1363974] ATRIADBG ble_restore status=reuse_restored reason=standard_hr_only peripherals=1
2026-07-05 02:54:15.747 Atria[8544:1363974] ATRIADBG status_derived to=connected reason=event central=5 peripheral=2 saved=1 scanning=0
2026-07-05 02:54:15.747 Atria[8544:1363974] ATRIADBG ble_restore status=connected name=ADIDSHAFT'S WHO
2026-07-05 02:54:15.747 Atria[8544:1363974] ATRIADBG historical_archive_status reason=session_store_init exists=1 parse_ok=1 rows=1 metric_usable=1 current_usable=0 metric_ready=0 fail_closed=1 status=Checking gate=Checking detail=Archive index is rebuilding safely
2026-07-05 02:54:15.748 Atria[8544:1363974] ATRIADBG workout_review_candidate status=deferred source=home_appear reason=store_not_loaded rest_hr=58 max_hr=189
2026-07-05 02:54:15.752 Atria[8544:1363974] ATRIADBG hr_broadcast status=waiting state=0
2026-07-05 02:54:15.752 Atria[8544:1363974] ATRIADBG hr_broadcast_ui enabled=1 persistent=1 workout=0 active=0 reason=home_appear
2026-07-05 02:54:15.754 Atria[8544:1363974] ATRIADBG notification_battery_drain_cycle status=cleared reason=above_threshold had_cycle=0
2026-07-05 02:54:15.754 Atria[8544:1363974] ATRIADBG notification_battery_decision level=71 source=live_2A19 age_s=0 usable=1 threshold=25 charge=levelOnly drop_recent=1
2026-07-05 02:54:15.754 Atria[8544:1363974] ATRIADBG notification_battery_maintenance status=evaluated reason=home_appear
2026-07-05 02:54:15.754 Atria[8544:1363974] ATRIADBG home_launch_timing event=primary_ready elapsed_ms=5 status=disconnected tab=overview
2026-07-05 02:54:15.755 Atria[8544:1363974] ATRIADBG daily_rollup_persist_summary entries=11 respiratory_rows=10 rr_session_candidates=0 sessions=0
2026-07-05 02:54:15.755 Atria[8544:1363974] ATRIADBG max_hr_suggestion_rollup status=none reason=daily_rollup observed_peak=0 current_max_hr=189
2026-07-05 02:54:15.755 Atria[8544:1363974] ATRIADBG morning_summary_skip reason=outside_window local_minutes=174
2026-07-05 02:54:15.756 Atria[8544:1363974] ATRIADBG notification_battery_drain_cycle status=cleared reason=above_threshold had_cycle=0
2026-07-05 02:54:15.756 Atria[8544:1363974] ATRIADBG notification_battery_decision level=71 source=live_2A19 age_s=0 usable=1 threshold=25 charge=levelOnly drop_recent=1
2026-07-05 02:54:15.756 Atria[8544:1363974] ATRIADBG notification_battery_maintenance status=evaluated reason=connection_trigger
2026-07-05 02:54:15.756 Atria[8544:1363974] ATRIADBG workout_review_candidate status=deferred source=dashboard_revision reason=store_not_loaded rest_hr=58 max_hr=189
2026-07-05 02:54:15.758 Atria[8544:1363974] ATRIADBG widget_snapshot status=ok reason=dashboard_revision schema=4 recovery=61 confidence=unverified hrv=learning strain=0.0 rhr=58 max_hr=189 battery=71 charge=levelOnly bytes=619 storage=app_group_userdefaults app_group=1 widget_target=1 complication_target=1
2026-07-05 02:54:15.758 Atria[8544:1363974] ATRIADBG widget_readiness status=ready storage=app_group_userdefaults app_group=1 widget_target=1 complication_target=1 action=verify_widget_on_device
2026-07-05 02:54:15.759 Atria[8544:1363991] ATRIADBG daily_rollup_store_save status=ok rows=11 bytes=5072 path=daily-rollups.json
2026-07-05 02:54:15.762 Atria[8544:1363974] ATRIADBG body_eval view=AtriaTodayScreen count=1
2026-07-05 02:54:15.766 Atria[8544:1363991] ATRIADBG daily_rollup_store_save status=ok rows=11 bytes=5072 path=daily-rollups.json
2026-07-05 02:54:15.768 Atria[8544:1363991] ATRIADBG daily_rollup_store_save status=ok rows=11 bytes=5072 path=daily-rollups.json
2026-07-05 02:54:15.771 Atria[8544:1363991] ATRIADBG daily_rollup_store_save status=ok rows=11 bytes=5072 path=daily-rollups.json
2026-07-05 02:54:15.773 Atria[8544:1363991] ATRIADBG daily_rollup_store_save status=ok rows=11 bytes=5072 path=daily-rollups.json
2026-07-05 02:54:15.776 Atria[8544:1363991] ATRIADBG daily_rollup_store_save status=ok rows=11 bytes=5072 path=daily-rollups.json
2026-07-05 02:54:15.778 Atria[8544:1363991] ATRIADBG daily_rollup_store_save status=ok rows=11 bytes=5072 path=daily-rollups.json
2026-07-05 02:54:15.781 Atria[8544:1363991] ATRIADBG daily_rollup_store_save status=ok rows=11 bytes=5072 path=daily-rollups.json
2026-07-05 02:54:15.784 Atria[8544:1363991] ATRIADBG daily_rollup_store_save status=ok rows=11 bytes=5072 path=daily-rollups.json
2026-07-05 02:54:15.787 Atria[8544:1363991] ATRIADBG daily_rollup_store_save status=ok rows=11 bytes=5072 path=daily-rollups.json
2026-07-05 02:54:15.790 Atria[8544:1363991] ATRIADBG daily_rollup_store_save status=ok rows=11 bytes=5072 path=daily-rollups.json
2026-07-05 02:54:15.799 Atria[8544:1363974] ATRIADBG scene_phase phase=inactive reason=fast_launch_background
2026-07-05 02:54:15.799 Atria[8544:1363974] ATRIADBG launch_timing event=fast_launch_begin elapsed_ms=207 scene=inactive
2026-07-05 02:54:17.051 Atria[8544:1363982] ATRIADBG session_store_load cold_sessions=0 cold_bytes=2
2026-07-05 02:54:25.510 Atria[8544:1363989] ATRIADBG notifyState ch=2A19 notifying=1 err=nil
2026-07-05 02:54:26.919 Atria[8544:1363974] ATRIADBG max_hr_suggestion_rollup status=none reason=session_cache observed_peak=0 current_max_hr=189
2026-07-05 02:54:26.919 Atria[8544:1363974] ATRIADBG session_store_reconcile status=merged reason=fast_launch sessions=162
2026-07-05 02:54:26.919 Atria[8544:1363974] ATRIADBG launch_timing event=fast_launch_complete elapsed_ms=11327 scene=inactive
2026-07-05 02:54:26.919 Atria[8544:1363974] ATRIADBG notification_skip kind=health_deviation reason=no_two_day_deviation
2026-07-05 02:54:26.924 Atria[8544:1363974] ATRIADBG launch_timing event=deferred_launch_begin elapsed_ms=11331 scene=inactive
2026-07-05 02:54:26.927 Atria[8544:1363974] ATRIADBG ble_frame_logging enabled=1 reason=launch_arg
2026-07-05 02:54:26.927 Atria[8544:1363974] ATRIADBG launch_timing event=deferred_launch_complete elapsed_ms=11335 scene=inactive
2026-07-05 02:54:26.928 Atria[8544:1363974] ATRIADBG standardHR payload=103a1204 hr=58 rrnum=1 truncated=0 rr_ms=1018 suppressed_since_last=0
2026-07-05 02:54:26.929 Atria[8544:1363974] ATRIADBG rr source=0x2A37 hr=58 rrnum=1 decoded=1 total_decoded=1 truncated=0 hr_mismatch=0 implied_bpm=59 values=1018
2026-07-05 02:54:26.929 Atria[8544:1363974] ATRIADBG rr_quality source=2a37 state=learning fraction=1.000 rr_frames=1 total_frames=1 max_rr_gap_s=0.0 frame_max_rr_gap_s=0.0 beat_timeline=1 window_s=0 hrv_state=learning rr_source_2a37_values=1 rr_source_0x28_decoded_values=0 rr_source_0x28_used_values=0
2026-07-05 02:54:26.944 Atria[8544:1363974] ATRIADBG session_store_finish_checkpoint stage=before_rollup_refresh sessions=162 elapsed_ms=1453
2026-07-05 02:54:26.944 Atria[8544:1363974] ATRIADBG session_store_finish_checkpoint stage=pre_snapshot_rollup_persist sessions=162 metrics=11 elapsed_ms=1453
2026-07-05 02:54:27.112 Atria[8544:1363974] ATRIADBG daily_rollup_persist_summary entries=11 respiratory_rows=10 rr_session_candidates=49 sessions=162
2026-07-05 02:54:27.113 Atria[8544:1363974] ATRIADBG max_hr_suggestion_rollup status=none reason=daily_rollup observed_peak=0 current_max_hr=189
2026-07-05 02:54:27.113 Atria[8544:1363974] ATRIADBG morning_summary_skip reason=outside_window local_minutes=174
2026-07-05 02:54:27.113 Atria[8544:1363974] ATRIADBG session_store_finish_checkpoint stage=after_rollup_refresh sessions=162 elapsed_ms=1453
2026-07-05 02:54:27.116 Atria[8544:1363992] ATRIADBG daily_rollup_store_save status=ok rows=11 bytes=5072 path=daily-rollups.json
2026-07-05 02:54:27.119 Atria[8544:1363992] ATRIADBG daily_rollup_store_save status=ok rows=11 bytes=5072 path=daily-rollups.json
2026-07-05 02:54:27.123 Atria[8544:1363992] ATRIADBG daily_rollup_store_save status=ok rows=11 bytes=5072 path=daily-rollups.json
2026-07-05 02:54:27.126 Atria[8544:1363992] ATRIADBG daily_rollup_store_save status=ok rows=11 bytes=5072 path=daily-rollups.json
2026-07-05 02:54:27.129 Atria[8544:1363992] ATRIADBG daily_rollup_store_save status=ok rows=11 bytes=5072 path=daily-rollups.json
2026-07-05 02:54:27.132 Atria[8544:1363992] ATRIADBG daily_rollup_store_save status=ok rows=11 bytes=5072 path=daily-rollups.json
2026-07-05 02:54:27.135 Atria[8544:1363992] ATRIADBG daily_rollup_store_save status=ok rows=11 bytes=5072 path=daily-rollups.json
2026-07-05 02:54:27.138 Atria[8544:1363992] ATRIADBG daily_rollup_store_save status=ok rows=11 bytes=5072 path=daily-rollups.json
2026-07-05 02:54:27.141 Atria[8544:1363992] ATRIADBG daily_rollup_store_save status=ok rows=11 bytes=5072 path=daily-rollups.json
2026-07-05 02:54:27.146 Atria[8544:1363992] ATRIADBG daily_rollup_store_save status=ok rows=11 bytes=5072 path=daily-rollups.json
2026-07-05 02:54:27.149 Atria[8544:1363992] ATRIADBG daily_rollup_store_save status=ok rows=11 bytes=5072 path=daily-rollups.json
2026-07-05 02:54:27.212 Atria[8544:1363974] ATRIADBG sleep_stage_backfill_record status=updated source=deferred_session_load sleep_source=manual_sleep samples=10874 segments=1 covered_s=28800 non_awake_s=0 sleep_s=28800
2026-07-05 02:54:27.214 Atria[8544:1363974] ATRIADBG duty_cycle sleep_window_start_min=1413 sleep_window_end_min=678 source=confirmed_sleeps n=4
2026-07-05 02:54:27.214 Atria[8544:1363974] ATRIADBG sleep_stage_backfill status=updated source=deferred_session_load records=1 total_segments=135 policy=hr_samples_labeled_estimate
2026-07-05 02:54:28.844 Atria[8544:1363989] ATRIADBG session_store_save status=ok op=session_reconcile_fast_launch sessions=162 bytes=12861151
2026-07-05 02:54:29.639 Atria[8544:1363974] ATRIADBG sleep_auto_confirm status=skipped reason=already_saved_or_overlapping source=deferred_session_load candidates=2
2026-07-05 02:54:30.705 Atria[8544:1363974] ATRIADBG session_store_load status=ok sessions=162 pruned_short_long_wear_fragments=0 baseline_rebuilt=0 elapsed_ms=1453
2026-07-05 02:54:30.705 Atria[8544:1363974] ATRIADBG model_gate status=assume_4_class reason=proprietary_service service=61080001-8D6D-82B8-614A-1C8CB0F8DCC6
2026-07-05 02:54:30.707 Atria[8544:1363974] ATRIADBG radio_low_traffic status=ready mode=standard_hr_only custom_notify_skipped=0 custom_notify_enabled=0 tx_skipped=1 realtime_start_skipped=0 reason=standard_hr_only
2026-07-05 02:54:30.707 Atria[8544:1363974] ATRIADBG radio_low_traffic status=ready mode=standard_hr_only custom_notify_skipped=1 custom_notify_enabled=0 tx_skipped=1 realtime_start_skipped=0 reason=standard_hr_only
2026-07-05 02:54:30.708 Atria[8544:1363974] ATRIADBG radio_low_traffic status=ready mode=standard_hr_only custom_notify_skipped=2 custom_notify_enabled=0 tx_skipped=1 realtime_start_skipped=0 reason=standard_hr_only
2026-07-05 02:54:30.708 Atria[8544:1363974] ATRIADBG radio_low_traffic status=ready mode=standard_hr_only custom_notify_skipped=3 custom_notify_enabled=0 tx_skipped=1 realtime_start_skipped=0 reason=standard_hr_only
2026-07-05 02:54:30.709 Atria[8544:1363974] ATRIADBG radio_low_traffic status=ready mode=standard_hr_only custom_notify_skipped=4 custom_notify_enabled=0 tx_skipped=1 realtime_start_skipped=0 reason=standard_hr_only
2026-07-05 02:54:30.709 Atria[8544:1363974] ATRIADBG radio_low_traffic status=ready mode=standard_hr_only custom_notify_skipped=4 custom_notify_enabled=0 tx_skipped=2 realtime_start_skipped=0 reason=standard_hr_only
2026-07-05 02:54:30.710 Atria[8544:1363974] ATRIADBG radio_low_traffic status=ready mode=standard_hr_only custom_notify_skipped=5 custom_notify_enabled=0 tx_skipped=2 realtime_start_skipped=0 reason=standard_hr_only
2026-07-05 02:54:30.710 Atria[8544:1363974] ATRIADBG radio_low_traffic status=ready mode=standard_hr_only custom_notify_skipped=6 custom_notify_enabled=0 tx_skipped=2 realtime_start_skipped=0 reason=standard_hr_only
2026-07-05 02:54:30.710 Atria[8544:1363974] ATRIADBG radio_low_traffic status=ready mode=standard_hr_only custom_notify_skipped=7 custom_notify_enabled=0 tx_skipped=2 realtime_start_skipped=0 reason=standard_hr_only
2026-07-05 02:54:30.711 Atria[8544:1363974] ATRIADBG radio_low_traffic status=ready mode=standard_hr_only custom_notify_skipped=8 custom_notify_enabled=0 tx_skipped=2 realtime_start_skipped=0 reason=standard_hr_only
2026-07-05 02:54:30.711 Atria[8544:1363974] ATRIADBG notification_battery_drain_cycle status=cleared reason=above_threshold had_cycle=0
2026-07-05 02:54:30.711 Atria[8544:1363974] ATRIADBG notification_battery_decision level=71 source=live_2A19 age_s=0 usable=1 threshold=25 charge=levelOnly drop_recent=1
2026-07-05 02:54:30.711 Atria[8544:1363974] ATRIADBG notification_battery_maintenance status=evaluated reason=connection_trigger
2026-07-05 02:54:30.712 Atria[8544:1363974] ATRIADBG connection_diagnosis status=pending reason=connection_trigger title=Fit check needed delay_s=15
2026-07-05 02:54:30.712 Atria[8544:1363974] ATRIADBG notification_battery_drain_cycle status=cleared reason=above_threshold had_cycle=0
2026-07-05 02:54:30.712 Atria[8544:1363974] ATRIADBG notification_battery_decision level=71 source=live_2A19 age_s=0 usable=1 threshold=25 charge=levelOnly drop_recent=1
2026-07-05 02:54:30.712 Atria[8544:1363974] ATRIADBG notification_battery_maintenance status=evaluated reason=connection_trigger
2026-07-05 02:54:30.712 Atria[8544:1363974] ATRIADBG connection_diagnosis status=hidden reason=connection_trigger action=clear
2026-07-05 02:54:30.714 Atria[8544:1363974] ATRIADBG notification_cancel kind=actionable_connection reason=diagnosis_cleared_connection_trigger identifiers=atria.battery.low,atria.bluetooth.off,atria.fitcheck.needed
2026-07-05 02:54:31.407 Atria[8544:1363974] ATRIADBG workout_review_candidate status=review_worthy source=dashboard_revision candidate_source=stitched_observed_chunks id=1782831161-1782833976-stitched_observed_chunks observed_s=869 coverage=93 peak_over_rest=106 ready=1 strength_candidate=0 moderate_strength=0
2026-07-05 02:54:31.415 Atria[8544:1363974] ATRIADBG widget_snapshot status=ok reason=dashboard_revision schema=4 recovery=62 confidence=unverified hrv=personal_baseline strain=5.6 rhr=58 max_hr=189 battery=71 charge=levelOnly bytes=673 storage=app_group_userdefaults app_group=1 widget_target=1 complication_target=1
2026-07-05 02:54:31.415 Atria[8544:1363974] ATRIADBG widget_readiness status=ready storage=app_group_userdefaults app_group=1 widget_target=1 complication_target=1 action=verify_widget_on_device
2026-07-05 02:54:31.445 Atria[8544:1363974] ATRIADBG haptic_alert kind=recovery_ready phone_side=1 strap_write=0
2026-07-05 02:54:31.445 Atria[8544:1363974] ATRIADBG standardHR payload=1039de03 hr=57 rrnum=1 truncated=0 rr_ms=967 suppressed_since_last=0
2026-07-05 02:54:31.445 Atria[8544:1363974] ATRIADBG rr source=0x2A37 hr=57 rrnum=1 decoded=1 total_decoded=2 truncated=0 hr_mismatch=0 implied_bpm=62 values=967
2026-07-05 02:54:31.445 Atria[8544:1363974] ATRIADBG standardHR payload=1039bf03 hr=57 rrnum=1 truncated=0 rr_ms=937 suppressed_since_last=0
2026-07-05 02:54:31.445 Atria[8544:1363974] ATRIADBG rr source=0x2A37 hr=57 rrnum=1 decoded=1 total_decoded=3 truncated=0 hr_mismatch=0 implied_bpm=64 values=937
2026-07-05 02:54:31.445 Atria[8544:1363974] ATRIADBG standardHR payload=1039dc03 hr=57 rrnum=1 truncated=0 rr_ms=965 suppressed_since_last=0
2026-07-05 02:54:31.446 Atria[8544:1363974] ATRIADBG rr source=0x2A37 hr=57 rrnum=1 decoded=1 total_decoded=4 truncated=0 hr_mismatch=0 implied_bpm=62 values=965
2026-07-05 02:54:31.446 Atria[8544:1363974] ATRIADBG standardHR payload=103ae403 hr=58 rrnum=1 truncated=0 rr_ms=973 suppressed_since_last=0
2026-07-05 02:54:31.446 Atria[8544:1363974] ATRIADBG rr source=0x2A37 hr=58 rrnum=1 decoded=1 total_decoded=5 truncated=0 hr_mismatch=0 implied_bpm=62 values=973
2026-07-05 02:54:31.446 Atria[8544:1363974] ATRIADBG standardHR payload=103a9603 hr=58 rrnum=1 truncated=0 rr_ms=896 suppressed_since_last=0
2026-07-05 02:54:31.448 Atria[8544:1363974] ATRIADBG rr source=0x2A37 hr=58 rrnum=1 decoded=1 total_decoded=6 truncated=0 hr_mismatch=0 implied_bpm=67 values=896
2026-07-05 02:54:31.448 Atria[8544:1363974] ATRIADBG standardHR payload=103aa903 hr=58 rrnum=1 truncated=0 rr_ms=915 suppressed_since_last=0
2026-07-05 02:54:31.448 Atria[8544:1363974] ATRIADBG rr source=0x2A37 hr=58 rrnum=1 decoded=1 total_decoded=7 truncated=0 hr_mismatch=0 implied_bpm=66 values=915
2026-07-05 02:54:31.448 Atria[8544:1363974] ATRIADBG active_session_journal status=saved reason=standard_rr_batch samples=1 rr_values=1 duration_s=0 dirty=0 label=All-day wear
2026-07-05 02:54:31.448 Atria[8544:1363974] ATRIADBG notification_skip kind=health_deviation reason=no_two_day_deviation
2026-07-05 02:54:31.451 Atria[8544:1363974] ATRIADBG notification_skip kind=strap_charge reason=not_low_or_charging level=71 charging=0
2026-07-05 02:54:31.451 Atria[8544:1363974] ATRIADBG battery level=71 source=2A19 bytes=47 persisted=1
2026-07-05 02:54:31.451 Atria[8544:1363974] ATRIADBG standardHR payload=103aef03 hr=58 rrnum=1 truncated=0 rr_ms=983 suppressed_since_last=0
2026-07-05 02:54:31.451 Atria[8544:1363974] ATRIADBG rr source=0x2A37 hr=58 rrnum=1 decoded=1 total_decoded=8 truncated=0 hr_mismatch=0 implied_bpm=61 values=983
2026-07-05 02:54:31.451 Atria[8544:1363974] ATRIADBG standardHR payload=103b1204 hr=59 rrnum=1 truncated=0 rr_ms=1018 suppressed_since_last=0
2026-07-05 02:54:31.451 Atria[8544:1363974] ATRIADBG rr source=0x2A37 hr=59 rrnum=1 decoded=1 total_decoded=9 truncated=0 hr_mismatch=0 implied_bpm=59 values=1018
2026-07-05 02:54:31.451 Atria[8544:1363974] ATRIADBG standardHR payload=103bc003 hr=59 rrnum=1 truncated=0 rr_ms=938 suppressed_since_last=0
2026-07-05 02:54:31.451 Atria[8544:1363974] ATRIADBG rr source=0x2A37 hr=59 rrnum=1 decoded=1 total_decoded=10 truncated=0 hr_mismatch=0 implied_bpm=64 values=938
2026-07-05 02:54:31.456 Atria[8544:1363974] ATRIADBG scene_phase phase=active reason=ui_did_become_active
2026-07-05 02:54:31.456 Atria[8544:1363974] ATRIADBG active_session_journal status=restore_skipped reason=live_session_active samples=10
2026-07-05 02:54:31.459 Atria[8544:1363974] ATRIADBG foreground_keepalive armed=1 reason=scene_active_restart silence_timeout_s=75 check_interval_s=20
2026-07-05 02:54:31.463 Atria[8544:1363974] ATRIADBG active_session_journal status=restore_skipped reason=live_session_active samples=10
2026-07-05 02:54:31.465 Atria[8544:1363974] ATRIADBG long_wear_supervisor schedule base_tick_s=3.0 checkpoint_s=60.0 diagnostic_s=15.0 auto_save_s=15.0 no_data_timeout_s=75.0 hr_continuity_timeout_s=6.0 rr_presence_timeout_s=90.0 accepted_hr_timeout_s=45.0 label=Long wear
2026-07-05 02:54:31.468 Atria[8544:1363974] ATRIADBG foreground_keepalive armed=1 reason=scene_active_foreground_restart silence_timeout_s=75 check_interval_s=20
2026-07-05 02:54:31.472 Atria[8544:1363974] ATRIADBG long_wear_mode enabled=1 reason=scene_active_foreground radio_mode=standard_hr_only supervisor=1 collection_profile=balanced cadence_multiplier=1.00 stale_timeout_multiplier=1.00 checkpoint_interval_s=60 live_workout_interval_s=15 workout_autosave_interval_s=15 no_data_timeout_s=75 no_data_check_interval_s=15 hr_continuity_timeout_s=6 supervisor_base_tick_s=3 accepted_hr_timeout_s=45 disconnect_reconnect_policy=staged_read_reassert_then_fresh_scan label=Long wear rest_hr=58 max_hr=189
2026-07-05 02:54:31.472 Atria[8544:1363974] ATRIADBG ble_notify_reassert status=reset_requested reason=scene_active notifying_before=1 streak=1
2026-07-05 02:54:31.472 Atria[8544:1363974] ATRIADBG ble_notify_reassert status=requested reason=scene_active source=foreground_return action=keep_connection
2026-07-05 02:54:31.472 Atria[8544:1363974] ATRIADBG radio_mode mode=standard_hr_only persist=0 reconnect=0 reason=scene_active_interactive action=preserve_rr_sleep_window window=21_11
2026-07-05 02:54:31.472 Atria[8544:1363974] ATRIADBG ble_notify_reassert status=reset_paced reason=scene_active_interactive_rr_sleep_window since_last_s=0
2026-07-05 02:54:31.472 Atria[8544:1363974] ATRIADBG ble_notify_reassert status=requested reason=scene_active_interactive_rr_sleep_window source=foreground_return action=keep_connection
2026-07-05 02:54:31.552 Atria[8544:1363989] ATRIADBG session_store_save status=ok op=deferred_load_merge sessions=162 bytes=12861151
2026-07-05 02:54:31.571 Atria[8544:1363989] ATRIADBG session_store_save status=ok op=deferred_load_merge_cold sessions=0 bytes=2
2026-07-05 02:54:32.492 Atria[8544:1363989] ATRIADBG notifyState ch=2A19 notifying=1 err=nil
2026-07-05 02:54:37.481 Atria[8544:1364081] ATRIADBG notifyState ch=2A37 notifying=1 err=nil
2026-07-05 02:54:38.479 Atria[8544:1363989] ATRIADBG notifyState ch=2A37 notifying=1 err=nil
2026-07-05 02:54:39.476 Atria[8544:1363981] ATRIADBG notifyState ch=2A37 notifying=0 err=nil
2026-07-05 02:54:41.469 Atria[8544:1363989] ATRIADBG notifyState ch=2A37 notifying=1 err=nil
HARNESS_CAPTURE_TIMEOUT seconds=30 launch_seen=1 action=stop_devicectl_console
App terminated due to signal 2.
ATRIADBG_SUMMARY_START
notify_61080005=False
realtime_start=False
cmd_response=False
frame_61080005=False
hrv_ready=False
capture_summary_ready=False
auto_capture_start=False
auto_capture_stop=False
gate_status_start=False
gate_status_complete=False
gate_readiness_complete=False
gate_status_deep_complete=False
healthkit_reference_audit_complete=False
healthkit_export_complete=False
healthkit_export_verify_complete=False
healthkit_export_authorization_pending_complete=False
healthkit_sleep_export_verify_complete=False
healthkit_sleep_export_deferred_complete=False
healthkit_reset_rebuild_complete=False
workout_confirm_complete=False
sleep_confirm_complete=False
post_healthkit_gate_status_complete=False
collection_health_complete=False
rr_reference_package_complete=False
hr_reference_package_complete=False
rr_reference_validation_complete=False
hr_reference_validation_complete=False
reference_inputs_clear_complete=False
workout_validation_complete=False
sleep_validation_complete=False
sleep_validation_fail_closed=False
backup_complete=False
backup_verify_complete=False
notification_schedule_complete=False
notification_delivery_complete=False
radio_low_traffic_complete=True
trend_summary_complete=False
trend_windows_complete=False
strain_validation_complete=False
widget_snapshot_complete=True
analytics_calibration_complete=False
analytics_calibration_status=
analytics_calibration_numeric_checks=
analytics_calibration_label_checks=
rr_frames=10
rr_values=10
rr_truncated_frames=0
rr_hr_mismatch_values=0
rr_source_2a37_frames=10
rr_source_2a37_values=10
rr_source_0x28_frames=0
rr_source_0x28_values=0
rr_source_0x28_used_frames=0
rr_source_0x28_used_values=0
standard_2a37_frames=10
standard_2a37_rr_frames=10
standard_2a37_rr_values=10
last_standard_2a37_payload=103bc003
last_standard_2a37_hr=59
last_standard_2a37_rrnum=1
last_standard_2a37_rr_ms=938
last_rr_quality_source=2a37
realtime_frames=0
realtime_rr_frames=0
realtime_rr_zero_frames=0
realtime_malformed_frames=0
realtime_truncated_rr_frames=0
realtime_restarts=0
realtime_reasserts=0
auto_capture_starts=0
auto_capture_stops=0
capture_aborts=0
capture_quality_resets=0
auto_capture_exhausted=0
last_realtime_hr=
last_realtime_rrnum=
last_realtime_rr_bytes=
last_realtime_payload_tail=
realtime_rr_fraction=
realtime_rr_percent=
realtime_zero_rr_tail_nonzero_frames=0
realtime_zero_rr_tail_valid_candidate_frames=0
last_rr_values=938
last_rr_implied_bpm=64
hrv_max_rr_gap_s=0.0
last_hrv_max_rr_gap_s=
first_realtime_elapsed_s=
first_rr_elapsed_s=11.3
rr_start_delay_s=
last_rr_elapsed_s=15.8
max_rr_log_gap_s=4.5
cmd_response_count=0
cmd_response_last_seq=
cmd_response_last_cmd=
cmd_response_last_status=
cmd_response_statuses=
history_clock_set_responses=0
history_clock_get_responses=0
history_clock_last_drift_s=
history_clock_last_stale=
frame_61080003_count=0
frame_61080004_count=0
frame_61080005_count=0
frame_61080007_count=0
frame_61080004_types=
frame_61080005_types=
frame_61080007_types=
metadata_0x31_frames=0
metadata_0x31_lengths=
metadata_0x31_body_hashes=
historical_2f_frames=0
historical_data_rows=0
historical_archive_rows=0
historical_archive_metric_usable=
historical_archive_current_usable=
historical_2f_candidate_rr_values=0
historical_2f_first_prefix=
historical_2f_last_prefix=
sensor_research_probe_rows=0
sensor_research_probe_spo2_candidate_frames=
sensor_research_probe_skin_temp_candidate_frames=
sensor_research_probe_last_model_generation=
sensor_research_probe_last_model_evidence=
model_gate_rows=1
model_gate_assume_4_class_rows=1
model_gate_metadata_explicit_rows=0
model_gate_last_status=assume_4_class
model_gate_last_model=
model_gate_last_reason=proprietary_service
model_gate_last_evidence=
sleep_motion_hint_count=0
sleep_motion_hint_kinds=
ATRIADBG_LINES=149
ATRIADBG_SUMMARY_END
HARNESS_LEAVE_RUNNING_ARGS=xcrun devicectl device process launch --device 3803F5B6-1666-56D3-A71A-62F131F6CE3B --terminate-existing com.adidshaft.atria
Launched application with com.adidshaft.atria bundle identifier.
HARNESS_LEAVE_RUNNING status=launched mode=normal_end_user
