HARNESS_LAUNCH_ARGS=xcrun devicectl --log-output logs/20260703-aggregate-archive-index-smoke.log.devicectl.log device process launch --device 3803F5B6-1666-56D3-A71A-62F131F6CE3B --terminate-existing --console com.adidshaft.atria --atria-log-ble-frames
Launched application with com.adidshaft.atria bundle identifier.
Waiting for the application to terminate…
2026-07-03 20:10:39.827 Atria[1347:102083] ATRIADBG ble_restore peripherals=1
2026-07-03 20:10:39.829 Atria[1347:102075] ATRIADBG sleep_confirmed_migration status=updated records=1 reason=legacy_missing_stage_segments
2026-07-03 20:10:39.830 Atria[1347:102075] ATRIADBG max_hr_suggestion_rollup status=none reason=session_cache observed_peak=0 current_max_hr=189
2026-07-03 20:10:39.830 Atria[1347:102075] ATRIADBG max_hr_suggestion_rollup status=none reason=init observed_peak=0 current_max_hr=189
2026-07-03 20:10:39.869 Atria[1347:102075] -canOpenURL: failed for URL: "whoop://" - error: "The operation couldn’t be completed. (OSStatus error -10814.)"
2026-07-03 20:10:39.896 Atria[1347:102075] ATRIADBG notification_battery_drain_cycle status=cleared reason=above_threshold had_cycle=0
2026-07-03 20:10:39.896 Atria[1347:102075] ATRIADBG notification_battery_decision level=99 source=live_2A19_cached_charge age_s=0 usable=1 threshold=25 charge=notCharging drop_recent=1
2026-07-03 20:10:39.897 Atria[1347:102075] ATRIADBG notification_battery_maintenance status=evaluated reason=coexistence_risk
2026-07-03 20:10:39.897 Atria[1347:102075] ATRIADBG connection_diagnosis status=pending reason=coexistence_risk title=Strap disconnected delay_s=15
2026-07-03 20:10:39.897 Atria[1347:102075] ATRIADBG notification_battery_drain_cycle status=cleared reason=above_threshold had_cycle=0
2026-07-03 20:10:39.897 Atria[1347:102075] ATRIADBG notification_battery_decision level=99 source=live_2A19_cached_charge age_s=0 usable=1 threshold=25 charge=notCharging drop_recent=1
2026-07-03 20:10:39.897 Atria[1347:102075] ATRIADBG notification_battery_maintenance status=evaluated reason=connection_trigger
2026-07-03 20:10:39.898 Atria[1347:102075] ATRIADBG scene_phase phase=appear reason=content_on_appear
2026-07-03 20:10:39.898 Atria[1347:102075] ATRIADBG launch_timing event=on_appear elapsed_ms=83 scene=inactive
2026-07-03 20:10:39.935 Atria[1347:102075] ATRIADBG ble_restore status=reuse_restored reason=standard_hr_only peripherals=1
2026-07-03 20:10:39.935 Atria[1347:102075] ATRIADBG status_derived to=connected reason=event central=5 peripheral=2 saved=1 scanning=0
2026-07-03 20:10:39.935 Atria[1347:102075] ATRIADBG ble_restore status=connected name=ADIDSHAFT'S WHO
2026-07-03 20:10:39.935 Atria[1347:102075] ATRIADBG historical_archive_status reason=session_store_init exists=1 parse_ok=1 rows=168429 metric_usable=163586 current_usable=164764 metric_ready=1 fail_closed=0 status=Ready gate=Metric-ready detail=163586/168429 metric rows
2026-07-03 20:10:39.936 Atria[1347:102075] ATRIADBG workout_review_candidate status=none source=home_appear reason=no_candidate rest_hr=59 max_hr=189
2026-07-03 20:10:39.940 Atria[1347:102075] ATRIADBG hr_broadcast status=waiting state=0
2026-07-03 20:10:39.940 Atria[1347:102075] ATRIADBG hr_broadcast_ui enabled=1 persistent=1 workout=0 active=0 reason=home_appear
2026-07-03 20:10:39.941 Atria[1347:102075] ATRIADBG notification_battery_drain_cycle status=cleared reason=above_threshold had_cycle=0
2026-07-03 20:10:39.941 Atria[1347:102075] ATRIADBG notification_battery_decision level=99 source=live_2A19_cached_charge age_s=0 usable=1 threshold=25 charge=notCharging drop_recent=1
2026-07-03 20:10:39.941 Atria[1347:102075] ATRIADBG notification_battery_maintenance status=evaluated reason=home_appear
2026-07-03 20:10:39.941 Atria[1347:102075] ATRIADBG home_launch_timing event=primary_ready elapsed_ms=4 status=disconnected tab=overview
2026-07-03 20:10:39.942 Atria[1347:102075] ATRIADBG notification_battery_drain_cycle status=cleared reason=above_threshold had_cycle=0
2026-07-03 20:10:39.942 Atria[1347:102075] ATRIADBG notification_battery_decision level=99 source=live_2A19_cached_charge age_s=0 usable=1 threshold=25 charge=notCharging drop_recent=1
2026-07-03 20:10:39.942 Atria[1347:102075] ATRIADBG notification_battery_maintenance status=evaluated reason=connection_trigger
2026-07-03 20:10:39.942 Atria[1347:102075] ATRIADBG workout_review_candidate status=none source=dashboard_revision reason=no_candidate rest_hr=59 max_hr=189
2026-07-03 20:10:39.944 Atria[1347:102075] ATRIADBG widget_snapshot status=ok reason=dashboard_revision schema=3 recovery=64 confidence=unverified hrv=learning strain=0.0 rhr=59 max_hr=189 battery=99 charge=levelOnly bytes=587 storage=app_group_userdefaults app_group=1 widget_target=1 complication_target=1
2026-07-03 20:10:39.944 Atria[1347:102075] ATRIADBG widget_readiness status=ready storage=app_group_userdefaults app_group=1 widget_target=1 complication_target=1 action=verify_widget_on_device
2026-07-03 20:10:39.967 Atria[1347:102075] ATRIADBG notification_battery_drain_cycle status=cleared reason=above_threshold had_cycle=0
2026-07-03 20:10:39.967 Atria[1347:102075] ATRIADBG notification_battery_decision level=99 source=live_2A19_cached_charge age_s=0 usable=1 threshold=25 charge=notCharging drop_recent=1
2026-07-03 20:10:39.967 Atria[1347:102075] ATRIADBG notification_battery_maintenance status=evaluated reason=coexistence_risk
2026-07-03 20:10:39.967 Atria[1347:102075] ATRIADBG connection_diagnosis status=pending reason=coexistence_risk title=Fit check needed delay_s=15
2026-07-03 20:10:39.967 Atria[1347:102075] ATRIADBG notification_battery_drain_cycle status=cleared reason=above_threshold had_cycle=0
2026-07-03 20:10:39.967 Atria[1347:102075] ATRIADBG notification_battery_decision level=99 source=live_2A19_cached_charge age_s=0 usable=1 threshold=25 charge=notCharging drop_recent=1
2026-07-03 20:10:39.967 Atria[1347:102075] ATRIADBG notification_battery_maintenance status=evaluated reason=connection_trigger
2026-07-03 20:10:39.975 Atria[1347:102075] ATRIADBG model_gate status=assume_4_class reason=proprietary_service service=61080001-8D6D-82B8-614A-1C8CB0F8DCC6
2026-07-03 20:10:39.975 Atria[1347:102075] ATRIADBG radio_low_traffic status=learning mode=standard_hr_only custom_notify_skipped=36 custom_notify_enabled=45 tx_skipped=9 realtime_start_skipped=6 reason=full_protocol
2026-07-03 20:10:39.976 Atria[1347:102075] ATRIADBG radio_low_traffic status=learning mode=standard_hr_only custom_notify_skipped=36 custom_notify_enabled=46 tx_skipped=9 realtime_start_skipped=6 reason=full_protocol
2026-07-03 20:10:39.976 Atria[1347:102075] ATRIADBG radio_low_traffic status=learning mode=standard_hr_only custom_notify_skipped=36 custom_notify_enabled=47 tx_skipped=9 realtime_start_skipped=6 reason=full_protocol
2026-07-03 20:10:39.977 Atria[1347:102075] ATRIADBG radio_low_traffic status=learning mode=standard_hr_only custom_notify_skipped=36 custom_notify_enabled=48 tx_skipped=9 realtime_start_skipped=6 reason=full_protocol
2026-07-03 20:10:39.977 Atria[1347:102075] ATRIADBG radio_low_traffic status=learning mode=standard_hr_only custom_notify_skipped=36 custom_notify_enabled=49 tx_skipped=9 realtime_start_skipped=6 reason=full_protocol
2026-07-03 20:10:39.978 Atria[1347:102075] ATRIADBG radio_low_traffic status=learning mode=standard_hr_only custom_notify_skipped=36 custom_notify_enabled=50 tx_skipped=9 realtime_start_skipped=6 reason=full_protocol
2026-07-03 20:10:39.978 Atria[1347:102075] ATRIADBG radio_low_traffic status=learning mode=standard_hr_only custom_notify_skipped=36 custom_notify_enabled=51 tx_skipped=9 realtime_start_skipped=6 reason=full_protocol
2026-07-03 20:10:39.978 Atria[1347:102075] ATRIADBG radio_low_traffic status=learning mode=standard_hr_only custom_notify_skipped=36 custom_notify_enabled=52 tx_skipped=9 realtime_start_skipped=6 reason=full_protocol
2026-07-03 20:10:39.980 Atria[1347:102075] ATRIADBG scene_phase phase=inactive reason=fast_launch_background
2026-07-03 20:10:39.980 Atria[1347:102075] ATRIADBG launch_timing event=fast_launch_begin elapsed_ms=165 scene=inactive
2026-07-03 20:10:40.190 Atria[1347:102086] ATRIADBG notifyState ch=61080003-8D6D-82B8-614A-1C8CB0F8DCC6 notifying=1 err=nil
2026-07-03 20:10:40.491 Atria[1347:102086] ATRIADBG notifyState ch=61080004-8D6D-82B8-614A-1C8CB0F8DCC6 notifying=1 err=nil
2026-07-03 20:10:40.641 Atria[1347:102086] ATRIADBG notifyState ch=61080005-8D6D-82B8-614A-1C8CB0F8DCC6 notifying=1 err=nil
2026-07-03 20:10:40.940 Atria[1347:102086] ATRIADBG notifyState ch=61080007-8D6D-82B8-614A-1C8CB0F8DCC6 notifying=1 err=nil
2026-07-03 20:10:41.240 Atria[1347:102086] ATRIADBG notifyState ch=2A37 notifying=1 err=nil
2026-07-03 20:10:41.690 Atria[1347:102086] ATRIADBG notifyState ch=2A19 notifying=1 err=nil
2026-07-03 20:10:41.749 Atria[1347:102083] ATRIADBG session_store_save status=ok op=prune_short_long_wear_fragments sessions=106 bytes=9172798
2026-07-03 20:10:42.142 Atria[1347:102083] ATRIADBG notifyState ch=61080003-8D6D-82B8-614A-1C8CB0F8DCC6 notifying=1 err=nil
2026-07-03 20:10:42.440 Atria[1347:102083] ATRIADBG notifyState ch=61080004-8D6D-82B8-614A-1C8CB0F8DCC6 notifying=1 err=nil
2026-07-03 20:10:42.741 Atria[1347:102083] ATRIADBG notifyState ch=61080005-8D6D-82B8-614A-1C8CB0F8DCC6 notifying=1 err=nil
2026-07-03 20:10:43.040 Atria[1347:102083] ATRIADBG notifyState ch=61080007-8D6D-82B8-614A-1C8CB0F8DCC6 notifying=1 err=nil
2026-07-03 20:10:43.491 Atria[1347:102083] ATRIADBG notifyState ch=2A37 notifying=1 err=nil
2026-07-03 20:10:43.941 Atria[1347:102083] ATRIADBG notifyState ch=2A19 notifying=1 err=nil
2026-07-03 20:10:47.940 Atria[1347:102075] ATRIADBG max_hr_suggestion_rollup status=none reason=session_cache observed_peak=0 current_max_hr=189
2026-07-03 20:10:47.940 Atria[1347:102075] ATRIADBG session_store_reconcile status=merged reason=fast_launch sessions=108
2026-07-03 20:10:47.940 Atria[1347:102075] ATRIADBG launch_timing event=fast_launch_complete elapsed_ms=8125 scene=inactive
2026-07-03 20:10:48.102 Atria[1347:102075] ATRIADBG daily_rollup_persist_summary entries=10 respiratory_rows=9 rr_session_candidates=37 sessions=108
2026-07-03 20:10:48.103 Atria[1347:102075] ATRIADBG max_hr_suggestion_rollup status=none reason=daily_rollup observed_peak=0 current_max_hr=189
2026-07-03 20:10:48.103 Atria[1347:102075] ATRIADBG morning_summary_skip reason=outside_window local_minutes=1210
2026-07-03 20:10:48.105 Atria[1347:102091] ATRIADBG daily_rollup_store_save status=ok rows=10 bytes=4442 path=daily-rollups.json
2026-07-03 20:10:48.107 Atria[1347:102091] ATRIADBG daily_rollup_store_save status=ok rows=10 bytes=4442 path=daily-rollups.json
2026-07-03 20:10:48.108 Atria[1347:102075] ATRIADBG rr_quality source=none state=learning fraction=0.000 rr_frames=0 total_frames=1 max_rr_gap_s=0.0 frame_max_rr_gap_s=0.0 beat_timeline=0 window_s=0 hrv_state=learning rr_source_2a37_values=0 rr_source_0x28_decoded_values=0 rr_source_0x28_used_values=0
2026-07-03 20:10:48.108 Atria[1347:102075] ATRIADBG launch_timing event=deferred_launch_begin elapsed_ms=8293 scene=inactive
2026-07-03 20:10:48.110 Atria[1347:102091] ATRIADBG daily_rollup_store_save status=ok rows=10 bytes=4442 path=daily-rollups.json
2026-07-03 20:10:48.111 Atria[1347:102091] ATRIADBG daily_rollup_store_save status=ok rows=10 bytes=4442 path=daily-rollups.json
2026-07-03 20:10:48.113 Atria[1347:102075] ATRIADBG ble_frame_logging enabled=1 reason=launch_arg
2026-07-03 20:10:48.113 Atria[1347:102075] ATRIADBG launch_timing event=deferred_launch_complete elapsed_ms=8298 scene=inactive
2026-07-03 20:10:48.113 Atria[1347:102075] ATRIADBG radio_low_traffic status=ready mode=standard_hr_only custom_notify_skipped=0 custom_notify_enabled=0 tx_skipped=0 realtime_start_skipped=1 reason=standard_hr_only
2026-07-03 20:10:48.113 Atria[1347:102075] ATRIADBG realtimeConfig standard_hr_only=1 realtime_start=skipped
2026-07-03 20:10:48.114 Atria[1347:102091] ATRIADBG daily_rollup_store_save status=ok rows=10 bytes=4442 path=daily-rollups.json
2026-07-03 20:10:48.116 Atria[1347:102091] ATRIADBG daily_rollup_store_save status=ok rows=10 bytes=4442 path=daily-rollups.json
2026-07-03 20:10:48.117 Atria[1347:102091] ATRIADBG daily_rollup_store_save status=ok rows=10 bytes=4442 path=daily-rollups.json
2026-07-03 20:10:48.119 Atria[1347:102091] ATRIADBG daily_rollup_store_save status=ok rows=10 bytes=4442 path=daily-rollups.json
2026-07-03 20:10:48.121 Atria[1347:102091] ATRIADBG daily_rollup_store_save status=ok rows=10 bytes=4442 path=daily-rollups.json
2026-07-03 20:10:48.123 Atria[1347:102091] ATRIADBG daily_rollup_store_save status=ok rows=10 bytes=4442 path=daily-rollups.json
2026-07-03 20:10:48.123 Atria[1347:102075] ATRIADBG session_store_finish_checkpoint stage=before_rollup_refresh sessions=108 elapsed_ms=1923
2026-07-03 20:10:48.123 Atria[1347:102075] ATRIADBG session_store_finish_checkpoint stage=pre_snapshot_rollup_persist sessions=108 metrics=10 elapsed_ms=1923
2026-07-03 20:10:48.276 Atria[1347:102075] ATRIADBG daily_rollup_persist_summary entries=10 respiratory_rows=9 rr_session_candidates=37 sessions=108
2026-07-03 20:10:48.277 Atria[1347:102075] ATRIADBG max_hr_suggestion_rollup status=none reason=daily_rollup observed_peak=0 current_max_hr=189
2026-07-03 20:10:48.277 Atria[1347:102075] ATRIADBG morning_summary_skip reason=outside_window local_minutes=1210
2026-07-03 20:10:48.279 Atria[1347:102083] ATRIADBG daily_rollup_store_save status=ok rows=10 bytes=4442 path=daily-rollups.json
2026-07-03 20:10:48.281 Atria[1347:102083] ATRIADBG daily_rollup_store_save status=ok rows=10 bytes=4442 path=daily-rollups.json
2026-07-03 20:10:48.283 Atria[1347:102083] ATRIADBG daily_rollup_store_save status=ok rows=10 bytes=4442 path=daily-rollups.json
2026-07-03 20:10:48.285 Atria[1347:102083] ATRIADBG daily_rollup_store_save status=ok rows=10 bytes=4442 path=daily-rollups.json
2026-07-03 20:10:48.287 Atria[1347:102083] ATRIADBG daily_rollup_store_save status=ok rows=10 bytes=4442 path=daily-rollups.json
2026-07-03 20:10:48.289 Atria[1347:102083] ATRIADBG daily_rollup_store_save status=ok rows=10 bytes=4442 path=daily-rollups.json
2026-07-03 20:10:48.291 Atria[1347:102083] ATRIADBG daily_rollup_store_save status=ok rows=10 bytes=4442 path=daily-rollups.json
2026-07-03 20:10:48.293 Atria[1347:102083] ATRIADBG daily_rollup_store_save status=ok rows=10 bytes=4442 path=daily-rollups.json
2026-07-03 20:10:48.295 Atria[1347:102083] ATRIADBG daily_rollup_store_save status=ok rows=10 bytes=4442 path=daily-rollups.json
2026-07-03 20:10:48.297 Atria[1347:102083] ATRIADBG daily_rollup_store_save status=ok rows=10 bytes=4442 path=daily-rollups.json
2026-07-03 20:10:48.652 Atria[1347:102089] ATRIADBG session_store_save status=ok op=session_reconcile_fast_launch sessions=108 bytes=9199146
2026-07-03 20:10:49.479 Atria[1347:102089] ATRIADBG session_store_save status=ok op=deferred_load_merge sessions=108 bytes=9199146
2026-07-03 20:10:50.837 Atria[1347:102075] ATRIADBG daily_rollup_persist_summary entries=10 respiratory_rows=9 rr_session_candidates=37 sessions=108
2026-07-03 20:10:50.837 Atria[1347:102075] ATRIADBG max_hr_suggestion_rollup status=none reason=daily_rollup observed_peak=0 current_max_hr=189
2026-07-03 20:10:50.837 Atria[1347:102075] ATRIADBG morning_summary_skip reason=outside_window local_minutes=1210
2026-07-03 20:10:50.837 Atria[1347:102075] ATRIADBG session_store_finish_checkpoint stage=after_rollup_refresh sessions=108 elapsed_ms=1923
2026-07-03 20:10:50.840 Atria[1347:102083] ATRIADBG daily_rollup_store_save status=ok rows=10 bytes=4442 path=daily-rollups.json
2026-07-03 20:10:50.843 Atria[1347:102083] ATRIADBG daily_rollup_store_save status=ok rows=10 bytes=4442 path=daily-rollups.json
2026-07-03 20:10:50.845 Atria[1347:102083] ATRIADBG daily_rollup_store_save status=ok rows=10 bytes=4442 path=daily-rollups.json
2026-07-03 20:10:50.847 Atria[1347:102083] ATRIADBG daily_rollup_store_save status=ok rows=10 bytes=4442 path=daily-rollups.json
2026-07-03 20:10:50.850 Atria[1347:102083] ATRIADBG daily_rollup_store_save status=ok rows=10 bytes=4442 path=daily-rollups.json
2026-07-03 20:10:50.852 Atria[1347:102083] ATRIADBG daily_rollup_store_save status=ok rows=10 bytes=4442 path=daily-rollups.json
2026-07-03 20:10:50.854 Atria[1347:102083] ATRIADBG daily_rollup_store_save status=ok rows=10 bytes=4442 path=daily-rollups.json
2026-07-03 20:10:50.857 Atria[1347:102083] ATRIADBG daily_rollup_store_save status=ok rows=10 bytes=4442 path=daily-rollups.json
2026-07-03 20:10:50.860 Atria[1347:102083] ATRIADBG daily_rollup_store_save status=ok rows=10 bytes=4442 path=daily-rollups.json
2026-07-03 20:10:50.863 Atria[1347:102083] ATRIADBG daily_rollup_store_save status=ok rows=10 bytes=4442 path=daily-rollups.json
2026-07-03 20:10:50.930 Atria[1347:102075] ATRIADBG sleep_stage_backfill_record status=updated source=deferred_session_load sleep_source=manual_sleep samples=10874 segments=1 covered_s=28800 non_awake_s=0 sleep_s=28800
2026-07-03 20:10:50.932 Atria[1347:102075] ATRIADBG sleep_stage_backfill status=updated source=deferred_session_load records=1 total_segments=85 policy=hr_samples_labeled_estimate
2026-07-03 20:10:51.654 Atria[1347:102075] ATRIADBG sleep_auto_confirm status=skipped reason=already_saved_or_overlapping source=deferred_session_load candidates=1
2026-07-03 20:10:51.896 Atria[1347:102075] ATRIADBG session_store_load status=ok sessions=108 pruned_short_long_wear_fragments=2 baseline_rebuilt=0 elapsed_ms=1923
2026-07-03 20:10:51.898 Atria[1347:102075] ATRIADBG battery level=99 source=2A19 bytes=63 persisted=1
2026-07-03 20:10:51.899 Atria[1347:102075] ATRIADBG radio_low_traffic status=ready mode=standard_hr_only custom_notify_skipped=0 custom_notify_enabled=0 tx_skipped=0 realtime_start_skipped=2 reason=standard_hr_only
2026-07-03 20:10:51.899 Atria[1347:102075] ATRIADBG realtimeConfig standard_hr_only=1 realtime_start=skipped
2026-07-03 20:10:51.900 Atria[1347:102075] ATRIADBG battery level=99 source=2A19 bytes=63 persisted=1
2026-07-03 20:10:51.901 Atria[1347:102075] ATRIADBG notification_battery_drain_cycle status=cleared reason=above_threshold had_cycle=0
2026-07-03 20:10:51.901 Atria[1347:102075] ATRIADBG notification_battery_decision level=99 source=live_2A19_cached_charge age_s=0 usable=1 threshold=25 charge=notCharging drop_recent=1
2026-07-03 20:10:51.901 Atria[1347:102075] ATRIADBG notification_battery_maintenance status=evaluated reason=connection_trigger
2026-07-03 20:10:51.902 Atria[1347:102075] ATRIADBG notification_battery_drain_cycle status=cleared reason=above_threshold had_cycle=0
2026-07-03 20:10:51.902 Atria[1347:102075] ATRIADBG notification_battery_decision level=99 source=live_2A19_cached_charge age_s=0 usable=1 threshold=25 charge=notCharging drop_recent=1
2026-07-03 20:10:51.902 Atria[1347:102075] ATRIADBG notification_battery_maintenance status=evaluated reason=connection_trigger
2026-07-03 20:10:51.902 Atria[1347:102075] ATRIADBG connection_diagnosis status=hidden reason=connection_trigger action=clear
2026-07-03 20:10:51.903 Atria[1347:102075] ATRIADBG notification_cancel kind=actionable_connection reason=diagnosis_cleared_connection_trigger identifiers=atria.battery.low,atria.bluetooth.off,atria.fitcheck.needed
2026-07-03 20:10:51.905 Atria[1347:102075] ATRIADBG widget_snapshot status=ok reason=dashboard_revision schema=3 recovery=50 confidence=unverified hrv=personal_baseline strain=9.3 rhr=59 max_hr=189 battery=99 charge=levelOnly bytes=643 storage=app_group_userdefaults app_group=1 widget_target=1 complication_target=1
2026-07-03 20:10:51.905 Atria[1347:102075] ATRIADBG widget_readiness status=ready storage=app_group_userdefaults app_group=1 widget_target=1 complication_target=1 action=verify_widget_on_device
2026-07-03 20:10:51.910 Atria[1347:102075] ATRIADBG haptic_alert kind=recovery_ready phone_side=1 strap_write=0
2026-07-03 20:10:51.916 Atria[1347:102075] ATRIADBG notification_battery_drain_cycle status=cleared reason=above_threshold had_cycle=0
2026-07-03 20:10:51.916 Atria[1347:102075] ATRIADBG notification_battery_decision level=99 source=live_2A19_cached_charge age_s=0 usable=1 threshold=25 charge=notCharging drop_recent=1
2026-07-03 20:10:51.916 Atria[1347:102075] ATRIADBG notification_battery_maintenance status=evaluated reason=connection_trigger
2026-07-03 20:10:51.916 Atria[1347:102075] ATRIADBG home_launch_timing event=secondary_ready elapsed_ms=11980 status=connected tab=overview
2026-07-03 20:10:51.920 Atria[1347:102075] ATRIADBG notification_skip kind=health_deviation reason=no_two_day_deviation
2026-07-03 20:10:51.920 Atria[1347:102075] ATRIADBG standardHR payload=1055bc03 hr=85 rrnum=1 truncated=0 rr_ms=934 suppressed_since_last=0
2026-07-03 20:10:51.922 Atria[1347:102075] ATRIADBG rr source=0x2A37 hr=85 rrnum=1 decoded=1 total_decoded=1 truncated=0 hr_mismatch=0 implied_bpm=64 values=934
2026-07-03 20:10:51.922 Atria[1347:102075] ATRIADBG standardHR payload=10554505 hr=85 rrnum=1 truncated=0 rr_ms=1317 suppressed_since_last=0
2026-07-03 20:10:51.922 Atria[1347:102075] ATRIADBG rr source=0x2A37 hr=85 rrnum=1 decoded=1 total_decoded=2 truncated=0 hr_mismatch=1 implied_bpm=46 values=1317
2026-07-03 20:10:51.922 Atria[1347:102075] ATRIADBG standardHR payload=10534501d102 hr=83 rrnum=2 truncated=0 rr_ms=317,704 suppressed_since_last=0
2026-07-03 20:10:51.922 Atria[1347:102075] ATRIADBG rr source=0x2A37 hr=83 rrnum=2 decoded=2 total_decoded=4 truncated=0 hr_mismatch=1 implied_bpm=189,85 values=317,704
2026-07-03 20:10:51.922 Atria[1347:102075] ATRIADBG standardHR payload=1053d902 hr=83 rrnum=1 truncated=0 rr_ms=712 suppressed_since_last=0
2026-07-03 20:10:51.922 Atria[1347:102075] ATRIADBG rr source=0x2A37 hr=83 rrnum=1 decoded=1 total_decoded=5 truncated=0 hr_mismatch=0 implied_bpm=84 values=712
2026-07-03 20:10:51.922 Atria[1347:102075] ATRIADBG standardHR payload=10525504 hr=82 rrnum=1 truncated=0 rr_ms=1083 suppressed_since_last=0
2026-07-03 20:10:51.922 Atria[1347:102075] ATRIADBG rr source=0x2A37 hr=82 rrnum=1 decoded=1 total_decoded=6 truncated=0 hr_mismatch=0 implied_bpm=55 values=1083
2026-07-03 20:10:51.922 Atria[1347:102075] ATRIADBG standardHR payload=10509d03 hr=80 rrnum=1 truncated=0 rr_ms=903 suppressed_since_last=0
2026-07-03 20:10:51.922 Atria[1347:102075] ATRIADBG rr source=0x2A37 hr=80 rrnum=1 decoded=1 total_decoded=7 truncated=0 hr_mismatch=0 implied_bpm=66 values=903
2026-07-03 20:10:51.922 Atria[1347:102075] ATRIADBG active_session_journal status=saved reason=first_accepted_hr_batch samples=1 rr_values=0 duration_s=0 dirty=0 label=All-day wear
2026-07-03 20:10:51.922 Atria[1347:102075] ATRIADBG notification_skip kind=health_deviation reason=no_two_day_deviation
2026-07-03 20:10:51.922 Atria[1347:102075] ATRIADBG notification_skip kind=health_deviation reason=no_two_day_deviation
2026-07-03 20:10:51.923 Atria[1347:102075] ATRIADBG notification_battery_drain_cycle status=cleared reason=above_threshold had_cycle=0
2026-07-03 20:10:51.923 Atria[1347:102075] ATRIADBG notification_battery_decision level=99 source=live_2A19_cached_charge age_s=0 usable=1 threshold=25 charge=notCharging drop_recent=1
2026-07-03 20:10:51.923 Atria[1347:102075] ATRIADBG notification_battery_maintenance status=evaluated reason=timer
2026-07-03 20:10:51.923 Atria[1347:102075] ATRIADBG standardHR payload=10508202 hr=80 rrnum=1 truncated=0 rr_ms=627 suppressed_since_last=0
2026-07-03 20:10:51.925 Atria[1347:102075] ATRIADBG rr source=0x2A37 hr=80 rrnum=1 decoded=1 total_decoded=8 truncated=0 hr_mismatch=0 implied_bpm=96 values=627
2026-07-03 20:10:51.925 Atria[1347:102075] ATRIADBG standardHR payload=10528c044501 hr=82 rrnum=2 truncated=0 rr_ms=1137,317 suppressed_since_last=0
2026-07-03 20:10:51.925 Atria[1347:102075] ATRIADBG rr source=0x2A37 hr=82 rrnum=2 decoded=2 total_decoded=10 truncated=0 hr_mismatch=1 implied_bpm=53,189 values=1137,317
2026-07-03 20:10:51.925 Atria[1347:102075] ATRIADBG rr_quality source=2a37 state=learning fraction=1.000 rr_frames=8 total_frames=8 max_rr_gap_s=1.0 frame_max_rr_gap_s=1.1 beat_timeline=1 window_s=7 hrv_state=learning rr_source_2a37_values=10 rr_source_0x28_decoded_values=7 rr_source_0x28_used_values=0
2026-07-03 20:10:51.929 Atria[1347:102075] ATRIADBG scene_phase phase=active reason=ui_did_become_active
2026-07-03 20:10:51.929 Atria[1347:102075] ATRIADBG active_session_journal status=restore_skipped reason=live_session_active samples=9
2026-07-03 20:10:51.932 Atria[1347:102075] ATRIADBG foreground_keepalive armed=1 reason=scene_active_restart silence_timeout_s=75 check_interval_s=20
2026-07-03 20:10:51.936 Atria[1347:102075] ATRIADBG active_session_journal status=restore_skipped reason=live_session_active samples=9
2026-07-03 20:10:51.937 Atria[1347:102075] ATRIADBG long_wear_supervisor schedule base_tick_s=3.0 checkpoint_s=60.0 diagnostic_s=15.0 auto_save_s=15.0 no_data_timeout_s=75.0 hr_continuity_timeout_s=6.0 rr_presence_timeout_s=90.0 accepted_hr_timeout_s=45.0 label=Long wear
2026-07-03 20:10:51.940 Atria[1347:102075] ATRIADBG foreground_keepalive armed=1 reason=scene_active_foreground_restart silence_timeout_s=75 check_interval_s=20
2026-07-03 20:10:51.943 Atria[1347:102075] ATRIADBG long_wear_mode enabled=1 reason=scene_active_foreground radio_mode=standard_hr_only supervisor=1 collection_profile=balanced cadence_multiplier=1.00 stale_timeout_multiplier=1.00 checkpoint_interval_s=60 live_workout_interval_s=15 workout_autosave_interval_s=15 no_data_timeout_s=75 no_data_check_interval_s=15 hr_continuity_timeout_s=6 supervisor_base_tick_s=3 accepted_hr_timeout_s=45 disconnect_reconnect_policy=staged_read_reassert_then_fresh_scan label=Long wear rest_hr=59 max_hr=189
2026-07-03 20:10:51.943 Atria[1347:102075] ATRIADBG ble_notify_reassert status=reset_requested reason=scene_active notifying_before=1
2026-07-03 20:10:51.943 Atria[1347:102075] ATRIADBG ble_notify_reassert status=requested reason=scene_active source=foreground_return action=keep_connection
2026-07-03 20:10:51.943 Atria[1347:102075] ATRIADBG radio_mode mode=full_protocol persist=0 reconnect=0 reason=scene_active_interactive
2026-07-03 20:10:51.944 Atria[1347:102075] ATRIADBG radio_mode full_protocol_discovery status=requested reason=scene_active_interactive action=keep_connection
2026-07-03 20:10:51.948 Atria[1347:102075] ATRIADBG notification_battery_drain_cycle status=cleared reason=above_threshold had_cycle=0
2026-07-03 20:10:51.948 Atria[1347:102075] ATRIADBG notification_battery_decision level=99 source=live_2A19_cached_charge age_s=0 usable=1 threshold=25 charge=notCharging drop_recent=1
2026-07-03 20:10:51.948 Atria[1347:102075] ATRIADBG notification_battery_maintenance status=evaluated reason=connection_trigger
2026-07-03 20:10:51.949 Atria[1347:102075] ATRIADBG widget_snapshot status=ok reason=scene_active schema=3 recovery=50 confidence=unverified hrv=personal_baseline strain=9.3 rhr=59 max_hr=189 battery=99 charge=levelOnly bytes=642 storage=app_group_userdefaults app_group=1 widget_target=1 complication_target=1
2026-07-03 20:10:51.949 Atria[1347:102075] ATRIADBG widget_readiness status=ready storage=app_group_userdefaults app_group=1 widget_target=1 complication_target=1 action=verify_widget_on_device
2026-07-03 20:10:51.949 Atria[1347:102075] -canOpenURL: failed for URL: "whoop://" - error: "The operation couldn’t be completed. (OSStatus error -10814.)"
2026-07-03 20:10:51.950 Atria[1347:102075] ATRIADBG scene_phase phase=active reason=scene_active
2026-07-03 20:10:51.950 Atria[1347:102075] ATRIADBG active_session_journal status=restore_skipped reason=live_session_active samples=9
2026-07-03 20:10:51.953 Atria[1347:102075] ATRIADBG foreground_keepalive armed=1 reason=scene_active_restart silence_timeout_s=75 check_interval_s=20
2026-07-03 20:10:51.956 Atria[1347:102075] ATRIADBG active_session_journal status=restore_skipped reason=live_session_active samples=9
2026-07-03 20:10:51.956 Atria[1347:102075] ATRIADBG long_wear_supervisor schedule base_tick_s=3.0 checkpoint_s=60.0 diagnostic_s=15.0 auto_save_s=15.0 no_data_timeout_s=75.0 hr_continuity_timeout_s=6.0 rr_presence_timeout_s=90.0 accepted_hr_timeout_s=45.0 label=Long wear
2026-07-03 20:10:51.958 Atria[1347:102075] ATRIADBG foreground_keepalive armed=1 reason=scene_active_foreground_restart silence_timeout_s=75 check_interval_s=20
2026-07-03 20:10:51.961 Atria[1347:102075] ATRIADBG long_wear_mode enabled=1 reason=scene_active_foreground radio_mode=full_protocol supervisor=1 collection_profile=balanced cadence_multiplier=1.00 stale_timeout_multiplier=1.00 checkpoint_interval_s=60 live_workout_interval_s=15 workout_autosave_interval_s=15 no_data_timeout_s=75 no_data_check_interval_s=15 hr_continuity_timeout_s=6 supervisor_base_tick_s=3 accepted_hr_timeout_s=45 disconnect_reconnect_policy=staged_read_reassert_then_fresh_scan label=Long wear rest_hr=59 max_hr=189
2026-07-03 20:10:51.961 Atria[1347:102075] ATRIADBG ble_notify_reassert status=reset_requested reason=scene_active notifying_before=1
2026-07-03 20:10:51.961 Atria[1347:102075] ATRIADBG ble_notify_reassert status=requested reason=scene_active source=foreground_return action=keep_connection
2026-07-03 20:10:51.965 Atria[1347:102075] ATRIADBG widget_snapshot status=ok reason=live_throttled schema=3 recovery=50 confidence=unverified hrv=personal_baseline strain=9.3 rhr=59 max_hr=189 battery=99 charge=levelOnly bytes=642 storage=app_group_userdefaults app_group=1 widget_target=1 complication_target=1
2026-07-03 20:10:51.965 Atria[1347:102075] ATRIADBG widget_readiness status=ready storage=app_group_userdefaults app_group=1 widget_target=1 complication_target=1 action=verify_widget_on_device
2026-07-03 20:10:51.965 Atria[1347:102075] ATRIADBG rr_quality source=mixed state=learning fraction=1.000 rr_frames=10 total_frames=10 max_rr_gap_s=2.7 frame_max_rr_gap_s=3.0 beat_timeline=1 window_s=11 hrv_state=learning rr_source_2a37_values=10 rr_source_0x28_decoded_values=17 rr_source_0x28_used_values=3
2026-07-03 20:10:51.965 Atria[1347:102075] ATRIADBG standardHR payload=1054c7024c01 hr=84 rrnum=2 truncated=0 rr_ms=694,324 suppressed_since_last=0
2026-07-03 20:10:51.965 Atria[1347:102075] ATRIADBG rr source=0x2A37 hr=84 rrnum=2 decoded=2 total_decoded=12 truncated=0 hr_mismatch=1 implied_bpm=86,185 values=694,324
2026-07-03 20:10:51.965 Atria[1347:102075] ATRIADBG standardHR payload=105545013003 hr=85 rrnum=2 truncated=0 rr_ms=317,797 suppressed_since_last=0
2026-07-03 20:10:51.965 Atria[1347:102075] ATRIADBG rr source=0x2A37 hr=85 rrnum=2 decoded=2 total_decoded=14 truncated=0 hr_mismatch=1 implied_bpm=189,75 values=317,797
2026-07-03 20:10:51.965 Atria[1347:102075] ATRIADBG standardHR payload=105653024501 hr=86 rrnum=2 truncated=0 rr_ms=581,317 suppressed_since_last=0
2026-07-03 20:10:51.965 Atria[1347:102075] ATRIADBG rr source=0x2A37 hr=86 rrnum=2 decoded=2 total_decoded=16 truncated=0 hr_mismatch=1 implied_bpm=103,189 values=581,317
2026-07-03 20:10:51.965 Atria[1347:102075] ATRIADBG standardHR payload=10569d02 hr=86 rrnum=1 truncated=0 rr_ms=653 suppressed_since_last=0
2026-07-03 20:10:51.965 Atria[1347:102075] ATRIADBG rr source=0x2A37 hr=86 rrnum=1 decoded=1 total_decoded=17 truncated=0 hr_mismatch=0 implied_bpm=92 values=653
2026-07-03 20:10:51.966 Atria[1347:102075] ATRIADBG hr_broadcast status=advertising name=Atria_HR
2026-07-03 20:10:51.966 Atria[1347:102075] ATRIADBG active_session_journal status=saved reason=foreground_keepalive_crash_safety samples=9 rr_values=10 duration_s=8 dirty=0 label=All-day wear
2026-07-03 20:10:51.969 Atria[1347:102075] ATRIADBG notification_battery_drain_cycle status=cleared reason=above_threshold had_cycle=0
2026-07-03 20:10:51.969 Atria[1347:102075] ATRIADBG notification_battery_decision level=99 source=live_2A19_cached_charge age_s=0 usable=1 threshold=25 charge=notCharging drop_recent=1
2026-07-03 20:10:51.969 Atria[1347:102075] ATRIADBG notification_battery_maintenance status=evaluated reason=connection_trigger
2026-07-03 20:10:52.192 Atria[1347:102263] ATRIADBG notifyState ch=2A37 notifying=0 err=nil
2026-07-03 20:10:52.303 Atria[1347:102075] ATRIADBG session_backup_status_deferred status=digest_mismatch reason=deferred_session_load elapsed_ms=4180 sessions=108
2026-07-03 20:10:52.492 Atria[1347:102210] ATRIADBG notifyState ch=2A37 notifying=1 err=nil
2026-07-03 20:10:52.555 Atria[1347:102075] ATRIADBG hr_broadcast status=sent bpm=85 rr=0
2026-07-03 20:10:52.641 Atria[1347:102075] ATRIADBG standardHR payload=1055a504 hr=85 rrnum=1 truncated=0 rr_ms=1161 suppressed_since_last=0
2026-07-03 20:10:52.642 Atria[1347:102210] ATRIADBG notifyState ch=2A37 notifying=0 err=nil
2026-07-03 20:10:52.645 Atria[1347:102075] ATRIADBG rr source=0x2A37 hr=85 rrnum=1 decoded=1 total_decoded=18 truncated=0 hr_mismatch=1 implied_bpm=52 values=1161
2026-07-03 20:10:52.866 Atria[1347:102263] ATRIADBG notifyState ch=2A37 notifying=1 err=nil
2026-07-03 20:10:52.868 Atria[1347:102075] ATRIADBG radio_low_traffic status=learning mode=full_protocol custom_notify_skipped=0 custom_notify_enabled=1 tx_skipped=0 realtime_start_skipped=2 reason=full_protocol
2026-07-03 20:10:52.868 Atria[1347:102075] ATRIADBG radio_low_traffic status=learning mode=full_protocol custom_notify_skipped=0 custom_notify_enabled=2 tx_skipped=0 realtime_start_skipped=2 reason=full_protocol
2026-07-03 20:10:52.868 Atria[1347:102075] ATRIADBG radio_low_traffic status=learning mode=full_protocol custom_notify_skipped=0 custom_notify_enabled=3 tx_skipped=0 realtime_start_skipped=2 reason=full_protocol
2026-07-03 20:10:52.869 Atria[1347:102075] ATRIADBG radio_low_traffic status=learning mode=full_protocol custom_notify_skipped=0 custom_notify_enabled=4 tx_skipped=0 realtime_start_skipped=2 reason=full_protocol
2026-07-03 20:10:53.016 Atria[1347:102210] ATRIADBG notifyState ch=61080003-8D6D-82B8-614A-1C8CB0F8DCC6 notifying=1 err=nil
2026-07-03 20:10:53.316 Atria[1347:102210] ATRIADBG notifyState ch=61080004-8D6D-82B8-614A-1C8CB0F8DCC6 notifying=1 err=nil
2026-07-03 20:10:53.316 Atria[1347:102075] ATRIADBG proprietary_arm_fallback status=arming reason=notify_pair_ready notify_count=2 stream5_confirmed=0 history_only=0
2026-07-03 20:10:53.475 Atria[1347:102075] ATRIADBG haptic_alert kind=strain_target strain=9.3 target=8.1 phone_side=1 strap_write=0
2026-07-03 20:10:53.616 Atria[1347:102091] ATRIADBG notifyState ch=61080005-8D6D-82B8-614A-1C8CB0F8DCC6 notifying=1 err=nil
2026-07-03 20:10:53.616 Atria[1347:102075] ATRIADBG standardHR payload=0054 hr=84 rrnum=0 truncated=0 rr_ms= suppressed_since_last=0
2026-07-03 20:10:53.916 Atria[1347:102091] ATRIADBG notifyState ch=61080007-8D6D-82B8-614A-1C8CB0F8DCC6 notifying=1 err=nil
2026-07-03 20:10:54.216 Atria[1347:102083] ATRIADBG notifyState ch=2A37 notifying=1 err=nil
2026-07-03 20:10:54.667 Atria[1347:102083] ATRIADBG notifyState ch=2A19 notifying=1 err=nil
2026-07-03 20:10:54.667 Atria[1347:102075] ATRIADBG standardHR payload=10546b02 hr=84 rrnum=1 truncated=0 rr_ms=604 suppressed_since_last=0
2026-07-03 20:10:54.667 Atria[1347:102075] ATRIADBG rr source=0x2A37 hr=84 rrnum=1 decoded=1 total_decoded=1 truncated=0 hr_mismatch=0 implied_bpm=99 values=604
2026-07-03 20:10:54.889 Atria[1347:102075] ATRIADBG notification_battery_drain_cycle status=cleared reason=above_threshold had_cycle=0
2026-07-03 20:10:54.889 Atria[1347:102075] ATRIADBG notification_battery_decision level=99 source=live_2A19_cached_charge age_s=0 usable=1 threshold=25 charge=notCharging drop_recent=1
2026-07-03 20:10:54.889 Atria[1347:102075] ATRIADBG notification_battery_maintenance status=evaluated reason=timer
2026-07-03 20:10:54.906 Atria[1347:102075] ATRIADBG widget_snapshot status=ok reason=dashboard_revision schema=3 recovery=50 confidence=unverified hrv=personal_baseline strain=9.3 rhr=59 max_hr=189 battery=99 charge=levelOnly bytes=643 storage=app_group_userdefaults app_group=1 widget_target=1 complication_target=1
2026-07-03 20:10:54.906 Atria[1347:102075] ATRIADBG widget_readiness status=ready storage=app_group_userdefaults app_group=1 widget_target=1 complication_target=1 action=verify_widget_on_device
2026-07-03 20:10:54.907 Atria[1347:102075] ATRIADBG hr_broadcast status=sent bpm=85 rr=0
2026-07-03 20:10:54.967 Atria[1347:102075] ATRIADBG battery level=99 source=2A19 bytes=63 persisted=1
2026-07-03 20:10:55.569 Atria[1347:102075] ATRIADBG standardHR payload=1054a305f602 hr=84 rrnum=2 truncated=0 rr_ms=1409,740 suppressed_since_last=0
2026-07-03 20:10:55.569 Atria[1347:102075] ATRIADBG rr source=0x2A37 hr=84 rrnum=2 decoded=2 total_decoded=3 truncated=0 hr_mismatch=1 implied_bpm=43,81 values=1409,740
2026-07-03 20:10:56.387 Atria[1347:102075] ATRIADBG send mode=wwr cmd=03 seq=0 to=61080002-8D6D-82B8-614A-1C8CB0F8DCC6 props=12 frame=aa0800a82300030199bce9cf
2026-07-03 20:10:56.617 Atria[1347:102075] ATRIADBG standardHR payload=0054 hr=84 rrnum=0 truncated=0 rr_ms= suppressed_since_last=0
2026-07-03 20:10:56.618 Atria[1347:102075] ATRIADBG frame ch=61080003 len=16 hex=aa0c00fc247c030002000000bfb34b1f
2026-07-03 20:10:56.618 Atria[1347:102075] ATRIADBG cmdResp ch=61080003-8D6D-82B8-614A-1C8CB0F8DCC6 payload=247c030002000000
2026-07-03 20:10:56.618 Atria[1347:102075] ATRIADBG frame ch=61080004 len=20 hex=aa100057303b2100f4c9476a20780000db5783dd
2026-07-03 20:10:56.621 Atria[1347:102075] ATRIADBG protocol_packet type=30 kind=event len=12 body=3b2100f4c9476a20780000 full=aa100057303b2100f4c9476a20780000db5783dd
2026-07-03 20:10:57.516 Atria[1347:102075] ATRIADBG standardHR payload=0055 hr=85 rrnum=0 truncated=0 rr_ms= suppressed_since_last=0
2026-07-03 20:10:57.517 Atria[1347:102075] ATRIADBG hr_broadcast status=sent bpm=84 rr=0
2026-07-03 20:10:58.416 Atria[1347:102075] ATRIADBG standardHR payload=0056 hr=86 rrnum=0 truncated=0 rr_ms= suppressed_since_last=0
2026-07-03 20:10:58.774 Atria[1347:102075] ATRIADBG daily_rollup_persist_summary entries=10 respiratory_rows=9 rr_session_candidates=37 sessions=108
2026-07-03 20:10:58.775 Atria[1347:102075] ATRIADBG max_hr_suggestion_rollup status=none reason=daily_rollup observed_peak=0 current_max_hr=189
2026-07-03 20:10:58.775 Atria[1347:102075] ATRIADBG morning_summary_skip reason=outside_window local_minutes=1210
2026-07-03 20:10:58.779 Atria[1347:102089] ATRIADBG daily_rollup_store_save status=ok rows=10 bytes=4442 path=daily-rollups.json
2026-07-03 20:10:58.779 Atria[1347:102075] ATRIADBG notification_skip kind=health_deviation reason=no_two_day_deviation
2026-07-03 20:10:58.782 Atria[1347:102089] ATRIADBG daily_rollup_store_save status=ok rows=10 bytes=4442 path=daily-rollups.json
2026-07-03 20:10:58.785 Atria[1347:102089] ATRIADBG daily_rollup_store_save status=ok rows=10 bytes=4442 path=daily-rollups.json
2026-07-03 20:10:58.788 Atria[1347:102089] ATRIADBG daily_rollup_store_save status=ok rows=10 bytes=4442 path=daily-rollups.json
2026-07-03 20:10:58.790 Atria[1347:102089] ATRIADBG daily_rollup_store_save status=ok rows=10 bytes=4442 path=daily-rollups.json
2026-07-03 20:10:58.793 Atria[1347:102089] ATRIADBG daily_rollup_store_save status=ok rows=10 bytes=4442 path=daily-rollups.json
2026-07-03 20:10:58.796 Atria[1347:102089] ATRIADBG daily_rollup_store_save status=ok rows=10 bytes=4442 path=daily-rollups.json
2026-07-03 20:10:58.799 Atria[1347:102089] ATRIADBG daily_rollup_store_save status=ok rows=10 bytes=4442 path=daily-rollups.json
2026-07-03 20:10:58.802 Atria[1347:102089] ATRIADBG daily_rollup_store_save status=ok rows=10 bytes=4442 path=daily-rollups.json
2026-07-03 20:10:58.805 Atria[1347:102089] ATRIADBG daily_rollup_store_save status=ok rows=10 bytes=4442 path=daily-rollups.json
2026-07-03 20:10:59.467 Atria[1347:102075] ATRIADBG standardHR payload=0056 hr=86 rrnum=0 truncated=0 rr_ms= suppressed_since_last=0
2026-07-03 20:10:59.893 Atria[1347:102075] ATRIADBG notification_battery_drain_cycle status=cleared reason=above_threshold had_cycle=0
2026-07-03 20:10:59.893 Atria[1347:102075] ATRIADBG notification_battery_decision level=99 source=live_2A19_cached_charge age_s=0 usable=1 threshold=25 charge=notCharging drop_recent=1
2026-07-03 20:10:59.893 Atria[1347:102075] ATRIADBG notification_battery_maintenance status=evaluated reason=timer
2026-07-03 20:11:00.367 Atria[1347:102075] ATRIADBG standardHR payload=0056 hr=86 rrnum=0 truncated=0 rr_ms= suppressed_since_last=0
2026-07-03 20:11:00.372 Atria[1347:102075] ATRIADBG hr_broadcast status=sent bpm=86 rr=0
2026-07-03 20:11:01.416 Atria[1347:102075] ATRIADBG standardHR payload=0057 hr=87 rrnum=0 truncated=0 rr_ms= suppressed_since_last=0
2026-07-03 20:11:02.316 Atria[1347:102075] ATRIADBG standardHR payload=0059 hr=89 rrnum=0 truncated=0 rr_ms= suppressed_since_last=0
2026-07-03 20:11:03.367 Atria[1347:102075] ATRIADBG standardHR payload=0059 hr=89 rrnum=0 truncated=0 rr_ms= suppressed_since_last=0
2026-07-03 20:11:03.375 Atria[1347:102075] ATRIADBG hr_broadcast status=sent bpm=87 rr=0
2026-07-03 20:11:04.267 Atria[1347:102075] ATRIADBG standardHR payload=005a hr=90 rrnum=0 truncated=0 rr_ms= suppressed_since_last=0
2026-07-03 20:11:04.891 Atria[1347:102075] ATRIADBG notification_battery_drain_cycle status=cleared reason=above_threshold had_cycle=0
2026-07-03 20:11:04.892 Atria[1347:102075] ATRIADBG notification_battery_decision level=99 source=live_2A19_cached_charge age_s=0 usable=1 threshold=25 charge=notCharging drop_recent=1
2026-07-03 20:11:04.892 Atria[1347:102075] ATRIADBG notification_battery_maintenance status=evaluated reason=timer
2026-07-03 20:11:05.167 Atria[1347:102075] ATRIADBG standardHR payload=0059 hr=89 rrnum=0 truncated=0 rr_ms= suppressed_since_last=0
2026-07-03 20:11:06.217 Atria[1347:102075] ATRIADBG standardHR payload=0059 hr=89 rrnum=0 truncated=0 rr_ms= suppressed_since_last=0
2026-07-03 20:11:06.225 Atria[1347:102075] ATRIADBG hr_broadcast status=sent bpm=89 rr=0
2026-07-03 20:11:07.116 Atria[1347:102075] ATRIADBG standardHR payload=0059 hr=89 rrnum=0 truncated=0 rr_ms= suppressed_since_last=0
2026-07-03 20:11:07.129 Atria[1347:102075] ATRIADBG widget_snapshot status=ok reason=live_bpm_delta schema=3 recovery=50 confidence=unverified hrv=personal_baseline strain=9.3 rhr=59 max_hr=189 battery=99 charge=levelOnly bytes=642 storage=app_group_userdefaults app_group=1 widget_target=1 complication_target=1
2026-07-03 20:11:07.130 Atria[1347:102075] ATRIADBG widget_readiness status=ready storage=app_group_userdefaults app_group=1 widget_target=1 complication_target=1 action=verify_widget_on_device
2026-07-03 20:11:08.167 Atria[1347:102075] ATRIADBG standardHR payload=005b hr=91 rrnum=0 truncated=0 rr_ms= suppressed_since_last=0
2026-07-03 20:11:09.067 Atria[1347:102075] ATRIADBG standardHR payload=005b hr=91 rrnum=0 truncated=0 rr_ms= suppressed_since_last=0
2026-07-03 20:11:09.893 Atria[1347:102075] ATRIADBG notification_battery_drain_cycle status=cleared reason=above_threshold had_cycle=0
2026-07-03 20:11:09.893 Atria[1347:102075] ATRIADBG notification_battery_decision level=99 source=live_2A19_cached_charge age_s=0 usable=1 threshold=25 charge=notCharging drop_recent=1
2026-07-03 20:11:09.893 Atria[1347:102075] ATRIADBG notification_battery_maintenance status=evaluated reason=timer
2026-07-03 20:11:09.967 Atria[1347:102075] ATRIADBG standardHR payload=005d hr=93 rrnum=0 truncated=0 rr_ms= suppressed_since_last=0
2026-07-03 20:11:11.018 Atria[1347:102075] ATRIADBG standardHR payload=005f hr=95 rrnum=0 truncated=0 rr_ms= suppressed_since_last=0
2026-07-03 20:11:11.917 Atria[1347:102075] ATRIADBG standardHR payload=0063 hr=99 rrnum=0 truncated=0 rr_ms= suppressed_since_last=0
2026-07-03 20:11:11.925 Atria[1347:102075] ATRIADBG hr_broadcast status=sent bpm=93 rr=0
2026-07-03 20:11:12.967 Atria[1347:102075] ATRIADBG standardHR payload=0064 hr=100 rrnum=0 truncated=0 rr_ms= suppressed_since_last=0
2026-07-03 20:11:13.867 Atria[1347:102075] ATRIADBG standardHR payload=0067 hr=103 rrnum=0 truncated=0 rr_ms= suppressed_since_last=0
2026-07-03 20:11:13.872 Atria[1347:102075] ATRIADBG hr_broadcast status=sent bpm=99 rr=0
2026-07-03 20:11:14.180 Atria[1347:102075] ATRIADBG haptic_alert kind=hr_zone from=Rest to=Warm-up bpm=99 max_hr=189 phone_side=1 strap_write=0
2026-07-03 20:11:14.767 Atria[1347:102075] ATRIADBG standardHR payload=0069 hr=105 rrnum=0 truncated=0 rr_ms= suppressed_since_last=0
2026-07-03 20:11:14.893 Atria[1347:102075] ATRIADBG notification_battery_drain_cycle status=cleared reason=above_threshold had_cycle=0
2026-07-03 20:11:14.893 Atria[1347:102075] ATRIADBG notification_battery_decision level=99 source=live_2A19_cached_charge age_s=0 usable=1 threshold=25 charge=notCharging drop_recent=1
2026-07-03 20:11:14.893 Atria[1347:102075] ATRIADBG notification_battery_maintenance status=evaluated reason=timer
2026-07-03 20:11:15.816 Atria[1347:102075] ATRIADBG standardHR payload=0069 hr=105 rrnum=0 truncated=0 rr_ms= suppressed_since_last=0
2026-07-03 20:11:15.824 Atria[1347:102075] ATRIADBG hr_broadcast status=sent bpm=103 rr=0
2026-07-03 20:11:16.720 Atria[1347:102075] ATRIADBG standardHR payload=0067 hr=103 rrnum=0 truncated=0 rr_ms= suppressed_since_last=0
2026-07-03 20:11:17.766 Atria[1347:102075] ATRIADBG standardHR payload=0065 hr=101 rrnum=0 truncated=0 rr_ms= suppressed_since_last=0
2026-07-03 20:11:18.667 Atria[1347:102075] ATRIADBG standardHR payload=0063 hr=99 rrnum=0 truncated=0 rr_ms= suppressed_since_last=0
2026-07-03 20:11:19.566 Atria[1347:102075] ATRIADBG standardHR payload=0060 hr=96 rrnum=0 truncated=0 rr_ms= suppressed_since_last=0
2026-07-03 20:11:19.892 Atria[1347:102075] ATRIADBG notification_battery_drain_cycle status=cleared reason=above_threshold had_cycle=0
2026-07-03 20:11:19.892 Atria[1347:102075] ATRIADBG notification_battery_decision level=99 source=live_2A19_cached_charge age_s=0 usable=1 threshold=25 charge=notCharging drop_recent=1
2026-07-03 20:11:19.892 Atria[1347:102075] ATRIADBG notification_battery_maintenance status=evaluated reason=timer
2026-07-03 20:11:20.617 Atria[1347:102075] ATRIADBG standardHR payload=005d hr=93 rrnum=0 truncated=0 rr_ms= suppressed_since_last=0
2026-07-03 20:11:20.625 Atria[1347:102075] ATRIADBG hr_broadcast status=sent bpm=99 rr=0
2026-07-03 20:11:21.517 Atria[1347:102075] ATRIADBG standardHR payload=005d hr=93 rrnum=0 truncated=0 rr_ms= suppressed_since_last=0
2026-07-03 20:11:22.567 Atria[1347:102075] ATRIADBG standardHR payload=005d hr=93 rrnum=0 truncated=0 rr_ms= suppressed_since_last=0
2026-07-03 20:11:22.575 Atria[1347:102075] ATRIADBG hr_broadcast status=sent bpm=93 rr=0
2026-07-03 20:11:22.577 Atria[1347:102075] ATRIADBG haptic_alert kind=hr_zone status=cooled_down from=Warm-up to=Rest bpm=93 max_hr=189 cooldown_s=30 phone_side=1 strap_write=0
2026-07-03 20:11:22.584 Atria[1347:102075] ATRIADBG widget_snapshot status=ok reason=live_bpm_delta schema=3 recovery=50 confidence=unverified hrv=personal_baseline strain=9.3 rhr=59 max_hr=189 battery=99 charge=levelOnly bytes=642 storage=app_group_userdefaults app_group=1 widget_target=1 complication_target=1
2026-07-03 20:11:22.584 Atria[1347:102075] ATRIADBG widget_readiness status=ready storage=app_group_userdefaults app_group=1 widget_target=1 complication_target=1 action=verify_widget_on_device
2026-07-03 20:11:23.467 Atria[1347:102075] ATRIADBG standardHR payload=005e hr=94 rrnum=0 truncated=0 rr_ms= suppressed_since_last=0
2026-07-03 20:11:24.516 Atria[1347:102075] ATRIADBG standardHR payload=005b hr=91 rrnum=0 truncated=0 rr_ms= suppressed_since_last=0
2026-07-03 20:11:24.893 Atria[1347:102075] ATRIADBG notification_battery_drain_cycle status=cleared reason=above_threshold had_cycle=0
2026-07-03 20:11:24.893 Atria[1347:102075] ATRIADBG notification_battery_decision level=99 source=live_2A19_cached_charge age_s=0 usable=1 threshold=25 charge=notCharging drop_recent=1
2026-07-03 20:11:24.893 Atria[1347:102075] ATRIADBG notification_battery_maintenance status=evaluated reason=timer
2026-07-03 20:11:25.420 Atria[1347:102075] ATRIADBG standardHR payload=0059 hr=89 rrnum=0 truncated=0 rr_ms= suppressed_since_last=0
2026-07-03 20:11:26.317 Atria[1347:102075] ATRIADBG standardHR payload=005a hr=90 rrnum=0 truncated=0 rr_ms= suppressed_since_last=0
2026-07-03 20:11:27.367 Atria[1347:102075] ATRIADBG standardHR payload=0058 hr=88 rrnum=0 truncated=0 rr_ms= suppressed_since_last=0
2026-07-03 20:11:28.266 Atria[1347:102075] ATRIADBG standardHR payload=0056 hr=86 rrnum=0 truncated=0 rr_ms= suppressed_since_last=0
2026-07-03 20:11:28.275 Atria[1347:102075] ATRIADBG hr_broadcast status=sent bpm=89 rr=0
2026-07-03 20:11:29.320 Atria[1347:102075] ATRIADBG standardHR payload=0054 hr=84 rrnum=0 truncated=0 rr_ms= suppressed_since_last=0
2026-07-03 20:11:29.893 Atria[1347:102075] ATRIADBG notification_battery_drain_cycle status=cleared reason=above_threshold had_cycle=0
2026-07-03 20:11:29.893 Atria[1347:102075] ATRIADBG notification_battery_decision level=99 source=live_2A19_cached_charge age_s=0 usable=1 threshold=25 charge=notCharging drop_recent=1
2026-07-03 20:11:29.893 Atria[1347:102075] ATRIADBG notification_battery_maintenance status=evaluated reason=timer
2026-07-03 20:11:30.367 Atria[1347:102075] ATRIADBG standardHR payload=0053 hr=83 rrnum=0 truncated=0 rr_ms= suppressed_since_last=0
2026-07-03 20:11:30.375 Atria[1347:102075] ATRIADBG hr_broadcast status=sent bpm=86 rr=0
2026-07-03 20:11:31.118 Atria[1347:102075] ATRIADBG standardHR payload=0051 hr=81 rrnum=0 truncated=0 rr_ms= suppressed_since_last=0
2026-07-03 20:11:32.167 Atria[1347:102075] ATRIADBG standardHR payload=0050 hr=80 rrnum=0 truncated=0 rr_ms= suppressed_since_last=0
2026-07-03 20:11:33.079 Atria[1347:102075] ATRIADBG standardHR payload=004f hr=79 rrnum=0 truncated=0 rr_ms= suppressed_since_last=0
2026-07-03 20:11:33.082 Atria[1347:102075] ATRIADBG hr_broadcast status=sent bpm=81 rr=0
2026-07-03 20:11:34.117 Atria[1347:102075] ATRIADBG standardHR payload=004f hr=79 rrnum=0 truncated=0 rr_ms= suppressed_since_last=0
2026-07-03 20:11:34.893 Atria[1347:102075] ATRIADBG notification_battery_drain_cycle status=cleared reason=above_threshold had_cycle=0
2026-07-03 20:11:34.893 Atria[1347:102075] ATRIADBG notification_battery_decision level=99 source=live_2A19_cached_charge age_s=0 usable=1 threshold=25 charge=notCharging drop_recent=1
2026-07-03 20:11:34.893 Atria[1347:102075] ATRIADBG notification_battery_maintenance status=evaluated reason=timer
2026-07-03 20:11:35.017 Atria[1347:102075] ATRIADBG standardHR payload=004e hr=78 rrnum=0 truncated=0 rr_ms= suppressed_since_last=0
2026-07-03 20:11:35.917 Atria[1347:102075] ATRIADBG standardHR payload=004e hr=78 rrnum=0 truncated=0 rr_ms= suppressed_since_last=0
2026-07-03 20:11:35.925 Atria[1347:102075] ATRIADBG hr_broadcast status=sent bpm=79 rr=0
2026-07-03 20:11:36.968 Atria[1347:102075] ATRIADBG standardHR payload=004e hr=78 rrnum=0 truncated=0 rr_ms= suppressed_since_last=0
2026-07-03 20:11:37.868 Atria[1347:102075] ATRIADBG standardHR payload=004e hr=78 rrnum=0 truncated=0 rr_ms= suppressed_since_last=0
2026-07-03 20:11:37.881 Atria[1347:102075] ATRIADBG widget_snapshot status=ok reason=live_bpm_delta schema=3 recovery=50 confidence=unverified hrv=personal_baseline strain=9.3 rhr=59 max_hr=189 battery=99 charge=levelOnly bytes=643 storage=app_group_userdefaults app_group=1 widget_target=1 complication_target=1
2026-07-03 20:11:37.881 Atria[1347:102075] ATRIADBG widget_readiness status=ready storage=app_group_userdefaults app_group=1 widget_target=1 complication_target=1 action=verify_widget_on_device
2026-07-03 20:11:38.918 Atria[1347:102075] ATRIADBG standardHR payload=004c hr=76 rrnum=0 truncated=0 rr_ms= suppressed_since_last=0
2026-07-03 20:11:38.926 Atria[1347:102075] ATRIADBG hr_broadcast status=sent bpm=78 rr=0
2026-07-03 20:11:39.817 Atria[1347:102075] ATRIADBG standardHR payload=004d hr=77 rrnum=0 truncated=0 rr_ms= suppressed_since_last=0
2026-07-03 20:11:39.892 Atria[1347:102075] ATRIADBG notification_battery_drain_cycle status=cleared reason=above_threshold had_cycle=0
2026-07-03 20:11:39.892 Atria[1347:102075] ATRIADBG notification_battery_decision level=99 source=live_2A19_cached_charge age_s=0 usable=1 threshold=25 charge=notCharging drop_recent=1
2026-07-03 20:11:39.892 Atria[1347:102075] ATRIADBG notification_battery_maintenance status=evaluated reason=timer
2026-07-03 20:11:40.717 Atria[1347:102075] ATRIADBG standardHR payload=004e hr=78 rrnum=0 truncated=0 rr_ms= suppressed_since_last=0
2026-07-03 20:11:41.767 Atria[1347:102075] ATRIADBG standardHR payload=004d hr=77 rrnum=0 truncated=0 rr_ms= suppressed_since_last=0
2026-07-03 20:11:41.775 Atria[1347:102075] ATRIADBG hr_broadcast status=sent bpm=77 rr=0
2026-07-03 20:11:42.668 Atria[1347:102075] ATRIADBG standardHR payload=004c hr=76 rrnum=0 truncated=0 rr_ms= suppressed_since_last=0
2026-07-03 20:11:43.868 Atria[1347:102075] ATRIADBG standardHR payload=004c hr=76 rrnum=0 truncated=0 rr_ms= suppressed_since_last=0
2026-07-03 20:11:44.617 Atria[1347:102075] ATRIADBG standardHR payload=004a hr=74 rrnum=0 truncated=0 rr_ms= suppressed_since_last=0
2026-07-03 20:11:44.893 Atria[1347:102075] ATRIADBG notification_battery_drain_cycle status=cleared reason=above_threshold had_cycle=0
2026-07-03 20:11:44.893 Atria[1347:102075] ATRIADBG notification_battery_decision level=99 source=live_2A19_cached_charge age_s=0 usable=1 threshold=25 charge=notCharging drop_recent=1
2026-07-03 20:11:44.893 Atria[1347:102075] ATRIADBG notification_battery_maintenance status=evaluated reason=timer
2026-07-03 20:11:45.668 Atria[1347:102075] ATRIADBG standardHR payload=0049 hr=73 rrnum=0 truncated=0 rr_ms= suppressed_since_last=0
2026-07-03 20:11:46.568 Atria[1347:102075] ATRIADBG standardHR payload=0047 hr=71 rrnum=0 truncated=0 rr_ms= suppressed_since_last=0
2026-07-03 20:11:46.576 Atria[1347:102075] ATRIADBG hr_broadcast status=sent bpm=74 rr=0
2026-07-03 20:11:47.467 Atria[1347:102075] ATRIADBG standardHR payload=0049 hr=73 rrnum=0 truncated=0 rr_ms= suppressed_since_last=0
2026-07-03 20:11:48.518 Atria[1347:102075] ATRIADBG standardHR payload=0048 hr=72 rrnum=0 truncated=0 rr_ms= suppressed_since_last=0
2026-07-03 20:11:49.418 Atria[1347:102075] ATRIADBG standardHR payload=0048 hr=72 rrnum=0 truncated=0 rr_ms= suppressed_since_last=0
2026-07-03 20:11:49.426 Atria[1347:102075] ATRIADBG hr_broadcast status=sent bpm=72 rr=0
2026-07-03 20:11:49.893 Atria[1347:102075] ATRIADBG notification_battery_drain_cycle status=cleared reason=above_threshold had_cycle=0
2026-07-03 20:11:49.893 Atria[1347:102075] ATRIADBG notification_battery_decision level=99 source=live_2A19_cached_charge age_s=0 usable=1 threshold=25 charge=notCharging drop_recent=1
2026-07-03 20:11:49.893 Atria[1347:102075] ATRIADBG notification_battery_maintenance status=evaluated reason=timer
2026-07-03 20:11:50.467 Atria[1347:102075] ATRIADBG standardHR payload=0048 hr=72 rrnum=0 truncated=0 rr_ms= suppressed_since_last=0
2026-07-03 20:11:51.368 Atria[1347:102075] ATRIADBG standardHR payload=0048 hr=72 rrnum=0 truncated=0 rr_ms= suppressed_since_last=0
2026-07-03 20:11:52.029 Atria[1347:102075] ATRIADBG active_session_journal status=saved reason=foreground_keepalive_crash_safety samples=75 rr_values=24 duration_s=71 dirty=0 label=Long wear
2026-07-03 20:11:52.267 Atria[1347:102075] ATRIADBG standardHR payload=004a hr=74 rrnum=0 truncated=0 rr_ms= suppressed_since_last=0
2026-07-03 20:11:52.882 Atria[1347:102075] ATRIADBG widget_snapshot status=ok reason=live_bpm_delta schema=3 recovery=50 confidence=unverified hrv=personal_baseline strain=9.3 rhr=59 max_hr=189 battery=99 charge=levelOnly bytes=643 storage=app_group_userdefaults app_group=1 widget_target=1 complication_target=1
2026-07-03 20:11:52.882 Atria[1347:102075] ATRIADBG widget_readiness status=ready storage=app_group_userdefaults app_group=1 widget_target=1 complication_target=1 action=verify_widget_on_device
2026-07-03 20:11:53.318 Atria[1347:102075] ATRIADBG standardHR payload=004c hr=76 rrnum=0 truncated=0 rr_ms= suppressed_since_last=0
2026-07-03 20:11:54.218 Atria[1347:102075] ATRIADBG standardHR payload=004d hr=77 rrnum=0 truncated=0 rr_ms= suppressed_since_last=0
HARNESS_CAPTURE_TIMEOUT seconds=75 launch_seen=1 action=stop_devicectl_console
2026-07-03 20:11:54.892 Atria[1347:102075] ATRIADBG notification_battery_drain_cycle status=cleared reason=above_threshold had_cycle=0
2026-07-03 20:11:54.892 Atria[1347:102075] ATRIADBG notification_battery_decision level=99 source=live_2A19_cached_charge age_s=0 usable=1 threshold=25 charge=notCharging drop_recent=1
2026-07-03 20:11:54.892 Atria[1347:102075] ATRIADBG notification_battery_maintenance status=evaluated reason=timer
App terminated due to signal 2.
ATRIADBG_SUMMARY_START
notify_61080005=True
realtime_start=True
cmd_response=True
frame_61080005=False
hrv_ready=False
capture_summary_ready=False
auto_capture_start=False
auto_capture_stop=False
gate_status_start=False
gate_status_complete=False
gate_readiness_complete=False
gate_status_deep_complete=False
healthkit_reference_audit_complete=False
healthkit_export_complete=False
healthkit_export_verify_complete=False
healthkit_export_authorization_pending_complete=False
healthkit_sleep_export_verify_complete=False
healthkit_sleep_export_deferred_complete=False
healthkit_reset_rebuild_complete=False
workout_confirm_complete=False
sleep_confirm_complete=False
post_healthkit_gate_status_complete=False
collection_health_complete=False
rr_reference_package_complete=False
hr_reference_package_complete=False
rr_reference_validation_complete=False
hr_reference_validation_complete=False
reference_inputs_clear_complete=False
workout_validation_complete=False
sleep_validation_complete=False
sleep_validation_fail_closed=False
backup_complete=False
backup_verify_complete=False
notification_schedule_complete=False
notification_delivery_complete=False
radio_low_traffic_complete=True
trend_summary_complete=False
trend_windows_complete=False
strain_validation_complete=False
widget_snapshot_complete=True
analytics_calibration_complete=False
analytics_calibration_status=
analytics_calibration_numeric_checks=
analytics_calibration_label_checks=
rr_frames=15
rr_values=21
rr_truncated_frames=0
rr_hr_mismatch_values=8
rr_source_2a37_frames=15
rr_source_2a37_values=21
rr_source_0x28_frames=0
rr_source_0x28_values=0
rr_source_0x28_used_frames=0
rr_source_0x28_used_values=0
standard_2a37_frames=77
standard_2a37_rr_frames=15
standard_2a37_rr_values=21
last_standard_2a37_payload=004d
last_standard_2a37_hr=77
last_standard_2a37_rrnum=0
last_standard_2a37_rr_ms=
last_rr_quality_source=mixed
realtime_frames=0
realtime_rr_frames=0
realtime_rr_zero_frames=0
realtime_malformed_frames=0
realtime_truncated_rr_frames=0
realtime_restarts=0
realtime_reasserts=0
auto_capture_starts=0
auto_capture_stops=0
capture_aborts=0
capture_quality_resets=0
auto_capture_exhausted=0
last_realtime_hr=
last_realtime_rrnum=
last_realtime_rr_bytes=
last_realtime_payload_tail=
realtime_rr_fraction=
realtime_rr_percent=
realtime_zero_rr_tail_nonzero_frames=0
realtime_zero_rr_tail_valid_candidate_frames=0
last_rr_values=1409,740
last_rr_implied_bpm=43,81
hrv_max_rr_gap_s=0.0
last_hrv_max_rr_gap_s=
first_realtime_elapsed_s=
first_rr_elapsed_s=12.1
rr_start_delay_s=
last_rr_elapsed_s=15.7
max_rr_log_gap_s=2.0
cmd_response_count=1
cmd_response_last_seq=124
cmd_response_last_cmd=0x03
cmd_response_last_status=0002000000
cmd_response_statuses=seq=124:cmd=0x03:status=0002000000
history_clock_set_responses=0
history_clock_get_responses=0
history_clock_last_drift_s=
history_clock_last_stale=
frame_61080003_count=1
frame_61080004_count=1
frame_61080005_count=0
frame_61080007_count=0
frame_61080004_types=0x30:1
frame_61080005_types=
frame_61080007_types=
metadata_0x31_frames=0
metadata_0x31_lengths=
metadata_0x31_body_hashes=
historical_2f_frames=0
historical_data_rows=0
historical_archive_rows=0
historical_archive_metric_usable=
historical_archive_current_usable=
historical_2f_candidate_rr_values=0
historical_2f_first_prefix=
historical_2f_last_prefix=
sensor_research_probe_rows=0
sensor_research_probe_spo2_candidate_frames=
sensor_research_probe_skin_temp_candidate_frames=
sensor_research_probe_last_model_generation=
sensor_research_probe_last_model_evidence=
model_gate_rows=1
model_gate_assume_4_class_rows=1
model_gate_metadata_explicit_rows=0
model_gate_last_status=assume_4_class
model_gate_last_model=
model_gate_last_reason=proprietary_service
model_gate_last_evidence=
sleep_motion_hint_count=0
sleep_motion_hint_kinds=
segment_0_label=initial
segment_0_raw=03
segment_0_frames=0
segment_0_rr_frames=0
segment_0_zero_frames=0
segment_0_rr_values=0
segment_0_rr_fraction=0.000
segment_0_rr_percent=0.0
segment_0_cmd_status=seq=124:cmd=0x03:status=0002000000
segment_0_frame_61080003_count=1
segment_0_frame_61080004_count=1
segment_0_frame_61080005_count=0
segment_0_frame_61080007_count=0
segment_0_frame_61080004_types=0x30:1
segment_0_frame_61080005_types=
segment_0_frame_61080007_types=
segment_0_historical_2f_frames=0
segment_0_historical_data_rows=0
segment_0_historical_archive_rows=0
segment_0_historical_2f_candidate_rr_values=0
segment_0_historical_2f_first_prefix=
segment_0_historical_2f_last_prefix=
segment_0_sleep_motion_hint_count=0
segment_0_sleep_motion_hint_kinds=
ATRIADBG_LINES=378
ATRIADBG_LOG=logs/20260703-aggregate-archive-index-smoke.log
ATRIADBG_SUMMARY_END
HARNESS_LEAVE_RUNNING_ARGS=xcrun devicectl device process launch --device 3803F5B6-1666-56D3-A71A-62F131F6CE3B --terminate-existing com.adidshaft.atria
Launched application with com.adidshaft.atria bundle identifier.
HARNESS_LEAVE_RUNNING status=launched mode=normal_end_user
