HARNESS_LAUNCH_ARGS=xcrun devicectl --log-output logs/20260703-live-classifier-fresh-packet-smoke.log.devicectl.log device process launch --device 3803F5B6-1666-56D3-A71A-62F131F6CE3B --terminate-existing --console com.adidshaft.atria --atria-log-ble-frames
Launched application with com.adidshaft.atria bundle identifier.
Waiting for the application to terminate…
2026-07-03 20:34:50.050 Atria[1392:112508] ATRIADBG ble_restore peripherals=1
2026-07-03 20:34:50.054 Atria[1392:112497] ATRIADBG sleep_confirmed_migration status=updated records=1 reason=legacy_missing_stage_segments
2026-07-03 20:34:50.055 Atria[1392:112497] ATRIADBG max_hr_suggestion_rollup status=none reason=session_cache observed_peak=0 current_max_hr=189
2026-07-03 20:34:50.055 Atria[1392:112497] ATRIADBG max_hr_suggestion_rollup status=none reason=init observed_peak=0 current_max_hr=189
2026-07-03 20:34:50.093 Atria[1392:112497] -canOpenURL: failed for URL: "whoop://" - error: "The operation couldn’t be completed. (OSStatus error -10814.)"
2026-07-03 20:34:50.122 Atria[1392:112497] ATRIADBG notification_battery_drain_cycle status=cleared reason=above_threshold had_cycle=0
2026-07-03 20:34:50.122 Atria[1392:112497] ATRIADBG notification_battery_decision level=99 source=live_2A19 age_s=0 usable=1 threshold=25 charge=levelOnly drop_recent=1
2026-07-03 20:34:50.122 Atria[1392:112497] ATRIADBG notification_battery_maintenance status=evaluated reason=coexistence_risk
2026-07-03 20:34:50.122 Atria[1392:112497] ATRIADBG connection_diagnosis status=pending reason=coexistence_risk title=Strap disconnected delay_s=15
2026-07-03 20:34:50.122 Atria[1392:112497] ATRIADBG notification_battery_drain_cycle status=cleared reason=above_threshold had_cycle=0
2026-07-03 20:34:50.123 Atria[1392:112497] ATRIADBG notification_battery_decision level=99 source=live_2A19 age_s=0 usable=1 threshold=25 charge=levelOnly drop_recent=1
2026-07-03 20:34:50.123 Atria[1392:112497] ATRIADBG notification_battery_maintenance status=evaluated reason=connection_trigger
2026-07-03 20:34:50.123 Atria[1392:112497] ATRIADBG scene_phase phase=appear reason=content_on_appear
2026-07-03 20:34:50.123 Atria[1392:112497] ATRIADBG launch_timing event=on_appear elapsed_ms=86 scene=inactive
2026-07-03 20:34:50.161 Atria[1392:112497] ATRIADBG ble_restore status=reuse_restored reason=standard_hr_only peripherals=1
2026-07-03 20:34:50.161 Atria[1392:112497] ATRIADBG status_derived to=connected reason=event central=5 peripheral=2 saved=1 scanning=0
2026-07-03 20:34:50.162 Atria[1392:112497] ATRIADBG ble_restore status=connected name=ADIDSHAFT'S WHO
2026-07-03 20:34:50.162 Atria[1392:112497] ATRIADBG historical_archive_status reason=session_store_init exists=1 parse_ok=1 rows=168429 metric_usable=163586 current_usable=164764 metric_ready=1 fail_closed=0 status=Ready gate=Metric-ready detail=163586/168429 metric rows
2026-07-03 20:34:50.162 Atria[1392:112497] ATRIADBG workout_review_candidate status=none source=home_appear reason=no_candidate rest_hr=59 max_hr=189
2026-07-03 20:34:50.166 Atria[1392:112497] ATRIADBG hr_broadcast status=waiting state=0
2026-07-03 20:34:50.166 Atria[1392:112497] ATRIADBG hr_broadcast_ui enabled=1 persistent=1 workout=0 active=0 reason=home_appear
2026-07-03 20:34:50.168 Atria[1392:112497] ATRIADBG notification_battery_drain_cycle status=cleared reason=above_threshold had_cycle=0
2026-07-03 20:34:50.168 Atria[1392:112497] ATRIADBG notification_battery_decision level=99 source=live_2A19 age_s=0 usable=1 threshold=25 charge=levelOnly drop_recent=1
2026-07-03 20:34:50.168 Atria[1392:112497] ATRIADBG notification_battery_maintenance status=evaluated reason=home_appear
2026-07-03 20:34:50.168 Atria[1392:112497] ATRIADBG home_launch_timing event=primary_ready elapsed_ms=5 status=disconnected tab=overview
2026-07-03 20:34:50.169 Atria[1392:112497] ATRIADBG notification_battery_drain_cycle status=cleared reason=above_threshold had_cycle=0
2026-07-03 20:34:50.169 Atria[1392:112497] ATRIADBG notification_battery_decision level=99 source=live_2A19 age_s=0 usable=1 threshold=25 charge=levelOnly drop_recent=1
2026-07-03 20:34:50.169 Atria[1392:112497] ATRIADBG notification_battery_maintenance status=evaluated reason=connection_trigger
2026-07-03 20:34:50.170 Atria[1392:112497] ATRIADBG workout_review_candidate status=none source=dashboard_revision reason=no_candidate rest_hr=59 max_hr=189
2026-07-03 20:34:50.171 Atria[1392:112497] ATRIADBG widget_snapshot status=ok reason=dashboard_revision schema=3 recovery=64 confidence=unverified hrv=learning strain=0.0 rhr=59 max_hr=189 battery=99 charge=levelOnly bytes=587 storage=app_group_userdefaults app_group=1 widget_target=1 complication_target=1
2026-07-03 20:34:50.171 Atria[1392:112497] ATRIADBG widget_readiness status=ready storage=app_group_userdefaults app_group=1 widget_target=1 complication_target=1 action=verify_widget_on_device
2026-07-03 20:34:50.195 Atria[1392:112497] ATRIADBG notification_battery_drain_cycle status=cleared reason=above_threshold had_cycle=0
2026-07-03 20:34:50.195 Atria[1392:112497] ATRIADBG notification_battery_decision level=99 source=live_2A19 age_s=0 usable=1 threshold=25 charge=levelOnly drop_recent=1
2026-07-03 20:34:50.195 Atria[1392:112497] ATRIADBG notification_battery_maintenance status=evaluated reason=coexistence_risk
2026-07-03 20:34:50.195 Atria[1392:112497] ATRIADBG connection_diagnosis status=pending reason=coexistence_risk title=Fit check needed delay_s=15
2026-07-03 20:34:50.195 Atria[1392:112497] ATRIADBG notification_battery_drain_cycle status=cleared reason=above_threshold had_cycle=0
2026-07-03 20:34:50.195 Atria[1392:112497] ATRIADBG notification_battery_decision level=99 source=live_2A19 age_s=0 usable=1 threshold=25 charge=levelOnly drop_recent=1
2026-07-03 20:34:50.195 Atria[1392:112497] ATRIADBG notification_battery_maintenance status=evaluated reason=connection_trigger
2026-07-03 20:34:50.203 Atria[1392:112497] ATRIADBG model_gate status=assume_4_class reason=proprietary_service service=61080001-8D6D-82B8-614A-1C8CB0F8DCC6
2026-07-03 20:34:50.204 Atria[1392:112497] ATRIADBG radio_low_traffic status=learning mode=standard_hr_only custom_notify_skipped=0 custom_notify_enabled=25 tx_skipped=0 realtime_start_skipped=4 reason=full_protocol
2026-07-03 20:34:50.205 Atria[1392:112497] ATRIADBG radio_low_traffic status=learning mode=standard_hr_only custom_notify_skipped=0 custom_notify_enabled=26 tx_skipped=0 realtime_start_skipped=4 reason=full_protocol
2026-07-03 20:34:50.205 Atria[1392:112497] ATRIADBG radio_low_traffic status=learning mode=standard_hr_only custom_notify_skipped=0 custom_notify_enabled=27 tx_skipped=0 realtime_start_skipped=4 reason=full_protocol
2026-07-03 20:34:50.206 Atria[1392:112497] ATRIADBG radio_low_traffic status=learning mode=standard_hr_only custom_notify_skipped=0 custom_notify_enabled=28 tx_skipped=0 realtime_start_skipped=4 reason=full_protocol
2026-07-03 20:34:50.206 Atria[1392:112497] ATRIADBG radio_low_traffic status=learning mode=standard_hr_only custom_notify_skipped=0 custom_notify_enabled=29 tx_skipped=0 realtime_start_skipped=4 reason=full_protocol
2026-07-03 20:34:50.207 Atria[1392:112497] ATRIADBG radio_low_traffic status=learning mode=standard_hr_only custom_notify_skipped=0 custom_notify_enabled=30 tx_skipped=0 realtime_start_skipped=4 reason=full_protocol
2026-07-03 20:34:50.207 Atria[1392:112497] ATRIADBG radio_low_traffic status=learning mode=standard_hr_only custom_notify_skipped=0 custom_notify_enabled=31 tx_skipped=0 realtime_start_skipped=4 reason=full_protocol
2026-07-03 20:34:50.208 Atria[1392:112497] ATRIADBG radio_low_traffic status=learning mode=standard_hr_only custom_notify_skipped=0 custom_notify_enabled=32 tx_skipped=0 realtime_start_skipped=4 reason=full_protocol
2026-07-03 20:34:50.211 Atria[1392:112497] ATRIADBG scene_phase phase=inactive reason=fast_launch_background
2026-07-03 20:34:50.211 Atria[1392:112497] ATRIADBG launch_timing event=fast_launch_begin elapsed_ms=174 scene=inactive
2026-07-03 20:34:50.358 Atria[1392:112512] ATRIADBG notifyState ch=61080003-8D6D-82B8-614A-1C8CB0F8DCC6 notifying=1 err=nil
2026-07-03 20:34:50.658 Atria[1392:112515] ATRIADBG notifyState ch=61080004-8D6D-82B8-614A-1C8CB0F8DCC6 notifying=1 err=nil
2026-07-03 20:34:50.810 Atria[1392:112512] ATRIADBG notifyState ch=61080005-8D6D-82B8-614A-1C8CB0F8DCC6 notifying=1 err=nil
2026-07-03 20:34:51.257 Atria[1392:112507] ATRIADBG notifyState ch=61080007-8D6D-82B8-614A-1C8CB0F8DCC6 notifying=1 err=nil
2026-07-03 20:34:51.558 Atria[1392:112507] ATRIADBG notifyState ch=2A37 notifying=1 err=nil
2026-07-03 20:34:51.882 Atria[1392:112508] ATRIADBG session_store_save status=ok op=prune_short_long_wear_fragments sessions=108 bytes=9221182
2026-07-03 20:34:52.009 Atria[1392:112508] ATRIADBG notifyState ch=2A19 notifying=1 err=nil
2026-07-03 20:34:52.609 Atria[1392:112508] ATRIADBG notifyState ch=61080003-8D6D-82B8-614A-1C8CB0F8DCC6 notifying=1 err=nil
2026-07-03 20:34:52.761 Atria[1392:112507] ATRIADBG notifyState ch=61080004-8D6D-82B8-614A-1C8CB0F8DCC6 notifying=1 err=nil
2026-07-03 20:34:53.058 Atria[1392:112507] ATRIADBG notifyState ch=61080005-8D6D-82B8-614A-1C8CB0F8DCC6 notifying=1 err=nil
2026-07-03 20:34:53.359 Atria[1392:112507] ATRIADBG notifyState ch=61080007-8D6D-82B8-614A-1C8CB0F8DCC6 notifying=1 err=nil
2026-07-03 20:34:53.659 Atria[1392:112507] ATRIADBG notifyState ch=2A37 notifying=1 err=nil
2026-07-03 20:34:54.109 Atria[1392:112508] ATRIADBG notifyState ch=2A19 notifying=1 err=nil
2026-07-03 20:34:58.078 Atria[1392:112497] ATRIADBG max_hr_suggestion_rollup status=none reason=session_cache observed_peak=0 current_max_hr=189
2026-07-03 20:34:58.078 Atria[1392:112497] ATRIADBG session_store_reconcile status=merged reason=fast_launch sessions=111
2026-07-03 20:34:58.078 Atria[1392:112497] ATRIADBG launch_timing event=fast_launch_complete elapsed_ms=8041 scene=inactive
2026-07-03 20:34:58.240 Atria[1392:112497] ATRIADBG daily_rollup_persist_summary entries=10 respiratory_rows=9 rr_session_candidates=38 sessions=111
2026-07-03 20:34:58.241 Atria[1392:112497] ATRIADBG max_hr_suggestion_rollup status=none reason=daily_rollup observed_peak=0 current_max_hr=189
2026-07-03 20:34:58.241 Atria[1392:112497] ATRIADBG morning_summary_skip reason=outside_window local_minutes=1234
2026-07-03 20:34:58.243 Atria[1392:112497] ATRIADBG launch_timing event=deferred_launch_begin elapsed_ms=8206 scene=inactive
2026-07-03 20:34:58.244 Atria[1392:112517] ATRIADBG daily_rollup_store_save status=ok rows=10 bytes=4431 path=daily-rollups.json
2026-07-03 20:34:58.246 Atria[1392:112517] ATRIADBG daily_rollup_store_save status=ok rows=10 bytes=4431 path=daily-rollups.json
2026-07-03 20:34:58.246 Atria[1392:112497] ATRIADBG ble_frame_logging enabled=1 reason=launch_arg
2026-07-03 20:34:58.246 Atria[1392:112497] ATRIADBG launch_timing event=deferred_launch_complete elapsed_ms=8209 scene=inactive
2026-07-03 20:34:58.246 Atria[1392:112497] ATRIADBG standardHR payload=0053 hr=83 rrnum=0 truncated=0 rr_ms= suppressed_since_last=0
2026-07-03 20:34:58.248 Atria[1392:112517] ATRIADBG daily_rollup_store_save status=ok rows=10 bytes=4431 path=daily-rollups.json
2026-07-03 20:34:58.250 Atria[1392:112497] ATRIADBG rr_quality source=none state=learning fraction=0.000 rr_frames=0 total_frames=1 max_rr_gap_s=0.0 frame_max_rr_gap_s=0.0 beat_timeline=0 window_s=0 hrv_state=learning rr_source_2a37_values=0 rr_source_0x28_decoded_values=0 rr_source_0x28_used_values=0
2026-07-03 20:34:58.250 Atria[1392:112517] ATRIADBG daily_rollup_store_save status=ok rows=10 bytes=4431 path=daily-rollups.json
2026-07-03 20:34:58.250 Atria[1392:112497] ATRIADBG radio_low_traffic status=ready mode=standard_hr_only custom_notify_skipped=0 custom_notify_enabled=0 tx_skipped=0 realtime_start_skipped=1 reason=standard_hr_only
2026-07-03 20:34:58.250 Atria[1392:112497] ATRIADBG realtimeConfig standard_hr_only=1 realtime_start=skipped
2026-07-03 20:34:58.252 Atria[1392:112517] ATRIADBG daily_rollup_store_save status=ok rows=10 bytes=4431 path=daily-rollups.json
2026-07-03 20:34:58.254 Atria[1392:112517] ATRIADBG daily_rollup_store_save status=ok rows=10 bytes=4431 path=daily-rollups.json
2026-07-03 20:34:58.256 Atria[1392:112517] ATRIADBG daily_rollup_store_save status=ok rows=10 bytes=4431 path=daily-rollups.json
2026-07-03 20:34:58.258 Atria[1392:112517] ATRIADBG daily_rollup_store_save status=ok rows=10 bytes=4431 path=daily-rollups.json
2026-07-03 20:34:58.259 Atria[1392:112517] ATRIADBG daily_rollup_store_save status=ok rows=10 bytes=4431 path=daily-rollups.json
2026-07-03 20:34:58.260 Atria[1392:112497] ATRIADBG session_store_finish_checkpoint stage=before_rollup_refresh sessions=111 elapsed_ms=1830
2026-07-03 20:34:58.260 Atria[1392:112497] ATRIADBG session_store_finish_checkpoint stage=pre_snapshot_rollup_persist sessions=111 metrics=10 elapsed_ms=1830
2026-07-03 20:34:58.261 Atria[1392:112517] ATRIADBG daily_rollup_store_save status=ok rows=10 bytes=4431 path=daily-rollups.json
2026-07-03 20:34:58.417 Atria[1392:112497] ATRIADBG daily_rollup_persist_summary entries=10 respiratory_rows=9 rr_session_candidates=38 sessions=111
2026-07-03 20:34:58.417 Atria[1392:112497] ATRIADBG max_hr_suggestion_rollup status=none reason=daily_rollup observed_peak=0 current_max_hr=189
2026-07-03 20:34:58.417 Atria[1392:112497] ATRIADBG morning_summary_skip reason=outside_window local_minutes=1234
2026-07-03 20:34:58.422 Atria[1392:112517] ATRIADBG daily_rollup_store_save status=ok rows=10 bytes=4431 path=daily-rollups.json
2026-07-03 20:34:58.424 Atria[1392:112517] ATRIADBG daily_rollup_store_save status=ok rows=10 bytes=4431 path=daily-rollups.json
2026-07-03 20:34:58.426 Atria[1392:112517] ATRIADBG daily_rollup_store_save status=ok rows=10 bytes=4431 path=daily-rollups.json
2026-07-03 20:34:58.429 Atria[1392:112517] ATRIADBG daily_rollup_store_save status=ok rows=10 bytes=4431 path=daily-rollups.json
2026-07-03 20:34:58.431 Atria[1392:112517] ATRIADBG daily_rollup_store_save status=ok rows=10 bytes=4431 path=daily-rollups.json
2026-07-03 20:34:58.433 Atria[1392:112517] ATRIADBG daily_rollup_store_save status=ok rows=10 bytes=4431 path=daily-rollups.json
2026-07-03 20:34:58.435 Atria[1392:112517] ATRIADBG daily_rollup_store_save status=ok rows=10 bytes=4431 path=daily-rollups.json
2026-07-03 20:34:58.438 Atria[1392:112517] ATRIADBG daily_rollup_store_save status=ok rows=10 bytes=4431 path=daily-rollups.json
2026-07-03 20:34:58.440 Atria[1392:112517] ATRIADBG daily_rollup_store_save status=ok rows=10 bytes=4431 path=daily-rollups.json
2026-07-03 20:34:58.442 Atria[1392:112517] ATRIADBG daily_rollup_store_save status=ok rows=10 bytes=4431 path=daily-rollups.json
2026-07-03 20:34:58.772 Atria[1392:112507] ATRIADBG session_store_save status=ok op=session_reconcile_fast_launch sessions=111 bytes=9263752
2026-07-03 20:34:59.628 Atria[1392:112507] ATRIADBG session_store_save status=ok op=deferred_load_merge sessions=111 bytes=9263752
2026-07-03 20:35:00.966 Atria[1392:112497] ATRIADBG daily_rollup_persist_summary entries=10 respiratory_rows=9 rr_session_candidates=38 sessions=111
2026-07-03 20:35:00.967 Atria[1392:112497] ATRIADBG max_hr_suggestion_rollup status=none reason=daily_rollup observed_peak=0 current_max_hr=189
2026-07-03 20:35:00.967 Atria[1392:112497] ATRIADBG morning_summary_skip reason=outside_window local_minutes=1235
2026-07-03 20:35:00.967 Atria[1392:112497] ATRIADBG session_store_finish_checkpoint stage=after_rollup_refresh sessions=111 elapsed_ms=1830
2026-07-03 20:35:00.970 Atria[1392:112618] ATRIADBG daily_rollup_store_save status=ok rows=10 bytes=4431 path=daily-rollups.json
2026-07-03 20:35:00.972 Atria[1392:112618] ATRIADBG daily_rollup_store_save status=ok rows=10 bytes=4431 path=daily-rollups.json
2026-07-03 20:35:00.974 Atria[1392:112618] ATRIADBG daily_rollup_store_save status=ok rows=10 bytes=4431 path=daily-rollups.json
2026-07-03 20:35:00.977 Atria[1392:112618] ATRIADBG daily_rollup_store_save status=ok rows=10 bytes=4431 path=daily-rollups.json
2026-07-03 20:35:00.979 Atria[1392:112618] ATRIADBG daily_rollup_store_save status=ok rows=10 bytes=4431 path=daily-rollups.json
2026-07-03 20:35:00.982 Atria[1392:112618] ATRIADBG daily_rollup_store_save status=ok rows=10 bytes=4431 path=daily-rollups.json
2026-07-03 20:35:00.984 Atria[1392:112618] ATRIADBG daily_rollup_store_save status=ok rows=10 bytes=4431 path=daily-rollups.json
2026-07-03 20:35:00.987 Atria[1392:112618] ATRIADBG daily_rollup_store_save status=ok rows=10 bytes=4431 path=daily-rollups.json
2026-07-03 20:35:00.989 Atria[1392:112618] ATRIADBG daily_rollup_store_save status=ok rows=10 bytes=4431 path=daily-rollups.json
2026-07-03 20:35:00.991 Atria[1392:112618] ATRIADBG daily_rollup_store_save status=ok rows=10 bytes=4431 path=daily-rollups.json
2026-07-03 20:35:01.055 Atria[1392:112497] ATRIADBG sleep_stage_backfill_record status=updated source=deferred_session_load sleep_source=manual_sleep samples=10874 segments=1 covered_s=28800 non_awake_s=0 sleep_s=28800
2026-07-03 20:35:01.057 Atria[1392:112497] ATRIADBG sleep_stage_backfill status=updated source=deferred_session_load records=1 total_segments=85 policy=hr_samples_labeled_estimate
2026-07-03 20:35:01.749 Atria[1392:112497] ATRIADBG sleep_auto_confirm status=skipped reason=already_saved_or_overlapping source=deferred_session_load candidates=1
2026-07-03 20:35:01.989 Atria[1392:112497] ATRIADBG session_store_load status=ok sessions=111 pruned_short_long_wear_fragments=3 baseline_rebuilt=0 elapsed_ms=1830
2026-07-03 20:35:01.991 Atria[1392:112497] ATRIADBG battery level=99 source=2A19 bytes=63 persisted=1
2026-07-03 20:35:01.992 Atria[1392:112497] ATRIADBG radio_low_traffic status=ready mode=standard_hr_only custom_notify_skipped=0 custom_notify_enabled=0 tx_skipped=0 realtime_start_skipped=2 reason=standard_hr_only
2026-07-03 20:35:01.992 Atria[1392:112497] ATRIADBG realtimeConfig standard_hr_only=1 realtime_start=skipped
2026-07-03 20:35:01.993 Atria[1392:112497] ATRIADBG battery level=99 source=2A19 bytes=63 persisted=1
2026-07-03 20:35:01.993 Atria[1392:112497] ATRIADBG notification_battery_drain_cycle status=cleared reason=above_threshold had_cycle=0
2026-07-03 20:35:01.993 Atria[1392:112497] ATRIADBG notification_battery_decision level=99 source=live_2A19 age_s=0 usable=1 threshold=25 charge=levelOnly drop_recent=1
2026-07-03 20:35:01.993 Atria[1392:112497] ATRIADBG notification_battery_maintenance status=evaluated reason=connection_trigger
2026-07-03 20:35:01.994 Atria[1392:112497] ATRIADBG notification_battery_drain_cycle status=cleared reason=above_threshold had_cycle=0
2026-07-03 20:35:01.994 Atria[1392:112497] ATRIADBG notification_battery_decision level=99 source=live_2A19 age_s=0 usable=1 threshold=25 charge=levelOnly drop_recent=1
2026-07-03 20:35:01.994 Atria[1392:112497] ATRIADBG notification_battery_maintenance status=evaluated reason=connection_trigger
2026-07-03 20:35:01.994 Atria[1392:112497] ATRIADBG connection_diagnosis status=hidden reason=connection_trigger action=clear
2026-07-03 20:35:01.995 Atria[1392:112497] ATRIADBG notification_cancel kind=actionable_connection reason=diagnosis_cleared_connection_trigger identifiers=atria.battery.low,atria.bluetooth.off,atria.fitcheck.needed
2026-07-03 20:35:01.997 Atria[1392:112497] ATRIADBG widget_snapshot status=ok reason=dashboard_revision schema=3 recovery=50 confidence=unverified hrv=personal_baseline strain=10.0 rhr=59 max_hr=189 battery=99 charge=levelOnly bytes=643 storage=app_group_userdefaults app_group=1 widget_target=1 complication_target=1
2026-07-03 20:35:01.997 Atria[1392:112497] ATRIADBG widget_readiness status=ready storage=app_group_userdefaults app_group=1 widget_target=1 complication_target=1 action=verify_widget_on_device
2026-07-03 20:35:02.002 Atria[1392:112497] ATRIADBG haptic_alert kind=recovery_ready phone_side=1 strap_write=0
2026-07-03 20:35:02.009 Atria[1392:112497] ATRIADBG notification_battery_drain_cycle status=cleared reason=above_threshold had_cycle=0
2026-07-03 20:35:02.009 Atria[1392:112497] ATRIADBG notification_battery_decision level=99 source=live_2A19 age_s=0 usable=1 threshold=25 charge=levelOnly drop_recent=1
2026-07-03 20:35:02.009 Atria[1392:112497] ATRIADBG notification_battery_maintenance status=evaluated reason=connection_trigger
2026-07-03 20:35:02.009 Atria[1392:112497] ATRIADBG home_launch_timing event=secondary_ready elapsed_ms=11846 status=connected tab=overview
2026-07-03 20:35:02.012 Atria[1392:112497] ATRIADBG notification_skip kind=health_deviation reason=no_two_day_deviation
2026-07-03 20:35:02.013 Atria[1392:112497] ATRIADBG standardHR payload=0053 hr=83 rrnum=0 truncated=0 rr_ms= suppressed_since_last=0
2026-07-03 20:35:02.013 Atria[1392:112497] ATRIADBG standardHR payload=0053 hr=83 rrnum=0 truncated=0 rr_ms= suppressed_since_last=0
2026-07-03 20:35:02.013 Atria[1392:112497] ATRIADBG standardHR payload=0052 hr=82 rrnum=0 truncated=0 rr_ms= suppressed_since_last=0
2026-07-03 20:35:02.013 Atria[1392:112497] ATRIADBG standardHR payload=0051 hr=81 rrnum=0 truncated=0 rr_ms= suppressed_since_last=0
2026-07-03 20:35:02.013 Atria[1392:112497] ATRIADBG standardHR payload=004f hr=79 rrnum=0 truncated=0 rr_ms= suppressed_since_last=0
2026-07-03 20:35:02.013 Atria[1392:112497] ATRIADBG standardHR payload=004e hr=78 rrnum=0 truncated=0 rr_ms= suppressed_since_last=0
2026-07-03 20:35:02.013 Atria[1392:112497] ATRIADBG active_session_journal status=saved reason=first_accepted_hr_batch samples=1 rr_values=0 duration_s=0 dirty=0 label=All-day wear
2026-07-03 20:35:02.013 Atria[1392:112497] ATRIADBG notification_skip kind=health_deviation reason=no_two_day_deviation
2026-07-03 20:35:02.013 Atria[1392:112497] ATRIADBG notification_skip kind=health_deviation reason=no_two_day_deviation
2026-07-03 20:35:02.014 Atria[1392:112497] ATRIADBG notification_battery_drain_cycle status=cleared reason=above_threshold had_cycle=0
2026-07-03 20:35:02.014 Atria[1392:112497] ATRIADBG notification_battery_decision level=99 source=live_2A19 age_s=0 usable=1 threshold=25 charge=levelOnly drop_recent=1
2026-07-03 20:35:02.014 Atria[1392:112497] ATRIADBG notification_battery_maintenance status=evaluated reason=timer
2026-07-03 20:35:02.014 Atria[1392:112497] ATRIADBG standardHR payload=004e hr=78 rrnum=0 truncated=0 rr_ms= suppressed_since_last=0
2026-07-03 20:35:02.018 Atria[1392:112497] ATRIADBG scene_phase phase=active reason=ui_did_become_active
2026-07-03 20:35:02.018 Atria[1392:112497] ATRIADBG active_session_journal status=restore_skipped reason=live_session_active samples=8
2026-07-03 20:35:02.021 Atria[1392:112497] ATRIADBG foreground_keepalive armed=1 reason=scene_active_restart silence_timeout_s=75 check_interval_s=20
2026-07-03 20:35:02.026 Atria[1392:112497] ATRIADBG active_session_journal status=restore_skipped reason=live_session_active samples=8
2026-07-03 20:35:02.027 Atria[1392:112497] ATRIADBG long_wear_supervisor schedule base_tick_s=3.0 checkpoint_s=60.0 diagnostic_s=15.0 auto_save_s=15.0 no_data_timeout_s=75.0 hr_continuity_timeout_s=6.0 rr_presence_timeout_s=90.0 accepted_hr_timeout_s=45.0 label=Long wear
2026-07-03 20:35:02.029 Atria[1392:112497] ATRIADBG foreground_keepalive armed=1 reason=scene_active_foreground_restart silence_timeout_s=75 check_interval_s=20
2026-07-03 20:35:02.032 Atria[1392:112497] ATRIADBG long_wear_mode enabled=1 reason=scene_active_foreground radio_mode=standard_hr_only supervisor=1 collection_profile=balanced cadence_multiplier=1.00 stale_timeout_multiplier=1.00 checkpoint_interval_s=60 live_workout_interval_s=15 workout_autosave_interval_s=15 no_data_timeout_s=75 no_data_check_interval_s=15 hr_continuity_timeout_s=6 supervisor_base_tick_s=3 accepted_hr_timeout_s=45 disconnect_reconnect_policy=staged_read_reassert_then_fresh_scan label=Long wear rest_hr=59 max_hr=189
2026-07-03 20:35:02.032 Atria[1392:112497] ATRIADBG ble_notify_reassert status=reset_requested reason=scene_active notifying_before=1
2026-07-03 20:35:02.032 Atria[1392:112497] ATRIADBG ble_notify_reassert status=requested reason=scene_active source=foreground_return action=keep_connection
2026-07-03 20:35:02.032 Atria[1392:112497] ATRIADBG radio_mode mode=full_protocol persist=0 reconnect=0 reason=scene_active_interactive
2026-07-03 20:35:02.033 Atria[1392:112497] ATRIADBG radio_mode full_protocol_discovery status=requested reason=scene_active_interactive action=keep_connection
2026-07-03 20:35:02.033 Atria[1392:112497] ATRIADBG standardHR payload=004e hr=78 rrnum=0 truncated=0 rr_ms= suppressed_since_last=0
2026-07-03 20:35:02.033 Atria[1392:112497] ATRIADBG standardHR payload=004d hr=77 rrnum=0 truncated=0 rr_ms= suppressed_since_last=0
2026-07-03 20:35:02.033 Atria[1392:112497] ATRIADBG standardHR payload=004c hr=76 rrnum=0 truncated=0 rr_ms= suppressed_since_last=0
2026-07-03 20:35:02.033 Atria[1392:112497] ATRIADBG standardHR payload=104c84028302 hr=76 rrnum=2 truncated=0 rr_ms=629,628 suppressed_since_last=0
2026-07-03 20:35:02.034 Atria[1392:112497] ATRIADBG rr source=0x2A37 hr=76 rrnum=2 decoded=2 total_decoded=2 truncated=0 hr_mismatch=0 implied_bpm=95,96 values=629,628
2026-07-03 20:35:02.034 Atria[1392:112497] ATRIADBG rr_quality source=2a37 state=learning fraction=1.000 rr_frames=1 total_frames=1 max_rr_gap_s=0.0 frame_max_rr_gap_s=0.0 beat_timeline=1 window_s=0 hrv_state=learning rr_source_2a37_values=2 rr_source_0x28_decoded_values=0 rr_source_0x28_used_values=0
2026-07-03 20:35:02.038 Atria[1392:112497] ATRIADBG notification_battery_drain_cycle status=cleared reason=above_threshold had_cycle=0
2026-07-03 20:35:02.038 Atria[1392:112497] ATRIADBG notification_battery_decision level=99 source=live_2A19 age_s=0 usable=1 threshold=25 charge=levelOnly drop_recent=1
2026-07-03 20:35:02.038 Atria[1392:112497] ATRIADBG notification_battery_maintenance status=evaluated reason=connection_trigger
2026-07-03 20:35:02.039 Atria[1392:112497] ATRIADBG widget_snapshot status=ok reason=scene_active schema=3 recovery=50 confidence=unverified hrv=personal_baseline strain=10.0 rhr=59 max_hr=189 battery=99 charge=levelOnly bytes=643 storage=app_group_userdefaults app_group=1 widget_target=1 complication_target=1
2026-07-03 20:35:02.039 Atria[1392:112497] ATRIADBG widget_readiness status=ready storage=app_group_userdefaults app_group=1 widget_target=1 complication_target=1 action=verify_widget_on_device
2026-07-03 20:35:02.040 Atria[1392:112497] -canOpenURL: failed for URL: "whoop://" - error: "The operation couldn’t be completed. (OSStatus error -10814.)"
2026-07-03 20:35:02.041 Atria[1392:112497] ATRIADBG scene_phase phase=active reason=scene_active
2026-07-03 20:35:02.041 Atria[1392:112497] ATRIADBG active_session_journal status=restore_skipped reason=live_session_active samples=12
2026-07-03 20:35:02.044 Atria[1392:112497] ATRIADBG foreground_keepalive armed=1 reason=scene_active_restart silence_timeout_s=75 check_interval_s=20
2026-07-03 20:35:02.047 Atria[1392:112497] ATRIADBG active_session_journal status=restore_skipped reason=live_session_active samples=12
2026-07-03 20:35:02.047 Atria[1392:112497] ATRIADBG long_wear_supervisor schedule base_tick_s=3.0 checkpoint_s=60.0 diagnostic_s=15.0 auto_save_s=15.0 no_data_timeout_s=75.0 hr_continuity_timeout_s=6.0 rr_presence_timeout_s=90.0 accepted_hr_timeout_s=45.0 label=Long wear
2026-07-03 20:35:02.049 Atria[1392:112497] ATRIADBG foreground_keepalive armed=1 reason=scene_active_foreground_restart silence_timeout_s=75 check_interval_s=20
2026-07-03 20:35:02.052 Atria[1392:112497] ATRIADBG long_wear_mode enabled=1 reason=scene_active_foreground radio_mode=full_protocol supervisor=1 collection_profile=balanced cadence_multiplier=1.00 stale_timeout_multiplier=1.00 checkpoint_interval_s=60 live_workout_interval_s=15 workout_autosave_interval_s=15 no_data_timeout_s=75 no_data_check_interval_s=15 hr_continuity_timeout_s=6 supervisor_base_tick_s=3 accepted_hr_timeout_s=45 disconnect_reconnect_policy=staged_read_reassert_then_fresh_scan label=Long wear rest_hr=59 max_hr=189
2026-07-03 20:35:02.052 Atria[1392:112497] ATRIADBG ble_notify_reassert status=reset_requested reason=scene_active notifying_before=1
2026-07-03 20:35:02.052 Atria[1392:112497] ATRIADBG ble_notify_reassert status=requested reason=scene_active source=foreground_return action=keep_connection
2026-07-03 20:35:02.053 Atria[1392:112497] ATRIADBG hr_broadcast status=advertising name=Atria_HR
2026-07-03 20:35:02.054 Atria[1392:112497] ATRIADBG widget_snapshot status=ok reason=live_throttled schema=3 recovery=50 confidence=unverified hrv=personal_baseline strain=10.0 rhr=59 max_hr=189 battery=99 charge=levelOnly bytes=643 storage=app_group_userdefaults app_group=1 widget_target=1 complication_target=1
2026-07-03 20:35:02.054 Atria[1392:112497] ATRIADBG widget_readiness status=ready storage=app_group_userdefaults app_group=1 widget_target=1 complication_target=1 action=verify_widget_on_device
2026-07-03 20:35:02.059 Atria[1392:112497] ATRIADBG notification_battery_drain_cycle status=cleared reason=above_threshold had_cycle=0
2026-07-03 20:35:02.059 Atria[1392:112497] ATRIADBG notification_battery_decision level=99 source=live_2A19 age_s=0 usable=1 threshold=25 charge=levelOnly drop_recent=1
2026-07-03 20:35:02.059 Atria[1392:112497] ATRIADBG notification_battery_maintenance status=evaluated reason=connection_trigger
2026-07-03 20:35:02.060 Atria[1392:112497] ATRIADBG active_session_journal status=saved reason=foreground_keepalive_crash_safety samples=8 rr_values=0 duration_s=7 dirty=0 label=All-day wear
2026-07-03 20:35:02.208 Atria[1392:112683] ATRIADBG notifyState ch=2A37 notifying=0 err=nil
2026-07-03 20:35:02.443 Atria[1392:112497] ATRIADBG session_backup_status_deferred status=digest_mismatch reason=deferred_session_load elapsed_ms=4183 sessions=111
2026-07-03 20:35:02.509 Atria[1392:112513] ATRIADBG notifyState ch=2A37 notifying=1 err=nil
2026-07-03 20:35:02.647 Atria[1392:112497] ATRIADBG hr_broadcast status=sent bpm=77 rr=0
2026-07-03 20:35:02.659 Atria[1392:112513] ATRIADBG notifyState ch=2A37 notifying=0 err=nil
2026-07-03 20:35:02.959 Atria[1392:112513] ATRIADBG notifyState ch=2A37 notifying=1 err=nil
2026-07-03 20:35:02.960 Atria[1392:112497] ATRIADBG radio_low_traffic status=learning mode=full_protocol custom_notify_skipped=0 custom_notify_enabled=1 tx_skipped=0 realtime_start_skipped=2 reason=full_protocol
2026-07-03 20:35:02.961 Atria[1392:112497] ATRIADBG radio_low_traffic status=learning mode=full_protocol custom_notify_skipped=0 custom_notify_enabled=2 tx_skipped=0 realtime_start_skipped=2 reason=full_protocol
2026-07-03 20:35:02.961 Atria[1392:112497] ATRIADBG radio_low_traffic status=learning mode=full_protocol custom_notify_skipped=0 custom_notify_enabled=3 tx_skipped=0 realtime_start_skipped=2 reason=full_protocol
2026-07-03 20:35:02.961 Atria[1392:112497] ATRIADBG radio_low_traffic status=learning mode=full_protocol custom_notify_skipped=0 custom_notify_enabled=4 tx_skipped=0 realtime_start_skipped=2 reason=full_protocol
2026-07-03 20:35:03.259 Atria[1392:112684] ATRIADBG notifyState ch=61080003-8D6D-82B8-614A-1C8CB0F8DCC6 notifying=1 err=nil
2026-07-03 20:35:03.260 Atria[1392:112497] ATRIADBG standardHR payload=104e9c029202 hr=78 rrnum=2 truncated=0 rr_ms=652,643 suppressed_since_last=0
2026-07-03 20:35:03.260 Atria[1392:112497] ATRIADBG rr source=0x2A37 hr=78 rrnum=2 decoded=2 total_decoded=4 truncated=0 hr_mismatch=0 implied_bpm=92,93 values=652,643
2026-07-03 20:35:03.559 Atria[1392:112683] ATRIADBG notifyState ch=61080004-8D6D-82B8-614A-1C8CB0F8DCC6 notifying=1 err=nil
2026-07-03 20:35:03.559 Atria[1392:112497] ATRIADBG proprietary_arm_fallback status=arming reason=notify_pair_ready notify_count=2 stream5_confirmed=0 history_only=0
2026-07-03 20:35:03.566 Atria[1392:112497] ATRIADBG haptic_alert kind=strain_target strain=10.0 target=8.0 phone_side=1 strap_write=0
2026-07-03 20:35:03.858 Atria[1392:112683] ATRIADBG notifyState ch=61080005-8D6D-82B8-614A-1C8CB0F8DCC6 notifying=1 err=nil
2026-07-03 20:35:04.159 Atria[1392:112683] ATRIADBG notifyState ch=61080007-8D6D-82B8-614A-1C8CB0F8DCC6 notifying=1 err=nil
2026-07-03 20:35:04.310 Atria[1392:112684] ATRIADBG notifyState ch=2A37 notifying=1 err=nil
2026-07-03 20:35:04.310 Atria[1392:112497] ATRIADBG standardHR payload=1050e202 hr=80 rrnum=1 truncated=0 rr_ms=721 suppressed_since_last=0
2026-07-03 20:35:04.311 Atria[1392:112497] ATRIADBG rr source=0x2A37 hr=80 rrnum=1 decoded=1 total_decoded=1 truncated=0 hr_mismatch=0 implied_bpm=83 values=721
2026-07-03 20:35:04.984 Atria[1392:112683] ATRIADBG notifyState ch=2A19 notifying=1 err=nil
2026-07-03 20:35:05.399 Atria[1392:112497] ATRIADBG widget_snapshot status=ok reason=dashboard_revision schema=3 recovery=50 confidence=unverified hrv=personal_baseline strain=10.0 rhr=59 max_hr=189 battery=99 charge=levelOnly bytes=643 storage=app_group_userdefaults app_group=1 widget_target=1 complication_target=1
2026-07-03 20:35:05.399 Atria[1392:112497] ATRIADBG widget_readiness status=ready storage=app_group_userdefaults app_group=1 widget_target=1 complication_target=1 action=verify_widget_on_device
2026-07-03 20:35:05.400 Atria[1392:112497] ATRIADBG hr_broadcast status=sent bpm=77 rr=0
2026-07-03 20:35:05.402 Atria[1392:112497] ATRIADBG battery level=99 source=2A19 bytes=63 persisted=1
2026-07-03 20:35:05.402 Atria[1392:112497] ATRIADBG standardHR payload=104f1b03 hr=79 rrnum=1 truncated=0 rr_ms=776 suppressed_since_last=0
2026-07-03 20:35:05.402 Atria[1392:112497] ATRIADBG rr source=0x2A37 hr=79 rrnum=1 decoded=1 total_decoded=2 truncated=0 hr_mismatch=0 implied_bpm=77 values=776
2026-07-03 20:35:05.421 Atria[1392:112497] ATRIADBG notification_battery_drain_cycle status=cleared reason=above_threshold had_cycle=0
2026-07-03 20:35:05.421 Atria[1392:112497] ATRIADBG notification_battery_decision level=99 source=live_2A19 age_s=0 usable=1 threshold=25 charge=levelOnly drop_recent=1
2026-07-03 20:35:05.421 Atria[1392:112497] ATRIADBG notification_battery_maintenance status=evaluated reason=connection_trigger
2026-07-03 20:35:05.426 Atria[1392:112497] ATRIADBG notification_battery_drain_cycle status=cleared reason=above_threshold had_cycle=0
2026-07-03 20:35:05.426 Atria[1392:112497] ATRIADBG notification_battery_decision level=99 source=live_2A19 age_s=0 usable=1 threshold=25 charge=levelOnly drop_recent=1
2026-07-03 20:35:05.426 Atria[1392:112497] ATRIADBG notification_battery_maintenance status=evaluated reason=timer
2026-07-03 20:35:06.185 Atria[1392:112497] ATRIADBG standardHR payload=104d3903 hr=77 rrnum=1 truncated=0 rr_ms=806 suppressed_since_last=0
2026-07-03 20:35:06.185 Atria[1392:112497] ATRIADBG rr source=0x2A37 hr=77 rrnum=1 decoded=1 total_decoded=3 truncated=0 hr_mismatch=0 implied_bpm=74 values=806
2026-07-03 20:35:06.582 Atria[1392:112497] ATRIADBG send mode=wwr cmd=03 seq=0 to=61080002-8D6D-82B8-614A-1C8CB0F8DCC6 props=12 frame=aa0800a82300030199bce9cf
2026-07-03 20:35:06.784 Atria[1392:112497] ATRIADBG frame ch=61080003 len=16 hex=aa0c00fc24820300020000003bf20a2b
2026-07-03 20:35:06.784 Atria[1392:112497] ATRIADBG cmdResp ch=61080003-8D6D-82B8-614A-1C8CB0F8DCC6 payload=2482030002000000
2026-07-03 20:35:06.786 Atria[1392:112497] ATRIADBG frame ch=61080004 len=20 hex=aa100057302521009fcf476a300b000057b0fcc9
2026-07-03 20:35:06.786 Atria[1392:112497] ATRIADBG protocol_packet type=30 kind=event len=12 body=2521009fcf476a300b0000 full=aa100057302521009fcf476a300b000057b0fcc9
2026-07-03 20:35:07.085 Atria[1392:112497] ATRIADBG standardHR payload=104c0b03 hr=76 rrnum=1 truncated=0 rr_ms=761 suppressed_since_last=0
2026-07-03 20:35:07.087 Atria[1392:112497] ATRIADBG rr source=0x2A37 hr=76 rrnum=1 decoded=1 total_decoded=4 truncated=0 hr_mismatch=0 implied_bpm=79 values=761
2026-07-03 20:35:07.088 Atria[1392:112497] ATRIADBG hr_broadcast status=sent bpm=78 rr=0
2026-07-03 20:35:08.134 Atria[1392:112497] ATRIADBG standardHR payload=104dea02d702 hr=77 rrnum=2 truncated=0 rr_ms=729,710 suppressed_since_last=0
2026-07-03 20:35:08.134 Atria[1392:112497] ATRIADBG rr source=0x2A37 hr=77 rrnum=2 decoded=2 total_decoded=6 truncated=0 hr_mismatch=0 implied_bpm=82,85 values=729,710
2026-07-03 20:35:09.011 Atria[1392:112497] ATRIADBG daily_rollup_persist_summary entries=10 respiratory_rows=9 rr_session_candidates=38 sessions=111
2026-07-03 20:35:09.012 Atria[1392:112497] ATRIADBG max_hr_suggestion_rollup status=none reason=daily_rollup observed_peak=0 current_max_hr=189
2026-07-03 20:35:09.012 Atria[1392:112497] ATRIADBG morning_summary_skip reason=outside_window local_minutes=1235
2026-07-03 20:35:09.014 Atria[1392:112517] ATRIADBG daily_rollup_store_save status=ok rows=10 bytes=4431 path=daily-rollups.json
2026-07-03 20:35:09.017 Atria[1392:112517] ATRIADBG daily_rollup_store_save status=ok rows=10 bytes=4431 path=daily-rollups.json
2026-07-03 20:35:09.018 Atria[1392:112497] ATRIADBG notification_skip kind=health_deviation reason=no_two_day_deviation
2026-07-03 20:35:09.019 Atria[1392:112517] ATRIADBG daily_rollup_store_save status=ok rows=10 bytes=4431 path=daily-rollups.json
2026-07-03 20:35:09.022 Atria[1392:112517] ATRIADBG daily_rollup_store_save status=ok rows=10 bytes=4431 path=daily-rollups.json
2026-07-03 20:35:09.024 Atria[1392:112517] ATRIADBG daily_rollup_store_save status=ok rows=10 bytes=4431 path=daily-rollups.json
2026-07-03 20:35:09.026 Atria[1392:112517] ATRIADBG daily_rollup_store_save status=ok rows=10 bytes=4431 path=daily-rollups.json
2026-07-03 20:35:09.029 Atria[1392:112517] ATRIADBG daily_rollup_store_save status=ok rows=10 bytes=4431 path=daily-rollups.json
2026-07-03 20:35:09.031 Atria[1392:112517] ATRIADBG daily_rollup_store_save status=ok rows=10 bytes=4431 path=daily-rollups.json
2026-07-03 20:35:09.034 Atria[1392:112517] ATRIADBG daily_rollup_store_save status=ok rows=10 bytes=4431 path=daily-rollups.json
2026-07-03 20:35:09.034 Atria[1392:112497] ATRIADBG standardHR payload=104d14026c01 hr=77 rrnum=2 truncated=0 rr_ms=520,355 suppressed_since_last=0
2026-07-03 20:35:09.034 Atria[1392:112497] ATRIADBG rr source=0x2A37 hr=77 rrnum=2 decoded=2 total_decoded=8 truncated=0 hr_mismatch=2 implied_bpm=115,169 values=520,355
2026-07-03 20:35:09.036 Atria[1392:112517] ATRIADBG daily_rollup_store_save status=ok rows=10 bytes=4431 path=daily-rollups.json
2026-07-03 20:35:10.084 Atria[1392:112497] ATRIADBG standardHR payload=004d hr=77 rrnum=0 truncated=0 rr_ms= suppressed_since_last=0
2026-07-03 20:35:10.091 Atria[1392:112497] ATRIADBG hr_broadcast status=sent bpm=77 rr=0
2026-07-03 20:35:10.115 Atria[1392:112497] ATRIADBG notification_battery_drain_cycle status=cleared reason=above_threshold had_cycle=0
2026-07-03 20:35:10.115 Atria[1392:112497] ATRIADBG notification_battery_decision level=99 source=live_2A19 age_s=0 usable=1 threshold=25 charge=levelOnly drop_recent=1
2026-07-03 20:35:10.116 Atria[1392:112497] ATRIADBG notification_battery_maintenance status=evaluated reason=timer
2026-07-03 20:35:10.985 Atria[1392:112497] ATRIADBG standardHR payload=004d hr=77 rrnum=0 truncated=0 rr_ms= suppressed_since_last=0
2026-07-03 20:35:11.885 Atria[1392:112497] ATRIADBG standardHR payload=004e hr=78 rrnum=0 truncated=0 rr_ms= suppressed_since_last=0
2026-07-03 20:35:12.934 Atria[1392:112497] ATRIADBG standardHR payload=004c hr=76 rrnum=0 truncated=0 rr_ms= suppressed_since_last=0
2026-07-03 20:35:13.834 Atria[1392:112497] ATRIADBG standardHR payload=0049 hr=73 rrnum=0 truncated=0 rr_ms= suppressed_since_last=0
2026-07-03 20:35:14.887 Atria[1392:112497] ATRIADBG standardHR payload=0046 hr=70 rrnum=0 truncated=0 rr_ms= suppressed_since_last=0
2026-07-03 20:35:15.117 Atria[1392:112497] ATRIADBG notification_battery_drain_cycle status=cleared reason=above_threshold had_cycle=0
2026-07-03 20:35:15.118 Atria[1392:112497] ATRIADBG notification_battery_decision level=99 source=live_2A19 age_s=0 usable=1 threshold=25 charge=levelOnly drop_recent=1
2026-07-03 20:35:15.118 Atria[1392:112497] ATRIADBG notification_battery_maintenance status=evaluated reason=timer
2026-07-03 20:35:15.785 Atria[1392:112497] ATRIADBG standardHR payload=004b hr=75 rrnum=0 truncated=0 rr_ms= suppressed_since_last=0
2026-07-03 20:35:15.793 Atria[1392:112497] ATRIADBG hr_broadcast status=sent bpm=75 rr=0
2026-07-03 20:35:16.835 Atria[1392:112497] ATRIADBG standardHR payload=004f hr=79 rrnum=0 truncated=0 rr_ms= suppressed_since_last=0
2026-07-03 20:35:17.735 Atria[1392:112497] ATRIADBG standardHR payload=0051 hr=81 rrnum=0 truncated=0 rr_ms= suppressed_since_last=0
2026-07-03 20:35:17.748 Atria[1392:112497] ATRIADBG widget_snapshot status=ok reason=live_bpm_delta schema=3 recovery=50 confidence=unverified hrv=personal_baseline strain=10.0 rhr=59 max_hr=189 battery=99 charge=levelOnly bytes=642 storage=app_group_userdefaults app_group=1 widget_target=1 complication_target=1
2026-07-03 20:35:17.749 Atria[1392:112497] ATRIADBG widget_readiness status=ready storage=app_group_userdefaults app_group=1 widget_target=1 complication_target=1 action=verify_widget_on_device
2026-07-03 20:35:18.634 Atria[1392:112497] ATRIADBG standardHR payload=0053 hr=83 rrnum=0 truncated=0 rr_ms= suppressed_since_last=0
2026-07-03 20:35:18.642 Atria[1392:112497] ATRIADBG hr_broadcast status=sent bpm=79 rr=0
2026-07-03 20:35:19.685 Atria[1392:112497] ATRIADBG standardHR payload=0053 hr=83 rrnum=0 truncated=0 rr_ms= suppressed_since_last=0
2026-07-03 20:35:20.117 Atria[1392:112497] ATRIADBG notification_battery_drain_cycle status=cleared reason=above_threshold had_cycle=0
2026-07-03 20:35:20.118 Atria[1392:112497] ATRIADBG notification_battery_decision level=99 source=live_2A19 age_s=0 usable=1 threshold=25 charge=levelOnly drop_recent=1
2026-07-03 20:35:20.118 Atria[1392:112497] ATRIADBG notification_battery_maintenance status=evaluated reason=timer
2026-07-03 20:35:20.585 Atria[1392:112497] ATRIADBG standardHR payload=0054 hr=84 rrnum=0 truncated=0 rr_ms= suppressed_since_last=0
2026-07-03 20:35:20.590 Atria[1392:112497] ATRIADBG hr_broadcast status=sent bpm=83 rr=0
2026-07-03 20:35:21.635 Atria[1392:112497] ATRIADBG standardHR payload=0054 hr=84 rrnum=0 truncated=0 rr_ms= suppressed_since_last=0
2026-07-03 20:35:22.535 Atria[1392:112497] ATRIADBG standardHR payload=0054 hr=84 rrnum=0 truncated=0 rr_ms= suppressed_since_last=0
2026-07-03 20:35:23.435 Atria[1392:112497] ATRIADBG standardHR payload=0054 hr=84 rrnum=0 truncated=0 rr_ms= suppressed_since_last=0
2026-07-03 20:35:23.440 Atria[1392:112497] ATRIADBG hr_broadcast status=sent bpm=84 rr=0
2026-07-03 20:35:24.484 Atria[1392:112497] ATRIADBG standardHR payload=0055 hr=85 rrnum=0 truncated=0 rr_ms= suppressed_since_last=0
2026-07-03 20:35:24.935 Atria[1392:112497] ATRIADBG frame ch=61080004 len=32 hex=aa1c00ab30781d00b1cf476ad8230c00d3ff0100e703e3030b0001004123532e
2026-07-03 20:35:24.945 Atria[1392:112497] ATRIADBG protocol_packet type=30 kind=event len=24 body=781d00b1cf476ad8230c00d3ff0100e703e3030b000100 full=aa1c00ab30781d00b1cf476ad8230c00d3ff0100e703e3030b0001004123532e
2026-07-03 20:35:25.115 Atria[1392:112497] ATRIADBG notification_battery_drain_cycle status=cleared reason=above_threshold had_cycle=0
HARNESS_CAPTURE_TIMEOUT seconds=35 launch_seen=1 action=stop_devicectl_console
2026-07-03 20:35:25.115 Atria[1392:112497] ATRIADBG notification_battery_decision level=99 source=live_2A19 age_s=0 usable=1 threshold=25 charge=levelOnly drop_recent=1
2026-07-03 20:35:25.115 Atria[1392:112497] ATRIADBG notification_battery_maintenance status=evaluated reason=timer
App terminated due to signal 2.
ATRIADBG_SUMMARY_START
notify_61080005=True
realtime_start=True
cmd_response=True
frame_61080005=False
hrv_ready=False
capture_summary_ready=False
auto_capture_start=False
auto_capture_stop=False
gate_status_start=False
gate_status_complete=False
gate_readiness_complete=False
gate_status_deep_complete=False
healthkit_reference_audit_complete=False
healthkit_export_complete=False
healthkit_export_verify_complete=False
healthkit_export_authorization_pending_complete=False
healthkit_sleep_export_verify_complete=False
healthkit_sleep_export_deferred_complete=False
healthkit_reset_rebuild_complete=False
workout_confirm_complete=False
sleep_confirm_complete=False
post_healthkit_gate_status_complete=False
collection_health_complete=False
rr_reference_package_complete=False
hr_reference_package_complete=False
rr_reference_validation_complete=False
hr_reference_validation_complete=False
reference_inputs_clear_complete=False
workout_validation_complete=False
sleep_validation_complete=False
sleep_validation_fail_closed=False
backup_complete=False
backup_verify_complete=False
notification_schedule_complete=False
notification_delivery_complete=False
radio_low_traffic_complete=True
trend_summary_complete=False
trend_windows_complete=False
strain_validation_complete=False
widget_snapshot_complete=True
analytics_calibration_complete=False
analytics_calibration_status=
analytics_calibration_numeric_checks=
analytics_calibration_label_checks=
rr_frames=8
rr_values=12
rr_truncated_frames=0
rr_hr_mismatch_values=2
rr_source_2a37_frames=8
rr_source_2a37_values=12
rr_source_0x28_frames=0
rr_source_0x28_values=0
rr_source_0x28_used_frames=0
rr_source_0x28_used_values=0
standard_2a37_frames=35
standard_2a37_rr_frames=8
standard_2a37_rr_values=12
last_standard_2a37_payload=0055
last_standard_2a37_hr=85
last_standard_2a37_rrnum=0
last_standard_2a37_rr_ms=
last_rr_quality_source=2a37
realtime_frames=0
realtime_rr_frames=0
realtime_rr_zero_frames=0
realtime_malformed_frames=0
realtime_truncated_rr_frames=0
realtime_restarts=0
realtime_reasserts=0
auto_capture_starts=0
auto_capture_stops=0
capture_aborts=0
capture_quality_resets=0
auto_capture_exhausted=0
last_realtime_hr=
last_realtime_rrnum=
last_realtime_rr_bytes=
last_realtime_payload_tail=
realtime_rr_fraction=
realtime_rr_percent=
realtime_zero_rr_tail_nonzero_frames=0
realtime_zero_rr_tail_valid_candidate_frames=0
last_rr_values=520,355
last_rr_implied_bpm=115,169
hrv_max_rr_gap_s=0.0
last_hrv_max_rr_gap_s=
first_realtime_elapsed_s=
first_rr_elapsed_s=12.0
rr_start_delay_s=
last_rr_elapsed_s=19.0
max_rr_log_gap_s=1.2
cmd_response_count=1
cmd_response_last_seq=130
cmd_response_last_cmd=0x03
cmd_response_last_status=0002000000
cmd_response_statuses=seq=130:cmd=0x03:status=0002000000
history_clock_set_responses=0
history_clock_get_responses=0
history_clock_last_drift_s=
history_clock_last_stale=
frame_61080003_count=1
frame_61080004_count=2
frame_61080005_count=0
frame_61080007_count=0
frame_61080004_types=0x30:2
frame_61080005_types=
frame_61080007_types=
metadata_0x31_frames=0
metadata_0x31_lengths=
metadata_0x31_body_hashes=
historical_2f_frames=0
historical_data_rows=0
historical_archive_rows=0
historical_archive_metric_usable=
historical_archive_current_usable=
historical_2f_candidate_rr_values=0
historical_2f_first_prefix=
historical_2f_last_prefix=
sensor_research_probe_rows=0
sensor_research_probe_spo2_candidate_frames=
sensor_research_probe_skin_temp_candidate_frames=
sensor_research_probe_last_model_generation=
sensor_research_probe_last_model_evidence=
model_gate_rows=1
model_gate_assume_4_class_rows=1
model_gate_metadata_explicit_rows=0
model_gate_last_status=assume_4_class
model_gate_last_model=
model_gate_last_reason=proprietary_service
model_gate_last_evidence=
sleep_motion_hint_count=0
sleep_motion_hint_kinds=
segment_0_label=initial
segment_0_raw=03
segment_0_frames=0
segment_0_rr_frames=0
segment_0_zero_frames=0
segment_0_rr_values=0
segment_0_rr_fraction=0.000
segment_0_rr_percent=0.0
segment_0_cmd_status=seq=130:cmd=0x03:status=0002000000
segment_0_frame_61080003_count=1
segment_0_frame_61080004_count=2
segment_0_frame_61080005_count=0
segment_0_frame_61080007_count=0
segment_0_frame_61080004_types=0x30:2
segment_0_frame_61080005_types=
segment_0_frame_61080007_types=
segment_0_historical_2f_frames=0
segment_0_historical_data_rows=0
segment_0_historical_archive_rows=0
segment_0_historical_2f_candidate_rr_values=0
segment_0_historical_2f_first_prefix=
segment_0_historical_2f_last_prefix=
segment_0_sleep_motion_hint_count=0
segment_0_sleep_motion_hint_kinds=
ATRIADBG_LINES=289
ATRIADBG_LOG=logs/20260703-live-classifier-fresh-packet-smoke.log
ATRIADBG_SUMMARY_END
HARNESS_LEAVE_RUNNING_ARGS=xcrun devicectl device process launch --device 3803F5B6-1666-56D3-A71A-62F131F6CE3B --terminate-existing com.adidshaft.atria
Launched application with com.adidshaft.atria bundle identifier.
HARNESS_LEAVE_RUNNING status=launched mode=normal_end_user
