HARNESS_LAUNCH_ARGS=xcrun devicectl --log-output logs/20260703-lb5-reconnect-suppression-smoke.log.devicectl.log device process launch --device 3803F5B6-1666-56D3-A71A-62F131F6CE3B --terminate-existing --console com.adidshaft.atria --atria-log-ble-frames
Launched application with com.adidshaft.atria bundle identifier.
Waiting for the application to terminate…
2026-07-03 20:28:05.935 Atria[1380:109156] ATRIADBG sleep_confirmed_migration status=updated records=1 reason=legacy_missing_stage_segments
2026-07-03 20:28:05.935 Atria[1380:109156] ATRIADBG max_hr_suggestion_rollup status=none reason=session_cache observed_peak=0 current_max_hr=189
2026-07-03 20:28:05.935 Atria[1380:109156] ATRIADBG max_hr_suggestion_rollup status=none reason=init observed_peak=0 current_max_hr=189
2026-07-03 20:28:05.949 Atria[1380:109181] ATRIADBG ble_restore peripherals=1
2026-07-03 20:28:05.973 Atria[1380:109156] -canOpenURL: failed for URL: "whoop://" - error: "The operation couldn’t be completed. (OSStatus error -10814.)"
2026-07-03 20:28:06.002 Atria[1380:109156] ATRIADBG notification_battery_drain_cycle status=cleared reason=above_threshold had_cycle=0
2026-07-03 20:28:06.002 Atria[1380:109156] ATRIADBG notification_battery_decision level=99 source=live_2A19 age_s=0 usable=1 threshold=25 charge=levelOnly drop_recent=1
2026-07-03 20:28:06.002 Atria[1380:109156] ATRIADBG notification_battery_maintenance status=evaluated reason=coexistence_risk
2026-07-03 20:28:06.002 Atria[1380:109156] ATRIADBG connection_diagnosis status=pending reason=coexistence_risk title=Strap disconnected delay_s=15
2026-07-03 20:28:06.002 Atria[1380:109156] ATRIADBG notification_battery_drain_cycle status=cleared reason=above_threshold had_cycle=0
2026-07-03 20:28:06.002 Atria[1380:109156] ATRIADBG notification_battery_decision level=99 source=live_2A19 age_s=0 usable=1 threshold=25 charge=levelOnly drop_recent=1
2026-07-03 20:28:06.002 Atria[1380:109156] ATRIADBG notification_battery_maintenance status=evaluated reason=connection_trigger
2026-07-03 20:28:06.003 Atria[1380:109156] ATRIADBG scene_phase phase=appear reason=content_on_appear
2026-07-03 20:28:06.003 Atria[1380:109156] ATRIADBG launch_timing event=on_appear elapsed_ms=80 scene=inactive
2026-07-03 20:28:06.040 Atria[1380:109156] ATRIADBG ble_restore status=reuse_restored reason=standard_hr_only peripherals=1
2026-07-03 20:28:06.040 Atria[1380:109156] ATRIADBG status_derived to=connected reason=event central=5 peripheral=2 saved=1 scanning=0
2026-07-03 20:28:06.040 Atria[1380:109156] ATRIADBG ble_restore status=connected name=ADIDSHAFT'S WHO
2026-07-03 20:28:06.041 Atria[1380:109156] ATRIADBG historical_archive_status reason=session_store_init exists=1 parse_ok=1 rows=168429 metric_usable=163586 current_usable=164764 metric_ready=1 fail_closed=0 status=Ready gate=Metric-ready detail=163586/168429 metric rows
2026-07-03 20:28:06.041 Atria[1380:109156] ATRIADBG workout_review_candidate status=none source=home_appear reason=no_candidate rest_hr=59 max_hr=189
2026-07-03 20:28:06.044 Atria[1380:109156] ATRIADBG hr_broadcast status=waiting state=0
2026-07-03 20:28:06.045 Atria[1380:109156] ATRIADBG hr_broadcast_ui enabled=1 persistent=1 workout=0 active=0 reason=home_appear
2026-07-03 20:28:06.046 Atria[1380:109156] ATRIADBG notification_battery_drain_cycle status=cleared reason=above_threshold had_cycle=0
2026-07-03 20:28:06.046 Atria[1380:109156] ATRIADBG notification_battery_decision level=99 source=live_2A19 age_s=0 usable=1 threshold=25 charge=levelOnly drop_recent=1
2026-07-03 20:28:06.046 Atria[1380:109156] ATRIADBG notification_battery_maintenance status=evaluated reason=home_appear
2026-07-03 20:28:06.046 Atria[1380:109156] ATRIADBG home_launch_timing event=primary_ready elapsed_ms=4 status=disconnected tab=overview
2026-07-03 20:28:06.047 Atria[1380:109156] ATRIADBG notification_battery_drain_cycle status=cleared reason=above_threshold had_cycle=0
2026-07-03 20:28:06.047 Atria[1380:109156] ATRIADBG notification_battery_decision level=99 source=live_2A19 age_s=0 usable=1 threshold=25 charge=levelOnly drop_recent=1
2026-07-03 20:28:06.047 Atria[1380:109156] ATRIADBG notification_battery_maintenance status=evaluated reason=connection_trigger
2026-07-03 20:28:06.048 Atria[1380:109156] ATRIADBG workout_review_candidate status=none source=dashboard_revision reason=no_candidate rest_hr=59 max_hr=189
2026-07-03 20:28:06.049 Atria[1380:109156] ATRIADBG widget_snapshot status=ok reason=dashboard_revision schema=3 recovery=64 confidence=unverified hrv=learning strain=0.0 rhr=59 max_hr=189 battery=99 charge=levelOnly bytes=587 storage=app_group_userdefaults app_group=1 widget_target=1 complication_target=1
2026-07-03 20:28:06.049 Atria[1380:109156] ATRIADBG widget_readiness status=ready storage=app_group_userdefaults app_group=1 widget_target=1 complication_target=1 action=verify_widget_on_device
2026-07-03 20:28:06.072 Atria[1380:109156] ATRIADBG notification_battery_drain_cycle status=cleared reason=above_threshold had_cycle=0
2026-07-03 20:28:06.072 Atria[1380:109156] ATRIADBG notification_battery_decision level=99 source=live_2A19 age_s=0 usable=1 threshold=25 charge=levelOnly drop_recent=1
2026-07-03 20:28:06.072 Atria[1380:109156] ATRIADBG notification_battery_maintenance status=evaluated reason=coexistence_risk
2026-07-03 20:28:06.072 Atria[1380:109156] ATRIADBG connection_diagnosis status=pending reason=coexistence_risk title=Fit check needed delay_s=15
2026-07-03 20:28:06.073 Atria[1380:109156] ATRIADBG notification_battery_drain_cycle status=cleared reason=above_threshold had_cycle=0
2026-07-03 20:28:06.073 Atria[1380:109156] ATRIADBG notification_battery_decision level=99 source=live_2A19 age_s=0 usable=1 threshold=25 charge=levelOnly drop_recent=1
2026-07-03 20:28:06.073 Atria[1380:109156] ATRIADBG notification_battery_maintenance status=evaluated reason=connection_trigger
2026-07-03 20:28:06.080 Atria[1380:109156] ATRIADBG model_gate status=assume_4_class reason=proprietary_service service=61080001-8D6D-82B8-614A-1C8CB0F8DCC6
2026-07-03 20:28:06.081 Atria[1380:109156] ATRIADBG radio_low_traffic status=learning mode=standard_hr_only custom_notify_skipped=0 custom_notify_enabled=17 tx_skipped=0 realtime_start_skipped=4 reason=full_protocol
2026-07-03 20:28:06.081 Atria[1380:109156] ATRIADBG radio_low_traffic status=learning mode=standard_hr_only custom_notify_skipped=0 custom_notify_enabled=18 tx_skipped=0 realtime_start_skipped=4 reason=full_protocol
2026-07-03 20:28:06.082 Atria[1380:109156] ATRIADBG radio_low_traffic status=learning mode=standard_hr_only custom_notify_skipped=0 custom_notify_enabled=19 tx_skipped=0 realtime_start_skipped=4 reason=full_protocol
2026-07-03 20:28:06.082 Atria[1380:109156] ATRIADBG radio_low_traffic status=learning mode=standard_hr_only custom_notify_skipped=0 custom_notify_enabled=20 tx_skipped=0 realtime_start_skipped=4 reason=full_protocol
2026-07-03 20:28:06.083 Atria[1380:109156] ATRIADBG radio_low_traffic status=learning mode=standard_hr_only custom_notify_skipped=0 custom_notify_enabled=21 tx_skipped=0 realtime_start_skipped=4 reason=full_protocol
2026-07-03 20:28:06.083 Atria[1380:109156] ATRIADBG radio_low_traffic status=learning mode=standard_hr_only custom_notify_skipped=0 custom_notify_enabled=22 tx_skipped=0 realtime_start_skipped=4 reason=full_protocol
2026-07-03 20:28:06.083 Atria[1380:109156] ATRIADBG radio_low_traffic status=learning mode=standard_hr_only custom_notify_skipped=0 custom_notify_enabled=23 tx_skipped=0 realtime_start_skipped=4 reason=full_protocol
2026-07-03 20:28:06.084 Atria[1380:109156] ATRIADBG radio_low_traffic status=learning mode=standard_hr_only custom_notify_skipped=0 custom_notify_enabled=24 tx_skipped=0 realtime_start_skipped=4 reason=full_protocol
2026-07-03 20:28:06.087 Atria[1380:109156] ATRIADBG scene_phase phase=inactive reason=fast_launch_background
2026-07-03 20:28:06.087 Atria[1380:109156] ATRIADBG launch_timing event=fast_launch_begin elapsed_ms=164 scene=inactive
2026-07-03 20:28:06.175 Atria[1380:109171] ATRIADBG notifyState ch=61080003-8D6D-82B8-614A-1C8CB0F8DCC6 notifying=1 err=nil
2026-07-03 20:28:06.622 Atria[1380:109171] ATRIADBG notifyState ch=61080004-8D6D-82B8-614A-1C8CB0F8DCC6 notifying=1 err=nil
2026-07-03 20:28:06.921 Atria[1380:109171] ATRIADBG notifyState ch=61080005-8D6D-82B8-614A-1C8CB0F8DCC6 notifying=1 err=nil
2026-07-03 20:28:07.072 Atria[1380:109172] ATRIADBG notifyState ch=61080007-8D6D-82B8-614A-1C8CB0F8DCC6 notifying=1 err=nil
2026-07-03 20:28:07.372 Atria[1380:109172] ATRIADBG notifyState ch=2A37 notifying=1 err=nil
2026-07-03 20:28:07.826 Atria[1380:109166] ATRIADBG session_store_save status=ok op=prune_short_long_wear_fragments sessions=108 bytes=9221182
2026-07-03 20:28:07.971 Atria[1380:109166] ATRIADBG notifyState ch=2A19 notifying=1 err=nil
2026-07-03 20:28:08.421 Atria[1380:109166] ATRIADBG notifyState ch=61080003-8D6D-82B8-614A-1C8CB0F8DCC6 notifying=1 err=nil
2026-07-03 20:28:08.721 Atria[1380:109166] ATRIADBG notifyState ch=61080004-8D6D-82B8-614A-1C8CB0F8DCC6 notifying=1 err=nil
2026-07-03 20:28:09.022 Atria[1380:109166] ATRIADBG notifyState ch=61080005-8D6D-82B8-614A-1C8CB0F8DCC6 notifying=1 err=nil
2026-07-03 20:28:09.321 Atria[1380:109172] ATRIADBG notifyState ch=61080007-8D6D-82B8-614A-1C8CB0F8DCC6 notifying=1 err=nil
2026-07-03 20:28:09.621 Atria[1380:109172] ATRIADBG notifyState ch=2A37 notifying=1 err=nil
2026-07-03 20:28:10.222 Atria[1380:109172] ATRIADBG notifyState ch=2A19 notifying=1 err=nil
2026-07-03 20:28:14.050 Atria[1380:109156] ATRIADBG max_hr_suggestion_rollup status=none reason=session_cache observed_peak=0 current_max_hr=189
2026-07-03 20:28:14.050 Atria[1380:109156] ATRIADBG session_store_reconcile status=merged reason=fast_launch sessions=110
2026-07-03 20:28:14.050 Atria[1380:109156] ATRIADBG launch_timing event=fast_launch_complete elapsed_ms=8128 scene=inactive
2026-07-03 20:28:14.213 Atria[1380:109156] ATRIADBG daily_rollup_persist_summary entries=10 respiratory_rows=9 rr_session_candidates=38 sessions=110
2026-07-03 20:28:14.213 Atria[1380:109156] ATRIADBG max_hr_suggestion_rollup status=none reason=daily_rollup observed_peak=0 current_max_hr=189
2026-07-03 20:28:14.213 Atria[1380:109156] ATRIADBG morning_summary_skip reason=outside_window local_minutes=1228
2026-07-03 20:28:14.216 Atria[1380:109180] ATRIADBG daily_rollup_store_save status=ok rows=10 bytes=4431 path=daily-rollups.json
2026-07-03 20:28:14.218 Atria[1380:109180] ATRIADBG daily_rollup_store_save status=ok rows=10 bytes=4431 path=daily-rollups.json
2026-07-03 20:28:14.220 Atria[1380:109180] ATRIADBG daily_rollup_store_save status=ok rows=10 bytes=4431 path=daily-rollups.json
2026-07-03 20:28:14.221 Atria[1380:109156] ATRIADBG rr_quality source=2a37 state=learning fraction=1.000 rr_frames=1 total_frames=1 max_rr_gap_s=0.0 frame_max_rr_gap_s=0.0 beat_timeline=1 window_s=0 hrv_state=learning rr_source_2a37_values=2 rr_source_0x28_decoded_values=0 rr_source_0x28_used_values=0
2026-07-03 20:28:14.222 Atria[1380:109156] ATRIADBG launch_timing event=deferred_launch_begin elapsed_ms=8299 scene=inactive
2026-07-03 20:28:14.223 Atria[1380:109180] ATRIADBG daily_rollup_store_save status=ok rows=10 bytes=4431 path=daily-rollups.json
2026-07-03 20:28:14.225 Atria[1380:109156] ATRIADBG ble_frame_logging enabled=1 reason=launch_arg
2026-07-03 20:28:14.225 Atria[1380:109156] ATRIADBG launch_timing event=deferred_launch_complete elapsed_ms=8302 scene=inactive
2026-07-03 20:28:14.225 Atria[1380:109180] ATRIADBG daily_rollup_store_save status=ok rows=10 bytes=4431 path=daily-rollups.json
2026-07-03 20:28:14.225 Atria[1380:109156] ATRIADBG radio_low_traffic status=ready mode=standard_hr_only custom_notify_skipped=0 custom_notify_enabled=0 tx_skipped=0 realtime_start_skipped=1 reason=standard_hr_only
2026-07-03 20:28:14.225 Atria[1380:109156] ATRIADBG realtimeConfig standard_hr_only=1 realtime_start=skipped
2026-07-03 20:28:14.227 Atria[1380:109180] ATRIADBG daily_rollup_store_save status=ok rows=10 bytes=4431 path=daily-rollups.json
2026-07-03 20:28:14.230 Atria[1380:109180] ATRIADBG daily_rollup_store_save status=ok rows=10 bytes=4431 path=daily-rollups.json
2026-07-03 20:28:14.232 Atria[1380:109180] ATRIADBG daily_rollup_store_save status=ok rows=10 bytes=4431 path=daily-rollups.json
2026-07-03 20:28:14.234 Atria[1380:109180] ATRIADBG daily_rollup_store_save status=ok rows=10 bytes=4431 path=daily-rollups.json
2026-07-03 20:28:14.235 Atria[1380:109156] ATRIADBG session_store_finish_checkpoint stage=before_rollup_refresh sessions=110 elapsed_ms=1895
2026-07-03 20:28:14.235 Atria[1380:109156] ATRIADBG session_store_finish_checkpoint stage=pre_snapshot_rollup_persist sessions=110 metrics=10 elapsed_ms=1895
2026-07-03 20:28:14.236 Atria[1380:109180] ATRIADBG daily_rollup_store_save status=ok rows=10 bytes=4431 path=daily-rollups.json
2026-07-03 20:28:14.394 Atria[1380:109156] ATRIADBG daily_rollup_persist_summary entries=10 respiratory_rows=9 rr_session_candidates=38 sessions=110
2026-07-03 20:28:14.395 Atria[1380:109156] ATRIADBG max_hr_suggestion_rollup status=none reason=daily_rollup observed_peak=0 current_max_hr=189
2026-07-03 20:28:14.395 Atria[1380:109156] ATRIADBG morning_summary_skip reason=outside_window local_minutes=1228
2026-07-03 20:28:14.397 Atria[1380:109180] ATRIADBG daily_rollup_store_save status=ok rows=10 bytes=4431 path=daily-rollups.json
2026-07-03 20:28:14.399 Atria[1380:109180] ATRIADBG daily_rollup_store_save status=ok rows=10 bytes=4431 path=daily-rollups.json
2026-07-03 20:28:14.401 Atria[1380:109180] ATRIADBG daily_rollup_store_save status=ok rows=10 bytes=4431 path=daily-rollups.json
2026-07-03 20:28:14.404 Atria[1380:109180] ATRIADBG daily_rollup_store_save status=ok rows=10 bytes=4431 path=daily-rollups.json
2026-07-03 20:28:14.406 Atria[1380:109180] ATRIADBG daily_rollup_store_save status=ok rows=10 bytes=4431 path=daily-rollups.json
2026-07-03 20:28:14.408 Atria[1380:109180] ATRIADBG daily_rollup_store_save status=ok rows=10 bytes=4431 path=daily-rollups.json
2026-07-03 20:28:14.411 Atria[1380:109180] ATRIADBG daily_rollup_store_save status=ok rows=10 bytes=4431 path=daily-rollups.json
2026-07-03 20:28:14.413 Atria[1380:109180] ATRIADBG daily_rollup_store_save status=ok rows=10 bytes=4431 path=daily-rollups.json
2026-07-03 20:28:14.415 Atria[1380:109180] ATRIADBG daily_rollup_store_save status=ok rows=10 bytes=4431 path=daily-rollups.json
2026-07-03 20:28:14.418 Atria[1380:109180] ATRIADBG daily_rollup_store_save status=ok rows=10 bytes=4431 path=daily-rollups.json
2026-07-03 20:28:14.872 Atria[1380:109172] ATRIADBG session_store_save status=ok op=session_reconcile_fast_launch sessions=110 bytes=9247530
2026-07-03 20:28:15.745 Atria[1380:109172] ATRIADBG session_store_save status=ok op=deferred_load_merge sessions=110 bytes=9247530
2026-07-03 20:28:16.958 Atria[1380:109156] ATRIADBG daily_rollup_persist_summary entries=10 respiratory_rows=9 rr_session_candidates=38 sessions=110
2026-07-03 20:28:16.958 Atria[1380:109156] ATRIADBG max_hr_suggestion_rollup status=none reason=daily_rollup observed_peak=0 current_max_hr=189
2026-07-03 20:28:16.958 Atria[1380:109156] ATRIADBG morning_summary_skip reason=outside_window local_minutes=1228
2026-07-03 20:28:16.958 Atria[1380:109156] ATRIADBG session_store_finish_checkpoint stage=after_rollup_refresh sessions=110 elapsed_ms=1895
2026-07-03 20:28:16.960 Atria[1380:109172] ATRIADBG daily_rollup_store_save status=ok rows=10 bytes=4431 path=daily-rollups.json
2026-07-03 20:28:16.963 Atria[1380:109172] ATRIADBG daily_rollup_store_save status=ok rows=10 bytes=4431 path=daily-rollups.json
2026-07-03 20:28:16.965 Atria[1380:109172] ATRIADBG daily_rollup_store_save status=ok rows=10 bytes=4431 path=daily-rollups.json
2026-07-03 20:28:16.967 Atria[1380:109172] ATRIADBG daily_rollup_store_save status=ok rows=10 bytes=4431 path=daily-rollups.json
2026-07-03 20:28:16.970 Atria[1380:109172] ATRIADBG daily_rollup_store_save status=ok rows=10 bytes=4431 path=daily-rollups.json
2026-07-03 20:28:16.972 Atria[1380:109172] ATRIADBG daily_rollup_store_save status=ok rows=10 bytes=4431 path=daily-rollups.json
2026-07-03 20:28:16.974 Atria[1380:109172] ATRIADBG daily_rollup_store_save status=ok rows=10 bytes=4431 path=daily-rollups.json
2026-07-03 20:28:16.976 Atria[1380:109172] ATRIADBG daily_rollup_store_save status=ok rows=10 bytes=4431 path=daily-rollups.json
2026-07-03 20:28:16.978 Atria[1380:109172] ATRIADBG daily_rollup_store_save status=ok rows=10 bytes=4431 path=daily-rollups.json
2026-07-03 20:28:16.981 Atria[1380:109172] ATRIADBG daily_rollup_store_save status=ok rows=10 bytes=4431 path=daily-rollups.json
2026-07-03 20:28:17.048 Atria[1380:109156] ATRIADBG sleep_stage_backfill_record status=updated source=deferred_session_load sleep_source=manual_sleep samples=10874 segments=1 covered_s=28800 non_awake_s=0 sleep_s=28800
2026-07-03 20:28:17.049 Atria[1380:109156] ATRIADBG sleep_stage_backfill status=updated source=deferred_session_load records=1 total_segments=85 policy=hr_samples_labeled_estimate
2026-07-03 20:28:17.753 Atria[1380:109156] ATRIADBG sleep_auto_confirm status=skipped reason=already_saved_or_overlapping source=deferred_session_load candidates=1
2026-07-03 20:28:17.999 Atria[1380:109156] ATRIADBG session_store_load status=ok sessions=110 pruned_short_long_wear_fragments=2 baseline_rebuilt=0 elapsed_ms=1895
2026-07-03 20:28:18.001 Atria[1380:109156] ATRIADBG battery level=99 source=2A19 bytes=63 persisted=1
2026-07-03 20:28:18.002 Atria[1380:109156] ATRIADBG radio_low_traffic status=ready mode=standard_hr_only custom_notify_skipped=0 custom_notify_enabled=0 tx_skipped=0 realtime_start_skipped=2 reason=standard_hr_only
2026-07-03 20:28:18.002 Atria[1380:109156] ATRIADBG realtimeConfig standard_hr_only=1 realtime_start=skipped
2026-07-03 20:28:18.003 Atria[1380:109156] ATRIADBG battery level=99 source=2A19 bytes=63 persisted=1
2026-07-03 20:28:18.003 Atria[1380:109156] ATRIADBG notification_battery_drain_cycle status=cleared reason=above_threshold had_cycle=0
2026-07-03 20:28:18.003 Atria[1380:109156] ATRIADBG notification_battery_decision level=99 source=live_2A19 age_s=0 usable=1 threshold=25 charge=levelOnly drop_recent=1
2026-07-03 20:28:18.003 Atria[1380:109156] ATRIADBG notification_battery_maintenance status=evaluated reason=connection_trigger
2026-07-03 20:28:18.004 Atria[1380:109156] ATRIADBG notification_battery_drain_cycle status=cleared reason=above_threshold had_cycle=0
2026-07-03 20:28:18.004 Atria[1380:109156] ATRIADBG notification_battery_decision level=99 source=live_2A19 age_s=0 usable=1 threshold=25 charge=levelOnly drop_recent=1
2026-07-03 20:28:18.004 Atria[1380:109156] ATRIADBG notification_battery_maintenance status=evaluated reason=connection_trigger
2026-07-03 20:28:18.004 Atria[1380:109156] ATRIADBG connection_diagnosis status=hidden reason=connection_trigger action=clear
2026-07-03 20:28:18.006 Atria[1380:109156] ATRIADBG notification_cancel kind=actionable_connection reason=diagnosis_cleared_connection_trigger identifiers=atria.battery.low,atria.bluetooth.off,atria.fitcheck.needed
2026-07-03 20:28:18.461 Atria[1380:109156] ATRIADBG widget_snapshot status=ok reason=dashboard_revision schema=3 recovery=50 confidence=unverified hrv=personal_baseline strain=9.8 rhr=59 max_hr=189 battery=99 charge=levelOnly bytes=643 storage=app_group_userdefaults app_group=1 widget_target=1 complication_target=1
2026-07-03 20:28:18.461 Atria[1380:109156] ATRIADBG widget_readiness status=ready storage=app_group_userdefaults app_group=1 widget_target=1 complication_target=1 action=verify_widget_on_device
2026-07-03 20:28:18.467 Atria[1380:109156] ATRIADBG haptic_alert kind=recovery_ready phone_side=1 strap_write=0
2026-07-03 20:28:18.467 Atria[1380:109156] ATRIADBG notification_skip kind=health_deviation reason=no_two_day_deviation
2026-07-03 20:28:18.467 Atria[1380:109156] ATRIADBG standardHR payload=104c4103 hr=76 rrnum=1 truncated=0 rr_ms=813 suppressed_since_last=0
2026-07-03 20:28:18.467 Atria[1380:109156] ATRIADBG rr source=0x2A37 hr=76 rrnum=1 decoded=1 total_decoded=3 truncated=0 hr_mismatch=0 implied_bpm=74 values=813
2026-07-03 20:28:18.467 Atria[1380:109156] ATRIADBG standardHR payload=004d hr=77 rrnum=0 truncated=0 rr_ms= suppressed_since_last=0
2026-07-03 20:28:18.467 Atria[1380:109156] ATRIADBG standardHR payload=004d hr=77 rrnum=0 truncated=0 rr_ms= suppressed_since_last=0
2026-07-03 20:28:18.467 Atria[1380:109156] ATRIADBG standardHR payload=004d hr=77 rrnum=0 truncated=0 rr_ms= suppressed_since_last=0
2026-07-03 20:28:18.467 Atria[1380:109156] ATRIADBG standardHR payload=004f hr=79 rrnum=0 truncated=0 rr_ms= suppressed_since_last=0
2026-07-03 20:28:18.467 Atria[1380:109156] ATRIADBG standardHR payload=004e hr=78 rrnum=0 truncated=0 rr_ms= suppressed_since_last=0
2026-07-03 20:28:18.467 Atria[1380:109156] ATRIADBG active_session_journal status=saved reason=first_accepted_hr_batch samples=1 rr_values=1 duration_s=0 dirty=0 label=All-day wear
2026-07-03 20:28:18.467 Atria[1380:109156] ATRIADBG notification_skip kind=health_deviation reason=no_two_day_deviation
2026-07-03 20:28:18.467 Atria[1380:109156] ATRIADBG notification_skip kind=health_deviation reason=no_two_day_deviation
2026-07-03 20:28:18.468 Atria[1380:109156] ATRIADBG notification_battery_drain_cycle status=cleared reason=above_threshold had_cycle=0
2026-07-03 20:28:18.468 Atria[1380:109156] ATRIADBG notification_battery_decision level=99 source=live_2A19 age_s=0 usable=1 threshold=25 charge=levelOnly drop_recent=1
2026-07-03 20:28:18.468 Atria[1380:109156] ATRIADBG notification_battery_maintenance status=evaluated reason=timer
2026-07-03 20:28:18.469 Atria[1380:109156] ATRIADBG standardHR payload=004f hr=79 rrnum=0 truncated=0 rr_ms= suppressed_since_last=0
2026-07-03 20:28:18.469 Atria[1380:109156] ATRIADBG standardHR payload=0050 hr=80 rrnum=0 truncated=0 rr_ms= suppressed_since_last=0
2026-07-03 20:28:18.473 Atria[1380:109156] ATRIADBG scene_phase phase=active reason=ui_did_become_active
2026-07-03 20:28:18.473 Atria[1380:109156] ATRIADBG active_session_journal status=restore_skipped reason=live_session_active samples=9
2026-07-03 20:28:18.476 Atria[1380:109156] ATRIADBG foreground_keepalive armed=1 reason=scene_active_restart silence_timeout_s=75 check_interval_s=20
2026-07-03 20:28:18.480 Atria[1380:109156] ATRIADBG active_session_journal status=restore_skipped reason=live_session_active samples=9
2026-07-03 20:28:18.481 Atria[1380:109156] ATRIADBG long_wear_supervisor schedule base_tick_s=3.0 checkpoint_s=60.0 diagnostic_s=15.0 auto_save_s=15.0 no_data_timeout_s=75.0 hr_continuity_timeout_s=6.0 rr_presence_timeout_s=90.0 accepted_hr_timeout_s=45.0 label=Long wear
2026-07-03 20:28:18.484 Atria[1380:109156] ATRIADBG foreground_keepalive armed=1 reason=scene_active_foreground_restart silence_timeout_s=75 check_interval_s=20
2026-07-03 20:28:18.488 Atria[1380:109156] ATRIADBG long_wear_mode enabled=1 reason=scene_active_foreground radio_mode=standard_hr_only supervisor=1 collection_profile=balanced cadence_multiplier=1.00 stale_timeout_multiplier=1.00 checkpoint_interval_s=60 live_workout_interval_s=15 workout_autosave_interval_s=15 no_data_timeout_s=75 no_data_check_interval_s=15 hr_continuity_timeout_s=6 supervisor_base_tick_s=3 accepted_hr_timeout_s=45 disconnect_reconnect_policy=staged_read_reassert_then_fresh_scan label=Long wear rest_hr=59 max_hr=189
2026-07-03 20:28:18.488 Atria[1380:109156] ATRIADBG ble_notify_reassert status=reset_requested reason=scene_active notifying_before=1
2026-07-03 20:28:18.488 Atria[1380:109156] ATRIADBG ble_notify_reassert status=requested reason=scene_active source=foreground_return action=keep_connection
2026-07-03 20:28:18.488 Atria[1380:109156] ATRIADBG radio_mode mode=full_protocol persist=0 reconnect=0 reason=scene_active_interactive
2026-07-03 20:28:18.488 Atria[1380:109156] ATRIADBG radio_mode full_protocol_discovery status=requested reason=scene_active_interactive action=keep_connection
2026-07-03 20:28:18.510 Atria[1380:109156] ATRIADBG notification_battery_drain_cycle status=cleared reason=above_threshold had_cycle=0
2026-07-03 20:28:18.510 Atria[1380:109156] ATRIADBG notification_battery_decision level=99 source=live_2A19 age_s=0 usable=1 threshold=25 charge=levelOnly drop_recent=1
2026-07-03 20:28:18.510 Atria[1380:109156] ATRIADBG notification_battery_maintenance status=evaluated reason=connection_trigger
2026-07-03 20:28:18.510 Atria[1380:109156] ATRIADBG home_launch_timing event=secondary_ready elapsed_ms=12468 status=connected tab=overview
2026-07-03 20:28:18.511 Atria[1380:109156] ATRIADBG widget_snapshot status=ok reason=scene_active schema=3 recovery=50 confidence=unverified hrv=personal_baseline strain=9.8 rhr=59 max_hr=189 battery=99 charge=levelOnly bytes=642 storage=app_group_userdefaults app_group=1 widget_target=1 complication_target=1
2026-07-03 20:28:18.511 Atria[1380:109156] ATRIADBG widget_readiness status=ready storage=app_group_userdefaults app_group=1 widget_target=1 complication_target=1 action=verify_widget_on_device
2026-07-03 20:28:18.511 Atria[1380:109156] -canOpenURL: failed for URL: "whoop://" - error: "The operation couldn’t be completed. (OSStatus error -10814.)"
2026-07-03 20:28:18.513 Atria[1380:109156] ATRIADBG scene_phase phase=active reason=scene_active
2026-07-03 20:28:18.513 Atria[1380:109156] ATRIADBG active_session_journal status=restore_skipped reason=live_session_active samples=9
2026-07-03 20:28:18.516 Atria[1380:109156] ATRIADBG foreground_keepalive armed=1 reason=scene_active_restart silence_timeout_s=75 check_interval_s=20
2026-07-03 20:28:18.518 Atria[1380:109156] ATRIADBG active_session_journal status=restore_skipped reason=live_session_active samples=9
2026-07-03 20:28:18.518 Atria[1380:109156] ATRIADBG long_wear_supervisor schedule base_tick_s=3.0 checkpoint_s=60.0 diagnostic_s=15.0 auto_save_s=15.0 no_data_timeout_s=75.0 hr_continuity_timeout_s=6.0 rr_presence_timeout_s=90.0 accepted_hr_timeout_s=45.0 label=Long wear
2026-07-03 20:28:18.521 Atria[1380:109156] ATRIADBG foreground_keepalive armed=1 reason=scene_active_foreground_restart silence_timeout_s=75 check_interval_s=20
2026-07-03 20:28:18.523 Atria[1380:109156] ATRIADBG long_wear_mode enabled=1 reason=scene_active_foreground radio_mode=full_protocol supervisor=1 collection_profile=balanced cadence_multiplier=1.00 stale_timeout_multiplier=1.00 checkpoint_interval_s=60 live_workout_interval_s=15 workout_autosave_interval_s=15 no_data_timeout_s=75 no_data_check_interval_s=15 hr_continuity_timeout_s=6 supervisor_base_tick_s=3 accepted_hr_timeout_s=45 disconnect_reconnect_policy=staged_read_reassert_then_fresh_scan label=Long wear rest_hr=59 max_hr=189
2026-07-03 20:28:18.523 Atria[1380:109156] ATRIADBG ble_notify_reassert status=reset_requested reason=scene_active notifying_before=1
2026-07-03 20:28:18.523 Atria[1380:109156] ATRIADBG ble_notify_reassert status=requested reason=scene_active source=foreground_return action=keep_connection
2026-07-03 20:28:18.535 Atria[1380:109156] ATRIADBG widget_snapshot status=ok reason=live_throttled schema=3 recovery=50 confidence=unverified hrv=personal_baseline strain=9.8 rhr=59 max_hr=189 battery=99 charge=levelOnly bytes=642 storage=app_group_userdefaults app_group=1 widget_target=1 complication_target=1
2026-07-03 20:28:18.535 Atria[1380:109156] ATRIADBG widget_readiness status=ready storage=app_group_userdefaults app_group=1 widget_target=1 complication_target=1 action=verify_widget_on_device
2026-07-03 20:28:18.536 Atria[1380:109156] ATRIADBG hr_broadcast status=advertising name=Atria_HR
2026-07-03 20:28:18.536 Atria[1380:109156] ATRIADBG standardHR payload=0051 hr=81 rrnum=0 truncated=0 rr_ms= suppressed_since_last=0
2026-07-03 20:28:18.536 Atria[1380:109156] ATRIADBG standardHR payload=0052 hr=82 rrnum=0 truncated=0 rr_ms= suppressed_since_last=0
2026-07-03 20:28:18.536 Atria[1380:109156] ATRIADBG standardHR payload=0053 hr=83 rrnum=0 truncated=0 rr_ms= suppressed_since_last=0
2026-07-03 20:28:18.536 Atria[1380:109156] ATRIADBG standardHR payload=0055 hr=85 rrnum=0 truncated=0 rr_ms= suppressed_since_last=0
2026-07-03 20:28:18.536 Atria[1380:109156] ATRIADBG active_session_journal status=saved reason=foreground_keepalive_crash_safety samples=9 rr_values=2 duration_s=8 dirty=0 label=All-day wear
2026-07-03 20:28:18.536 Atria[1380:109156] ATRIADBG session_backup_status_deferred status=digest_mismatch reason=deferred_session_load elapsed_ms=4285 sessions=110
2026-07-03 20:28:18.540 Atria[1380:109156] ATRIADBG notification_battery_drain_cycle status=cleared reason=above_threshold had_cycle=0
2026-07-03 20:28:18.540 Atria[1380:109156] ATRIADBG notification_battery_decision level=99 source=live_2A19 age_s=0 usable=1 threshold=25 charge=levelOnly drop_recent=1
2026-07-03 20:28:18.540 Atria[1380:109156] ATRIADBG notification_battery_maintenance status=evaluated reason=connection_trigger
2026-07-03 20:28:18.623 Atria[1380:109156] ATRIADBG standardHR payload=0057 hr=87 rrnum=0 truncated=0 rr_ms= suppressed_since_last=0
2026-07-03 20:28:18.624 Atria[1380:109366] ATRIADBG notifyState ch=2A37 notifying=0 err=nil
2026-07-03 20:28:18.657 Atria[1380:109156] ATRIADBG hr_broadcast status=sent bpm=82 rr=0
2026-07-03 20:28:18.847 Atria[1380:109184] ATRIADBG notifyState ch=2A37 notifying=1 err=nil
2026-07-03 20:28:18.999 Atria[1380:109184] ATRIADBG notifyState ch=2A37 notifying=0 err=nil
2026-07-03 20:28:19.372 Atria[1380:109184] ATRIADBG notifyState ch=2A37 notifying=1 err=nil
2026-07-03 20:28:19.373 Atria[1380:109156] ATRIADBG radio_low_traffic status=learning mode=full_protocol custom_notify_skipped=0 custom_notify_enabled=1 tx_skipped=0 realtime_start_skipped=2 reason=full_protocol
2026-07-03 20:28:19.373 Atria[1380:109156] ATRIADBG radio_low_traffic status=learning mode=full_protocol custom_notify_skipped=0 custom_notify_enabled=2 tx_skipped=0 realtime_start_skipped=2 reason=full_protocol
2026-07-03 20:28:19.374 Atria[1380:109156] ATRIADBG radio_low_traffic status=learning mode=full_protocol custom_notify_skipped=0 custom_notify_enabled=3 tx_skipped=0 realtime_start_skipped=2 reason=full_protocol
2026-07-03 20:28:19.374 Atria[1380:109156] ATRIADBG radio_low_traffic status=learning mode=full_protocol custom_notify_skipped=0 custom_notify_enabled=4 tx_skipped=0 realtime_start_skipped=2 reason=full_protocol
2026-07-03 20:28:19.597 Atria[1380:109156] ATRIADBG standardHR payload=0059 hr=89 rrnum=0 truncated=0 rr_ms= suppressed_since_last=0
2026-07-03 20:28:19.598 Atria[1380:109366] ATRIADBG notifyState ch=61080003-8D6D-82B8-614A-1C8CB0F8DCC6 notifying=1 err=nil
2026-07-03 20:28:19.897 Atria[1380:109366] ATRIADBG notifyState ch=61080004-8D6D-82B8-614A-1C8CB0F8DCC6 notifying=1 err=nil
2026-07-03 20:28:19.897 Atria[1380:109156] ATRIADBG proprietary_arm_fallback status=arming reason=notify_pair_ready notify_count=2 stream5_confirmed=0 history_only=0
2026-07-03 20:28:20.048 Atria[1380:109156] ATRIADBG haptic_alert kind=strain_target strain=9.8 target=8.0 phone_side=1 strap_write=0
2026-07-03 20:28:20.347 Atria[1380:109172] ATRIADBG notifyState ch=61080005-8D6D-82B8-614A-1C8CB0F8DCC6 notifying=1 err=nil
2026-07-03 20:28:20.498 Atria[1380:109156] ATRIADBG standardHR payload=0058 hr=88 rrnum=0 truncated=0 rr_ms= suppressed_since_last=0
2026-07-03 20:28:20.499 Atria[1380:109172] ATRIADBG notifyState ch=61080007-8D6D-82B8-614A-1C8CB0F8DCC6 notifying=1 err=nil
2026-07-03 20:28:20.499 Atria[1380:109156] ATRIADBG hr_broadcast status=sent bpm=87 rr=0
2026-07-03 20:28:20.798 Atria[1380:109172] ATRIADBG notifyState ch=2A37 notifying=1 err=nil
2026-07-03 20:28:20.993 Atria[1380:109156] ATRIADBG notification_battery_drain_cycle status=cleared reason=above_threshold had_cycle=0
2026-07-03 20:28:20.993 Atria[1380:109156] ATRIADBG notification_battery_decision level=99 source=live_2A19 age_s=0 usable=1 threshold=25 charge=levelOnly drop_recent=1
2026-07-03 20:28:20.993 Atria[1380:109156] ATRIADBG notification_battery_maintenance status=evaluated reason=timer
2026-07-03 20:28:21.008 Atria[1380:109156] ATRIADBG widget_snapshot status=ok reason=dashboard_revision schema=3 recovery=50 confidence=unverified hrv=personal_baseline strain=9.8 rhr=59 max_hr=189 battery=99 charge=levelOnly bytes=643 storage=app_group_userdefaults app_group=1 widget_target=1 complication_target=1
2026-07-03 20:28:21.008 Atria[1380:109156] ATRIADBG widget_readiness status=ready storage=app_group_userdefaults app_group=1 widget_target=1 complication_target=1 action=verify_widget_on_device
2026-07-03 20:28:21.013 Atria[1380:109156] ATRIADBG notification_battery_drain_cycle status=cleared reason=above_threshold had_cycle=0
2026-07-03 20:28:21.014 Atria[1380:109156] ATRIADBG notification_battery_decision level=99 source=live_2A19 age_s=0 usable=1 threshold=25 charge=levelOnly drop_recent=1
2026-07-03 20:28:21.014 Atria[1380:109156] ATRIADBG notification_battery_maintenance status=evaluated reason=connection_trigger
2026-07-03 20:28:21.247 Atria[1380:109172] ATRIADBG notifyState ch=2A19 notifying=1 err=nil
2026-07-03 20:28:21.549 Atria[1380:109156] ATRIADBG battery level=99 source=2A19 bytes=63 persisted=1
2026-07-03 20:28:21.549 Atria[1380:109156] ATRIADBG standardHR payload=0058 hr=88 rrnum=0 truncated=0 rr_ms= suppressed_since_last=0
2026-07-03 20:28:22.447 Atria[1380:109156] ATRIADBG standardHR payload=0057 hr=87 rrnum=0 truncated=0 rr_ms= suppressed_since_last=0
2026-07-03 20:28:22.984 Atria[1380:109156] ATRIADBG send mode=wwr cmd=03 seq=0 to=61080002-8D6D-82B8-614A-1C8CB0F8DCC6 props=12 frame=aa0800a82300030199bce9cf
2026-07-03 20:28:23.198 Atria[1380:109156] ATRIADBG frame ch=61080003 len=16 hex=aa0c00fc248003000200000012e395bc
2026-07-03 20:28:23.198 Atria[1380:109156] ATRIADBG cmdResp ch=61080003-8D6D-82B8-614A-1C8CB0F8DCC6 payload=2480030002000000
2026-07-03 20:28:23.199 Atria[1380:109156] ATRIADBG frame ch=61080004 len=20 hex=aa10005730cd21000bce476a20400000b4766175
2026-07-03 20:28:23.199 Atria[1380:109156] ATRIADBG protocol_packet type=30 kind=event len=12 body=cd21000bce476a20400000 full=aa10005730cd21000bce476a20400000b4766175
2026-07-03 20:28:23.498 Atria[1380:109156] ATRIADBG standardHR payload=0056 hr=86 rrnum=0 truncated=0 rr_ms= suppressed_since_last=0
2026-07-03 20:28:23.499 Atria[1380:109156] ATRIADBG hr_broadcast status=sent bpm=88 rr=0
2026-07-03 20:28:24.397 Atria[1380:109156] ATRIADBG standardHR payload=0057 hr=87 rrnum=0 truncated=0 rr_ms= suppressed_since_last=0
2026-07-03 20:28:25.050 Atria[1380:109156] ATRIADBG daily_rollup_persist_summary entries=10 respiratory_rows=9 rr_session_candidates=38 sessions=110
2026-07-03 20:28:25.050 Atria[1380:109156] ATRIADBG max_hr_suggestion_rollup status=none reason=daily_rollup observed_peak=0 current_max_hr=189
2026-07-03 20:28:25.050 Atria[1380:109156] ATRIADBG morning_summary_skip reason=outside_window local_minutes=1228
2026-07-03 20:28:25.054 Atria[1380:109364] ATRIADBG daily_rollup_store_save status=ok rows=10 bytes=4431 path=daily-rollups.json
2026-07-03 20:28:25.055 Atria[1380:109156] ATRIADBG notification_skip kind=health_deviation reason=no_two_day_deviation
2026-07-03 20:28:25.057 Atria[1380:109364] ATRIADBG daily_rollup_store_save status=ok rows=10 bytes=4431 path=daily-rollups.json
2026-07-03 20:28:25.060 Atria[1380:109364] ATRIADBG daily_rollup_store_save status=ok rows=10 bytes=4431 path=daily-rollups.json
2026-07-03 20:28:25.062 Atria[1380:109364] ATRIADBG daily_rollup_store_save status=ok rows=10 bytes=4431 path=daily-rollups.json
2026-07-03 20:28:25.065 Atria[1380:109364] ATRIADBG daily_rollup_store_save status=ok rows=10 bytes=4431 path=daily-rollups.json
2026-07-03 20:28:25.068 Atria[1380:109364] ATRIADBG daily_rollup_store_save status=ok rows=10 bytes=4431 path=daily-rollups.json
2026-07-03 20:28:25.070 Atria[1380:109364] ATRIADBG daily_rollup_store_save status=ok rows=10 bytes=4431 path=daily-rollups.json
2026-07-03 20:28:25.072 Atria[1380:109364] ATRIADBG daily_rollup_store_save status=ok rows=10 bytes=4431 path=daily-rollups.json
2026-07-03 20:28:25.075 Atria[1380:109364] ATRIADBG daily_rollup_store_save status=ok rows=10 bytes=4431 path=daily-rollups.json
2026-07-03 20:28:25.077 Atria[1380:109364] ATRIADBG daily_rollup_store_save status=ok rows=10 bytes=4431 path=daily-rollups.json
2026-07-03 20:28:25.297 Atria[1380:109156] ATRIADBG standardHR payload=0057 hr=87 rrnum=0 truncated=0 rr_ms= suppressed_since_last=0
2026-07-03 20:28:25.998 Atria[1380:109156] ATRIADBG notification_battery_drain_cycle status=cleared reason=above_threshold had_cycle=0
2026-07-03 20:28:25.998 Atria[1380:109156] ATRIADBG notification_battery_decision level=99 source=live_2A19 age_s=0 usable=1 threshold=25 charge=levelOnly drop_recent=1
2026-07-03 20:28:25.998 Atria[1380:109156] ATRIADBG notification_battery_maintenance status=evaluated reason=timer
2026-07-03 20:28:26.348 Atria[1380:109156] ATRIADBG standardHR payload=0059 hr=89 rrnum=0 truncated=0 rr_ms= suppressed_since_last=0
2026-07-03 20:28:26.356 Atria[1380:109156] ATRIADBG hr_broadcast status=sent bpm=87 rr=0
2026-07-03 20:28:27.248 Atria[1380:109156] ATRIADBG standardHR payload=005a hr=90 rrnum=0 truncated=0 rr_ms= suppressed_since_last=0
2026-07-03 20:28:28.298 Atria[1380:109156] ATRIADBG standardHR payload=0059 hr=89 rrnum=0 truncated=0 rr_ms= suppressed_since_last=0
2026-07-03 20:28:29.198 Atria[1380:109156] ATRIADBG standardHR payload=0059 hr=89 rrnum=0 truncated=0 rr_ms= suppressed_since_last=0
2026-07-03 20:28:29.206 Atria[1380:109156] ATRIADBG hr_broadcast status=sent bpm=89 rr=0
2026-07-03 20:28:30.098 Atria[1380:109156] ATRIADBG standardHR payload=005a hr=90 rrnum=0 truncated=0 rr_ms= suppressed_since_last=0
2026-07-03 20:28:30.998 Atria[1380:109156] ATRIADBG notification_battery_drain_cycle status=cleared reason=above_threshold had_cycle=0
2026-07-03 20:28:30.998 Atria[1380:109156] ATRIADBG notification_battery_decision level=99 source=live_2A19 age_s=0 usable=1 threshold=25 charge=levelOnly drop_recent=1
2026-07-03 20:28:30.998 Atria[1380:109156] ATRIADBG notification_battery_maintenance status=evaluated reason=timer
2026-07-03 20:28:31.148 Atria[1380:109156] ATRIADBG standardHR payload=005a hr=90 rrnum=0 truncated=0 rr_ms= suppressed_since_last=0
2026-07-03 20:28:32.047 Atria[1380:109156] ATRIADBG standardHR payload=005a hr=90 rrnum=0 truncated=0 rr_ms= suppressed_since_last=0
2026-07-03 20:28:32.056 Atria[1380:109156] ATRIADBG hr_broadcast status=sent bpm=90 rr=0
2026-07-03 20:28:33.098 Atria[1380:109156] ATRIADBG standardHR payload=0058 hr=88 rrnum=0 truncated=0 rr_ms= suppressed_since_last=0
2026-07-03 20:28:33.998 Atria[1380:109156] ATRIADBG standardHR payload=0057 hr=87 rrnum=0 truncated=0 rr_ms= suppressed_since_last=0
2026-07-03 20:28:34.011 Atria[1380:109156] ATRIADBG widget_snapshot status=ok reason=live_bpm_delta schema=3 recovery=50 confidence=unverified hrv=personal_baseline strain=9.8 rhr=59 max_hr=189 battery=99 charge=levelOnly bytes=643 storage=app_group_userdefaults app_group=1 widget_target=1 complication_target=1
2026-07-03 20:28:34.011 Atria[1380:109156] ATRIADBG widget_readiness status=ready storage=app_group_userdefaults app_group=1 widget_target=1 complication_target=1 action=verify_widget_on_device
2026-07-03 20:28:34.897 Atria[1380:109156] ATRIADBG standardHR payload=0057 hr=87 rrnum=0 truncated=0 rr_ms= suppressed_since_last=0
2026-07-03 20:28:34.905 Atria[1380:109156] ATRIADBG hr_broadcast status=sent bpm=88 rr=0
2026-07-03 20:28:35.948 Atria[1380:109156] ATRIADBG standardHR payload=0055 hr=85 rrnum=0 truncated=0 rr_ms= suppressed_since_last=0
2026-07-03 20:28:35.995 Atria[1380:109156] ATRIADBG notification_battery_drain_cycle status=cleared reason=above_threshold had_cycle=0
2026-07-03 20:28:35.995 Atria[1380:109156] ATRIADBG notification_battery_decision level=99 source=live_2A19 age_s=0 usable=1 threshold=25 charge=levelOnly drop_recent=1
2026-07-03 20:28:35.996 Atria[1380:109156] ATRIADBG notification_battery_maintenance status=evaluated reason=timer
2026-07-03 20:28:36.847 Atria[1380:109156] ATRIADBG standardHR payload=0055 hr=85 rrnum=0 truncated=0 rr_ms= suppressed_since_last=0
2026-07-03 20:28:37.898 Atria[1380:109156] ATRIADBG standardHR payload=0053 hr=83 rrnum=0 truncated=0 rr_ms= suppressed_since_last=0
2026-07-03 20:28:37.904 Atria[1380:109156] ATRIADBG hr_broadcast status=sent bpm=85 rr=0
2026-07-03 20:28:37.906 Atria[1380:109156] ATRIADBG rr_quality source=2a37 state=learning fraction=0.095 rr_frames=2 total_frames=21 max_rr_gap_s=30.8 frame_max_rr_gap_s=30.8 beat_timeline=1 window_s=32 hrv_state=learning rr_source_2a37_values=0 rr_source_0x28_decoded_values=0 rr_source_0x28_used_values=0
2026-07-03 20:28:38.798 Atria[1380:109156] ATRIADBG standardHR payload=0051 hr=81 rrnum=0 truncated=0 rr_ms= suppressed_since_last=0
2026-07-03 20:28:39.698 Atria[1380:109156] ATRIADBG standardHR payload=004e hr=78 rrnum=0 truncated=0 rr_ms= suppressed_since_last=0
2026-07-03 20:28:40.748 Atria[1380:109156] ATRIADBG standardHR payload=004c hr=76 rrnum=0 truncated=0 rr_ms= suppressed_since_last=0
2026-07-03 20:28:40.753 Atria[1380:109156] ATRIADBG hr_broadcast status=sent bpm=81 rr=0
2026-07-03 20:28:40.997 Atria[1380:109156] ATRIADBG notification_battery_drain_cycle status=cleared reason=above_threshold had_cycle=0
2026-07-03 20:28:40.998 Atria[1380:109156] ATRIADBG notification_battery_decision level=99 source=live_2A19 age_s=0 usable=1 threshold=25 charge=levelOnly drop_recent=1
2026-07-03 20:28:40.998 Atria[1380:109156] ATRIADBG notification_battery_maintenance status=evaluated reason=timer
2026-07-03 20:28:41.648 Atria[1380:109156] ATRIADBG standardHR payload=004c hr=76 rrnum=0 truncated=0 rr_ms= suppressed_since_last=0
2026-07-03 20:28:42.698 Atria[1380:109156] ATRIADBG standardHR payload=004d hr=77 rrnum=0 truncated=0 rr_ms= suppressed_since_last=0
2026-07-03 20:28:42.704 Atria[1380:109156] ATRIADBG hr_broadcast status=sent bpm=77 rr=0
2026-07-03 20:28:43.601 Atria[1380:109156] ATRIADBG standardHR payload=004d hr=77 rrnum=0 truncated=0 rr_ms= suppressed_since_last=0
2026-07-03 20:28:44.648 Atria[1380:109156] ATRIADBG standardHR payload=004d hr=77 rrnum=0 truncated=0 rr_ms= suppressed_since_last=0
2026-07-03 20:28:45.548 Atria[1380:109156] ATRIADBG standardHR payload=004e hr=78 rrnum=0 truncated=0 rr_ms= suppressed_since_last=0
2026-07-03 20:28:45.998 Atria[1380:109156] ATRIADBG notification_battery_drain_cycle status=cleared reason=above_threshold had_cycle=0
2026-07-03 20:28:45.999 Atria[1380:109156] ATRIADBG notification_battery_decision level=99 source=live_2A19 age_s=0 usable=1 threshold=25 charge=levelOnly drop_recent=1
2026-07-03 20:28:45.999 Atria[1380:109156] ATRIADBG notification_battery_maintenance status=evaluated reason=timer
2026-07-03 20:28:46.447 Atria[1380:109156] ATRIADBG standardHR payload=004e hr=78 rrnum=0 truncated=0 rr_ms= suppressed_since_last=0
2026-07-03 20:28:47.498 Atria[1380:109156] ATRIADBG standardHR payload=004d hr=77 rrnum=0 truncated=0 rr_ms= suppressed_since_last=0
2026-07-03 20:28:48.397 Atria[1380:109156] ATRIADBG standardHR payload=004b hr=75 rrnum=0 truncated=0 rr_ms= suppressed_since_last=0
2026-07-03 20:28:49.448 Atria[1380:109156] ATRIADBG standardHR payload=004d hr=77 rrnum=0 truncated=0 rr_ms= suppressed_since_last=0
2026-07-03 20:28:49.460 Atria[1380:109156] ATRIADBG widget_snapshot status=ok reason=live_bpm_delta schema=3 recovery=50 confidence=unverified hrv=personal_baseline strain=9.8 rhr=59 max_hr=189 battery=99 charge=levelOnly bytes=643 storage=app_group_userdefaults app_group=1 widget_target=1 complication_target=1
2026-07-03 20:28:49.460 Atria[1380:109156] ATRIADBG widget_readiness status=ready storage=app_group_userdefaults app_group=1 widget_target=1 complication_target=1 action=verify_widget_on_device
2026-07-03 20:28:50.348 Atria[1380:109156] ATRIADBG standardHR payload=004c hr=76 rrnum=0 truncated=0 rr_ms= suppressed_since_last=0
HARNESS_CAPTURE_TIMEOUT seconds=45 launch_seen=1 action=stop_devicectl_console
2026-07-03 20:28:50.998 Atria[1380:109156] ATRIADBG notification_battery_drain_cycle status=cleared reason=above_threshold had_cycle=0
2026-07-03 20:28:50.998 Atria[1380:109156] ATRIADBG notification_battery_decision level=99 source=live_2A19 age_s=0 usable=1 threshold=25 charge=levelOnly drop_recent=1
2026-07-03 20:28:50.998 Atria[1380:109156] ATRIADBG notification_battery_maintenance status=evaluated reason=timer
App terminated due to signal 2.
ATRIADBG_SUMMARY_START
notify_61080005=True
realtime_start=True
cmd_response=True
frame_61080005=False
hrv_ready=False
capture_summary_ready=False
auto_capture_start=False
auto_capture_stop=False
gate_status_start=False
gate_status_complete=False
gate_readiness_complete=False
gate_status_deep_complete=False
healthkit_reference_audit_complete=False
healthkit_export_complete=False
healthkit_export_verify_complete=False
healthkit_export_authorization_pending_complete=False
healthkit_sleep_export_verify_complete=False
healthkit_sleep_export_deferred_complete=False
healthkit_reset_rebuild_complete=False
workout_confirm_complete=False
sleep_confirm_complete=False
post_healthkit_gate_status_complete=False
collection_health_complete=False
rr_reference_package_complete=False
hr_reference_package_complete=False
rr_reference_validation_complete=False
hr_reference_validation_complete=False
reference_inputs_clear_complete=False
workout_validation_complete=False
sleep_validation_complete=False
sleep_validation_fail_closed=False
backup_complete=False
backup_verify_complete=False
notification_schedule_complete=False
notification_delivery_complete=False
radio_low_traffic_complete=True
trend_summary_complete=False
trend_windows_complete=False
strain_validation_complete=False
widget_snapshot_complete=True
analytics_calibration_complete=False
analytics_calibration_status=
analytics_calibration_numeric_checks=
analytics_calibration_label_checks=
rr_frames=1
rr_values=1
rr_truncated_frames=0
rr_hr_mismatch_values=0
rr_source_2a37_frames=1
rr_source_2a37_values=1
rr_source_0x28_frames=0
rr_source_0x28_values=0
rr_source_0x28_used_frames=0
rr_source_0x28_used_values=0
standard_2a37_frames=46
standard_2a37_rr_frames=1
standard_2a37_rr_values=1
last_standard_2a37_payload=004c
last_standard_2a37_hr=76
last_standard_2a37_rrnum=0
last_standard_2a37_rr_ms=
last_rr_quality_source=2a37
realtime_frames=0
realtime_rr_frames=0
realtime_rr_zero_frames=0
realtime_malformed_frames=0
realtime_truncated_rr_frames=0
realtime_restarts=0
realtime_reasserts=0
auto_capture_starts=0
auto_capture_stops=0
capture_aborts=0
capture_quality_resets=0
auto_capture_exhausted=0
last_realtime_hr=
last_realtime_rrnum=
last_realtime_rr_bytes=
last_realtime_payload_tail=
realtime_rr_fraction=
realtime_rr_percent=
realtime_zero_rr_tail_nonzero_frames=0
realtime_zero_rr_tail_valid_candidate_frames=0
last_rr_values=813
last_rr_implied_bpm=74
hrv_max_rr_gap_s=0.0
last_hrv_max_rr_gap_s=
first_realtime_elapsed_s=
first_rr_elapsed_s=12.5
rr_start_delay_s=
last_rr_elapsed_s=12.5
max_rr_log_gap_s=
cmd_response_count=1
cmd_response_last_seq=128
cmd_response_last_cmd=0x03
cmd_response_last_status=0002000000
cmd_response_statuses=seq=128:cmd=0x03:status=0002000000
history_clock_set_responses=0
history_clock_get_responses=0
history_clock_last_drift_s=
history_clock_last_stale=
frame_61080003_count=1
frame_61080004_count=1
frame_61080005_count=0
frame_61080007_count=0
frame_61080004_types=0x30:1
frame_61080005_types=
frame_61080007_types=
metadata_0x31_frames=0
metadata_0x31_lengths=
metadata_0x31_body_hashes=
historical_2f_frames=0
historical_data_rows=0
historical_archive_rows=0
historical_archive_metric_usable=
historical_archive_current_usable=
historical_2f_candidate_rr_values=0
historical_2f_first_prefix=
historical_2f_last_prefix=
sensor_research_probe_rows=0
sensor_research_probe_spo2_candidate_frames=
sensor_research_probe_skin_temp_candidate_frames=
sensor_research_probe_last_model_generation=
sensor_research_probe_last_model_evidence=
model_gate_rows=1
model_gate_assume_4_class_rows=1
model_gate_metadata_explicit_rows=0
model_gate_last_status=assume_4_class
model_gate_last_model=
model_gate_last_reason=proprietary_service
model_gate_last_evidence=
sleep_motion_hint_count=0
sleep_motion_hint_kinds=
segment_0_label=initial
segment_0_raw=03
segment_0_frames=0
segment_0_rr_frames=0
segment_0_zero_frames=0
segment_0_rr_values=0
segment_0_rr_fraction=0.000
segment_0_rr_percent=0.0
segment_0_cmd_status=seq=128:cmd=0x03:status=0002000000
segment_0_frame_61080003_count=1
segment_0_frame_61080004_count=1
segment_0_frame_61080005_count=0
segment_0_frame_61080007_count=0
segment_0_frame_61080004_types=0x30:1
segment_0_frame_61080005_types=
segment_0_frame_61080007_types=
segment_0_historical_2f_frames=0
segment_0_historical_data_rows=0
segment_0_historical_archive_rows=0
segment_0_historical_2f_candidate_rr_values=0
segment_0_historical_2f_first_prefix=
segment_0_historical_2f_last_prefix=
segment_0_sleep_motion_hint_count=0
segment_0_sleep_motion_hint_kinds=
ATRIADBG_LINES=298
ATRIADBG_LOG=logs/20260703-lb5-reconnect-suppression-smoke.log
ATRIADBG_SUMMARY_END
HARNESS_LEAVE_RUNNING_ARGS=xcrun devicectl device process launch --device 3803F5B6-1666-56D3-A71A-62F131F6CE3B --terminate-existing com.adidshaft.atria
Launched application with com.adidshaft.atria bundle identifier.
HARNESS_LEAVE_RUNNING status=launched mode=normal_end_user
