HARNESS_DEVICE_PREFLIGHT status=ok tool=xcodebuild_showdestinations xcode_destination=id=3803F5B6-1666-56D3-A71A-62F131F6CE3B install_device=3803F5B6-1666-56D3-A71A-62F131F6CE3B
Command line invocation:
    /Applications/Xcode-beta.app/Contents/Developer/usr/bin/xcodebuild -project Atria/Atria.xcodeproj -scheme Atria -configuration Release -destination id=3803F5B6-1666-56D3-A71A-62F131F6CE3B -destination-timeout 10 -derivedDataPath build/DerivedData build

ComputePackagePrebuildTargetDependencyGraph

Prepare packages

CreateBuildRequest

SendProjectDescription

CreateBuildOperation

ComputeTargetDependencyGraph
note: Building targets in dependency order
note: Target dependency graph (2 targets)
    Target 'Atria' in project 'Atria'
        ➜ Explicit dependency on target 'AtriaWidget' in project 'Atria'
    Target 'AtriaWidget' in project 'Atria' (no dependencies)

GatherProvisioningInputs

CreateBuildDescription

ClangStatCache /Applications/Xcode-beta.app/Contents/Developer/Toolchains/XcodeDefault.xctoolchain/usr/bin/clang-stat-cache /Applications/Xcode-beta.app/Contents/Developer/Platforms/iPhoneOS.platform/Developer/SDKs/iPhoneOS27.0.sdk /Users/amanpandey/projects/atria/build/DerivedData/SDKStatCaches.noindex/iphoneos27.0-24A5370g-ab8728d0c5b464cc751fe8b4b02b9db3.sdkstatcache
    cd /Users/amanpandey/projects/atria/Atria/Atria.xcodeproj
    /Applications/Xcode-beta.app/Contents/Developer/Toolchains/XcodeDefault.xctoolchain/usr/bin/clang-stat-cache /Applications/Xcode-beta.app/Contents/Developer/Platforms/iPhoneOS.platform/Developer/SDKs/iPhoneOS27.0.sdk -o /Users/amanpandey/projects/atria/build/DerivedData/SDKStatCaches.noindex/iphoneos27.0-24A5370g-ab8728d0c5b464cc751fe8b4b02b9db3.sdkstatcache

PruneExplicitPrecompiledModules /Users/amanpandey/projects/atria/build/DerivedData/Build/Intermediates.noindex/ExplicitPrecompiledModules

PruneExplicitPrecompiledModules /Users/amanpandey/projects/atria/build/DerivedData/Build/Intermediates.noindex/SwiftExplicitPrecompiledModules

** BUILD SUCCEEDED **

App installed:
• bundleID: com.adidshaft.atria
• installationURL: file:///private/var/containers/Bundle/Application/7BE7644D-38E2-4FD7-883B-8040DBDB1527/Atria.app/
• launchServicesIdentifier: unknown
• databaseUUID: 80179514-55C1-48AA-8DCA-BE1C81EA7F24
• databaseSequenceNumber: 9840
• options: 
HARNESS_LAUNCH_ARGS=xcrun devicectl device process launch --device 3803F5B6-1666-56D3-A71A-62F131F6CE3B --terminate-existing --console com.adidshaft.atria --atria-log-ble-frames
Launched application with com.adidshaft.atria bundle identifier.
Waiting for the application to terminate…
2026-07-04 11:35:01.439 Atria[4966:756485] ATRIADBG ble_restore peripherals=1
2026-07-04 11:35:01.440 Atria[4966:756478] ATRIADBG sleep_confirmed_migration status=updated records=1 reason=legacy_missing_stage_segments
2026-07-04 11:35:01.441 Atria[4966:756478] ATRIADBG max_hr_suggestion_rollup status=none reason=session_cache observed_peak=0 current_max_hr=189
2026-07-04 11:35:01.441 Atria[4966:756478] ATRIADBG max_hr_suggestion_rollup status=none reason=init observed_peak=0 current_max_hr=189
2026-07-04 11:35:01.459 Atria[4966:756478] ATRIADBG ble_restore status=reuse_restored reason=standard_hr_only peripherals=1
2026-07-04 11:35:01.460 Atria[4966:756478] ATRIADBG status_derived to=connected reason=event central=5 peripheral=2 saved=1 scanning=0
2026-07-04 11:35:01.460 Atria[4966:756478] ATRIADBG ble_restore status=connected name=ADIDSHAFT'S WHO
2026-07-04 11:35:01.498 Atria[4966:756478] -canOpenURL: failed for URL: "whoop://" - error: "The operation couldn’t be completed. (OSStatus error -10814.)"
2026-07-04 11:35:01.532 Atria[4966:756478] ATRIADBG notification_battery_drain_cycle status=cleared reason=above_threshold had_cycle=0
2026-07-04 11:35:01.532 Atria[4966:756478] ATRIADBG notification_battery_decision level=87 source=live_2A19 age_s=0 usable=1 threshold=25 charge=levelOnly drop_recent=1
2026-07-04 11:35:01.532 Atria[4966:756478] ATRIADBG notification_battery_maintenance status=evaluated reason=coexistence_risk
2026-07-04 11:35:01.532 Atria[4966:756478] ATRIADBG connection_diagnosis status=pending reason=coexistence_risk title=Fit check needed delay_s=15
2026-07-04 11:35:01.533 Atria[4966:756478] ATRIADBG notification_battery_drain_cycle status=cleared reason=above_threshold had_cycle=0
2026-07-04 11:35:01.533 Atria[4966:756478] ATRIADBG notification_battery_decision level=87 source=live_2A19 age_s=0 usable=1 threshold=25 charge=levelOnly drop_recent=1
2026-07-04 11:35:01.533 Atria[4966:756478] ATRIADBG notification_battery_maintenance status=evaluated reason=connection_trigger
2026-07-04 11:35:01.534 Atria[4966:756478] ATRIADBG scene_phase phase=appear reason=content_on_appear
2026-07-04 11:35:01.535 Atria[4966:756478] ATRIADBG launch_timing event=on_appear elapsed_ms=109 scene=inactive
2026-07-04 11:35:01.578 Atria[4966:756478] ATRIADBG workout_review_candidate status=deferred source=dashboard_revision reason=store_not_loaded rest_hr=57 max_hr=189
2026-07-04 11:35:01.581 Atria[4966:756478] ATRIADBG widget_snapshot status=ok reason=dashboard_revision schema=3 recovery=62 confidence=unverified hrv=learning strain=0.0 rhr=57 max_hr=189 battery=87 charge=levelOnly bytes=588 storage=app_group_userdefaults app_group=1 widget_target=1 complication_target=1
2026-07-04 11:35:01.581 Atria[4966:756478] ATRIADBG widget_readiness status=ready storage=app_group_userdefaults app_group=1 widget_target=1 complication_target=1 action=verify_widget_on_device
2026-07-04 11:35:01.582 Atria[4966:756478] ATRIADBG model_gate status=assume_4_class reason=proprietary_service service=61080001-8D6D-82B8-614A-1C8CB0F8DCC6
2026-07-04 11:35:01.583 Atria[4966:756478] ATRIADBG radio_low_traffic status=ready mode=standard_hr_only custom_notify_skipped=0 custom_notify_enabled=0 tx_skipped=1 realtime_start_skipped=0 reason=standard_hr_only
2026-07-04 11:35:01.583 Atria[4966:756478] ATRIADBG radio_low_traffic status=ready mode=standard_hr_only custom_notify_skipped=1 custom_notify_enabled=0 tx_skipped=1 realtime_start_skipped=0 reason=standard_hr_only
2026-07-04 11:35:01.584 Atria[4966:756478] ATRIADBG radio_low_traffic status=ready mode=standard_hr_only custom_notify_skipped=2 custom_notify_enabled=0 tx_skipped=1 realtime_start_skipped=0 reason=standard_hr_only
2026-07-04 11:35:01.584 Atria[4966:756478] ATRIADBG radio_low_traffic status=ready mode=standard_hr_only custom_notify_skipped=3 custom_notify_enabled=0 tx_skipped=1 realtime_start_skipped=0 reason=standard_hr_only
2026-07-04 11:35:01.585 Atria[4966:756478] ATRIADBG radio_low_traffic status=ready mode=standard_hr_only custom_notify_skipped=4 custom_notify_enabled=0 tx_skipped=1 realtime_start_skipped=0 reason=standard_hr_only
2026-07-04 11:35:01.585 Atria[4966:756478] ATRIADBG radio_low_traffic status=ready mode=standard_hr_only custom_notify_skipped=4 custom_notify_enabled=0 tx_skipped=2 realtime_start_skipped=0 reason=standard_hr_only
2026-07-04 11:35:01.586 Atria[4966:756478] ATRIADBG radio_low_traffic status=ready mode=standard_hr_only custom_notify_skipped=5 custom_notify_enabled=0 tx_skipped=2 realtime_start_skipped=0 reason=standard_hr_only
2026-07-04 11:35:01.586 Atria[4966:756478] ATRIADBG radio_low_traffic status=ready mode=standard_hr_only custom_notify_skipped=6 custom_notify_enabled=0 tx_skipped=2 realtime_start_skipped=0 reason=standard_hr_only
2026-07-04 11:35:01.586 Atria[4966:756478] ATRIADBG radio_low_traffic status=ready mode=standard_hr_only custom_notify_skipped=7 custom_notify_enabled=0 tx_skipped=2 realtime_start_skipped=0 reason=standard_hr_only
2026-07-04 11:35:01.587 Atria[4966:756478] ATRIADBG radio_low_traffic status=ready mode=standard_hr_only custom_notify_skipped=8 custom_notify_enabled=0 tx_skipped=2 realtime_start_skipped=0 reason=standard_hr_only
2026-07-04 11:35:01.587 Atria[4966:756478] ATRIADBG workout_review_candidate status=deferred source=home_appear reason=store_not_loaded rest_hr=57 max_hr=189
2026-07-04 11:35:01.589 Atria[4966:756478] ATRIADBG hr_broadcast status=waiting state=0
2026-07-04 11:35:01.589 Atria[4966:756478] ATRIADBG hr_broadcast_ui enabled=1 persistent=1 workout=0 active=0 reason=home_appear
2026-07-04 11:35:01.590 Atria[4966:756478] ATRIADBG notification_battery_drain_cycle status=cleared reason=above_threshold had_cycle=0
2026-07-04 11:35:01.590 Atria[4966:756478] ATRIADBG notification_battery_decision level=87 source=live_2A19 age_s=0 usable=1 threshold=25 charge=levelOnly drop_recent=1
2026-07-04 11:35:01.590 Atria[4966:756478] ATRIADBG notification_battery_maintenance status=evaluated reason=home_appear
2026-07-04 11:35:01.590 Atria[4966:756478] ATRIADBG home_launch_timing event=primary_ready elapsed_ms=2 status=connected tab=overview
2026-07-04 11:35:01.590 Atria[4966:756478] ATRIADBG daily_rollup_persist_summary entries=11 respiratory_rows=10 rr_session_candidates=0 sessions=0
2026-07-04 11:35:01.591 Atria[4966:756478] ATRIADBG max_hr_suggestion_rollup status=none reason=daily_rollup observed_peak=0 current_max_hr=189
2026-07-04 11:35:01.591 Atria[4966:756478] ATRIADBG morning_summary_skip reason=outside_window local_minutes=695
2026-07-04 11:35:01.595 Atria[4966:756491] ATRIADBG daily_rollup_store_save status=ok rows=11 bytes=5073 path=daily-rollups.json
2026-07-04 11:35:01.610 Atria[4966:756491] ATRIADBG daily_rollup_store_save status=ok rows=11 bytes=5073 path=daily-rollups.json
2026-07-04 11:35:01.614 Atria[4966:756478] ATRIADBG notification_battery_drain_cycle status=cleared reason=above_threshold had_cycle=0
2026-07-04 11:35:01.614 Atria[4966:756478] ATRIADBG notification_battery_decision level=87 source=live_2A19 age_s=0 usable=1 threshold=25 charge=levelOnly drop_recent=1
2026-07-04 11:35:01.614 Atria[4966:756478] ATRIADBG notification_battery_maintenance status=evaluated reason=coexistence_risk
2026-07-04 11:35:01.615 Atria[4966:756478] ATRIADBG notification_battery_drain_cycle status=cleared reason=above_threshold had_cycle=0
2026-07-04 11:35:01.615 Atria[4966:756478] ATRIADBG notification_battery_decision level=87 source=live_2A19 age_s=0 usable=1 threshold=25 charge=levelOnly drop_recent=1
2026-07-04 11:35:01.615 Atria[4966:756478] ATRIADBG notification_battery_maintenance status=evaluated reason=connection_trigger
2026-07-04 11:35:01.615 Atria[4966:756491] ATRIADBG daily_rollup_store_save status=ok rows=11 bytes=5073 path=daily-rollups.json
2026-07-04 11:35:01.617 Atria[4966:756491] ATRIADBG daily_rollup_store_save status=ok rows=11 bytes=5073 path=daily-rollups.json
2026-07-04 11:35:01.619 Atria[4966:756491] ATRIADBG daily_rollup_store_save status=ok rows=11 bytes=5073 path=daily-rollups.json
2026-07-04 11:35:01.622 Atria[4966:756491] ATRIADBG daily_rollup_store_save status=ok rows=11 bytes=5073 path=daily-rollups.json
2026-07-04 11:35:01.625 Atria[4966:756491] ATRIADBG daily_rollup_store_save status=ok rows=11 bytes=5073 path=daily-rollups.json
2026-07-04 11:35:01.626 Atria[4966:756478] ATRIADBG scene_phase phase=inactive reason=fast_launch_background
2026-07-04 11:35:01.626 Atria[4966:756478] ATRIADBG launch_timing event=fast_launch_begin elapsed_ms=201 scene=inactive
2026-07-04 11:35:01.628 Atria[4966:756491] ATRIADBG daily_rollup_store_save status=ok rows=11 bytes=5073 path=daily-rollups.json
2026-07-04 11:35:01.634 Atria[4966:756491] ATRIADBG daily_rollup_store_save status=ok rows=11 bytes=5073 path=daily-rollups.json
2026-07-04 11:35:01.638 Atria[4966:756491] ATRIADBG daily_rollup_store_save status=ok rows=11 bytes=5073 path=daily-rollups.json
2026-07-04 11:35:01.640 Atria[4966:756491] ATRIADBG daily_rollup_store_save status=ok rows=11 bytes=5073 path=daily-rollups.json
2026-07-04 11:35:03.240 Atria[4966:756489] ATRIADBG notifyState ch=2A37 notifying=1 err=nil
2026-07-04 11:35:03.645 Atria[4966:756485] ATRIADBG session_store_save status=ok op=prune_short_long_wear_fragments sessions=122 bytes=11508927
2026-07-04 11:35:06.233 Atria[4966:756486] ATRIADBG notifyState ch=2A19 notifying=1 err=nil
2026-07-04 11:35:10.223 Atria[4966:756486] ATRIADBG notifyState ch=2A37 notifying=1 err=nil
2026-07-04 11:35:10.455 Atria[4966:756478] ATRIADBG max_hr_suggestion_rollup status=none reason=session_cache observed_peak=0 current_max_hr=189
2026-07-04 11:35:10.455 Atria[4966:756478] ATRIADBG session_store_reconcile status=merged reason=fast_launch sessions=127
2026-07-04 11:35:10.455 Atria[4966:756478] ATRIADBG launch_timing event=fast_launch_complete elapsed_ms=9030 scene=inactive
2026-07-04 11:35:10.455 Atria[4966:756478] ATRIADBG notification_skip kind=health_deviation reason=no_two_day_deviation
2026-07-04 11:35:10.460 Atria[4966:756478] ATRIADBG historical_archive_status reason=session_store_init exists=1 parse_ok=1 rows=171532 metric_usable=166297 current_usable=167779 metric_ready=1 fail_closed=0 status=Ready gate=Metric-ready detail=166297/171532 metric rows
2026-07-04 11:35:10.460 Atria[4966:756478] ATRIADBG launch_timing event=deferred_launch_begin elapsed_ms=9035 scene=inactive
2026-07-04 11:35:10.464 Atria[4966:756478] ATRIADBG ble_frame_logging enabled=1 reason=launch_arg
2026-07-04 11:35:10.464 Atria[4966:756478] ATRIADBG launch_timing event=deferred_launch_complete elapsed_ms=9039 scene=inactive
2026-07-04 11:35:10.465 Atria[4966:756478] ATRIADBG standardHR payload=0048 hr=72 rrnum=0 truncated=0 rr_ms= suppressed_since_last=0
2026-07-04 11:35:10.481 Atria[4966:756478] ATRIADBG session_store_finish_checkpoint stage=before_rollup_refresh sessions=127 elapsed_ms=2210
2026-07-04 11:35:10.481 Atria[4966:756478] ATRIADBG session_store_finish_checkpoint stage=pre_snapshot_rollup_persist sessions=127 metrics=11 elapsed_ms=2210
2026-07-04 11:35:10.619 Atria[4966:756478] ATRIADBG daily_rollup_persist_summary entries=11 respiratory_rows=10 rr_session_candidates=42 sessions=127
2026-07-04 11:35:10.619 Atria[4966:756478] ATRIADBG max_hr_suggestion_rollup status=none reason=daily_rollup observed_peak=0 current_max_hr=189
2026-07-04 11:35:10.619 Atria[4966:756478] ATRIADBG morning_summary_skip reason=outside_window local_minutes=695
2026-07-04 11:35:10.628 Atria[4966:756498] ATRIADBG daily_rollup_store_save status=ok rows=11 bytes=5073 path=daily-rollups.json
2026-07-04 11:35:10.630 Atria[4966:756498] ATRIADBG daily_rollup_store_save status=ok rows=11 bytes=5073 path=daily-rollups.json
2026-07-04 11:35:10.632 Atria[4966:756498] ATRIADBG daily_rollup_store_save status=ok rows=11 bytes=5073 path=daily-rollups.json
2026-07-04 11:35:10.634 Atria[4966:756498] ATRIADBG daily_rollup_store_save status=ok rows=11 bytes=5073 path=daily-rollups.json
2026-07-04 11:35:10.636 Atria[4966:756498] ATRIADBG daily_rollup_store_save status=ok rows=11 bytes=5073 path=daily-rollups.json
2026-07-04 11:35:10.638 Atria[4966:756498] ATRIADBG daily_rollup_store_save status=ok rows=11 bytes=5073 path=daily-rollups.json
2026-07-04 11:35:10.640 Atria[4966:756498] ATRIADBG daily_rollup_store_save status=ok rows=11 bytes=5073 path=daily-rollups.json
2026-07-04 11:35:10.641 Atria[4966:756498] ATRIADBG daily_rollup_store_save status=ok rows=11 bytes=5073 path=daily-rollups.json
2026-07-04 11:35:10.643 Atria[4966:756498] ATRIADBG daily_rollup_store_save status=ok rows=11 bytes=5073 path=daily-rollups.json
2026-07-04 11:35:10.645 Atria[4966:756498] ATRIADBG daily_rollup_store_save status=ok rows=11 bytes=5073 path=daily-rollups.json
2026-07-04 11:35:10.647 Atria[4966:756498] ATRIADBG daily_rollup_store_save status=ok rows=11 bytes=5073 path=daily-rollups.json
2026-07-04 11:35:11.467 Atria[4966:756486] ATRIADBG session_store_save status=ok op=session_reconcile_fast_launch sessions=127 bytes=11561324
2026-07-04 11:35:12.516 Atria[4966:756486] ATRIADBG session_store_save status=ok op=deferred_load_merge sessions=127 bytes=11561324
2026-07-04 11:35:13.215 Atria[4966:756486] ATRIADBG notifyState ch=2A19 notifying=1 err=nil
2026-07-04 11:35:14.634 Atria[4966:756478] ATRIADBG daily_rollup_persist_summary entries=11 respiratory_rows=10 rr_session_candidates=42 sessions=127
2026-07-04 11:35:14.634 Atria[4966:756478] ATRIADBG max_hr_suggestion_rollup status=none reason=daily_rollup observed_peak=0 current_max_hr=189
2026-07-04 11:35:14.634 Atria[4966:756478] ATRIADBG morning_summary_skip reason=outside_window local_minutes=695
2026-07-04 11:35:14.634 Atria[4966:756478] ATRIADBG session_store_finish_checkpoint stage=after_rollup_refresh sessions=127 elapsed_ms=2210
2026-07-04 11:35:14.637 Atria[4966:756486] ATRIADBG daily_rollup_store_save status=ok rows=11 bytes=5073 path=daily-rollups.json
2026-07-04 11:35:14.639 Atria[4966:756486] ATRIADBG daily_rollup_store_save status=ok rows=11 bytes=5073 path=daily-rollups.json
2026-07-04 11:35:14.641 Atria[4966:756486] ATRIADBG daily_rollup_store_save status=ok rows=11 bytes=5073 path=daily-rollups.json
2026-07-04 11:35:14.644 Atria[4966:756486] ATRIADBG daily_rollup_store_save status=ok rows=11 bytes=5073 path=daily-rollups.json
2026-07-04 11:35:14.646 Atria[4966:756486] ATRIADBG daily_rollup_store_save status=ok rows=11 bytes=5073 path=daily-rollups.json
2026-07-04 11:35:14.648 Atria[4966:756486] ATRIADBG daily_rollup_store_save status=ok rows=11 bytes=5073 path=daily-rollups.json
2026-07-04 11:35:14.650 Atria[4966:756486] ATRIADBG daily_rollup_store_save status=ok rows=11 bytes=5073 path=daily-rollups.json
2026-07-04 11:35:14.652 Atria[4966:756486] ATRIADBG daily_rollup_store_save status=ok rows=11 bytes=5073 path=daily-rollups.json
2026-07-04 11:35:14.655 Atria[4966:756486] ATRIADBG daily_rollup_store_save status=ok rows=11 bytes=5073 path=daily-rollups.json
2026-07-04 11:35:14.657 Atria[4966:756486] ATRIADBG daily_rollup_store_save status=ok rows=11 bytes=5073 path=daily-rollups.json
2026-07-04 11:35:14.659 Atria[4966:756486] ATRIADBG daily_rollup_store_save status=ok rows=11 bytes=5073 path=daily-rollups.json
2026-07-04 11:35:14.724 Atria[4966:756478] ATRIADBG sleep_stage_backfill_record status=updated source=deferred_session_load sleep_source=manual_sleep samples=10874 segments=1 covered_s=28800 non_awake_s=0 sleep_s=28800
2026-07-04 11:35:14.726 Atria[4966:756478] ATRIADBG duty_cycle sleep_window_start_min=1413 sleep_window_end_min=678 source=confirmed_sleeps n=4
2026-07-04 11:35:14.726 Atria[4966:756478] ATRIADBG sleep_stage_backfill status=updated source=deferred_session_load records=1 total_segments=135 policy=hr_samples_labeled_estimate
2026-07-04 11:35:16.224 Atria[4966:756478] ATRIADBG sleep_auto_confirm status=skipped reason=already_saved_or_overlapping source=deferred_session_load candidates=2
2026-07-04 11:35:16.839 Atria[4966:756478] ATRIADBG session_store_load status=ok sessions=127 pruned_short_long_wear_fragments=5 baseline_rebuilt=0 elapsed_ms=2210
2026-07-04 11:35:16.845 Atria[4966:756478] ATRIADBG battery level=87 source=2A19 bytes=57 persisted=1
2026-07-04 11:35:16.845 Atria[4966:756478] ATRIADBG home_diagnostics status=requested reason=home_overview_idle
2026-07-04 11:35:16.847 Atria[4966:756478] ATRIADBG notification_battery_drain_cycle status=cleared reason=above_threshold had_cycle=0
2026-07-04 11:35:16.847 Atria[4966:756478] ATRIADBG notification_battery_decision level=87 source=live_2A19 age_s=0 usable=1 threshold=25 charge=levelOnly drop_recent=1
2026-07-04 11:35:16.847 Atria[4966:756478] ATRIADBG notification_battery_maintenance status=evaluated reason=connection_trigger
2026-07-04 11:35:16.847 Atria[4966:756478] ATRIADBG connection_diagnosis status=visible reason=connection_trigger title=Fit check needed elapsed_s=15
2026-07-04 11:35:16.848 Atria[4966:756478] ATRIADBG notification_battery_drain_cycle status=cleared reason=above_threshold had_cycle=0
2026-07-04 11:35:16.848 Atria[4966:756478] ATRIADBG notification_battery_decision level=87 source=live_2A19 age_s=0 usable=1 threshold=25 charge=levelOnly drop_recent=1
2026-07-04 11:35:16.848 Atria[4966:756478] ATRIADBG notification_battery_maintenance status=evaluated reason=connection_trigger
2026-07-04 11:35:16.848 Atria[4966:756478] ATRIADBG connection_diagnosis status=hidden reason=connection_trigger action=clear
2026-07-04 11:35:16.850 Atria[4966:756478] ATRIADBG notification_cancel kind=actionable_connection reason=diagnosis_cleared_connection_trigger identifiers=atria.battery.low,atria.bluetooth.off,atria.fitcheck.needed
2026-07-04 11:35:17.431 Atria[4966:756478] ATRIADBG workout_review_candidate status=review_worthy source=dashboard_revision candidate_source=stitched_observed_chunks id=1782831161-1782833976-stitched_observed_chunks observed_s=869 coverage=93 peak_over_rest=107 ready=1 strength_candidate=0 moderate_strength=0
2026-07-04 11:35:17.436 Atria[4966:756478] ATRIADBG widget_snapshot status=ok reason=dashboard_revision schema=3 recovery=63 confidence=unverified hrv=personal_baseline strain=12.6 rhr=57 max_hr=189 battery=87 charge=levelOnly bytes=642 storage=app_group_userdefaults app_group=1 widget_target=1 complication_target=1
2026-07-04 11:35:17.436 Atria[4966:756478] ATRIADBG widget_readiness status=ready storage=app_group_userdefaults app_group=1 widget_target=1 complication_target=1 action=verify_widget_on_device
2026-07-04 11:35:17.457 Atria[4966:756478] ATRIADBG haptic_alert kind=recovery_ready phone_side=1 strap_write=0
2026-07-04 11:35:17.458 Atria[4966:756478] ATRIADBG standardHR payload=10480d04b103 hr=72 rrnum=2 truncated=0 rr_ms=1013,923 suppressed_since_last=0
2026-07-04 11:35:17.459 Atria[4966:756478] ATRIADBG rr source=0x2A37 hr=72 rrnum=2 decoded=2 total_decoded=2 truncated=0 hr_mismatch=0 implied_bpm=59,65 values=1013,923
2026-07-04 11:35:17.459 Atria[4966:756478] ATRIADBG standardHR payload=10476d03 hr=71 rrnum=1 truncated=0 rr_ms=856 suppressed_since_last=0
2026-07-04 11:35:17.460 Atria[4966:756478] ATRIADBG rr source=0x2A37 hr=71 rrnum=1 decoded=1 total_decoded=3 truncated=0 hr_mismatch=0 implied_bpm=70 values=856
2026-07-04 11:35:17.460 Atria[4966:756478] ATRIADBG standardHR payload=1046b703 hr=70 rrnum=1 truncated=0 rr_ms=929 suppressed_since_last=0
2026-07-04 11:35:17.460 Atria[4966:756478] ATRIADBG rr source=0x2A37 hr=70 rrnum=1 decoded=1 total_decoded=4 truncated=0 hr_mismatch=0 implied_bpm=65 values=929
2026-07-04 11:35:17.460 Atria[4966:756478] ATRIADBG standardHR payload=1046c903 hr=70 rrnum=1 truncated=0 rr_ms=946 suppressed_since_last=0
2026-07-04 11:35:17.460 Atria[4966:756478] ATRIADBG rr source=0x2A37 hr=70 rrnum=1 decoded=1 total_decoded=5 truncated=0 hr_mismatch=0 implied_bpm=63 values=946
2026-07-04 11:35:17.460 Atria[4966:756478] ATRIADBG standardHR payload=1044b003 hr=68 rrnum=1 truncated=0 rr_ms=922 suppressed_since_last=0
2026-07-04 11:35:17.460 Atria[4966:756478] ATRIADBG rr source=0x2A37 hr=68 rrnum=1 decoded=1 total_decoded=6 truncated=0 hr_mismatch=0 implied_bpm=65 values=922
2026-07-04 11:35:17.460 Atria[4966:756478] ATRIADBG standardHR payload=1043ac03 hr=67 rrnum=1 truncated=0 rr_ms=918 suppressed_since_last=0
2026-07-04 11:35:17.460 Atria[4966:756478] ATRIADBG rr source=0x2A37 hr=67 rrnum=1 decoded=1 total_decoded=7 truncated=0 hr_mismatch=0 implied_bpm=65 values=918
2026-07-04 11:35:17.460 Atria[4966:756478] ATRIADBG active_session_journal status=saved reason=first_accepted_hr_batch samples=1 rr_values=0 duration_s=0 dirty=0 label=All-day wear
2026-07-04 11:35:17.460 Atria[4966:756478] ATRIADBG notification_skip kind=health_deviation reason=no_two_day_deviation
2026-07-04 11:35:17.462 Atria[4966:756478] ATRIADBG battery level=87 source=2A19 bytes=57 persisted=1
2026-07-04 11:35:17.462 Atria[4966:756478] ATRIADBG notification_skip kind=health_deviation reason=no_two_day_deviation
2026-07-04 11:35:17.462 Atria[4966:756478] ATRIADBG session_backup_status_deferred status=digest_mismatch reason=deferred_session_load elapsed_ms=5060 sessions=127
2026-07-04 11:35:17.464 Atria[4966:756478] ATRIADBG notification_battery_drain_cycle status=cleared reason=above_threshold had_cycle=0
2026-07-04 11:35:17.464 Atria[4966:756478] ATRIADBG notification_battery_decision level=87 source=live_2A19 age_s=0 usable=1 threshold=25 charge=levelOnly drop_recent=1
2026-07-04 11:35:17.464 Atria[4966:756478] ATRIADBG notification_battery_maintenance status=evaluated reason=timer
2026-07-04 11:35:17.464 Atria[4966:756478] ATRIADBG standardHR payload=10427a03 hr=66 rrnum=1 truncated=0 rr_ms=869 suppressed_since_last=0
2026-07-04 11:35:17.466 Atria[4966:756478] ATRIADBG rr source=0x2A37 hr=66 rrnum=1 decoded=1 total_decoded=8 truncated=0 hr_mismatch=0 implied_bpm=69 values=869
2026-07-04 11:35:17.466 Atria[4966:756478] ATRIADBG standardHR payload=10416e03 hr=65 rrnum=1 truncated=0 rr_ms=857 suppressed_since_last=0
2026-07-04 11:35:17.466 Atria[4966:756478] ATRIADBG rr source=0x2A37 hr=65 rrnum=1 decoded=1 total_decoded=9 truncated=0 hr_mismatch=0 implied_bpm=70 values=857
2026-07-04 11:35:17.466 Atria[4966:756478] ATRIADBG rr_quality source=2a37 state=learning fraction=1.000 rr_frames=8 total_frames=8 max_rr_gap_s=1.0 frame_max_rr_gap_s=1.0 beat_timeline=1 window_s=7 hrv_state=learning rr_source_2a37_values=9 rr_source_0x28_decoded_values=0 rr_source_0x28_used_values=0
2026-07-04 11:35:17.487 Atria[4966:756478] ATRIADBG notification_battery_drain_cycle status=cleared reason=above_threshold had_cycle=0
2026-07-04 11:35:17.487 Atria[4966:756478] ATRIADBG notification_battery_decision level=87 source=live_2A19 age_s=0 usable=1 threshold=25 charge=levelOnly drop_recent=1
2026-07-04 11:35:17.487 Atria[4966:756478] ATRIADBG notification_battery_maintenance status=evaluated reason=connection_trigger
2026-07-04 11:35:17.487 Atria[4966:756478] ATRIADBG home_launch_timing event=secondary_ready elapsed_ms=15899 status=connected tab=overview
2026-07-04 11:35:17.494 Atria[4966:756478] ATRIADBG standardHR payload=10419703 hr=65 rrnum=1 truncated=0 rr_ms=897 suppressed_since_last=0
2026-07-04 11:35:17.494 Atria[4966:756478] ATRIADBG rr source=0x2A37 hr=65 rrnum=1 decoded=1 total_decoded=10 truncated=0 hr_mismatch=0 implied_bpm=67 values=897
2026-07-04 11:35:17.494 Atria[4966:756478] ATRIADBG standardHR payload=10415403 hr=65 rrnum=1 truncated=0 rr_ms=832 suppressed_since_last=0
2026-07-04 11:35:17.494 Atria[4966:756478] ATRIADBG rr source=0x2A37 hr=65 rrnum=1 decoded=1 total_decoded=11 truncated=0 hr_mismatch=0 implied_bpm=72 values=832
2026-07-04 11:35:17.494 Atria[4966:756478] ATRIADBG standardHR payload=104158031903 hr=65 rrnum=2 truncated=0 rr_ms=836,774 suppressed_since_last=0
2026-07-04 11:35:17.494 Atria[4966:756478] ATRIADBG rr source=0x2A37 hr=65 rrnum=2 decoded=2 total_decoded=13 truncated=0 hr_mismatch=0 implied_bpm=72,78 values=836,774
2026-07-04 11:35:17.494 Atria[4966:756478] ATRIADBG standardHR payload=0041 hr=65 rrnum=0 truncated=0 rr_ms= suppressed_since_last=0
2026-07-04 11:35:17.494 Atria[4966:756478] ATRIADBG standardHR payload=0041 hr=65 rrnum=0 truncated=0 rr_ms= suppressed_since_last=0
2026-07-04 11:35:17.494 Atria[4966:756478] ATRIADBG standardHR payload=0041 hr=65 rrnum=0 truncated=0 rr_ms= suppressed_since_last=0
2026-07-04 11:35:17.494 Atria[4966:756478] ATRIADBG active_session_journal status=saved reason=standard_rr_batch samples=8 rr_values=8 duration_s=7 dirty=0 label=All-day wear
2026-07-04 11:35:17.495 Atria[4966:756478] ATRIADBG hr_broadcast status=advertising name=Atria_HR
2026-07-04 11:35:17.495 Atria[4966:756478] ATRIADBG standardHR payload=0042 hr=66 rrnum=0 truncated=0 rr_ms= suppressed_since_last=0
2026-07-04 11:35:17.495 Atria[4966:756478] ATRIADBG standardHR payload=0043 hr=67 rrnum=0 truncated=0 rr_ms= suppressed_since_last=0
2026-07-04 11:35:17.499 Atria[4966:756478] ATRIADBG scene_phase phase=active reason=ui_did_become_active
2026-07-04 11:35:17.500 Atria[4966:756478] ATRIADBG active_session_journal status=restore_skipped reason=live_session_active samples=17
2026-07-04 11:35:17.502 Atria[4966:756478] ATRIADBG foreground_keepalive armed=1 reason=scene_active_restart silence_timeout_s=75 check_interval_s=20
2026-07-04 11:35:17.506 Atria[4966:756478] ATRIADBG active_session_journal status=restore_skipped reason=live_session_active samples=17
2026-07-04 11:35:17.508 Atria[4966:756478] ATRIADBG long_wear_supervisor schedule base_tick_s=3.0 checkpoint_s=60.0 diagnostic_s=15.0 auto_save_s=15.0 no_data_timeout_s=75.0 hr_continuity_timeout_s=6.0 rr_presence_timeout_s=90.0 accepted_hr_timeout_s=45.0 label=Long wear
2026-07-04 11:35:17.511 Atria[4966:756478] ATRIADBG foreground_keepalive armed=1 reason=scene_active_foreground_restart silence_timeout_s=75 check_interval_s=20
2026-07-04 11:35:17.513 Atria[4966:756478] ATRIADBG long_wear_mode enabled=1 reason=scene_active_foreground radio_mode=standard_hr_only supervisor=1 collection_profile=balanced cadence_multiplier=1.00 stale_timeout_multiplier=1.00 checkpoint_interval_s=60 live_workout_interval_s=15 workout_autosave_interval_s=15 no_data_timeout_s=75 no_data_check_interval_s=15 hr_continuity_timeout_s=6 supervisor_base_tick_s=3 accepted_hr_timeout_s=45 disconnect_reconnect_policy=staged_read_reassert_then_fresh_scan label=Long wear rest_hr=57 max_hr=189
2026-07-04 11:35:17.513 Atria[4966:756478] ATRIADBG ble_notify_reassert status=reset_requested reason=scene_active notifying_before=1
2026-07-04 11:35:17.513 Atria[4966:756478] ATRIADBG ble_notify_reassert status=requested reason=scene_active source=foreground_return action=keep_connection
2026-07-04 11:35:17.514 Atria[4966:756478] ATRIADBG radio_mode mode=full_protocol persist=0 reconnect=0 reason=scene_active_interactive
2026-07-04 11:35:17.514 Atria[4966:756478] ATRIADBG radio_mode full_protocol_discovery status=requested reason=scene_active_interactive action=keep_connection
2026-07-04 11:35:17.518 Atria[4966:756478] ATRIADBG notification_battery_drain_cycle status=cleared reason=above_threshold had_cycle=0
2026-07-04 11:35:17.518 Atria[4966:756478] ATRIADBG notification_battery_decision level=87 source=live_2A19 age_s=0 usable=1 threshold=25 charge=levelOnly drop_recent=1
2026-07-04 11:35:17.518 Atria[4966:756478] ATRIADBG notification_battery_maintenance status=evaluated reason=connection_trigger
2026-07-04 11:35:17.523 Atria[4966:756478] ATRIADBG widget_snapshot status=ok reason=scene_active schema=3 recovery=63 confidence=unverified hrv=personal_baseline strain=12.6 rhr=57 max_hr=189 battery=87 charge=levelOnly bytes=643 storage=app_group_userdefaults app_group=1 widget_target=1 complication_target=1
2026-07-04 11:35:17.523 Atria[4966:756478] ATRIADBG widget_readiness status=ready storage=app_group_userdefaults app_group=1 widget_target=1 complication_target=1 action=verify_widget_on_device
2026-07-04 11:35:17.524 Atria[4966:756478] -canOpenURL: failed for URL: "whoop://" - error: "The operation couldn’t be completed. (OSStatus error -10814.)"
2026-07-04 11:35:17.525 Atria[4966:756478] ATRIADBG scene_phase phase=active reason=scene_active
2026-07-04 11:35:17.525 Atria[4966:756478] ATRIADBG active_session_journal status=restore_skipped reason=live_session_active samples=17
2026-07-04 11:35:17.528 Atria[4966:756478] ATRIADBG foreground_keepalive armed=1 reason=scene_active_restart silence_timeout_s=75 check_interval_s=20
2026-07-04 11:35:17.531 Atria[4966:756478] ATRIADBG active_session_journal status=restore_skipped reason=live_session_active samples=17
2026-07-04 11:35:17.531 Atria[4966:756478] ATRIADBG long_wear_supervisor schedule base_tick_s=3.0 checkpoint_s=60.0 diagnostic_s=15.0 auto_save_s=15.0 no_data_timeout_s=75.0 hr_continuity_timeout_s=6.0 rr_presence_timeout_s=90.0 accepted_hr_timeout_s=45.0 label=Long wear
2026-07-04 11:35:17.534 Atria[4966:756478] ATRIADBG foreground_keepalive armed=1 reason=scene_active_foreground_restart silence_timeout_s=75 check_interval_s=20
2026-07-04 11:35:17.537 Atria[4966:756478] ATRIADBG long_wear_mode enabled=1 reason=scene_active_foreground radio_mode=full_protocol supervisor=1 collection_profile=balanced cadence_multiplier=1.00 stale_timeout_multiplier=1.00 checkpoint_interval_s=60 live_workout_interval_s=15 workout_autosave_interval_s=15 no_data_timeout_s=75 no_data_check_interval_s=15 hr_continuity_timeout_s=6 supervisor_base_tick_s=3 accepted_hr_timeout_s=45 disconnect_reconnect_policy=staged_read_reassert_then_fresh_scan label=Long wear rest_hr=57 max_hr=189
2026-07-04 11:35:17.537 Atria[4966:756478] ATRIADBG ble_notify_reassert status=reset_requested reason=scene_active notifying_before=1
2026-07-04 11:35:17.537 Atria[4966:756478] ATRIADBG ble_notify_reassert status=requested reason=scene_active source=foreground_return action=keep_connection
2026-07-04 11:35:17.542 Atria[4966:756478] ATRIADBG widget_snapshot status=ok reason=live_throttled schema=3 recovery=63 confidence=unverified hrv=personal_baseline strain=12.6 rhr=57 max_hr=189 battery=87 charge=levelOnly bytes=643 storage=app_group_userdefaults app_group=1 widget_target=1 complication_target=1
2026-07-04 11:35:17.542 Atria[4966:756478] ATRIADBG widget_readiness status=ready storage=app_group_userdefaults app_group=1 widget_target=1 complication_target=1 action=verify_widget_on_device
2026-07-04 11:35:17.543 Atria[4966:756478] ATRIADBG active_session_journal status=saved reason=foreground_keepalive_crash_safety samples=17 rr_values=13 duration_s=15 dirty=0 label=All-day wear
2026-07-04 11:35:17.549 Atria[4966:756478] ATRIADBG notification_skip kind=fit_check reason=cooldown
2026-07-04 11:35:17.550 Atria[4966:756478] ATRIADBG hr_broadcast status=sent bpm=65 rr=0
2026-07-04 11:35:17.563 Atria[4966:756478] ATRIADBG notification_scheduled kind=evening_checkin id=atria.eveningJournal.2026-07-04 title=Evening check-in delay_s=35682.5 reason=evening_journal_checkin
2026-07-04 11:35:18.204 Atria[4966:756478] ATRIADBG standardHR payload=0044 hr=68 rrnum=0 truncated=0 rr_ms= suppressed_since_last=0
2026-07-04 11:35:19.042 Atria[4966:756478] ATRIADBG haptic_alert kind=strain_target strain=12.6 target=12.2 phone_side=1 strap_write=0
2026-07-04 11:35:19.200 Atria[4966:756495] ATRIADBG notifyState ch=2A37 notifying=0 err=nil
2026-07-04 11:35:20.548 Atria[4966:756478] ATRIADBG workout_review_candidate status=review_worthy source=dashboard_revision candidate_source=stitched_observed_chunks id=1782831161-1782833976-stitched_observed_chunks observed_s=869 coverage=93 peak_over_rest=107 ready=1 strength_candidate=0 moderate_strength=0
2026-07-04 11:35:20.554 Atria[4966:756478] ATRIADBG widget_snapshot status=ok reason=dashboard_revision schema=3 recovery=63 confidence=unverified hrv=personal_baseline strain=12.6 rhr=57 max_hr=189 battery=87 charge=levelOnly bytes=643 storage=app_group_userdefaults app_group=1 widget_target=1 complication_target=1
2026-07-04 11:35:20.554 Atria[4966:756478] ATRIADBG widget_readiness status=ready storage=app_group_userdefaults app_group=1 widget_target=1 complication_target=1 action=verify_widget_on_device
2026-07-04 11:35:20.574 Atria[4966:756478] ATRIADBG notification_battery_drain_cycle status=cleared reason=above_threshold had_cycle=0
2026-07-04 11:35:20.574 Atria[4966:756478] ATRIADBG notification_battery_decision level=87 source=live_2A19 age_s=0 usable=1 threshold=25 charge=levelOnly drop_recent=1
2026-07-04 11:35:20.574 Atria[4966:756478] ATRIADBG notification_battery_maintenance status=evaluated reason=connection_trigger
2026-07-04 11:35:20.583 Atria[4966:756478] ATRIADBG widget_snapshot status=ok reason=scene_background schema=3 recovery=63 confidence=unverified hrv=personal_baseline strain=12.6 rhr=57 max_hr=189 battery=87 charge=levelOnly bytes=643 storage=app_group_userdefaults app_group=1 widget_target=1 complication_target=1
2026-07-04 11:35:20.583 Atria[4966:756478] ATRIADBG widget_readiness status=ready storage=app_group_userdefaults app_group=1 widget_target=1 complication_target=1 action=verify_widget_on_device
2026-07-04 11:35:20.585 Atria[4966:756478] ATRIADBG scene_phase phase=inactive reason=scene_inactive
2026-07-04 11:35:20.587 Atria[4966:756478] ATRIADBG lifecycle_realtime_flush status=ok reason=scene_inactive_checkpoint raw=93366 accepted=93366
2026-07-04 11:35:20.644 Atria[4966:756478] ATRIADBG active_session_journal status=saved reason=scene_inactive_checkpoint samples=18 rr_values=13 duration_s=16 dirty=0 label=Long wear
2026-07-04 11:35:21.196 Atria[4966:756495] ATRIADBG notifyState ch=2A37 notifying=1 err=nil
2026-07-04 11:35:21.197 Atria[4966:756478] ATRIADBG standardHR payload=0047 hr=71 rrnum=0 truncated=0 rr_ms= suppressed_since_last=0
2026-07-04 11:35:21.198 Atria[4966:756478] ATRIADBG hr_broadcast status=sent bpm=67 rr=0
2026-07-04 11:35:21.521 Atria[4966:756478] ATRIADBG notification_battery_drain_cycle status=cleared reason=above_threshold had_cycle=0
2026-07-04 11:35:21.521 Atria[4966:756478] ATRIADBG notification_battery_decision level=87 source=live_2A19 age_s=0 usable=1 threshold=25 charge=levelOnly drop_recent=1
2026-07-04 11:35:21.521 Atria[4966:756478] ATRIADBG notification_battery_maintenance status=evaluated reason=timer
2026-07-04 11:35:21.627 Atria[4966:756478] ATRIADBG scene_phase phase=active reason=ui_did_become_active
2026-07-04 11:35:21.628 Atria[4966:756478] ATRIADBG active_session_journal status=restore_skipped reason=live_session_active samples=19
2026-07-04 11:35:21.632 Atria[4966:756478] ATRIADBG foreground_keepalive armed=1 reason=scene_active_restart silence_timeout_s=75 check_interval_s=20
2026-07-04 11:35:21.640 Atria[4966:756478] ATRIADBG active_session_journal status=restore_skipped reason=live_session_active samples=19
2026-07-04 11:35:21.640 Atria[4966:756478] ATRIADBG long_wear_supervisor schedule base_tick_s=3.0 checkpoint_s=60.0 diagnostic_s=15.0 auto_save_s=15.0 no_data_timeout_s=75.0 hr_continuity_timeout_s=6.0 rr_presence_timeout_s=90.0 accepted_hr_timeout_s=45.0 label=Long wear
2026-07-04 11:35:21.648 Atria[4966:756478] ATRIADBG foreground_keepalive armed=1 reason=scene_active_foreground_restart silence_timeout_s=75 check_interval_s=20
2026-07-04 11:35:21.654 Atria[4966:756478] ATRIADBG long_wear_mode enabled=1 reason=scene_active_foreground radio_mode=full_protocol supervisor=1 collection_profile=balanced cadence_multiplier=1.00 stale_timeout_multiplier=1.00 checkpoint_interval_s=60 live_workout_interval_s=15 workout_autosave_interval_s=15 no_data_timeout_s=75 no_data_check_interval_s=15 hr_continuity_timeout_s=6 supervisor_base_tick_s=3 accepted_hr_timeout_s=45 disconnect_reconnect_policy=staged_read_reassert_then_fresh_scan label=Long wear rest_hr=57 max_hr=189
2026-07-04 11:35:21.654 Atria[4966:756478] ATRIADBG ble_notify_reassert status=reset_requested reason=scene_active notifying_before=1
2026-07-04 11:35:21.654 Atria[4966:756478] ATRIADBG ble_notify_reassert status=requested reason=scene_active source=foreground_return action=keep_connection
2026-07-04 11:35:21.765 Atria[4966:756478] ATRIADBG notification_battery_drain_cycle status=cleared reason=above_threshold had_cycle=0
2026-07-04 11:35:21.765 Atria[4966:756478] ATRIADBG notification_battery_decision level=87 source=live_2A19 age_s=0 usable=1 threshold=25 charge=levelOnly drop_recent=1
2026-07-04 11:35:21.765 Atria[4966:756478] ATRIADBG notification_battery_maintenance status=evaluated reason=connection_trigger
2026-07-04 11:35:21.773 Atria[4966:756478] ATRIADBG widget_snapshot status=ok reason=scene_background schema=3 recovery=63 confidence=unverified hrv=personal_baseline strain=12.6 rhr=57 max_hr=189 battery=87 charge=levelOnly bytes=643 storage=app_group_userdefaults app_group=1 widget_target=1 complication_target=1
2026-07-04 11:35:21.773 Atria[4966:756478] ATRIADBG widget_readiness status=ready storage=app_group_userdefaults app_group=1 widget_target=1 complication_target=1 action=verify_widget_on_device
2026-07-04 11:35:21.777 Atria[4966:756478] ATRIADBG scene_phase phase=background reason=scene_background
2026-07-04 11:35:21.781 Atria[4966:756478] ATRIADBG lifecycle_realtime_flush status=ok reason=scene_background raw=93367 accepted=93367
2026-07-04 11:35:21.781 Atria[4966:756478] ATRIADBG radio_mode mode=standard_hr_only persist=0 reconnect=1 reason=scene_background
2026-07-04 11:35:21.782 Atria[4966:756478] ATRIADBG active_session_journal status=restore_skipped reason=live_session_active samples=19
2026-07-04 11:35:21.783 Atria[4966:756478] ATRIADBG long_wear_supervisor schedule base_tick_s=3.0 checkpoint_s=60.0 diagnostic_s=15.0 auto_save_s=15.0 no_data_timeout_s=75.0 hr_continuity_timeout_s=6.0 rr_presence_timeout_s=90.0 accepted_hr_timeout_s=45.0 label=Long wear
2026-07-04 11:35:21.783 Atria[4966:756478] ATRIADBG long_wear_mode enabled=1 reason=scene_background radio_mode=standard_hr_only supervisor=1 collection_profile=balanced cadence_multiplier=1.00 stale_timeout_multiplier=1.00 checkpoint_interval_s=60 live_workout_interval_s=15 workout_autosave_interval_s=15 no_data_timeout_s=75 no_data_check_interval_s=15 hr_continuity_timeout_s=6 supervisor_base_tick_s=3 accepted_hr_timeout_s=45 disconnect_reconnect_policy=staged_read_reassert_then_fresh_scan label=Long wear rest_hr=57 max_hr=189
2026-07-04 11:35:21.818 Atria[4966:756478] ATRIADBG status_derived to=connecting reason=foreground_notify_reassert_peripheral_not_connected central=5 peripheral=0 saved=1 scanning=0
2026-07-04 11:35:21.820 Atria[4966:756478] ATRIADBG ble_link status=connecting reason=scene_background_notify_reassert_peripheral_state_0 attempts=1152 disconnects=1022 failures=3 name=ADIDSHAFT'S WHO
2026-07-04 11:35:21.820 Atria[4966:756478] ATRIADBG ble_link status=reconnect_known reason=scene_background_notify_reassert_peripheral_state_0 action=pending_connect
2026-07-04 11:35:21.820 Atria[4966:756478] ATRIADBG ble_notify_reassert status=peripheral_not_connected reason=scene_background peripheral_state=1 action=reconnect_known_strap
2026-07-04 11:35:21.820 Atria[4966:756478] ATRIADBG long_wear_mode foreground_interactive=0 action=background_keep_link reason=scene_background connected=0
2026-07-04 11:35:21.824 Atria[4966:756478] ATRIADBG lifecycle_realtime_flush status=ok reason=scene_background raw=93367 accepted=93367
2026-07-04 11:35:21.825 Atria[4966:756478] ATRIADBG offline_sync status=skipped reason=scene_background_opportunistic detail=throttled age_s=691 min_s=21600
2026-07-04 11:35:21.825 Atria[4966:756478] ATRIADBG bg_task_schedule status=ok kind=refresh reason=scene_background
2026-07-04 11:35:21.825 Atria[4966:756478] ATRIADBG bg_task_schedule status=ok kind=processing reason=scene_background
2026-07-04 11:35:21.825 Atria[4966:756478] ATRIADBG background_flush status=ok reason=scene_background offline_sync_started=0
2026-07-04 11:35:21.929 Atria[4966:756478] ATRIADBG active_session_journal status=saved reason=foreground_keepalive_crash_safety samples=19 rr_values=13 duration_s=19 dirty=0 label=Long wear
2026-07-04 11:35:21.937 Atria[4966:756478] ATRIADBG notification_battery_drain_cycle status=cleared reason=above_threshold had_cycle=0
2026-07-04 11:35:21.937 Atria[4966:756478] ATRIADBG notification_battery_decision level=87 source=live_2A19 age_s=0 usable=1 threshold=25 charge=levelOnly drop_recent=1
2026-07-04 11:35:21.937 Atria[4966:756478] ATRIADBG notification_battery_maintenance status=evaluated reason=coexistence_risk
2026-07-04 11:35:21.937 Atria[4966:756478] ATRIADBG official_app_coexistence status=suspected reason=short_disconnect_after_connect action=show_user_uninstall_guidance
2026-07-04 11:35:21.940 Atria[4966:756478] ATRIADBG offline_sync status=pending_range_loss_backfill reason=long_wear_range_loss action=sync_after_reconnect already_pending=0
2026-07-04 11:35:21.942 Atria[4966:756478] ATRIADBG ble_link status=disconnected reason=did_disconnect error=nil disconnects=1023 autosave=checkpointed_continuity samples=19 duration_s=20 action=reconnect_same_peripheral
2026-07-04 11:35:21.946 Atria[4966:756478] ATRIADBG ble_link status=connecting reason=did_disconnect_reconnect attempts=1153 disconnects=1023 failures=3 name=ADIDSHAFT'S WHO
2026-07-04 11:35:21.956 Atria[4966:756478] ATRIADBG active_session_journal status=saved reason=disconnect_continuity_checkpoint samples=19 rr_values=13 duration_s=19 dirty=0 label=Long wear
2026-07-04 11:35:22.062 Atria[4966:756478] ATRIADBG notification_battery_drain_cycle status=cleared reason=above_threshold had_cycle=0
2026-07-04 11:35:22.062 Atria[4966:756478] ATRIADBG notification_battery_decision level=87 source=live_2A19 age_s=0 usable=1 threshold=25 charge=levelOnly drop_recent=1
2026-07-04 11:35:22.062 Atria[4966:756478] ATRIADBG notification_battery_maintenance status=evaluated reason=connection_trigger
2026-07-04 11:35:23.990 Atria[4966:756478] ATRIADBG scene_phase phase=background reason=ui_will_enter_foreground
2026-07-04 11:35:24.015 Atria[4966:756478] ATRIADBG notification_battery_drain_cycle status=cleared reason=above_threshold had_cycle=0
2026-07-04 11:35:24.015 Atria[4966:756478] ATRIADBG notification_battery_decision level=87 source=live_2A19 age_s=0 usable=1 threshold=25 charge=levelOnly drop_recent=1
2026-07-04 11:35:24.015 Atria[4966:756478] ATRIADBG notification_battery_maintenance status=evaluated reason=connection_trigger
2026-07-04 11:35:24.015 Atria[4966:756478] ATRIADBG connection_diagnosis status=pending reason=connection_trigger title=Connection keeps dropping delay_s=15
2026-07-04 11:35:24.022 Atria[4966:756478] ATRIADBG widget_snapshot status=ok reason=scene_background schema=3 recovery=63 confidence=unverified hrv=personal_baseline strain=12.6 rhr=57 max_hr=189 battery=87 charge=levelOnly bytes=643 storage=app_group_userdefaults app_group=1 widget_target=1 complication_target=1
2026-07-04 11:35:24.022 Atria[4966:756478] ATRIADBG widget_readiness status=ready storage=app_group_userdefaults app_group=1 widget_target=1 complication_target=1 action=verify_widget_on_device
2026-07-04 11:35:24.025 Atria[4966:756478] ATRIADBG scene_phase phase=inactive reason=scene_inactive
2026-07-04 11:35:24.027 Atria[4966:756478] ATRIADBG lifecycle_realtime_flush status=ok reason=scene_inactive_checkpoint raw=93367 accepted=93367
2026-07-04 11:35:24.812 Atria[4966:756478] ATRIADBG scene_phase phase=active reason=ui_did_become_active
2026-07-04 11:35:24.812 Atria[4966:756478] ATRIADBG active_session_journal status=restore_skipped reason=live_session_active samples=19
2026-07-04 11:35:24.815 Atria[4966:756478] ATRIADBG foreground_keepalive armed=1 reason=scene_active_restart silence_timeout_s=75 check_interval_s=20
2026-07-04 11:35:24.816 Atria[4966:756478] ATRIADBG active_session_journal status=restore_skipped reason=live_session_active samples=19
2026-07-04 11:35:24.816 Atria[4966:756478] ATRIADBG long_wear_supervisor schedule base_tick_s=3.0 checkpoint_s=60.0 diagnostic_s=15.0 auto_save_s=15.0 no_data_timeout_s=75.0 hr_continuity_timeout_s=6.0 rr_presence_timeout_s=90.0 accepted_hr_timeout_s=45.0 label=Long wear
2026-07-04 11:35:24.819 Atria[4966:756478] ATRIADBG foreground_keepalive armed=1 reason=scene_active_foreground_restart silence_timeout_s=75 check_interval_s=20
2026-07-04 11:35:24.820 Atria[4966:756478] ATRIADBG long_wear_mode enabled=1 reason=scene_active_foreground radio_mode=standard_hr_only supervisor=1 collection_profile=balanced cadence_multiplier=1.00 stale_timeout_multiplier=1.00 checkpoint_interval_s=60 live_workout_interval_s=15 workout_autosave_interval_s=15 no_data_timeout_s=75 no_data_check_interval_s=15 hr_continuity_timeout_s=6 supervisor_base_tick_s=3 accepted_hr_timeout_s=45 disconnect_reconnect_policy=staged_read_reassert_then_fresh_scan label=Long wear rest_hr=57 max_hr=189
2026-07-04 11:35:24.820 Atria[4966:756478] ATRIADBG radio_mode mode=full_protocol persist=0 reconnect=0 reason=scene_active_interactive
2026-07-04 11:35:24.821 Atria[4966:756478] ATRIADBG long_wear_mode foreground_interactive=1 action=keep_supervisor_and_keepalive_armed rest_hr=57 max_hr=189
2026-07-04 11:35:24.827 Atria[4966:756478] ATRIADBG notification_battery_drain_cycle status=cleared reason=above_threshold had_cycle=0
2026-07-04 11:35:24.827 Atria[4966:756478] ATRIADBG notification_battery_decision level=87 source=live_2A19 age_s=0 usable=1 threshold=25 charge=levelOnly drop_recent=1
2026-07-04 11:35:24.827 Atria[4966:756478] ATRIADBG notification_battery_maintenance status=evaluated reason=connection_trigger
2026-07-04 11:35:24.832 Atria[4966:756478] ATRIADBG widget_snapshot status=ok reason=scene_active schema=3 recovery=63 confidence=unverified hrv=personal_baseline strain=12.6 rhr=57 max_hr=189 battery=87 charge=levelOnly bytes=643 storage=app_group_userdefaults app_group=1 widget_target=1 complication_target=1
2026-07-04 11:35:24.832 Atria[4966:756478] ATRIADBG widget_readiness status=ready storage=app_group_userdefaults app_group=1 widget_target=1 complication_target=1 action=verify_widget_on_device
2026-07-04 11:35:24.832 Atria[4966:756478] -canOpenURL: failed for URL: "whoop://" - error: "The operation couldn’t be completed. (OSStatus error -10814.)"
2026-07-04 11:35:24.833 Atria[4966:756478] ATRIADBG scene_phase phase=active reason=scene_active
2026-07-04 11:35:24.833 Atria[4966:756478] ATRIADBG active_session_journal status=restore_skipped reason=live_session_active samples=19
2026-07-04 11:35:24.836 Atria[4966:756478] ATRIADBG foreground_keepalive armed=1 reason=scene_active_restart silence_timeout_s=75 check_interval_s=20
2026-07-04 11:35:24.837 Atria[4966:756478] ATRIADBG active_session_journal status=restore_skipped reason=live_session_active samples=19
2026-07-04 11:35:24.837 Atria[4966:756478] ATRIADBG long_wear_supervisor schedule base_tick_s=3.0 checkpoint_s=60.0 diagnostic_s=15.0 auto_save_s=15.0 no_data_timeout_s=75.0 hr_continuity_timeout_s=6.0 rr_presence_timeout_s=90.0 accepted_hr_timeout_s=45.0 label=Long wear
2026-07-04 11:35:24.839 Atria[4966:756478] ATRIADBG foreground_keepalive armed=1 reason=scene_active_foreground_restart silence_timeout_s=75 check_interval_s=20
2026-07-04 11:35:24.840 Atria[4966:756478] ATRIADBG long_wear_mode enabled=1 reason=scene_active_foreground radio_mode=full_protocol supervisor=1 collection_profile=balanced cadence_multiplier=1.00 stale_timeout_multiplier=1.00 checkpoint_interval_s=60 live_workout_interval_s=15 workout_autosave_interval_s=15 no_data_timeout_s=75 no_data_check_interval_s=15 hr_continuity_timeout_s=6 supervisor_base_tick_s=3 accepted_hr_timeout_s=45 disconnect_reconnect_policy=staged_read_reassert_then_fresh_scan label=Long wear rest_hr=57 max_hr=189
2026-07-04 11:35:24.856 Atria[4966:756478] ATRIADBG notification_scheduled kind=evening_checkin id=atria.eveningJournal.2026-07-04 title=Evening check-in delay_s=35675.2 reason=evening_journal_checkin
2026-07-04 11:35:25.534 Atria[4966:756478] ATRIADBG status_derived to=connected reason=did_connect central=5 peripheral=2 saved=1 scanning=0
2026-07-04 11:35:25.534 Atria[4966:756478] ATRIADBG ble_link pending_known_reconnect status=cleared reason=did_connect
2026-07-04 11:35:25.537 Atria[4966:756478] ATRIADBG notification_battery_drain_cycle status=cleared reason=above_threshold had_cycle=0
2026-07-04 11:35:25.537 Atria[4966:756478] ATRIADBG notification_battery_decision level=87 source=live_2A19 age_s=0 usable=1 threshold=25 charge=levelOnly drop_recent=1
2026-07-04 11:35:25.537 Atria[4966:756478] ATRIADBG notification_battery_maintenance status=evaluated reason=coexistence_risk
2026-07-04 11:35:25.537 Atria[4966:756478] ATRIADBG official_app_coexistence status=cleared reason=atria_connected action=continue
2026-07-04 11:35:25.537 Atria[4966:756478] ATRIADBG ble_link status=connected successes=1158 attempts=1153 disconnects=1023 failures=3 mtu=247 name=ADIDSHAFT'S WHO
2026-07-04 11:35:25.538 Atria[4966:756478] ATRIADBG notification_battery_drain_cycle status=cleared reason=above_threshold had_cycle=0
2026-07-04 11:35:25.538 Atria[4966:756478] ATRIADBG notification_battery_decision level=87 source=live_2A19 age_s=0 usable=1 threshold=25 charge=levelOnly drop_recent=1
2026-07-04 11:35:25.538 Atria[4966:756478] ATRIADBG notification_battery_maintenance status=evaluated reason=connection_trigger
2026-07-04 11:35:25.540 Atria[4966:756478] ATRIADBG home_launch_timing event=connected elapsed_ms=23952 status=connected tab=overview
2026-07-04 11:35:25.969 Atria[4966:756478] ATRIADBG radio_low_traffic status=learning mode=full_protocol custom_notify_skipped=0 custom_notify_enabled=1 tx_skipped=0 realtime_start_skipped=0 reason=full_protocol
2026-07-04 11:35:25.969 Atria[4966:756478] ATRIADBG radio_low_traffic status=learning mode=full_protocol custom_notify_skipped=0 custom_notify_enabled=2 tx_skipped=0 realtime_start_skipped=0 reason=full_protocol
2026-07-04 11:35:25.970 Atria[4966:756478] ATRIADBG radio_low_traffic status=learning mode=full_protocol custom_notify_skipped=0 custom_notify_enabled=3 tx_skipped=0 realtime_start_skipped=0 reason=full_protocol
2026-07-04 11:35:25.970 Atria[4966:756478] ATRIADBG radio_low_traffic status=learning mode=full_protocol custom_notify_skipped=0 custom_notify_enabled=4 tx_skipped=0 realtime_start_skipped=0 reason=full_protocol
2026-07-04 11:35:26.087 Atria[4966:756756] ATRIADBG notifyState ch=2A37 notifying=1 err=nil
2026-07-04 11:35:26.267 Atria[4966:756756] ATRIADBG notifyState ch=2A19 notifying=1 err=nil
2026-07-04 11:35:26.390 Atria[4966:756478] ATRIADBG battery level=87 source=2A19 bytes=57 persisted=1
2026-07-04 11:35:26.522 Atria[4966:756478] ATRIADBG notification_battery_drain_cycle status=cleared reason=above_threshold had_cycle=0
2026-07-04 11:35:26.522 Atria[4966:756478] ATRIADBG notification_battery_decision level=87 source=live_2A19 age_s=0 usable=1 threshold=25 charge=levelOnly drop_recent=1
2026-07-04 11:35:26.522 Atria[4966:756478] ATRIADBG notification_battery_maintenance status=evaluated reason=timer
2026-07-04 11:35:26.522 Atria[4966:756478] ATRIADBG connection_diagnosis status=hidden reason=timer action=clear
2026-07-04 11:35:27.181 Atria[4966:756478] ATRIADBG standardHR payload=004c hr=76 rrnum=0 truncated=0 rr_ms= suppressed_since_last=0
2026-07-04 11:35:27.183 Atria[4966:756478] ATRIADBG hr_broadcast status=sent bpm=68 rr=0
2026-07-04 11:35:28.178 Atria[4966:756756] ATRIADBG notifyState ch=61080003-8D6D-82B8-614A-1C8CB0F8DCC6 notifying=1 err=nil
2026-07-04 11:35:28.179 Atria[4966:756478] ATRIADBG standardHR payload=004c hr=76 rrnum=0 truncated=0 rr_ms= suppressed_since_last=0
2026-07-04 11:35:28.737 Atria[4966:756478] ATRIADBG power_thermal_governor mode=fair multiplier=1.8 low_power=0 thermal=fair
2026-07-04 11:35:29.176 Atria[4966:756478] ATRIADBG standardHR payload=004d hr=77 rrnum=0 truncated=0 rr_ms= suppressed_since_last=0
2026-07-04 11:35:29.178 Atria[4966:756478] ATRIADBG hr_broadcast status=sent bpm=76 rr=0
2026-07-04 11:35:29.189 Atria[4966:756478] ATRIADBG proprietary_arm_fallback status=arming reason=notify_state_61080003 notify_count=1 stream5_confirmed=0 history_only=0
2026-07-04 11:35:30.174 Atria[4966:756486] ATRIADBG notifyState ch=61080004-8D6D-82B8-614A-1C8CB0F8DCC6 notifying=1 err=nil
2026-07-04 11:35:30.174 Atria[4966:756478] ATRIADBG standardHR payload=004f hr=79 rrnum=0 truncated=0 rr_ms= suppressed_since_last=0
2026-07-04 11:35:30.185 Atria[4966:756478] ATRIADBG active_session_journal status=saved reason=foreground_keepalive_crash_safety samples=23 rr_values=13 duration_s=28 dirty=0 label=Long wear
2026-07-04 11:35:30.452 Atria[4966:756478] ATRIADBG daily_rollup_persist_summary entries=11 respiratory_rows=10 rr_session_candidates=42 sessions=127
2026-07-04 11:35:30.453 Atria[4966:756478] ATRIADBG max_hr_suggestion_rollup status=none reason=daily_rollup observed_peak=0 current_max_hr=189
2026-07-04 11:35:30.453 Atria[4966:756478] ATRIADBG morning_summary_skip reason=outside_window local_minutes=695
2026-07-04 11:35:30.454 Atria[4966:756478] ATRIADBG notification_skip kind=health_deviation reason=no_two_day_deviation
2026-07-04 11:35:30.455 Atria[4966:756498] ATRIADBG daily_rollup_store_save status=ok rows=11 bytes=5073 path=daily-rollups.json
2026-07-04 11:35:30.458 Atria[4966:756498] ATRIADBG daily_rollup_store_save status=ok rows=11 bytes=5073 path=daily-rollups.json
2026-07-04 11:35:30.461 Atria[4966:756498] ATRIADBG daily_rollup_store_save status=ok rows=11 bytes=5073 path=daily-rollups.json
2026-07-04 11:35:30.463 Atria[4966:756498] ATRIADBG daily_rollup_store_save status=ok rows=11 bytes=5073 path=daily-rollups.json
2026-07-04 11:35:30.465 Atria[4966:756498] ATRIADBG daily_rollup_store_save status=ok rows=11 bytes=5073 path=daily-rollups.json
2026-07-04 11:35:30.468 Atria[4966:756498] ATRIADBG daily_rollup_store_save status=ok rows=11 bytes=5073 path=daily-rollups.json
2026-07-04 11:35:30.470 Atria[4966:756498] ATRIADBG daily_rollup_store_save status=ok rows=11 bytes=5073 path=daily-rollups.json
2026-07-04 11:35:30.473 Atria[4966:756498] ATRIADBG daily_rollup_store_save status=ok rows=11 bytes=5073 path=daily-rollups.json
2026-07-04 11:35:30.475 Atria[4966:756498] ATRIADBG daily_rollup_store_save status=ok rows=11 bytes=5073 path=daily-rollups.json
2026-07-04 11:35:30.478 Atria[4966:756498] ATRIADBG daily_rollup_store_save status=ok rows=11 bytes=5073 path=daily-rollups.json
2026-07-04 11:35:30.480 Atria[4966:756498] ATRIADBG daily_rollup_store_save status=ok rows=11 bytes=5073 path=daily-rollups.json
2026-07-04 11:35:30.827 Atria[4966:756478] ATRIADBG home_launch_timing event=diagnostics_ready elapsed_ms=29239 status=connected tab=overview
2026-07-04 11:35:30.926 Atria[4966:756478] ATRIADBG haptic_alert kind=recovery_ready phone_side=1 strap_write=0
2026-07-04 11:35:31.171 Atria[4966:756478] ATRIADBG standardHR payload=0050 hr=80 rrnum=0 truncated=0 rr_ms= suppressed_since_last=0
2026-07-04 11:35:31.524 Atria[4966:756478] ATRIADBG notification_battery_drain_cycle status=cleared reason=above_threshold had_cycle=0
2026-07-04 11:35:31.524 Atria[4966:756478] ATRIADBG notification_battery_decision level=87 source=live_2A19 age_s=0 usable=1 threshold=25 charge=levelOnly drop_recent=1
2026-07-04 11:35:31.524 Atria[4966:756478] ATRIADBG notification_battery_maintenance status=evaluated reason=timer
2026-07-04 11:35:32.168 Atria[4966:756754] ATRIADBG notifyState ch=61080005-8D6D-82B8-614A-1C8CB0F8DCC6 notifying=1 err=nil
2026-07-04 11:35:32.169 Atria[4966:756478] ATRIADBG standardHR payload=0050 hr=80 rrnum=0 truncated=0 rr_ms= suppressed_since_last=0
2026-07-04 11:35:32.174 Atria[4966:756478] ATRIADBG hr_broadcast status=sent bpm=79 rr=0
2026-07-04 11:35:32.216 Atria[4966:756478] ATRIADBG send mode=wwr cmd=03 seq=0 to=61080002-8D6D-82B8-614A-1C8CB0F8DCC6 props=12 frame=aa0800a82300030199bce9cf
2026-07-04 11:35:33.166 Atria[4966:756478] ATRIADBG standardHR payload=004f hr=79 rrnum=0 truncated=0 rr_ms= suppressed_since_last=0
2026-07-04 11:35:33.196 Atria[4966:756478] ATRIADBG widget_snapshot status=ok reason=live_bpm_delta schema=3 recovery=63 confidence=unverified hrv=personal_baseline strain=12.6 rhr=57 max_hr=189 battery=87 charge=levelOnly bytes=642 storage=app_group_userdefaults app_group=1 widget_target=1 complication_target=1
2026-07-04 11:35:33.196 Atria[4966:756478] ATRIADBG widget_readiness status=ready storage=app_group_userdefaults app_group=1 widget_target=1 complication_target=1 action=verify_widget_on_device
2026-07-04 11:35:33.979 Atria[4966:756478] ATRIADBG offline_sync status=requesting_range_loss_backfill reason=long_wear_range_loss trigger=did_connect action=defer_live_stream live_protected=1 stale_force=0 ready_force=0
2026-07-04 11:35:33.997 Atria[4966:756478] ATRIADBG offline_sync status=armed reason=long_wear_range_loss mode=connected_chunked_backfill init_sweep=1400,6000,1600 ack_mode=enddata live_realtime=skipped metrics_fail_closed=0 cmd22=0 connected_chunked=1
2026-07-04 11:35:33.997 Atria[4966:756478] ATRIADBG offline_sync status=connected_chunked reason=long_wear_range_loss action=discover_services_without_live_link_deferral samples=26
2026-07-04 11:35:33.997 Atria[4966:756478] ATRIADBG offline_sync status=range_loss_backfill_request_result reason=long_wear_range_loss started=1 pending=1 force=0 action=defer_live_stream
2026-07-04 11:35:34.003 Atria[4966:756478] ATRIADBG active_session_journal status=saved reason=offline_sync_preflight_long_wear_range_loss samples=26 rr_values=13 duration_s=31 dirty=0 label=Long wear
2026-07-04 11:35:34.163 Atria[4966:756478] ATRIADBG standardHR payload=004e hr=78 rrnum=0 truncated=0 rr_ms= suppressed_since_last=0
2026-07-04 11:35:35.161 Atria[4966:756755] ATRIADBG notifyState ch=61080007-8D6D-82B8-614A-1C8CB0F8DCC6 notifying=1 err=nil
2026-07-04 11:35:35.162 Atria[4966:756478] ATRIADBG frame ch=61080007 len=99 hex=0802a6020103010a68626f796c73746f6e096831372e322e322e30066b686172766172645f72313004a10198251a0036ee8000000400000000040404040000000100186a0000000000040000000001000000001a0036ee80001a0035f13c1934a0173a
2026-07-04 11:35:35.163 Atria[4966:756478] ATRIADBG model_gate status=codename_hint model=strap4 evidence=HARVARD
2026-07-04 11:35:35.164 Atria[4966:756478] ATRIADBG strap_generation status=unknown layout=0802a6020103010a68626f79 source=61080007 evidence=hboylston|h17.2.2.0|kharvard_r10 action=fail_closed_generation_specific_decodes
2026-07-04 11:35:35.164 Atria[4966:756478] ATRIADBG standardHR payload=004e hr=78 rrnum=0 truncated=0 rr_ms= suppressed_since_last=0
2026-07-04 11:35:36.160 Atria[4966:756478] ATRIADBG standardHR payload=004e hr=78 rrnum=0 truncated=0 rr_ms= suppressed_since_last=0
2026-07-04 11:35:36.524 Atria[4966:756478] ATRIADBG notification_battery_drain_cycle status=cleared reason=above_threshold had_cycle=0
2026-07-04 11:35:36.524 Atria[4966:756478] ATRIADBG notification_battery_decision level=87 source=live_2A19 age_s=0 usable=1 threshold=25 charge=levelOnly drop_recent=1
2026-07-04 11:35:36.524 Atria[4966:756478] ATRIADBG notification_battery_maintenance status=evaluated reason=timer
2026-07-04 11:35:37.158 Atria[4966:756478] ATRIADBG standardHR payload=0050 hr=80 rrnum=0 truncated=0 rr_ms= suppressed_since_last=0
2026-07-04 11:35:37.162 Atria[4966:756478] ATRIADBG radio_low_traffic status=learning mode=full_protocol custom_notify_skipped=0 custom_notify_enabled=5 tx_skipped=0 realtime_start_skipped=0 reason=full_protocol
2026-07-04 11:35:37.163 Atria[4966:756478] ATRIADBG radio_low_traffic status=learning mode=full_protocol custom_notify_skipped=0 custom_notify_enabled=6 tx_skipped=0 realtime_start_skipped=0 reason=full_protocol
2026-07-04 11:35:37.165 Atria[4966:756478] ATRIADBG radio_low_traffic status=learning mode=full_protocol custom_notify_skipped=0 custom_notify_enabled=7 tx_skipped=0 realtime_start_skipped=0 reason=full_protocol
2026-07-04 11:35:37.166 Atria[4966:756478] ATRIADBG radio_low_traffic status=learning mode=full_protocol custom_notify_skipped=0 custom_notify_enabled=8 tx_skipped=0 realtime_start_skipped=0 reason=full_protocol
2026-07-04 11:35:38.154 Atria[4966:756478] ATRIADBG standardHR payload=0052 hr=82 rrnum=0 truncated=0 rr_ms= suppressed_since_last=0
2026-07-04 11:35:38.159 Atria[4966:756478] ATRIADBG hr_broadcast status=sent bpm=78 rr=0
2026-07-04 11:35:39.151 Atria[4966:756756] ATRIADBG notifyState ch=2A37 notifying=1 err=nil
2026-07-04 11:35:39.153 Atria[4966:756478] ATRIADBG frame ch=61080003 len=16 hex=aa0c00fc24bf030002000000a936bee2
2026-07-04 11:35:39.154 Atria[4966:756478] ATRIADBG cmdResp ch=61080003-8D6D-82B8-614A-1C8CB0F8DCC6 payload=24bf030002000000
2026-07-04 11:35:39.154 Atria[4966:756478] ATRIADBG frame ch=61080004 len=20 hex=aa10005730ed2100aca2486a004d0000dfbfdf46
2026-07-04 11:35:39.155 Atria[4966:756478] ATRIADBG protocol_packet type=30 kind=event len=12 body=ed2100aca2486a004d0000 full=aa10005730ed2100aca2486a004d0000dfbfdf46
2026-07-04 11:35:39.159 Atria[4966:756478] ATRIADBG standardHR payload=0052 hr=82 rrnum=0 truncated=0 rr_ms= suppressed_since_last=0
2026-07-04 11:35:40.149 Atria[4966:756478] ATRIADBG standardHR payload=0052 hr=82 rrnum=0 truncated=0 rr_ms= suppressed_since_last=0
2026-07-04 11:35:40.154 Atria[4966:756478] ATRIADBG hr_broadcast status=sent bpm=82 rr=0
2026-07-04 11:35:41.526 Atria[4966:756478] ATRIADBG notification_battery_drain_cycle status=cleared reason=above_threshold had_cycle=0
2026-07-04 11:35:41.526 Atria[4966:756478] ATRIADBG notification_battery_decision level=87 source=live_2A19 age_s=0 usable=1 threshold=25 charge=levelOnly drop_recent=1
2026-07-04 11:35:41.526 Atria[4966:756478] ATRIADBG notification_battery_maintenance status=evaluated reason=timer
2026-07-04 11:35:42.146 Atria[4966:756478] ATRIADBG standardHR payload=0053 hr=83 rrnum=0 truncated=0 rr_ms= suppressed_since_last=0
2026-07-04 11:35:42.147 Atria[4966:756478] ATRIADBG rr_quality source=2a37 state=learning fraction=0.786 rr_frames=11 total_frames=14 max_rr_gap_s=28.9 frame_max_rr_gap_s=28.9 beat_timeline=1 window_s=39 hrv_state=learning rr_source_2a37_values=0 rr_source_0x28_decoded_values=0 rr_source_0x28_used_values=0
2026-07-04 11:35:42.149 Atria[4966:756756] ATRIADBG notifyState ch=2A19 notifying=1 err=nil
2026-07-04 11:35:42.153 Atria[4966:756478] ATRIADBG standardHR payload=0052 hr=82 rrnum=0 truncated=0 rr_ms= suppressed_since_last=0
2026-07-04 11:35:42.153 Atria[4966:756478] ATRIADBG standardHR payload=0051 hr=81 rrnum=0 truncated=0 rr_ms= suppressed_since_last=0
2026-07-04 11:35:43.141 Atria[4966:756478] ATRIADBG standardHR payload=004f hr=79 rrnum=0 truncated=0 rr_ms= suppressed_since_last=0
2026-07-04 11:35:43.157 Atria[4966:756478] ATRIADBG battery level=87 source=2A19 bytes=57 persisted=1
2026-07-04 11:35:44.176 Atria[4966:756478] ATRIADBG standardHR payload=004d hr=77 rrnum=0 truncated=0 rr_ms= suppressed_since_last=0
2026-07-04 11:35:44.476 Atria[4966:756756] ATRIADBG notifyState ch=61080003-8D6D-82B8-614A-1C8CB0F8DCC6 notifying=1 err=nil
2026-07-04 11:35:44.777 Atria[4966:756500] ATRIADBG notifyState ch=61080004-8D6D-82B8-614A-1C8CB0F8DCC6 notifying=1 err=nil
2026-07-04 11:35:45.077 Atria[4966:756500] ATRIADBG notifyState ch=61080005-8D6D-82B8-614A-1C8CB0F8DCC6 notifying=1 err=nil
2026-07-04 11:35:45.077 Atria[4966:756478] ATRIADBG historyOnly status=arming realtime_start=skipped
2026-07-04 11:35:45.077 Atria[4966:756478] ATRIADBG standardHR payload=004b hr=75 rrnum=0 truncated=0 rr_ms= suppressed_since_last=0
2026-07-04 11:35:45.376 Atria[4966:756500] ATRIADBG notifyState ch=61080007-8D6D-82B8-614A-1C8CB0F8DCC6 notifying=1 err=nil
2026-07-04 11:35:45.976 Atria[4966:756478] ATRIADBG standardHR payload=0049 hr=73 rrnum=0 truncated=0 rr_ms= suppressed_since_last=0
HARNESS_CAPTURE_TIMEOUT seconds=45 launch_seen=1 action=stop_devicectl_console
2026-07-04 11:35:46.527 Atria[4966:756478] ATRIADBG notification_battery_drain_cycle status=cleared reason=above_threshold had_cycle=0
2026-07-04 11:35:46.527 Atria[4966:756478] ATRIADBG notification_battery_decision level=87 source=live_2A19 age_s=0 usable=1 threshold=25 charge=levelOnly drop_recent=1
2026-07-04 11:35:46.527 Atria[4966:756478] ATRIADBG notification_battery_maintenance status=evaluated reason=timer
App terminated due to signal 2.
ATRIADBG_SUMMARY_START
notify_61080005=True
realtime_start=True
cmd_response=True
frame_61080005=False
hrv_ready=False
capture_summary_ready=False
auto_capture_start=False
auto_capture_stop=False
gate_status_start=False
gate_status_complete=False
gate_readiness_complete=False
gate_status_deep_complete=False
healthkit_reference_audit_complete=False
healthkit_export_complete=False
healthkit_export_verify_complete=False
healthkit_export_authorization_pending_complete=False
healthkit_sleep_export_verify_complete=False
healthkit_sleep_export_deferred_complete=False
healthkit_reset_rebuild_complete=False
workout_confirm_complete=False
sleep_confirm_complete=False
post_healthkit_gate_status_complete=False
collection_health_complete=False
rr_reference_package_complete=False
hr_reference_package_complete=False
rr_reference_validation_complete=False
hr_reference_validation_complete=False
reference_inputs_clear_complete=False
workout_validation_complete=False
sleep_validation_complete=False
sleep_validation_fail_closed=False
backup_complete=False
backup_verify_complete=False
notification_schedule_complete=False
notification_delivery_complete=False
radio_low_traffic_complete=True
trend_summary_complete=False
trend_windows_complete=False
strain_validation_complete=False
widget_snapshot_complete=True
analytics_calibration_complete=False
analytics_calibration_status=
analytics_calibration_numeric_checks=
analytics_calibration_label_checks=
rr_frames=11
rr_values=13
rr_truncated_frames=0
rr_hr_mismatch_values=0
rr_source_2a37_frames=11
rr_source_2a37_values=13
rr_source_0x28_frames=0
rr_source_0x28_values=0
rr_source_0x28_used_frames=0
rr_source_0x28_used_values=0
standard_2a37_frames=40
standard_2a37_rr_frames=11
standard_2a37_rr_values=13
last_standard_2a37_payload=0049
last_standard_2a37_hr=73
last_standard_2a37_rrnum=0
last_standard_2a37_rr_ms=
last_rr_quality_source=2a37
realtime_frames=0
realtime_rr_frames=0
realtime_rr_zero_frames=0
realtime_malformed_frames=0
realtime_truncated_rr_frames=0
realtime_restarts=0
realtime_reasserts=0
auto_capture_starts=0
auto_capture_stops=0
capture_aborts=0
capture_quality_resets=0
auto_capture_exhausted=0
last_realtime_hr=
last_realtime_rrnum=
last_realtime_rr_bytes=
last_realtime_payload_tail=
realtime_rr_fraction=
realtime_rr_percent=
realtime_zero_rr_tail_nonzero_frames=0
realtime_zero_rr_tail_valid_candidate_frames=0
last_rr_values=836,774
last_rr_implied_bpm=72,78
hrv_max_rr_gap_s=0.0
last_hrv_max_rr_gap_s=
first_realtime_elapsed_s=
first_rr_elapsed_s=16.0
rr_start_delay_s=
last_rr_elapsed_s=16.1
max_rr_log_gap_s=0.0
cmd_response_count=1
cmd_response_last_seq=191
cmd_response_last_cmd=0x03
cmd_response_last_status=0002000000
cmd_response_statuses=seq=191:cmd=0x03:status=0002000000
history_clock_set_responses=0
history_clock_get_responses=0
history_clock_last_drift_s=
history_clock_last_stale=
frame_61080003_count=1
frame_61080004_count=1
frame_61080005_count=0
frame_61080007_count=1
frame_61080004_types=0x30:1
frame_61080005_types=
frame_61080007_types=0x08:1
metadata_0x31_frames=0
metadata_0x31_lengths=
metadata_0x31_body_hashes=
historical_2f_frames=0
historical_data_rows=0
historical_archive_rows=0
historical_archive_metric_usable=
historical_archive_current_usable=
historical_2f_candidate_rr_values=0
historical_2f_first_prefix=
historical_2f_last_prefix=
sensor_research_probe_rows=0
sensor_research_probe_spo2_candidate_frames=
sensor_research_probe_skin_temp_candidate_frames=
sensor_research_probe_last_model_generation=
sensor_research_probe_last_model_evidence=
model_gate_rows=2
model_gate_assume_4_class_rows=1
model_gate_metadata_explicit_rows=0
model_gate_last_status=codename_hint
model_gate_last_model=strap4
model_gate_last_reason=
model_gate_last_evidence=HARVARD
sleep_motion_hint_count=0
sleep_motion_hint_kinds=
segment_0_label=initial
segment_0_raw=03
segment_0_frames=0
segment_0_rr_frames=0
segment_0_zero_frames=0
segment_0_rr_values=0
segment_0_rr_fraction=0.000
segment_0_rr_percent=0.0
segment_0_cmd_status=seq=191:cmd=0x03:status=0002000000
segment_0_frame_61080003_count=1
segment_0_frame_61080004_count=1
segment_0_frame_61080005_count=0
segment_0_frame_61080007_count=1
segment_0_frame_61080004_types=0x30:1
segment_0_frame_61080005_types=
segment_0_frame_61080007_types=0x08:1
segment_0_historical_2f_frames=0
segment_0_historical_data_rows=0
segment_0_historical_archive_rows=0
segment_0_historical_2f_candidate_rr_values=0
segment_0_historical_2f_first_prefix=
segment_0_historical_2f_last_prefix=
segment_0_sleep_motion_hint_count=0
segment_0_sleep_motion_hint_kinds=
ATRIADBG_LINES=404
ATRIADBG_SUMMARY_END
HARNESS_LEAVE_RUNNING_ARGS=xcrun devicectl device process launch --device 3803F5B6-1666-56D3-A71A-62F131F6CE3B --terminate-existing com.adidshaft.atria
Launched application with com.adidshaft.atria bundle identifier.
HARNESS_LEAVE_RUNNING status=launched mode=normal_end_user
