Command line invocation:
    /Applications/Xcode-beta.app/Contents/Developer/usr/bin/xcodebuild -project Atria/Atria.xcodeproj -scheme Atria -configuration Debug -destination generic/platform=iOS -destination-timeout 10 -derivedDataPath build/DerivedData build

ComputePackagePrebuildTargetDependencyGraph

Prepare packages

CreateBuildRequest

SendProjectDescription

CreateBuildOperation

ComputeTargetDependencyGraph
note: Building targets in dependency order
note: Target dependency graph (2 targets)
    Target 'Atria' in project 'Atria'
        ➜ Explicit dependency on target 'AtriaWidget' in project 'Atria'
    Target 'AtriaWidget' in project 'Atria' (no dependencies)

GatherProvisioningInputs

CreateBuildDescription

ClangStatCache /Applications/Xcode-beta.app/Contents/Developer/Toolchains/XcodeDefault.xctoolchain/usr/bin/clang-stat-cache /Applications/Xcode-beta.app/Contents/Developer/Platforms/iPhoneOS.platform/Developer/SDKs/iPhoneOS27.0.sdk /Users/amanpandey/projects/atria/build/DerivedData/SDKStatCaches.noindex/iphoneos27.0-24A5370g-ab8728d0c5b464cc751fe8b4b02b9db3.sdkstatcache
    cd /Users/amanpandey/projects/atria/Atria/Atria.xcodeproj
    /Applications/Xcode-beta.app/Contents/Developer/Toolchains/XcodeDefault.xctoolchain/usr/bin/clang-stat-cache /Applications/Xcode-beta.app/Contents/Developer/Platforms/iPhoneOS.platform/Developer/SDKs/iPhoneOS27.0.sdk -o /Users/amanpandey/projects/atria/build/DerivedData/SDKStatCaches.noindex/iphoneos27.0-24A5370g-ab8728d0c5b464cc751fe8b4b02b9db3.sdkstatcache

SwiftDriver Atria normal arm64 com.apple.xcode.tools.swift.compiler (in target 'Atria' from project 'Atria')
    cd /Users/amanpandey/projects/atria/Atria
    builtin-SwiftDriver -- /Applications/Xcode-beta.app/Contents/Developer/Toolchains/XcodeDefault.xctoolchain/usr/bin/swiftc -module-name Atria -Onone @/Users/amanpandey/projects/atria/build/DerivedData/Build/Intermediates.noindex/Atria.build/Debug-iphoneos/Atria.build/Objects-normal/arm64/Atria.SwiftFileList -DDEBUG -enable-bare-slash-regex -enable-experimental-feature DebugDescriptionMacro -sdk /Applications/Xcode-beta.app/Contents/Developer/Platforms/iPhoneOS.platform/Developer/SDKs/iPhoneOS27.0.sdk -target arm64-apple-ios26.1 -g -module-cache-path /Users/amanpandey/projects/atria/build/DerivedData/ModuleCache.noindex -Xfrontend -serialize-debugging-options -enable-testing -index-store-path /Users/amanpandey/projects/atria/build/DerivedData/Index.noindex/DataStore -Xcc -D_LIBCPP_HARDENING_MODE\=_LIBCPP_HARDENING_MODE_DEBUG -swift-version 5 -I /Users/amanpandey/projects/atria/build/DerivedData/Build/Products/Debug-iphoneos -F /Users/amanpandey/projects/atria/build/DerivedData/Build/Products/Debug-iphoneos -emit-localized-strings -emit-localized-strings-path /Users/amanpandey/projects/atria/build/DerivedData/Build/Intermediates.noindex/Atria.build/Debug-iphoneos/Atria.build/Objects-normal/arm64 -c -j14 -enable-batch-mode -incremental -Xcc -ivfsstatcache -Xcc /Users/amanpandey/projects/atria/build/DerivedData/SDKStatCaches.noindex/iphoneos27.0-24A5370g-ab8728d0c5b464cc751fe8b4b02b9db3.sdkstatcache -output-file-map /Users/amanpandey/projects/atria/build/DerivedData/Build/Intermediates.noindex/Atria.build/Debug-iphoneos/Atria.build/Objects-normal/arm64/Atria-OutputFileMap.json -save-temps -no-color-diagnostics -explicit-module-build -module-cache-path /Users/amanpandey/projects/atria/build/DerivedData/Build/Intermediates.noindex/SwiftExplicitPrecompiledModules -clang-scanner-module-cache-path /Users/amanpandey/projects/atria/build/DerivedData/ModuleCache.noindex -sdk-module-cache-path /Users/amanpandey/projects/atria/build/DerivedData/ModuleCache.noindex -emit-dependencies -emit-module -emit-module-path /Users/amanpandey/projects/atria/build/DerivedData/Build/Intermediates.noindex/Atria.build/Debug-iphoneos/Atria.build/Objects-normal/arm64/Atria.swiftmodule -serialize-diagnostics -dependency-scan-serialize-diagnostics-path /Users/amanpandey/projects/atria/build/DerivedData/Build/Intermediates.noindex/Atria.build/Debug-iphoneos/Atria.build/Objects-normal/arm64/Atria-dependency-scan.dia -validate-clang-modules-once -clang-build-session-file /Users/amanpandey/projects/atria/build/DerivedData/ModuleCache.noindex/Session.modulevalidation -Xcc -fmodules-prune-interval\=86400 -Xcc -fmodules-prune-after\=345600 -emit-const-values -const-gather-protocols-list /Users/amanpandey/projects/atria/build/DerivedData/Build/Intermediates.noindex/Atria.build/Debug-iphoneos/Atria.build/Objects-normal/arm64/Atria_const_extract_protocols.json -Xcc -iquote -Xcc /Users/amanpandey/projects/atria/build/DerivedData/Build/Intermediates.noindex/Atria.build/Debug-iphoneos/Atria.build/Atria-generated-files.hmap -Xcc -I/Users/amanpandey/projects/atria/build/DerivedData/Build/Intermediates.noindex/Atria.build/Debug-iphoneos/Atria.build/Atria-own-target-headers.hmap -Xcc -I/Users/amanpandey/projects/atria/build/DerivedData/Build/Intermediates.noindex/Atria.build/Debug-iphoneos/Atria.build/Atria-all-target-headers.hmap -Xcc -iquote -Xcc /Users/amanpandey/projects/atria/build/DerivedData/Build/Intermediates.noindex/Atria.build/Debug-iphoneos/Atria.build/Atria-project-headers.hmap -Xcc -I/Users/amanpandey/projects/atria/build/DerivedData/Build/Products/Debug-iphoneos/include -Xcc -I/Users/amanpandey/projects/atria/build/DerivedData/Build/Intermediates.noindex/Atria.build/Debug-iphoneos/Atria.build/DerivedSources-normal/arm64 -Xcc -I/Users/amanpandey/projects/atria/build/DerivedData/Build/Intermediates.noindex/Atria.build/Debug-iphoneos/Atria.build/DerivedSources/arm64 -Xcc -I/Users/amanpandey/projects/atria/build/DerivedData/Build/Intermediates.noindex/Atria.build/Debug-iphoneos/Atria.build/DerivedSources -Xcc -DDEBUG\=1 -emit-objc-header -emit-objc-header-path /Users/amanpandey/projects/atria/build/DerivedData/Build/Intermediates.noindex/Atria.build/Debug-iphoneos/Atria.build/Objects-normal/arm64/Atria-Swift.h -working-directory /Users/amanpandey/projects/atria/Atria -experimental-emit-module-separately -disable-cmo

SwiftCompile normal arm64 Compiling\ AtriaStrapScreen.swift /Users/amanpandey/projects/atria/Atria/Atria/AtriaStrapScreen.swift (in target 'Atria' from project 'Atria')

SwiftCompile normal arm64 /Users/amanpandey/projects/atria/Atria/Atria/AtriaStrapScreen.swift (in target 'Atria' from project 'Atria')
    cd /Users/amanpandey/projects/atria/Atria
    builtin-SwiftPerFileCompile AtriaStrapScreen.swift

SwiftEmitModule normal arm64 Emitting\ module\ for\ Atria (in target 'Atria' from project 'Atria')

SwiftCompile normal arm64 (in target 'Atria' from project 'Atria')
    cd /Users/amanpandey/projects/atria/Atria
    

SwiftCompile normal arm64 Compiling\ AtriaBLEManager.swift /Users/amanpandey/projects/atria/Atria/Atria/AtriaBLEManager.swift (in target 'Atria' from project 'Atria')

SwiftCompile normal arm64 /Users/amanpandey/projects/atria/Atria/Atria/AtriaBLEManager.swift (in target 'Atria' from project 'Atria')
    cd /Users/amanpandey/projects/atria/Atria
    builtin-SwiftPerFileCompile AtriaBLEManager.swift

SwiftCompile normal arm64 Compiling\ AtriaHomeView.swift /Users/amanpandey/projects/atria/Atria/Atria/AtriaHomeView.swift (in target 'Atria' from project 'Atria')

SwiftCompile normal arm64 /Users/amanpandey/projects/atria/Atria/Atria/AtriaHomeView.swift (in target 'Atria' from project 'Atria')
    cd /Users/amanpandey/projects/atria/Atria
    builtin-SwiftPerFileCompile AtriaHomeView.swift

SwiftCompile normal arm64 Compiling\ Sessions.swift /Users/amanpandey/projects/atria/Atria/Atria/Sessions.swift (in target 'Atria' from project 'Atria')
/Users/amanpandey/projects/atria/Atria/Atria/Sessions.swift:3154:50: warning: 'weak' ownership of capture 'self' differs from implicitly-captured strong reference in outer scope [#ImplicitStrongCapture]
 3145 |         historySnapshot = HistorySnapshot.sessionsOnly(sourceSessions, maxHR: maxHR)
 3146 |         if deferred {
 3147 |             DispatchQueue.global(qos: .utility).asyncAfter(deadline: .now() + 0.12) {
      |                                                                                     |- note: 'self' implicitly strongly captured here
      |                                                                                     `- note: add 'self' as a capture list item to silence
 3148 |                 let snapshots = Self.makeHistorySnapshots(sessions: sourceSessions,
 3149 |                                                           confirmedWorkouts: confirmedWorkouts,
      :
 3152 |                                                           rest: rest,
 3153 |                                                           maxHR: maxHR)
 3154 |                 DispatchQueue.main.async { [weak self] in
      |                                                  |- warning: 'weak' ownership of capture 'self' differs from implicitly-captured strong reference in outer scope [#ImplicitStrongCapture]
      |                                                  `- note: explicitly assign the capture list item to silence
 3155 |                     self?.publishFullHistorySnapshotIfCurrent(revision: revision,
 3156 |                                                               history: snapshots.history,

/Users/amanpandey/projects/atria/Atria/Atria/Sessions.swift:3373:46: warning: 'weak' ownership of capture 'self' differs from implicitly-captured strong reference in outer scope [#ImplicitStrongCapture]
 3369 |         let maxHR = profile.maxHR
 3370 |         let delay: TimeInterval = deferred ? 0.12 : 0
 3371 |         DispatchQueue.global(qos: .utility).asyncAfter(deadline: .now() + delay) {
      |                                                                                  |- note: 'self' implicitly strongly captured here
      |                                                                                  `- note: add 'self' as a capture list item to silence
 3372 |             let points = Self.makeOverviewTrendPoints(sessions: source, rest: rest, maxHR: maxHR)
 3373 |             DispatchQueue.main.async { [weak self] in
      |                                              |- warning: 'weak' ownership of capture 'self' differs from implicitly-captured strong reference in outer scope [#ImplicitStrongCapture]
      |                                              `- note: explicitly assign the capture list item to silence
 3374 |                 guard let self, revision == self.overviewTrendPointsRevision else { return }
 3375 |                 self.overviewTrendPoints = points

/Users/amanpandey/projects/atria/Atria/Atria/Sessions.swift:3391:46: warning: 'weak' ownership of capture 'self' differs from implicitly-captured strong reference in outer scope [#ImplicitStrongCapture]
 3385 |         let maxHR = profile.maxHR
 3386 |         let delay: TimeInterval = deferred ? 0.12 : 0
 3387 |         DispatchQueue.global(qos: .utility).asyncAfter(deadline: .now() + delay) {
      |                                                                                  |- note: 'self' implicitly strongly captured here
      |                                                                                  `- note: add 'self' as a capture list item to silence
 3388 |             let summary = Self.makeTrainingLoadSummary(sessions: source,
 3389 |                                                        rest: rest,
 3390 |                                                        maxHR: maxHR)
 3391 |             DispatchQueue.main.async { [weak self] in
      |                                              |- warning: 'weak' ownership of capture 'self' differs from implicitly-captured strong reference in outer scope [#ImplicitStrongCapture]
      |                                              `- note: explicitly assign the capture list item to silence
 3392 |                 guard let self, revision == self.trainingLoadSummaryRevision else { return }
 3393 |                 self.trainingLoadSummarySnapshot = summary

/Users/amanpandey/projects/atria/Atria/Atria/Sessions.swift:3402:46: warning: 'weak' ownership of capture 'self' differs from implicitly-captured strong reference in outer scope [#ImplicitStrongCapture]
 3397 | 
 3398 |     func refreshHistoricalArchiveStatus(reason: String = "manual") {
 3399 |         DispatchQueue.global(qos: .utility).async {
      |                                                   |- note: 'self' implicitly strongly captured here
      |                                                   `- note: add 'self' as a capture list item to silence
 3400 |             let diagnostics = HistoricalArchive.diagnostics()
 3401 |             let status = HistoricalArchiveStatus(diagnostics: diagnostics)
 3402 |             DispatchQueue.main.async { [weak self] in
      |                                              |- warning: 'weak' ownership of capture 'self' differs from implicitly-captured strong reference in outer scope [#ImplicitStrongCapture]
      |                                              `- note: explicitly assign the capture list item to silence
 3403 |                 self?.historicalArchiveStatus = status
 3404 |                 if status.metricReady {

/Users/amanpandey/projects/atria/Atria/Atria/Sessions.swift:4137:46: warning: 'weak' ownership of capture 'self' differs from implicitly-captured strong reference in outer scope [#ImplicitStrongCapture]
 4125 |             AtriaBehaviorImpact.Day(day: $0.day, recoveryPercent: $0.recoveryPercent)
 4126 |         }
 4127 |         DispatchQueue.global(qos: .utility).async {
      |                                                   |- note: 'self' implicitly strongly captured here
      |                                                   `- note: add 'self' as a capture list item to silence
 4128 |             let summaries = Self.sortedBehaviorCorrelationSummaries(
 4129 |                 Self.makeBehaviorCorrelationSummaries(sessions: sourceSessions,
      :
 4135 |                                                         journalEntries: journalEntries)
 4136 |             let insights = Self.deriveInsights(from: summaries)
 4137 |             DispatchQueue.main.async { [weak self] in
      |                                              |- warning: 'weak' ownership of capture 'self' differs from implicitly-captured strong reference in outer scope [#ImplicitStrongCapture]
      |                                              `- note: explicitly assign the capture list item to silence
 4138 |                 guard let self else { return }
 4139 |                 self.behaviorCorrelationSummariesCache = summaries

[#ImplicitStrongCapture]: <https://docs.swift.org/compiler/documentation/diagnostics/implicit-strong-capture>

SwiftCompile normal arm64 /Users/amanpandey/projects/atria/Atria/Atria/Sessions.swift (in target 'Atria' from project 'Atria')
    cd /Users/amanpandey/projects/atria/Atria
    builtin-SwiftPerFileCompile Sessions.swift

SwiftCompile normal arm64 Compiling\ HistoricalArchive.swift /Users/amanpandey/projects/atria/Atria/Atria/HistoricalArchive.swift (in target 'Atria' from project 'Atria')

SwiftCompile normal arm64 /Users/amanpandey/projects/atria/Atria/Atria/HistoricalArchive.swift (in target 'Atria' from project 'Atria')
    cd /Users/amanpandey/projects/atria/Atria
    builtin-SwiftPerFileCompile HistoricalArchive.swift

SwiftDriverJobDiscovery normal arm64 Compiling AtriaStrapScreen.swift (in target 'Atria' from project 'Atria')

SwiftDriverJobDiscovery normal arm64 Compiling HistoricalArchive.swift (in target 'Atria' from project 'Atria')

SwiftCompile normal arm64 Compiling\ AtriaHealthScreen.swift /Users/amanpandey/projects/atria/Atria/Atria/AtriaHealthScreen.swift (in target 'Atria' from project 'Atria')

SwiftCompile normal arm64 /Users/amanpandey/projects/atria/Atria/Atria/AtriaHealthScreen.swift (in target 'Atria' from project 'Atria')
    cd /Users/amanpandey/projects/atria/Atria
    builtin-SwiftPerFileCompile AtriaHealthScreen.swift

SwiftCompile normal arm64 Compiling\ AtriaTrendChart.swift /Users/amanpandey/projects/atria/Atria/Atria/AtriaTrendChart.swift (in target 'Atria' from project 'Atria')

SwiftCompile normal arm64 /Users/amanpandey/projects/atria/Atria/Atria/AtriaTrendChart.swift (in target 'Atria' from project 'Atria')
    cd /Users/amanpandey/projects/atria/Atria
    builtin-SwiftPerFileCompile AtriaTrendChart.swift

SwiftCompile normal arm64 Compiling\ AtriaOverviewSections.swift /Users/amanpandey/projects/atria/Atria/Atria/AtriaOverviewSections.swift (in target 'Atria' from project 'Atria')

SwiftCompile normal arm64 /Users/amanpandey/projects/atria/Atria/Atria/AtriaOverviewSections.swift (in target 'Atria' from project 'Atria')
    cd /Users/amanpandey/projects/atria/Atria
    builtin-SwiftPerFileCompile AtriaOverviewSections.swift

SwiftCompile normal arm64 Compiling\ ContentView.swift /Users/amanpandey/projects/atria/Atria/Atria/ContentView.swift (in target 'Atria' from project 'Atria')

SwiftCompile normal arm64 /Users/amanpandey/projects/atria/Atria/Atria/ContentView.swift (in target 'Atria' from project 'Atria')
    cd /Users/amanpandey/projects/atria/Atria
    builtin-SwiftPerFileCompile ContentView.swift

SwiftCompile normal arm64 Compiling\ AtriaApp.swift /Users/amanpandey/projects/atria/Atria/Atria/AtriaApp.swift (in target 'Atria' from project 'Atria')

SwiftCompile normal arm64 /Users/amanpandey/projects/atria/Atria/Atria/AtriaApp.swift (in target 'Atria' from project 'Atria')
    cd /Users/amanpandey/projects/atria/Atria
    builtin-SwiftPerFileCompile AtriaApp.swift

SwiftCompile normal arm64 Compiling\ AtriaVitalsCollectionSections.swift /Users/amanpandey/projects/atria/Atria/Atria/AtriaVitalsCollectionSections.swift (in target 'Atria' from project 'Atria')

SwiftCompile normal arm64 /Users/amanpandey/projects/atria/Atria/Atria/AtriaVitalsCollectionSections.swift (in target 'Atria' from project 'Atria')
    cd /Users/amanpandey/projects/atria/Atria
    builtin-SwiftPerFileCompile AtriaVitalsCollectionSections.swift

SwiftDriverJobDiscovery normal arm64 Compiling AtriaHealthScreen.swift (in target 'Atria' from project 'Atria')

SwiftDriverJobDiscovery normal arm64 Compiling AtriaApp.swift (in target 'Atria' from project 'Atria')

SwiftDriverJobDiscovery normal arm64 Compiling ContentView.swift (in target 'Atria' from project 'Atria')

SwiftDriverJobDiscovery normal arm64 Compiling AtriaTrendChart.swift (in target 'Atria' from project 'Atria')

SwiftDriverJobDiscovery normal arm64 Emitting module for Atria (in target 'Atria' from project 'Atria')

SwiftDriver\ Compilation\ Requirements Atria normal arm64 com.apple.xcode.tools.swift.compiler (in target 'Atria' from project 'Atria')
    cd /Users/amanpandey/projects/atria/Atria
    builtin-Swift-Compilation-Requirements -- /Applications/Xcode-beta.app/Contents/Developer/Toolchains/XcodeDefault.xctoolchain/usr/bin/swiftc -module-name Atria -Onone @/Users/amanpandey/projects/atria/build/DerivedData/Build/Intermediates.noindex/Atria.build/Debug-iphoneos/Atria.build/Objects-normal/arm64/Atria.SwiftFileList -DDEBUG -enable-bare-slash-regex -enable-experimental-feature DebugDescriptionMacro -sdk /Applications/Xcode-beta.app/Contents/Developer/Platforms/iPhoneOS.platform/Developer/SDKs/iPhoneOS27.0.sdk -target arm64-apple-ios26.1 -g -module-cache-path /Users/amanpandey/projects/atria/build/DerivedData/ModuleCache.noindex -Xfrontend -serialize-debugging-options -enable-testing -index-store-path /Users/amanpandey/projects/atria/build/DerivedData/Index.noindex/DataStore -Xcc -D_LIBCPP_HARDENING_MODE\=_LIBCPP_HARDENING_MODE_DEBUG -swift-version 5 -I /Users/amanpandey/projects/atria/build/DerivedData/Build/Products/Debug-iphoneos -F /Users/amanpandey/projects/atria/build/DerivedData/Build/Products/Debug-iphoneos -emit-localized-strings -emit-localized-strings-path /Users/amanpandey/projects/atria/build/DerivedData/Build/Intermediates.noindex/Atria.build/Debug-iphoneos/Atria.build/Objects-normal/arm64 -c -j14 -enable-batch-mode -incremental -Xcc -ivfsstatcache -Xcc /Users/amanpandey/projects/atria/build/DerivedData/SDKStatCaches.noindex/iphoneos27.0-24A5370g-ab8728d0c5b464cc751fe8b4b02b9db3.sdkstatcache -output-file-map /Users/amanpandey/projects/atria/build/DerivedData/Build/Intermediates.noindex/Atria.build/Debug-iphoneos/Atria.build/Objects-normal/arm64/Atria-OutputFileMap.json -save-temps -no-color-diagnostics -explicit-module-build -module-cache-path /Users/amanpandey/projects/atria/build/DerivedData/Build/Intermediates.noindex/SwiftExplicitPrecompiledModules -clang-scanner-module-cache-path /Users/amanpandey/projects/atria/build/DerivedData/ModuleCache.noindex -sdk-module-cache-path /Users/amanpandey/projects/atria/build/DerivedData/ModuleCache.noindex -emit-dependencies -emit-module -emit-module-path /Users/amanpandey/projects/atria/build/DerivedData/Build/Intermediates.noindex/Atria.build/Debug-iphoneos/Atria.build/Objects-normal/arm64/Atria.swiftmodule -serialize-diagnostics -dependency-scan-serialize-diagnostics-path /Users/amanpandey/projects/atria/build/DerivedData/Build/Intermediates.noindex/Atria.build/Debug-iphoneos/Atria.build/Objects-normal/arm64/Atria-dependency-scan.dia -validate-clang-modules-once -clang-build-session-file /Users/amanpandey/projects/atria/build/DerivedData/ModuleCache.noindex/Session.modulevalidation -Xcc -fmodules-prune-interval\=86400 -Xcc -fmodules-prune-after\=345600 -emit-const-values -const-gather-protocols-list /Users/amanpandey/projects/atria/build/DerivedData/Build/Intermediates.noindex/Atria.build/Debug-iphoneos/Atria.build/Objects-normal/arm64/Atria_const_extract_protocols.json -Xcc -iquote -Xcc /Users/amanpandey/projects/atria/build/DerivedData/Build/Intermediates.noindex/Atria.build/Debug-iphoneos/Atria.build/Atria-generated-files.hmap -Xcc -I/Users/amanpandey/projects/atria/build/DerivedData/Build/Intermediates.noindex/Atria.build/Debug-iphoneos/Atria.build/Atria-own-target-headers.hmap -Xcc -I/Users/amanpandey/projects/atria/build/DerivedData/Build/Intermediates.noindex/Atria.build/Debug-iphoneos/Atria.build/Atria-all-target-headers.hmap -Xcc -iquote -Xcc /Users/amanpandey/projects/atria/build/DerivedData/Build/Intermediates.noindex/Atria.build/Debug-iphoneos/Atria.build/Atria-project-headers.hmap -Xcc -I/Users/amanpandey/projects/atria/build/DerivedData/Build/Products/Debug-iphoneos/include -Xcc -I/Users/amanpandey/projects/atria/build/DerivedData/Build/Intermediates.noindex/Atria.build/Debug-iphoneos/Atria.build/DerivedSources-normal/arm64 -Xcc -I/Users/amanpandey/projects/atria/build/DerivedData/Build/Intermediates.noindex/Atria.build/Debug-iphoneos/Atria.build/DerivedSources/arm64 -Xcc -I/Users/amanpandey/projects/atria/build/DerivedData/Build/Intermediates.noindex/Atria.build/Debug-iphoneos/Atria.build/DerivedSources -Xcc -DDEBUG\=1 -emit-objc-header -emit-objc-header-path /Users/amanpandey/projects/atria/build/DerivedData/Build/Intermediates.noindex/Atria.build/Debug-iphoneos/Atria.build/Objects-normal/arm64/Atria-Swift.h -working-directory /Users/amanpandey/projects/atria/Atria -experimental-emit-module-separately -disable-cmo

Copy /Users/amanpandey/projects/atria/build/DerivedData/Build/Products/Debug-iphoneos/Atria.swiftmodule/arm64-apple-ios.swiftmodule /Users/amanpandey/projects/atria/build/DerivedData/Build/Intermediates.noindex/Atria.build/Debug-iphoneos/Atria.build/Objects-normal/arm64/Atria.swiftmodule (in target 'Atria' from project 'Atria')
    cd /Users/amanpandey/projects/atria/Atria
    builtin-copy -exclude .DS_Store -exclude CVS -exclude .svn -exclude .git -exclude .hg -resolve-src-symlinks -rename /Users/amanpandey/projects/atria/build/DerivedData/Build/Intermediates.noindex/Atria.build/Debug-iphoneos/Atria.build/Objects-normal/arm64/Atria.swiftmodule /Users/amanpandey/projects/atria/build/DerivedData/Build/Products/Debug-iphoneos/Atria.swiftmodule/arm64-apple-ios.swiftmodule

Copy /Users/amanpandey/projects/atria/build/DerivedData/Build/Products/Debug-iphoneos/Atria.swiftmodule/arm64-apple-ios.abi.json /Users/amanpandey/projects/atria/build/DerivedData/Build/Intermediates.noindex/Atria.build/Debug-iphoneos/Atria.build/Objects-normal/arm64/Atria.abi.json (in target 'Atria' from project 'Atria')
    cd /Users/amanpandey/projects/atria/Atria
    builtin-copy -exclude .DS_Store -exclude CVS -exclude .svn -exclude .git -exclude .hg -resolve-src-symlinks -rename /Users/amanpandey/projects/atria/build/DerivedData/Build/Intermediates.noindex/Atria.build/Debug-iphoneos/Atria.build/Objects-normal/arm64/Atria.abi.json /Users/amanpandey/projects/atria/build/DerivedData/Build/Products/Debug-iphoneos/Atria.swiftmodule/arm64-apple-ios.abi.json

Copy /Users/amanpandey/projects/atria/build/DerivedData/Build/Products/Debug-iphoneos/Atria.swiftmodule/Project/arm64-apple-ios.swiftsourceinfo /Users/amanpandey/projects/atria/build/DerivedData/Build/Intermediates.noindex/Atria.build/Debug-iphoneos/Atria.build/Objects-normal/arm64/Atria.swiftsourceinfo (in target 'Atria' from project 'Atria')
    cd /Users/amanpandey/projects/atria/Atria
    builtin-copy -exclude .DS_Store -exclude CVS -exclude .svn -exclude .git -exclude .hg -resolve-src-symlinks -rename /Users/amanpandey/projects/atria/build/DerivedData/Build/Intermediates.noindex/Atria.build/Debug-iphoneos/Atria.build/Objects-normal/arm64/Atria.swiftsourceinfo /Users/amanpandey/projects/atria/build/DerivedData/Build/Products/Debug-iphoneos/Atria.swiftmodule/Project/arm64-apple-ios.swiftsourceinfo

SwiftDriverJobDiscovery normal arm64 Compiling AtriaVitalsCollectionSections.swift (in target 'Atria' from project 'Atria')

SwiftDriverJobDiscovery normal arm64 Compiling AtriaBLEManager.swift (in target 'Atria' from project 'Atria')

SwiftCompile normal arm64 Compiling\ AtriaHapticAlerts.swift /Users/amanpandey/projects/atria/Atria/Atria/AtriaHapticAlerts.swift (in target 'Atria' from project 'Atria')

SwiftCompile normal arm64 /Users/amanpandey/projects/atria/Atria/Atria/AtriaHapticAlerts.swift (in target 'Atria' from project 'Atria')
    cd /Users/amanpandey/projects/atria/Atria
    builtin-SwiftPerFileCompile AtriaHapticAlerts.swift

SwiftCompile normal arm64 Compiling\ AtriaMetricRing.swift /Users/amanpandey/projects/atria/Atria/Atria/AtriaMetricRing.swift (in target 'Atria' from project 'Atria')

SwiftCompile normal arm64 /Users/amanpandey/projects/atria/Atria/Atria/AtriaMetricRing.swift (in target 'Atria' from project 'Atria')
    cd /Users/amanpandey/projects/atria/Atria
    builtin-SwiftPerFileCompile AtriaMetricRing.swift

SwiftCompile normal arm64 Compiling\ AtriaOnboardingFlow.swift /Users/amanpandey/projects/atria/Atria/Atria/AtriaOnboardingFlow.swift (in target 'Atria' from project 'Atria')

SwiftCompile normal arm64 /Users/amanpandey/projects/atria/Atria/Atria/AtriaOnboardingFlow.swift (in target 'Atria' from project 'Atria')
    cd /Users/amanpandey/projects/atria/Atria
    builtin-SwiftPerFileCompile AtriaOnboardingFlow.swift

SwiftCompile normal arm64 Compiling\ AtriaLiveWorkoutView.swift /Users/amanpandey/projects/atria/Atria/Atria/AtriaLiveWorkoutView.swift (in target 'Atria' from project 'Atria')

SwiftCompile normal arm64 /Users/amanpandey/projects/atria/Atria/Atria/AtriaLiveWorkoutView.swift (in target 'Atria' from project 'Atria')
    cd /Users/amanpandey/projects/atria/Atria
    builtin-SwiftPerFileCompile AtriaLiveWorkoutView.swift

SwiftCompile normal arm64 Compiling\ AtriaHomeShellSupport.swift /Users/amanpandey/projects/atria/Atria/Atria/AtriaHomeShellSupport.swift (in target 'Atria' from project 'Atria')

SwiftCompile normal arm64 /Users/amanpandey/projects/atria/Atria/Atria/AtriaHomeShellSupport.swift (in target 'Atria' from project 'Atria')
    cd /Users/amanpandey/projects/atria/Atria
    builtin-SwiftPerFileCompile AtriaHomeShellSupport.swift

SwiftCompile normal arm64 Compiling\ AtriaAppIntents.swift /Users/amanpandey/projects/atria/Atria/Atria/AtriaAppIntents.swift (in target 'Atria' from project 'Atria')

SwiftCompile normal arm64 /Users/amanpandey/projects/atria/Atria/Atria/AtriaAppIntents.swift (in target 'Atria' from project 'Atria')
    cd /Users/amanpandey/projects/atria/Atria
    builtin-SwiftPerFileCompile AtriaAppIntents.swift

SwiftCompile normal arm64 Compiling\ AtriaHeroConnectionSections.swift /Users/amanpandey/projects/atria/Atria/Atria/AtriaHeroConnectionSections.swift (in target 'Atria' from project 'Atria')

SwiftCompile normal arm64 /Users/amanpandey/projects/atria/Atria/Atria/AtriaHeroConnectionSections.swift (in target 'Atria' from project 'Atria')
    cd /Users/amanpandey/projects/atria/Atria
    builtin-SwiftPerFileCompile AtriaHeroConnectionSections.swift

SwiftCompile normal arm64 Compiling\ AtriaLiveActivityCoordinator.swift /Users/amanpandey/projects/atria/Atria/Atria/AtriaLiveActivityCoordinator.swift (in target 'Atria' from project 'Atria')

SwiftCompile normal arm64 /Users/amanpandey/projects/atria/Atria/Atria/AtriaLiveActivityCoordinator.swift (in target 'Atria' from project 'Atria')
    cd /Users/amanpandey/projects/atria/Atria
    builtin-SwiftPerFileCompile AtriaLiveActivityCoordinator.swift

SwiftCompile normal arm64 Compiling\ WidgetSnapshot.swift /Users/amanpandey/projects/atria/Atria/Atria/WidgetSnapshot.swift (in target 'Atria' from project 'Atria')

SwiftCompile normal arm64 /Users/amanpandey/projects/atria/Atria/Atria/WidgetSnapshot.swift (in target 'Atria' from project 'Atria')
    cd /Users/amanpandey/projects/atria/Atria
    builtin-SwiftPerFileCompile WidgetSnapshot.swift

SwiftCompile normal arm64 Compiling\ LocalNotificationScheduler.swift /Users/amanpandey/projects/atria/Atria/Atria/LocalNotificationScheduler.swift (in target 'Atria' from project 'Atria')

SwiftCompile normal arm64 /Users/amanpandey/projects/atria/Atria/Atria/LocalNotificationScheduler.swift (in target 'Atria' from project 'Atria')
    cd /Users/amanpandey/projects/atria/Atria
    builtin-SwiftPerFileCompile LocalNotificationScheduler.swift

SwiftCompile normal arm64 Compiling\ AtriaTodayScreen.swift /Users/amanpandey/projects/atria/Atria/Atria/AtriaTodayScreen.swift (in target 'Atria' from project 'Atria')

SwiftCompile normal arm64 /Users/amanpandey/projects/atria/Atria/Atria/AtriaTodayScreen.swift (in target 'Atria' from project 'Atria')
    cd /Users/amanpandey/projects/atria/Atria
    builtin-SwiftPerFileCompile AtriaTodayScreen.swift

SwiftDriverJobDiscovery normal arm64 Compiling AtriaLiveActivityCoordinator.swift (in target 'Atria' from project 'Atria')

SwiftDriverJobDiscovery normal arm64 Compiling AtriaHomeShellSupport.swift (in target 'Atria' from project 'Atria')

SwiftDriverJobDiscovery normal arm64 Compiling AtriaAppIntents.swift (in target 'Atria' from project 'Atria')

SwiftDriverJobDiscovery normal arm64 Compiling WidgetSnapshot.swift (in target 'Atria' from project 'Atria')

SwiftDriverJobDiscovery normal arm64 Compiling AtriaMetricRing.swift (in target 'Atria' from project 'Atria')

SwiftDriverJobDiscovery normal arm64 Compiling AtriaHapticAlerts.swift (in target 'Atria' from project 'Atria')

SwiftDriverJobDiscovery normal arm64 Compiling LocalNotificationScheduler.swift (in target 'Atria' from project 'Atria')

SwiftDriverJobDiscovery normal arm64 Compiling AtriaOnboardingFlow.swift (in target 'Atria' from project 'Atria')

SwiftDriverJobDiscovery normal arm64 Compiling AtriaHeroConnectionSections.swift (in target 'Atria' from project 'Atria')

SwiftDriverJobDiscovery normal arm64 Compiling AtriaTodayScreen.swift (in target 'Atria' from project 'Atria')

SwiftDriverJobDiscovery normal arm64 Compiling AtriaLiveWorkoutView.swift (in target 'Atria' from project 'Atria')

SwiftDriverJobDiscovery normal arm64 Compiling Sessions.swift (in target 'Atria' from project 'Atria')

SwiftDriverJobDiscovery normal arm64 Compiling AtriaOverviewSections.swift (in target 'Atria' from project 'Atria')

SwiftDriverJobDiscovery normal arm64 Compiling AtriaHomeView.swift (in target 'Atria' from project 'Atria')

SwiftDriver\ Compilation Atria normal arm64 com.apple.xcode.tools.swift.compiler (in target 'Atria' from project 'Atria')
    cd /Users/amanpandey/projects/atria/Atria
    builtin-Swift-Compilation -- /Applications/Xcode-beta.app/Contents/Developer/Toolchains/XcodeDefault.xctoolchain/usr/bin/swiftc -module-name Atria -Onone @/Users/amanpandey/projects/atria/build/DerivedData/Build/Intermediates.noindex/Atria.build/Debug-iphoneos/Atria.build/Objects-normal/arm64/Atria.SwiftFileList -DDEBUG -enable-bare-slash-regex -enable-experimental-feature DebugDescriptionMacro -sdk /Applications/Xcode-beta.app/Contents/Developer/Platforms/iPhoneOS.platform/Developer/SDKs/iPhoneOS27.0.sdk -target arm64-apple-ios26.1 -g -module-cache-path /Users/amanpandey/projects/atria/build/DerivedData/ModuleCache.noindex -Xfrontend -serialize-debugging-options -enable-testing -index-store-path /Users/amanpandey/projects/atria/build/DerivedData/Index.noindex/DataStore -Xcc -D_LIBCPP_HARDENING_MODE\=_LIBCPP_HARDENING_MODE_DEBUG -swift-version 5 -I /Users/amanpandey/projects/atria/build/DerivedData/Build/Products/Debug-iphoneos -F /Users/amanpandey/projects/atria/build/DerivedData/Build/Products/Debug-iphoneos -emit-localized-strings -emit-localized-strings-path /Users/amanpandey/projects/atria/build/DerivedData/Build/Intermediates.noindex/Atria.build/Debug-iphoneos/Atria.build/Objects-normal/arm64 -c -j14 -enable-batch-mode -incremental -Xcc -ivfsstatcache -Xcc /Users/amanpandey/projects/atria/build/DerivedData/SDKStatCaches.noindex/iphoneos27.0-24A5370g-ab8728d0c5b464cc751fe8b4b02b9db3.sdkstatcache -output-file-map /Users/amanpandey/projects/atria/build/DerivedData/Build/Intermediates.noindex/Atria.build/Debug-iphoneos/Atria.build/Objects-normal/arm64/Atria-OutputFileMap.json -save-temps -no-color-diagnostics -explicit-module-build -module-cache-path /Users/amanpandey/projects/atria/build/DerivedData/Build/Intermediates.noindex/SwiftExplicitPrecompiledModules -clang-scanner-module-cache-path /Users/amanpandey/projects/atria/build/DerivedData/ModuleCache.noindex -sdk-module-cache-path /Users/amanpandey/projects/atria/build/DerivedData/ModuleCache.noindex -emit-dependencies -emit-module -emit-module-path /Users/amanpandey/projects/atria/build/DerivedData/Build/Intermediates.noindex/Atria.build/Debug-iphoneos/Atria.build/Objects-normal/arm64/Atria.swiftmodule -serialize-diagnostics -dependency-scan-serialize-diagnostics-path /Users/amanpandey/projects/atria/build/DerivedData/Build/Intermediates.noindex/Atria.build/Debug-iphoneos/Atria.build/Objects-normal/arm64/Atria-dependency-scan.dia -validate-clang-modules-once -clang-build-session-file /Users/amanpandey/projects/atria/build/DerivedData/ModuleCache.noindex/Session.modulevalidation -Xcc -fmodules-prune-interval\=86400 -Xcc -fmodules-prune-after\=345600 -emit-const-values -const-gather-protocols-list /Users/amanpandey/projects/atria/build/DerivedData/Build/Intermediates.noindex/Atria.build/Debug-iphoneos/Atria.build/Objects-normal/arm64/Atria_const_extract_protocols.json -Xcc -iquote -Xcc /Users/amanpandey/projects/atria/build/DerivedData/Build/Intermediates.noindex/Atria.build/Debug-iphoneos/Atria.build/Atria-generated-files.hmap -Xcc -I/Users/amanpandey/projects/atria/build/DerivedData/Build/Intermediates.noindex/Atria.build/Debug-iphoneos/Atria.build/Atria-own-target-headers.hmap -Xcc -I/Users/amanpandey/projects/atria/build/DerivedData/Build/Intermediates.noindex/Atria.build/Debug-iphoneos/Atria.build/Atria-all-target-headers.hmap -Xcc -iquote -Xcc /Users/amanpandey/projects/atria/build/DerivedData/Build/Intermediates.noindex/Atria.build/Debug-iphoneos/Atria.build/Atria-project-headers.hmap -Xcc -I/Users/amanpandey/projects/atria/build/DerivedData/Build/Products/Debug-iphoneos/include -Xcc -I/Users/amanpandey/projects/atria/build/DerivedData/Build/Intermediates.noindex/Atria.build/Debug-iphoneos/Atria.build/DerivedSources-normal/arm64 -Xcc -I/Users/amanpandey/projects/atria/build/DerivedData/Build/Intermediates.noindex/Atria.build/Debug-iphoneos/Atria.build/DerivedSources/arm64 -Xcc -I/Users/amanpandey/projects/atria/build/DerivedData/Build/Intermediates.noindex/Atria.build/Debug-iphoneos/Atria.build/DerivedSources -Xcc -DDEBUG\=1 -emit-objc-header -emit-objc-header-path /Users/amanpandey/projects/atria/build/DerivedData/Build/Intermediates.noindex/Atria.build/Debug-iphoneos/Atria.build/Objects-normal/arm64/Atria-Swift.h -working-directory /Users/amanpandey/projects/atria/Atria -experimental-emit-module-separately -disable-cmo

Ld /Users/amanpandey/projects/atria/build/DerivedData/Build/Products/Debug-iphoneos/Atria.app/Atria.debug.dylib normal (in target 'Atria' from project 'Atria')
    cd /Users/amanpandey/projects/atria/Atria
    /Applications/Xcode-beta.app/Contents/Developer/Toolchains/XcodeDefault.xctoolchain/usr/bin/clang -Xlinker -reproducible -target arm64-apple-ios26.1 -dynamiclib -isysroot /Applications/Xcode-beta.app/Contents/Developer/Platforms/iPhoneOS.platform/Developer/SDKs/iPhoneOS27.0.sdk -O0 -Xlinker -no_warn_duplicate_libraries -L/Users/amanpandey/projects/atria/build/DerivedData/Build/Intermediates.noindex/EagerLinkingTBDs/Debug-iphoneos -L/Users/amanpandey/projects/atria/build/DerivedData/Build/Products/Debug-iphoneos -F/Users/amanpandey/projects/atria/build/DerivedData/Build/Intermediates.noindex/EagerLinkingTBDs/Debug-iphoneos -F/Users/amanpandey/projects/atria/build/DerivedData/Build/Products/Debug-iphoneos -filelist /Users/amanpandey/projects/atria/build/DerivedData/Build/Intermediates.noindex/Atria.build/Debug-iphoneos/Atria.build/Objects-normal/arm64/Atria.LinkFileList -install_name @rpath/Atria.debug.dylib -Xlinker -rpath -Xlinker @executable_path/Frameworks -Xlinker -dead_strip -Xlinker -object_path_lto -Xlinker /Users/amanpandey/projects/atria/build/DerivedData/Build/Intermediates.noindex/Atria.build/Debug-iphoneos/Atria.build/Objects-normal/arm64/Atria_lto.o -rdynamic -Xlinker -no_deduplicate -Xlinker -dependency_info -Xlinker /Users/amanpandey/projects/atria/build/DerivedData/Build/Intermediates.noindex/Atria.build/Debug-iphoneos/Atria.build/Objects-normal/arm64/Atria_dependency_info.dat -fobjc-link-runtime -L/Applications/Xcode-beta.app/Contents/Developer/Toolchains/XcodeDefault.xctoolchain/usr/lib/swift/iphoneos -L/usr/lib/swift -Xlinker -add_ast_path -Xlinker /Users/amanpandey/projects/atria/build/DerivedData/Build/Intermediates.noindex/Atria.build/Debug-iphoneos/Atria.build/Objects-normal/arm64/Atria.swiftmodule -Xlinker -alias -Xlinker _main -Xlinker ___debug_main_executable_dylib_entry_point -Xlinker -no_adhoc_codesign -o /Users/amanpandey/projects/atria/build/DerivedData/Build/Products/Debug-iphoneos/Atria.app/Atria.debug.dylib

ConstructStubExecutorLinkFileList /Users/amanpandey/projects/atria/build/DerivedData/Build/Intermediates.noindex/Atria.build/Debug-iphoneos/Atria.build/Atria-ExecutorLinkFileList-normal-arm64.txt (in target 'Atria' from project 'Atria')
    cd /Users/amanpandey/projects/atria/Atria
    construct-stub-executor-link-file-list /Users/amanpandey/projects/atria/build/DerivedData/Build/Products/Debug-iphoneos/Atria.app/Atria.debug.dylib /Applications/Xcode-beta.app/Contents/Developer/Platforms/iPhoneOS.platform/Developer/usr/lib/libPreviewsJITStubExecutor_no_swift_entry_point.a /Applications/Xcode-beta.app/Contents/Developer/Platforms/iPhoneOS.platform/Developer/usr/lib/libPreviewsJITStubExecutor.a --output /Users/amanpandey/projects/atria/build/DerivedData/Build/Intermediates.noindex/Atria.build/Debug-iphoneos/Atria.build/Atria-ExecutorLinkFileList-normal-arm64.txt
note: Using stub executor library with Swift entry point. (in target 'Atria' from project 'Atria')

Ld /Users/amanpandey/projects/atria/build/DerivedData/Build/Products/Debug-iphoneos/Atria.app/Atria normal (in target 'Atria' from project 'Atria')
    cd /Users/amanpandey/projects/atria/Atria
    /Applications/Xcode-beta.app/Contents/Developer/Toolchains/XcodeDefault.xctoolchain/usr/bin/clang -Xlinker -reproducible -target arm64-apple-ios26.1 -isysroot /Applications/Xcode-beta.app/Contents/Developer/Platforms/iPhoneOS.platform/Developer/SDKs/iPhoneOS27.0.sdk -O0 -Xlinker -no_warn_duplicate_libraries -L/Users/amanpandey/projects/atria/build/DerivedData/Build/Products/Debug-iphoneos -F/Users/amanpandey/projects/atria/build/DerivedData/Build/Products/Debug-iphoneos -Xlinker -rpath -Xlinker @executable_path -Xlinker -rpath -Xlinker @executable_path/Frameworks -rdynamic -Xlinker -no_deduplicate -e ___debug_blank_executor_main -Xlinker -sectcreate -Xlinker __TEXT -Xlinker __debug_dylib -Xlinker /Users/amanpandey/projects/atria/build/DerivedData/Build/Intermediates.noindex/Atria.build/Debug-iphoneos/Atria.build/Atria-DebugDylibPath-normal-arm64.txt -Xlinker -sectcreate -Xlinker __TEXT -Xlinker __debug_instlnm -Xlinker /Users/amanpandey/projects/atria/build/DerivedData/Build/Intermediates.noindex/Atria.build/Debug-iphoneos/Atria.build/Atria-DebugDylibInstallName-normal-arm64.txt -Xlinker -filelist -Xlinker /Users/amanpandey/projects/atria/build/DerivedData/Build/Intermediates.noindex/Atria.build/Debug-iphoneos/Atria.build/Atria-ExecutorLinkFileList-normal-arm64.txt /Users/amanpandey/projects/atria/build/DerivedData/Build/Products/Debug-iphoneos/Atria.app/Atria.debug.dylib -Xlinker -no_adhoc_codesign -o /Users/amanpandey/projects/atria/build/DerivedData/Build/Products/Debug-iphoneos/Atria.app/Atria

CopySwiftLibs /Users/amanpandey/projects/atria/build/DerivedData/Build/Products/Debug-iphoneos/Atria.app (in target 'Atria' from project 'Atria')
    cd /Users/amanpandey/projects/atria/Atria
    builtin-swiftStdLibTool --copy --verbose --sign 8A8084FD4F59CDDD6153B5B39DDFB448D9DAC0B5 --scan-executable /Users/amanpandey/projects/atria/build/DerivedData/Build/Products/Debug-iphoneos/Atria.app/Atria.debug.dylib --scan-folder /Users/amanpandey/projects/atria/build/DerivedData/Build/Products/Debug-iphoneos/Atria.app/Frameworks --scan-folder /Users/amanpandey/projects/atria/build/DerivedData/Build/Products/Debug-iphoneos/Atria.app/PlugIns --scan-folder /Users/amanpandey/projects/atria/build/DerivedData/Build/Products/Debug-iphoneos/Atria.app/SystemExtensions --scan-folder /Users/amanpandey/projects/atria/build/DerivedData/Build/Products/Debug-iphoneos/Atria.app/Extensions --platform iphoneos --toolchain /Applications/Xcode-beta.app/Contents/Developer/Toolchains/XcodeDefault.xctoolchain --destination /Users/amanpandey/projects/atria/build/DerivedData/Build/Products/Debug-iphoneos/Atria.app/Frameworks --strip-bitcode --strip-bitcode-tool /Applications/Xcode-beta.app/Contents/Developer/Toolchains/XcodeDefault.xctoolchain/usr/bin/bitcode_strip --emit-dependency-info /Users/amanpandey/projects/atria/build/DerivedData/Build/Intermediates.noindex/Atria.build/Debug-iphoneos/Atria.build/SwiftStdLibToolInputDependencies.dep --filter-for-swift-os

ExtractAppIntentsMetadata (in target 'Atria' from project 'Atria')
    cd /Users/amanpandey/projects/atria/Atria
    /Applications/Xcode-beta.app/Contents/Developer/Toolchains/XcodeDefault.xctoolchain/usr/bin/appintentsmetadataprocessor --toolchain-dir /Applications/Xcode-beta.app/Contents/Developer/Toolchains/XcodeDefault.xctoolchain --module-name Atria --sdk-root /Applications/Xcode-beta.app/Contents/Developer/Platforms/iPhoneOS.platform/Developer/SDKs/iPhoneOS27.0.sdk --xcode-version 27A5209h --platform-family iOS --deployment-target 26.1 --bundle-identifier com.adidshaft.atria --output /Users/amanpandey/projects/atria/build/DerivedData/Build/Products/Debug-iphoneos/Atria.app --target-triple arm64-apple-ios26.1 --binary-file /Users/amanpandey/projects/atria/build/DerivedData/Build/Products/Debug-iphoneos/Atria.app/Atria --dependency-file /Users/amanpandey/projects/atria/build/DerivedData/Build/Intermediates.noindex/Atria.build/Debug-iphoneos/Atria.build/Objects-normal/arm64/Atria_dependency_info.dat --stringsdata-file /Users/amanpandey/projects/atria/build/DerivedData/Build/Intermediates.noindex/Atria.build/Debug-iphoneos/Atria.build/Objects-normal/arm64/ExtractedAppShortcutsMetadata.stringsdata --source-file-list /Users/amanpandey/projects/atria/build/DerivedData/Build/Intermediates.noindex/Atria.build/Debug-iphoneos/Atria.build/Objects-normal/arm64/Atria.SwiftFileList --metadata-file-list /Users/amanpandey/projects/atria/build/DerivedData/Build/Intermediates.noindex/Atria.build/Debug-iphoneos/Atria.build/Atria.DependencyMetadataFileList --static-metadata-file-list /Users/amanpandey/projects/atria/build/DerivedData/Build/Intermediates.noindex/Atria.build/Debug-iphoneos/Atria.build/Atria.DependencyStaticMetadataFileList --swift-const-vals-list /Users/amanpandey/projects/atria/build/DerivedData/Build/Intermediates.noindex/Atria.build/Debug-iphoneos/Atria.build/Objects-normal/arm64/Atria.SwiftConstValuesFileList --compile-time-extraction --deployment-aware-processing --no-app-shortcuts-localization
2026-07-03 20:50:10.705 appintentsmetadataprocessor[63821:10668701] Starting appintentsmetadataprocessor export
2026-07-03 20:50:10.749 appintentsmetadataprocessor[63821:10668701] Writing Metadata.appintents
2026-07-03 20:50:10.749 appintentsmetadataprocessor[63821:10668701] Metadata root: /Users/amanpandey/projects/atria/build/DerivedData/Build/Products/Debug-iphoneos/Atria.app/Metadata.appintents

CodeSign /Users/amanpandey/projects/atria/build/DerivedData/Build/Products/Debug-iphoneos/Atria.app/Atria.debug.dylib (in target 'Atria' from project 'Atria')
    cd /Users/amanpandey/projects/atria/Atria
    
    Signing Identity:     "Apple Development: Aman Pandey (9BFSABP27W)"
    Provisioning Profile: "Atria App Development"
                          (e1b67d88-b48a-4225-bec8-a869f6214e5a)
    
    /usr/bin/codesign --force --sign 8A8084FD4F59CDDD6153B5B39DDFB448D9DAC0B5 --timestamp\=none --generate-entitlement-der /Users/amanpandey/projects/atria/build/DerivedData/Build/Products/Debug-iphoneos/Atria.app/Atria.debug.dylib

CodeSign /Users/amanpandey/projects/atria/build/DerivedData/Build/Products/Debug-iphoneos/Atria.app/__preview.dylib (in target 'Atria' from project 'Atria')
    cd /Users/amanpandey/projects/atria/Atria
    
    Signing Identity:     "Apple Development: Aman Pandey (9BFSABP27W)"
    Provisioning Profile: "Atria App Development"
                          (e1b67d88-b48a-4225-bec8-a869f6214e5a)
    
    /usr/bin/codesign --force --sign 8A8084FD4F59CDDD6153B5B39DDFB448D9DAC0B5 --timestamp\=none --generate-entitlement-der /Users/amanpandey/projects/atria/build/DerivedData/Build/Products/Debug-iphoneos/Atria.app/__preview.dylib
/Users/amanpandey/projects/atria/build/DerivedData/Build/Products/Debug-iphoneos/Atria.app/__preview.dylib: replacing existing signature

CodeSign /Users/amanpandey/projects/atria/build/DerivedData/Build/Products/Debug-iphoneos/Atria.app (in target 'Atria' from project 'Atria')
    cd /Users/amanpandey/projects/atria/Atria
    
    Signing Identity:     "Apple Development: Aman Pandey (9BFSABP27W)"
    Provisioning Profile: "Atria App Development"
                          (e1b67d88-b48a-4225-bec8-a869f6214e5a)
    
    /usr/bin/codesign --force --sign 8A8084FD4F59CDDD6153B5B39DDFB448D9DAC0B5 --entitlements /Users/amanpandey/projects/atria/build/DerivedData/Build/Intermediates.noindex/Atria.build/Debug-iphoneos/Atria.build/Atria.app.xcent --timestamp\=none --generate-entitlement-der /Users/amanpandey/projects/atria/build/DerivedData/Build/Products/Debug-iphoneos/Atria.app

Validate /Users/amanpandey/projects/atria/build/DerivedData/Build/Products/Debug-iphoneos/Atria.app (in target 'Atria' from project 'Atria')
    cd /Users/amanpandey/projects/atria/Atria
    builtin-validationUtility /Users/amanpandey/projects/atria/build/DerivedData/Build/Products/Debug-iphoneos/Atria.app -shallow-bundle -infoplist-subpath Info.plist

PruneExplicitPrecompiledModules /Users/amanpandey/projects/atria/build/DerivedData/Build/Intermediates.noindex/ExplicitPrecompiledModules

PruneExplicitPrecompiledModules /Users/amanpandey/projects/atria/build/DerivedData/Build/Intermediates.noindex/SwiftExplicitPrecompiledModules

** BUILD SUCCEEDED **

